[2024-12-08T18:43:13.974+0000][0.026s][info][gc] Using G1
[2024-12-08T18:43:13.977+0000][0.028s][info][gc,init] Version: 17.0.12+7-Debian-2deb12u1 (release)
[2024-12-08T18:43:13.977+0000][0.028s][info][gc,init] CPUs: 12 total, 12 available
[2024-12-08T18:43:13.977+0000][0.029s][info][gc,init] Memory: 15951M
[2024-12-08T18:43:13.977+0000][0.029s][info][gc,init] Large Page Support: Disabled
[2024-12-08T18:43:13.977+0000][0.029s][info][gc,init] NUMA Support: Disabled
[2024-12-08T18:43:13.978+0000][0.029s][info][gc,init] Compressed Oops: Enabled (Zero based)
[2024-12-08T18:43:13.978+0000][0.029s][info][gc,init] Heap Region Size: 2M
[2024-12-08T18:43:13.978+0000][0.029s][info][gc,init] Heap Min Capacity: 8M
[2024-12-08T18:43:13.978+0000][0.029s][info][gc,init] Heap Initial Capacity: 250M
[2024-12-08T18:43:13.978+0000][0.030s][info][gc,init] Heap Max Capacity: 3988M
[2024-12-08T18:43:13.978+0000][0.030s][info][gc,init] Pre-touch: Disabled
[2024-12-08T18:43:13.978+0000][0.030s][info][gc,init] Parallel Workers: 10
[2024-12-08T18:43:13.979+0000][0.030s][info][gc,init] Concurrent Workers: 3
[2024-12-08T18:43:13.979+0000][0.030s][info][gc,init] Concurrent Refinement Workers: 10
[2024-12-08T18:43:13.979+0000][0.030s][info][gc,init] Periodic GC: Disabled
[2024-12-08T18:43:13.984+0000][0.035s][info][gc,metaspace] CDS archive(s) mapped at: [0x00007fa033000000-0x00007fa033bc4000-0x00007fa033bc4000), size 12337152, SharedBaseAddress: 0x00007fa033000000, ArchiveRelocationMode: 1.
[2024-12-08T18:43:13.984+0000][0.036s][info][gc,metaspace] Compressed class space mapped at: 0x00007fa034000000-0x00007fa074000000, reserved size: 1073741824
[2024-12-08T18:43:13.984+0000][0.036s][info][gc,metaspace] Narrow klass base: 0x00007fa033000000, Narrow klass shift: 0, Narrow klass range: 0x100000000
[2024-12-08T18:43:13.990+0000][0.042s][info][cds,heap    ] initialize_from_archived_subgraph java.lang.Module$ArchivedData 0x00007fa033184780 (early)
[2024-12-08T18:43:13.992+0000][0.043s][info][cds,heap    ] initialize_from_archived_subgraph java.util.ImmutableCollections 0x00007fa0330722d8 (early)
[2024-12-08T18:43:13.995+0000][0.046s][info][cds,heap    ] initialize_from_archived_subgraph java.lang.Integer$IntegerCache 0x00007fa033037660 (early)
[2024-12-08T18:43:13.999+0000][0.050s][info][cds,heap    ] initialize_from_archived_subgraph java.lang.module.Configuration 0x00007fa033172700 (early)
[2024-12-08T18:43:13.999+0000][0.050s][info][cds,heap    ] initialize_from_archived_subgraph java.lang.ModuleLayer 0x00007fa033146b38 (early)
[2024-12-08T18:43:13.999+0000][0.051s][info][cds,heap    ] initialize_from_archived_subgraph jdk.internal.loader.ArchivedClassLoaders 0x00007fa0331adb70 (early)
[2024-12-08T18:43:13.999+0000][0.051s][info][cds,heap    ] initialize_from_archived_subgraph jdk.internal.module.ArchivedBootLayer 0x00007fa033179340 (early)
[2024-12-08T18:43:14.001+0000][0.052s][info][cds,heap    ] initialize_from_archived_subgraph sun.util.locale.BaseLocale 0x00007fa03326d048
[2024-12-08T18:43:14.007+0000][0.059s][info][cds,heap    ] initialize_from_archived_subgraph java.util.jar.Attributes$Name 0x00007fa03319f5e8
[2024-12-08T18:43:14.027+0000][0.078s][info][cds,heap    ] initialize_from_archived_subgraph java.lang.Long$LongCache 0x00007fa033020f98
[2024-12-08T18:43:14.083+0000][0.134s][info][cds,heap    ] initialize_from_archived_subgraph java.lang.Character$CharacterCache 0x00007fa03303a9e8
[2024-12-08T18:43:14.385+0000][0.436s][debug][safepoint   ] Safepoint synchronization initiated using futex wait barrier. (14 threads)
[2024-12-08T18:43:14.385+0000][0.437s][info ][safepoint   ] Safepoint "ICBufferFull", Time since last: 395314636 ns, Reaching safepoint: 206277 ns, Cleanup: 74069 ns, At safepoint: 1908 ns, Total: 282254 ns
[2024-12-08T18:43:14.506+0000][0.557s][debug][safepoint   ] Safepoint synchronization initiated using futex wait barrier. (14 threads)
[2024-12-08T18:43:14.506+0000][0.557s][info ][gc,start    ] GC(0) Pause Young (Normal) (G1 Evacuation Pause)
[2024-12-08T18:43:14.507+0000][0.558s][info ][gc,task     ] GC(0) Using 6 workers of 10 for evacuation
[2024-12-08T18:43:14.512+0000][0.564s][info ][gc,phases   ] GC(0)   Pre Evacuate Collection Set: 0.1ms
[2024-12-08T18:43:14.513+0000][0.564s][info ][gc,phases   ] GC(0)   Merge Heap Roots: 0.1ms
[2024-12-08T18:43:14.513+0000][0.564s][info ][gc,phases   ] GC(0)   Evacuate Collection Set: 4.4ms
[2024-12-08T18:43:14.513+0000][0.564s][info ][gc,phases   ] GC(0)   Post Evacuate Collection Set: 0.8ms
[2024-12-08T18:43:14.513+0000][0.564s][info ][gc,phases   ] GC(0)   Other: 1.0ms
[2024-12-08T18:43:14.513+0000][0.565s][info ][gc,heap     ] GC(0) Eden regions: 31->0(53)
[2024-12-08T18:43:14.513+0000][0.565s][info ][gc,heap     ] GC(0) Survivor regions: 0->4(4)
[2024-12-08T18:43:14.513+0000][0.565s][info ][gc,heap     ] GC(0) Old regions: 0->1
[2024-12-08T18:43:14.514+0000][0.565s][info ][gc,heap     ] GC(0) Archive regions: 2->2
[2024-12-08T18:43:14.514+0000][0.565s][info ][gc,heap     ] GC(0) Humongous regions: 0->0
[2024-12-08T18:43:14.514+0000][0.565s][info ][gc,metaspace] GC(0) Metaspace: 2501K(2688K)->2501K(2688K) NonClass: 2264K(2368K)->2264K(2368K) Class: 237K(320K)->237K(320K)
[2024-12-08T18:43:14.514+0000][0.565s][info ][gc          ] GC(0) Pause Young (Normal) (G1 Evacuation Pause) 63M->10M(254M) 8.184ms
[2024-12-08T18:43:14.514+0000][0.566s][info ][gc,cpu      ] GC(0) User=0.03s Sys=0.00s Real=0.00s
[2024-12-08T18:43:14.514+0000][0.566s][info ][safepoint   ] Safepoint "G1CollectForAllocation", Time since last: 120439871 ns, Reaching safepoint: 219346 ns, Cleanup: 42362 ns, At safepoint: 8547506 ns, Total: 8809214 ns
[2024-12-08T18:43:15.253+0000][1.304s][debug][safepoint   ] Safepoint synchronization initiated using futex wait barrier. (15 threads)
[2024-12-08T18:43:15.253+0000][1.305s][info ][safepoint   ] Safepoint "ICBufferFull", Time since last: 738573809 ns, Reaching safepoint: 272214 ns, Cleanup: 185007 ns, At safepoint: 18080 ns, Total: 475301 ns
[2024-12-08T18:43:15.308+0000][1.359s][debug][safepoint   ] Safepoint synchronization initiated using futex wait barrier. (15 threads)
[2024-12-08T18:43:15.308+0000][1.359s][info ][gc,start    ] GC(1) Pause Young (Normal) (G1 Evacuation Pause)
[2024-12-08T18:43:15.308+0000][1.360s][info ][gc,task     ] GC(1) Using 6 workers of 10 for evacuation
[2024-12-08T18:43:15.316+0000][1.367s][info ][gc,phases   ] GC(1)   Pre Evacuate Collection Set: 0.1ms
[2024-12-08T18:43:15.316+0000][1.368s][info ][gc,phases   ] GC(1)   Merge Heap Roots: 0.1ms
[2024-12-08T18:43:15.316+0000][1.368s][info ][gc,phases   ] GC(1)   Evacuate Collection Set: 5.7ms
[2024-12-08T18:43:15.317+0000][1.368s][info ][gc,phases   ] GC(1)   Post Evacuate Collection Set: 1.4ms
[2024-12-08T18:43:15.317+0000][1.368s][info ][gc,phases   ] GC(1)   Other: 0.8ms
[2024-12-08T18:43:15.317+0000][1.368s][info ][gc,heap     ] GC(1) Eden regions: 53->0(69)
[2024-12-08T18:43:15.317+0000][1.368s][info ][gc,heap     ] GC(1) Survivor regions: 4->6(8)
[2024-12-08T18:43:15.317+0000][1.369s][info ][gc,heap     ] GC(1) Old regions: 1->1
[2024-12-08T18:43:15.317+0000][1.369s][info ][gc,heap     ] GC(1) Archive regions: 2->2
[2024-12-08T18:43:15.317+0000][1.369s][info ][gc,heap     ] GC(1) Humongous regions: 0->0
[2024-12-08T18:43:15.317+0000][1.369s][info ][gc,metaspace] GC(1) Metaspace: 6912K(7232K)->6912K(7232K) NonClass: 6058K(6208K)->6058K(6208K) Class: 853K(1024K)->853K(1024K)
[2024-12-08T18:43:15.318+0000][1.369s][info ][gc          ] GC(1) Pause Young (Normal) (G1 Evacuation Pause) 116M->13M(254M) 9.636ms
[2024-12-08T18:43:15.318+0000][1.369s][info ][gc,cpu      ] GC(1) User=0.05s Sys=0.03s Real=0.01s
[2024-12-08T18:43:15.318+0000][1.369s][info ][safepoint   ] Safepoint "G1CollectForAllocation", Time since last: 54066315 ns, Reaching safepoint: 409202 ns, Cleanup: 17523 ns, At safepoint: 9957677 ns, Total: 10384402 ns
[2024-12-08T18:43:15.941+0000][1.992s][debug][safepoint   ] Safepoint synchronization initiated using futex wait barrier. (15 threads)
[2024-12-08T18:43:15.941+0000][1.992s][info ][safepoint   ] Safepoint "ICBufferFull", Time since last: 622838144 ns, Reaching safepoint: 195729 ns, Cleanup: 110491 ns, At safepoint: 14427 ns, Total: 320647 ns
[2024-12-08T18:43:16.033+0000][2.085s][debug][safepoint   ] Safepoint synchronization initiated using futex wait barrier. (15 threads)
[2024-12-08T18:43:16.034+0000][2.085s][info ][safepoint   ] Safepoint "ICBufferFull", Time since last: 92122915 ns, Reaching safepoint: 265523 ns, Cleanup: 115001 ns, At safepoint: 13464 ns, Total: 393988 ns
[2024-12-08T18:43:16.225+0000][2.276s][debug][safepoint   ] Safepoint synchronization initiated using futex wait barrier. (16 threads)
[2024-12-08T18:43:16.225+0000][2.276s][info ][gc,start    ] GC(2) Pause Young (Normal) (G1 Evacuation Pause)
[2024-12-08T18:43:16.225+0000][2.276s][info ][gc,task     ] GC(2) Using 6 workers of 10 for evacuation
[2024-12-08T18:43:16.233+0000][2.284s][info ][gc,phases   ] GC(2)   Pre Evacuate Collection Set: 0.1ms
[2024-12-08T18:43:16.233+0000][2.284s][info ][gc,phases   ] GC(2)   Merge Heap Roots: 0.1ms
[2024-12-08T18:43:16.233+0000][2.284s][info ][gc,phases   ] GC(2)   Evacuate Collection Set: 6.2ms
[2024-12-08T18:43:16.233+0000][2.285s][info ][gc,phases   ] GC(2)   Post Evacuate Collection Set: 1.1ms
[2024-12-08T18:43:16.233+0000][2.285s][info ][gc,phases   ] GC(2)   Other: 0.3ms
[2024-12-08T18:43:16.233+0000][2.285s][info ][gc,heap     ] GC(2) Eden regions: 69->0(71)
[2024-12-08T18:43:16.234+0000][2.285s][info ][gc,heap     ] GC(2) Survivor regions: 6->4(10)
[2024-12-08T18:43:16.234+0000][2.285s][info ][gc,heap     ] GC(2) Old regions: 1->5
[2024-12-08T18:43:16.234+0000][2.285s][info ][gc,heap     ] GC(2) Archive regions: 2->2
[2024-12-08T18:43:16.234+0000][2.285s][info ][gc,heap     ] GC(2) Humongous regions: 0->0
[2024-12-08T18:43:16.234+0000][2.285s][info ][gc,metaspace] GC(2) Metaspace: 12439K(12736K)->12439K(12736K) NonClass: 10832K(11008K)->10832K(11008K) Class: 1606K(1728K)->1606K(1728K)
[2024-12-08T18:43:16.234+0000][2.286s][info ][gc          ] GC(2) Pause Young (Normal) (G1 Evacuation Pause) 151M->17M(254M) 9.267ms
[2024-12-08T18:43:16.234+0000][2.286s][info ][gc,cpu      ] GC(2) User=0.01s Sys=0.05s Real=0.01s
[2024-12-08T18:43:16.234+0000][2.286s][info ][safepoint   ] Safepoint "G1CollectForAllocation", Time since last: 190994147 ns, Reaching safepoint: 202884 ns, Cleanup: 72530 ns, At safepoint: 9582019 ns, Total: 9857433 ns
[2024-12-08T18:43:16.666+0000][2.718s][info ][cds,heap    ] initialize_from_archived_subgraph java.lang.Byte$ByteCache 0x00007fa03303abf8
[2024-12-08T18:43:16.666+0000][2.718s][info ][cds,heap    ] initialize_from_archived_subgraph java.lang.Short$ShortCache 0x00007fa0330412e8
[2024-12-08T18:43:16.696+0000][2.747s][debug][safepoint   ] Safepoint synchronization initiated using futex wait barrier. (16 threads)
[2024-12-08T18:43:16.697+0000][2.748s][info ][gc,start    ] GC(3) Pause Young (Normal) (G1 Evacuation Pause)
[2024-12-08T18:43:16.697+0000][2.748s][info ][gc,task     ] GC(3) Using 6 workers of 10 for evacuation
[2024-12-08T18:43:16.700+0000][2.752s][info ][gc,phases   ] GC(3)   Pre Evacuate Collection Set: 0.1ms
[2024-12-08T18:43:16.700+0000][2.752s][info ][gc,phases   ] GC(3)   Merge Heap Roots: 0.1ms
[2024-12-08T18:43:16.700+0000][2.752s][info ][gc,phases   ] GC(3)   Evacuate Collection Set: 2.3ms
[2024-12-08T18:43:16.701+0000][2.752s][info ][gc,phases   ] GC(3)   Post Evacuate Collection Set: 0.7ms
[2024-12-08T18:43:16.701+0000][2.752s][info ][gc,phases   ] GC(3)   Other: 0.3ms
[2024-12-08T18:43:16.701+0000][2.752s][info ][gc,heap     ] GC(3) Eden regions: 71->0(71)
[2024-12-08T18:43:16.701+0000][2.752s][info ][gc,heap     ] GC(3) Survivor regions: 4->4(10)
[2024-12-08T18:43:16.701+0000][2.752s][info ][gc,heap     ] GC(3) Old regions: 5->5
[2024-12-08T18:43:16.701+0000][2.753s][info ][gc,heap     ] GC(3) Archive regions: 2->2
[2024-12-08T18:43:16.701+0000][2.753s][info ][gc,heap     ] GC(3) Humongous regions: 0->0
[2024-12-08T18:43:16.701+0000][2.753s][info ][gc,metaspace] GC(3) Metaspace: 17075K(17344K)->17075K(17344K) NonClass: 14767K(14912K)->14767K(14912K) Class: 2307K(2432K)->2307K(2432K)
[2024-12-08T18:43:16.702+0000][2.753s][info ][gc          ] GC(3) Pause Young (Normal) (G1 Evacuation Pause) 159M->17M(254M) 4.977ms
[2024-12-08T18:43:16.702+0000][2.753s][info ][gc,cpu      ] GC(3) User=0.02s Sys=0.00s Real=0.00s
[2024-12-08T18:43:16.702+0000][2.753s][info ][safepoint   ] Safepoint "G1CollectForAllocation", Time since last: 461596070 ns, Reaching safepoint: 381532 ns, Cleanup: 112840 ns, At safepoint: 5269499 ns, Total: 5763871 ns
[2024-12-08T18:43:16.939+0000][2.991s][debug][safepoint   ] Safepoint synchronization initiated using futex wait barrier. (16 threads)
[2024-12-08T18:43:16.940+0000][2.991s][info ][gc,start    ] GC(4) Pause Young (Concurrent Start) (Metadata GC Threshold)
[2024-12-08T18:43:16.940+0000][2.991s][info ][gc,task     ] GC(4) Using 6 workers of 10 for evacuation
[2024-12-08T18:43:16.944+0000][2.996s][info ][gc,phases   ] GC(4)   Pre Evacuate Collection Set: 0.1ms
[2024-12-08T18:43:16.945+0000][2.996s][info ][gc,phases   ] GC(4)   Merge Heap Roots: 0.1ms
[2024-12-08T18:43:16.945+0000][2.996s][info ][gc,phases   ] GC(4)   Evacuate Collection Set: 3.4ms
[2024-12-08T18:43:16.945+0000][2.996s][info ][gc,phases   ] GC(4)   Post Evacuate Collection Set: 0.7ms
[2024-12-08T18:43:16.945+0000][2.996s][info ][gc,phases   ] GC(4)   Other: 0.4ms
[2024-12-08T18:43:16.945+0000][2.996s][info ][gc,heap     ] GC(4) Eden regions: 41->0(70)
[2024-12-08T18:43:16.945+0000][2.997s][info ][gc,heap     ] GC(4) Survivor regions: 4->5(10)
[2024-12-08T18:43:16.945+0000][2.997s][info ][gc,heap     ] GC(4) Old regions: 5->5
[2024-12-08T18:43:16.945+0000][2.997s][info ][gc,heap     ] GC(4) Archive regions: 2->2
[2024-12-08T18:43:16.945+0000][2.997s][info ][gc,heap     ] GC(4) Humongous regions: 0->0
[2024-12-08T18:43:16.946+0000][2.997s][info ][gc,metaspace] GC(4) Metaspace: 21277K(21504K)->21277K(21504K) NonClass: 18493K(18624K)->18493K(18624K) Class: 2783K(2880K)->2783K(2880K)
[2024-12-08T18:43:16.946+0000][2.997s][info ][gc          ] GC(4) Pause Young (Concurrent Start) (Metadata GC Threshold) 99M->20M(254M) 6.114ms
[2024-12-08T18:43:16.946+0000][2.997s][info ][gc,cpu      ] GC(4) User=0.04s Sys=0.00s Real=0.01s
[2024-12-08T18:43:16.946+0000][2.997s][info ][gc          ] GC(5) Concurrent Mark Cycle
[2024-12-08T18:43:16.946+0000][2.997s][info ][safepoint   ] Safepoint "CollectForMetadataAllocation", Time since last: 237526791 ns, Reaching safepoint: 225582 ns, Cleanup: 44459 ns, At safepoint: 6502918 ns, Total: 6772959 ns
[2024-12-08T18:43:16.946+0000][2.998s][info ][gc,marking  ] GC(5) Concurrent Clear Claimed Marks
[2024-12-08T18:43:16.947+0000][2.998s][info ][gc,marking  ] GC(5) Concurrent Clear Claimed Marks 0.295ms
[2024-12-08T18:43:16.947+0000][2.998s][info ][gc,marking  ] GC(5) Concurrent Scan Root Regions
[2024-12-08T18:43:16.949+0000][3.000s][info ][gc,marking  ] GC(5) Concurrent Scan Root Regions 2.028ms
[2024-12-08T18:43:16.949+0000][3.000s][info ][gc,marking  ] GC(5) Concurrent Mark
[2024-12-08T18:43:16.949+0000][3.000s][info ][gc,marking  ] GC(5) Concurrent Mark From Roots
[2024-12-08T18:43:16.949+0000][3.001s][info ][gc,task     ] GC(5) Using 3 workers of 3 for marking
[2024-12-08T18:43:16.954+0000][3.005s][info ][gc,marking  ] GC(5) Concurrent Mark From Roots 4.489ms
[2024-12-08T18:43:16.954+0000][3.005s][info ][gc,marking  ] GC(5) Concurrent Preclean
[2024-12-08T18:43:16.954+0000][3.005s][info ][gc,marking  ] GC(5) Concurrent Preclean 0.298ms
[2024-12-08T18:43:16.954+0000][3.006s][debug][safepoint   ] Safepoint synchronization initiated using futex wait barrier. (16 threads)
[2024-12-08T18:43:16.954+0000][3.006s][info ][gc,start    ] GC(5) Pause Remark
[2024-12-08T18:43:16.956+0000][3.008s][info ][gc          ] GC(5) Pause Remark 23M->23M(94M) 1.710ms
[2024-12-08T18:43:16.956+0000][3.008s][info ][gc,cpu      ] GC(5) User=0.03s Sys=0.00s Real=0.01s
[2024-12-08T18:43:16.956+0000][3.008s][info ][safepoint   ] Safepoint "G1PauseRemark", Time since last: 8134199 ns, Reaching safepoint: 189925 ns, Cleanup: 9540 ns, At safepoint: 1974717 ns, Total: 2174182 ns
[2024-12-08T18:43:16.957+0000][3.008s][info ][gc,marking  ] GC(5) Concurrent Mark 7.695ms
[2024-12-08T18:43:16.957+0000][3.008s][info ][gc,marking  ] GC(5) Concurrent Rebuild Remembered Sets
[2024-12-08T18:43:16.958+0000][3.010s][info ][gc,marking  ] GC(5) Concurrent Rebuild Remembered Sets 1.767ms
[2024-12-08T18:43:16.959+0000][3.010s][debug][safepoint   ] Safepoint synchronization initiated using futex wait barrier. (16 threads)
[2024-12-08T18:43:16.959+0000][3.010s][info ][gc,start    ] GC(5) Pause Cleanup
[2024-12-08T18:43:16.959+0000][3.011s][info ][gc          ] GC(5) Pause Cleanup 24M->24M(94M) 0.250ms
[2024-12-08T18:43:16.959+0000][3.011s][info ][gc,cpu      ] GC(5) User=0.00s Sys=0.00s Real=0.00s
[2024-12-08T18:43:16.959+0000][3.011s][info ][safepoint   ] Safepoint "G1PauseCleanup", Time since last: 2248997 ns, Reaching safepoint: 281012 ns, Cleanup: 2655 ns, At safepoint: 517790 ns, Total: 801457 ns
[2024-12-08T18:43:16.960+0000][3.011s][info ][gc,marking  ] GC(5) Concurrent Cleanup for Next Mark
[2024-12-08T18:43:16.960+0000][3.012s][info ][gc,marking  ] GC(5) Concurrent Cleanup for Next Mark 0.592ms
[2024-12-08T18:43:16.960+0000][3.012s][info ][gc          ] GC(5) Concurrent Mark Cycle 14.309ms
[2024-12-08T18:43:17.108+0000][3.159s][debug][safepoint   ] Safepoint synchronization initiated using futex wait barrier. (16 threads)
[2024-12-08T18:43:17.108+0000][3.160s][info ][gc,start    ] GC(6) Pause Young (Prepare Mixed) (G1 Preventive Collection)
[2024-12-08T18:43:17.108+0000][3.160s][info ][gc,task     ] GC(6) Using 5 workers of 10 for evacuation
[2024-12-08T18:43:17.114+0000][3.165s][info ][gc,phases   ] GC(6)   Pre Evacuate Collection Set: 0.1ms
[2024-12-08T18:43:17.114+0000][3.166s][info ][gc,phases   ] GC(6)   Merge Heap Roots: 0.1ms
[2024-12-08T18:43:17.114+0000][3.166s][info ][gc,phases   ] GC(6)   Evacuate Collection Set: 4.6ms
[2024-12-08T18:43:17.115+0000][3.166s][info ][gc,phases   ] GC(6)   Post Evacuate Collection Set: 0.7ms
[2024-12-08T18:43:17.115+0000][3.166s][info ][gc,phases   ] GC(6)   Other: 0.3ms
[2024-12-08T18:43:17.115+0000][3.166s][info ][gc,heap     ] GC(6) Eden regions: 27->0(1)
[2024-12-08T18:43:17.115+0000][3.166s][info ][gc,heap     ] GC(6) Survivor regions: 5->6(10)
[2024-12-08T18:43:17.115+0000][3.166s][info ][gc,heap     ] GC(6) Old regions: 5->5
[2024-12-08T18:43:17.115+0000][3.167s][info ][gc,heap     ] GC(6) Archive regions: 2->2
[2024-12-08T18:43:17.115+0000][3.167s][info ][gc,heap     ] GC(6) Humongous regions: 0->0
[2024-12-08T18:43:17.115+0000][3.167s][info ][gc,metaspace] GC(6) Metaspace: 23887K(24256K)->23887K(24256K) NonClass: 20769K(20928K)->20769K(20928K) Class: 3118K(3328K)->3118K(3328K)
[2024-12-08T18:43:17.116+0000][3.167s][info ][gc          ] GC(6) Pause Young (Prepare Mixed) (G1 Preventive Collection) 74M->22M(94M) 7.468ms
[2024-12-08T18:43:17.116+0000][3.167s][info ][gc,cpu      ] GC(6) User=0.04s Sys=0.00s Real=0.01s
[2024-12-08T18:43:17.116+0000][3.167s][info ][safepoint   ] Safepoint "G1CollectForAllocation", Time since last: 148342412 ns, Reaching safepoint: 299579 ns, Cleanup: 53558 ns, At safepoint: 7779821 ns, Total: 8132958 ns
[2024-12-08T18:43:17.123+0000][3.174s][debug][safepoint   ] Safepoint synchronization initiated using futex wait barrier. (16 threads)
[2024-12-08T18:43:17.123+0000][3.175s][info ][gc,start    ] GC(7) Pause Young (Mixed) (G1 Evacuation Pause)
[2024-12-08T18:43:17.123+0000][3.175s][info ][gc,task     ] GC(7) Using 4 workers of 10 for evacuation
[2024-12-08T18:43:17.129+0000][3.181s][info ][gc,phases   ] GC(7)   Pre Evacuate Collection Set: 0.1ms
[2024-12-08T18:43:17.129+0000][3.181s][info ][gc,phases   ] GC(7)   Merge Heap Roots: 0.1ms
[2024-12-08T18:43:17.129+0000][3.181s][info ][gc,phases   ] GC(7)   Evacuate Collection Set: 4.7ms
[2024-12-08T18:43:17.130+0000][3.181s][info ][gc,phases   ] GC(7)   Post Evacuate Collection Set: 0.7ms
[2024-12-08T18:43:17.130+0000][3.181s][info ][gc,phases   ] GC(7)   Other: 0.3ms
[2024-12-08T18:43:17.130+0000][3.181s][info ][gc,heap     ] GC(7) Eden regions: 1->0(24)
[2024-12-08T18:43:17.130+0000][3.181s][info ][gc,heap     ] GC(7) Survivor regions: 6->1(1)
[2024-12-08T18:43:17.130+0000][3.181s][info ][gc,heap     ] GC(7) Old regions: 5->10
[2024-12-08T18:43:17.130+0000][3.181s][info ][gc,heap     ] GC(7) Archive regions: 2->2
[2024-12-08T18:43:17.130+0000][3.182s][info ][gc,heap     ] GC(7) Humongous regions: 0->0
[2024-12-08T18:43:17.130+0000][3.182s][info ][gc,metaspace] GC(7) Metaspace: 23962K(24384K)->23962K(24384K) NonClass: 20829K(21056K)->20829K(21056K) Class: 3133K(3328K)->3133K(3328K)
[2024-12-08T18:43:17.130+0000][3.182s][info ][gc          ] GC(7) Pause Young (Mixed) (G1 Evacuation Pause) 24M->23M(94M) 7.166ms
[2024-12-08T18:43:17.131+0000][3.182s][info ][gc,cpu      ] GC(7) User=0.03s Sys=0.00s Real=0.01s
[2024-12-08T18:43:17.131+0000][3.182s][info ][safepoint   ] Safepoint "G1CollectForAllocation", Time since last: 7168402 ns, Reaching safepoint: 160038 ns, Cleanup: 9117 ns, At safepoint: 7470790 ns, Total: 7639945 ns
[2024-12-08T18:43:17.262+0000][3.313s][debug][safepoint   ] Safepoint synchronization initiated using futex wait barrier. (15 threads)
[2024-12-08T18:43:17.262+0000][3.313s][info ][gc,start    ] GC(8) Pause Young (Normal) (G1 Evacuation Pause)
[2024-12-08T18:43:17.262+0000][3.313s][info ][gc,task     ] GC(8) Using 3 workers of 10 for evacuation
[2024-12-08T18:43:17.266+0000][3.318s][info ][gc,phases   ] GC(8)   Pre Evacuate Collection Set: 0.1ms
[2024-12-08T18:43:17.266+0000][3.318s][info ][gc,phases   ] GC(8)   Merge Heap Roots: 0.1ms
[2024-12-08T18:43:17.266+0000][3.318s][info ][gc,phases   ] GC(8)   Evacuate Collection Set: 2.6ms
[2024-12-08T18:43:17.267+0000][3.318s][info ][gc,phases   ] GC(8)   Post Evacuate Collection Set: 0.8ms
[2024-12-08T18:43:17.267+0000][3.318s][info ][gc,phases   ] GC(8)   Other: 0.7ms
[2024-12-08T18:43:17.267+0000][3.318s][info ][gc,heap     ] GC(8) Eden regions: 24->0(53)
[2024-12-08T18:43:17.267+0000][3.318s][info ][gc,heap     ] GC(8) Survivor regions: 1->3(4)
[2024-12-08T18:43:17.267+0000][3.318s][info ][gc,heap     ] GC(8) Old regions: 10->10
[2024-12-08T18:43:17.267+0000][3.318s][info ][gc,heap     ] GC(8) Archive regions: 2->2
[2024-12-08T18:43:17.267+0000][3.319s][info ][gc,heap     ] GC(8) Humongous regions: 0->0
[2024-12-08T18:43:17.267+0000][3.319s][info ][gc,metaspace] GC(8) Metaspace: 24394K(24768K)->24394K(24768K) NonClass: 21224K(21440K)->21224K(21440K) Class: 3170K(3328K)->3170K(3328K)
[2024-12-08T18:43:17.267+0000][3.319s][info ][gc          ] GC(8) Pause Young (Normal) (G1 Evacuation Pause) 71M->25M(188M) 5.464ms
[2024-12-08T18:43:17.267+0000][3.319s][info ][gc,cpu      ] GC(8) User=0.03s Sys=0.00s Real=0.01s
[2024-12-08T18:43:17.268+0000][3.319s][info ][safepoint   ] Safepoint "G1CollectForAllocation", Time since last: 130840615 ns, Reaching safepoint: 207285 ns, Cleanup: 61460 ns, At safepoint: 5677251 ns, Total: 5945996 ns
[2024-12-08T18:43:17.419+0000][3.471s][debug][safepoint   ] Safepoint synchronization initiated using futex wait barrier. (15 threads)
[2024-12-08T18:43:17.420+0000][3.471s][info ][gc,start    ] GC(9) Pause Young (Normal) (G1 Evacuation Pause)
[2024-12-08T18:43:17.420+0000][3.471s][info ][gc,task     ] GC(9) Using 4 workers of 10 for evacuation
[2024-12-08T18:43:17.427+0000][3.478s][info ][gc,phases   ] GC(9)   Pre Evacuate Collection Set: 0.1ms
[2024-12-08T18:43:17.427+0000][3.479s][info ][gc,phases   ] GC(9)   Merge Heap Roots: 0.1ms
[2024-12-08T18:43:17.427+0000][3.479s][info ][gc,phases   ] GC(9)   Evacuate Collection Set: 6.3ms
[2024-12-08T18:43:17.427+0000][3.479s][info ][gc,phases   ] GC(9)   Post Evacuate Collection Set: 0.7ms
[2024-12-08T18:43:17.428+0000][3.479s][info ][gc,phases   ] GC(9)   Other: 0.3ms
[2024-12-08T18:43:17.428+0000][3.479s][info ][gc,heap     ] GC(9) Eden regions: 53->0(49)
[2024-12-08T18:43:17.428+0000][3.479s][info ][gc,heap     ] GC(9) Survivor regions: 3->7(7)
[2024-12-08T18:43:17.428+0000][3.479s][info ][gc,heap     ] GC(9) Old regions: 10->12
[2024-12-08T18:43:17.428+0000][3.479s][info ][gc,heap     ] GC(9) Archive regions: 2->2
[2024-12-08T18:43:17.428+0000][3.480s][info ][gc,heap     ] GC(9) Humongous regions: 0->0
[2024-12-08T18:43:17.428+0000][3.480s][info ][gc,metaspace] GC(9) Metaspace: 24518K(24896K)->24518K(24896K) NonClass: 21328K(21504K)->21328K(21504K) Class: 3190K(3392K)->3190K(3392K)
[2024-12-08T18:43:17.428+0000][3.480s][info ][gc          ] GC(9) Pause Young (Normal) (G1 Evacuation Pause) 131M->38M(188M) 8.786ms
[2024-12-08T18:43:17.428+0000][3.480s][info ][gc,cpu      ] GC(9) User=0.06s Sys=0.00s Real=0.01s
[2024-12-08T18:43:17.429+0000][3.480s][info ][safepoint   ] Safepoint "G1CollectForAllocation", Time since last: 151814582 ns, Reaching safepoint: 204306 ns, Cleanup: 21735 ns, At safepoint: 9295715 ns, Total: 9521756 ns
[2024-12-08T18:43:17.681+0000][3.733s][debug][safepoint   ] Safepoint synchronization initiated using futex wait barrier. (15 threads)
[2024-12-08T18:43:17.682+0000][3.733s][info ][gc,start    ] GC(10) Pause Young (Normal) (G1 Evacuation Pause)
[2024-12-08T18:43:17.682+0000][3.733s][info ][gc,task     ] GC(10) Using 4 workers of 10 for evacuation
[2024-12-08T18:43:17.692+0000][3.743s][info ][gc,phases   ] GC(10)   Pre Evacuate Collection Set: 0.1ms
[2024-12-08T18:43:17.692+0000][3.743s][info ][gc,phases   ] GC(10)   Merge Heap Roots: 0.1ms
[2024-12-08T18:43:17.692+0000][3.743s][info ][gc,phases   ] GC(10)   Evacuate Collection Set: 8.3ms
[2024-12-08T18:43:17.692+0000][3.743s][info ][gc,phases   ] GC(10)   Post Evacuate Collection Set: 1.1ms
[2024-12-08T18:43:17.692+0000][3.743s][info ][gc,phases   ] GC(10)   Other: 0.3ms
[2024-12-08T18:43:17.692+0000][3.743s][info ][gc,heap     ] GC(10) Eden regions: 49->0(47)
[2024-12-08T18:43:17.692+0000][3.744s][info ][gc,heap     ] GC(10) Survivor regions: 7->5(7)
[2024-12-08T18:43:17.692+0000][3.744s][info ][gc,heap     ] GC(10) Old regions: 12->19
[2024-12-08T18:43:17.692+0000][3.744s][info ][gc,heap     ] GC(10) Archive regions: 2->2
[2024-12-08T18:43:17.692+0000][3.744s][info ][gc,heap     ] GC(10) Humongous regions: 0->0
[2024-12-08T18:43:17.693+0000][3.744s][info ][gc,metaspace] GC(10) Metaspace: 24943K(25344K)->24943K(25344K) NonClass: 21698K(21888K)->21698K(21888K) Class: 3244K(3456K)->3244K(3456K)
[2024-12-08T18:43:17.693+0000][3.744s][info ][gc          ] GC(10) Pause Young (Normal) (G1 Evacuation Pause) 136M->48M(188M) 10.994ms
[2024-12-08T18:43:17.693+0000][3.744s][info ][gc,cpu      ] GC(10) User=0.06s Sys=0.00s Real=0.01s
[2024-12-08T18:43:17.693+0000][3.744s][info ][safepoint   ] Safepoint "G1CollectForAllocation", Time since last: 252553753 ns, Reaching safepoint: 231684 ns, Cleanup: 82403 ns, At safepoint: 11290304 ns, Total: 11604391 ns
[2024-12-08T18:43:17.908+0000][3.959s][debug][safepoint   ] Safepoint synchronization initiated using futex wait barrier. (15 threads)
[2024-12-08T18:43:17.908+0000][3.959s][info ][gc,start    ] GC(11) Pause Young (Normal) (G1 Evacuation Pause)
[2024-12-08T18:43:17.908+0000][3.959s][info ][gc,task     ] GC(11) Using 4 workers of 10 for evacuation
[2024-12-08T18:43:17.914+0000][3.965s][info ][gc,phases   ] GC(11)   Pre Evacuate Collection Set: 0.1ms
[2024-12-08T18:43:17.914+0000][3.965s][info ][gc,phases   ] GC(11)   Merge Heap Roots: 0.0ms
[2024-12-08T18:43:17.914+0000][3.966s][info ][gc,phases   ] GC(11)   Evacuate Collection Set: 4.8ms
[2024-12-08T18:43:17.914+0000][3.966s][info ][gc,phases   ] GC(11)   Post Evacuate Collection Set: 0.8ms
[2024-12-08T18:43:17.914+0000][3.966s][info ][gc,phases   ] GC(11)   Other: 0.3ms
[2024-12-08T18:43:17.914+0000][3.966s][info ][gc,heap     ] GC(11) Eden regions: 47->0(46)
[2024-12-08T18:43:17.915+0000][3.966s][info ][gc,heap     ] GC(11) Survivor regions: 5->3(7)
[2024-12-08T18:43:17.915+0000][3.966s][info ][gc,heap     ] GC(11) Old regions: 19->23
[2024-12-08T18:43:17.915+0000][3.966s][info ][gc,heap     ] GC(11) Archive regions: 2->2
[2024-12-08T18:43:17.915+0000][3.966s][info ][gc,heap     ] GC(11) Humongous regions: 0->0
[2024-12-08T18:43:17.915+0000][3.966s][info ][gc,metaspace] GC(11) Metaspace: 25152K(25536K)->25152K(25536K) NonClass: 21894K(22080K)->21894K(22080K) Class: 3257K(3456K)->3257K(3456K)
[2024-12-08T18:43:17.915+0000][3.966s][info ][gc          ] GC(11) Pause Young (Normal) (G1 Evacuation Pause) 142M->52M(188M) 7.179ms
[2024-12-08T18:43:17.915+0000][3.967s][info ][gc,cpu      ] GC(11) User=0.03s Sys=0.00s Real=0.00s
[2024-12-08T18:43:17.915+0000][3.967s][info ][safepoint   ] Safepoint "G1CollectForAllocation", Time since last: 214588889 ns, Reaching safepoint: 203199 ns, Cleanup: 78065 ns, At safepoint: 7461215 ns, Total: 7742479 ns
[2024-12-08T18:43:18.096+0000][4.148s][debug][safepoint   ] Safepoint synchronization initiated using futex wait barrier. (16 threads)
[2024-12-08T18:43:18.096+0000][4.148s][info ][gc,start    ] GC(12) Pause Young (Normal) (G1 Evacuation Pause)
[2024-12-08T18:43:18.097+0000][4.148s][info ][gc,task     ] GC(12) Using 4 workers of 10 for evacuation
[2024-12-08T18:43:18.101+0000][4.152s][info ][gc,phases   ] GC(12)   Pre Evacuate Collection Set: 0.1ms
[2024-12-08T18:43:18.101+0000][4.152s][info ][gc,phases   ] GC(12)   Merge Heap Roots: 0.1ms
[2024-12-08T18:43:18.101+0000][4.153s][info ][gc,phases   ] GC(12)   Evacuate Collection Set: 3.3ms
[2024-12-08T18:43:18.101+0000][4.153s][info ][gc,phases   ] GC(12)   Post Evacuate Collection Set: 0.7ms
[2024-12-08T18:43:18.101+0000][4.153s][info ][gc,phases   ] GC(12)   Other: 0.3ms
[2024-12-08T18:43:18.102+0000][4.153s][info ][gc,heap     ] GC(12) Eden regions: 46->0(69)
[2024-12-08T18:43:18.102+0000][4.153s][info ][gc,heap     ] GC(12) Survivor regions: 3->4(7)
[2024-12-08T18:43:18.102+0000][4.153s][info ][gc,heap     ] GC(12) Old regions: 23->23
[2024-12-08T18:43:18.102+0000][4.153s][info ][gc,heap     ] GC(12) Archive regions: 2->2
[2024-12-08T18:43:18.102+0000][4.153s][info ][gc,heap     ] GC(12) Humongous regions: 0->0
[2024-12-08T18:43:18.102+0000][4.154s][info ][gc,metaspace] GC(12) Metaspace: 25374K(25728K)->25374K(25728K) NonClass: 22086K(22272K)->22086K(22272K) Class: 3288K(3456K)->3288K(3456K)
[2024-12-08T18:43:18.102+0000][4.154s][info ][gc          ] GC(12) Pause Young (Normal) (G1 Evacuation Pause) 144M->54M(246M) 5.975ms
[2024-12-08T18:43:18.103+0000][4.154s][info ][gc,cpu      ] GC(12) User=0.02s Sys=0.00s Real=0.00s
[2024-12-08T18:43:18.103+0000][4.154s][info ][safepoint   ] Safepoint "G1CollectForAllocation", Time since last: 180787734 ns, Reaching safepoint: 198043 ns, Cleanup: 62495 ns, At safepoint: 6245008 ns, Total: 6505546 ns
[2024-12-08T18:43:18.343+0000][4.395s][debug][safepoint   ] Safepoint synchronization initiated using futex wait barrier. (16 threads)
[2024-12-08T18:43:18.344+0000][4.395s][info ][gc,start    ] GC(13) Pause Young (Normal) (G1 Evacuation Pause)
[2024-12-08T18:43:18.344+0000][4.395s][info ][gc,task     ] GC(13) Using 5 workers of 10 for evacuation
[2024-12-08T18:43:18.347+0000][4.398s][info ][gc,phases   ] GC(13)   Pre Evacuate Collection Set: 0.1ms
[2024-12-08T18:43:18.347+0000][4.399s][info ][gc,phases   ] GC(13)   Merge Heap Roots: 0.1ms
[2024-12-08T18:43:18.347+0000][4.399s][info ][gc,phases   ] GC(13)   Evacuate Collection Set: 2.4ms
[2024-12-08T18:43:18.347+0000][4.399s][info ][gc,phases   ] GC(13)   Post Evacuate Collection Set: 0.6ms
[2024-12-08T18:43:18.347+0000][4.399s][info ][gc,phases   ] GC(13)   Other: 0.3ms
[2024-12-08T18:43:18.348+0000][4.399s][info ][gc,heap     ] GC(13) Eden regions: 69->0(69)
[2024-12-08T18:43:18.348+0000][4.399s][info ][gc,heap     ] GC(13) Survivor regions: 4->4(10)
[2024-12-08T18:43:18.348+0000][4.399s][info ][gc,heap     ] GC(13) Old regions: 23->23
[2024-12-08T18:43:18.348+0000][4.399s][info ][gc,heap     ] GC(13) Archive regions: 2->2
[2024-12-08T18:43:18.348+0000][4.399s][info ][gc,heap     ] GC(13) Humongous regions: 0->0
[2024-12-08T18:43:18.348+0000][4.399s][info ][gc,metaspace] GC(13) Metaspace: 26850K(27200K)->26850K(27200K) NonClass: 23455K(23616K)->23455K(23616K) Class: 3395K(3584K)->3395K(3584K)
[2024-12-08T18:43:18.348+0000][4.400s][info ][gc          ] GC(13) Pause Young (Normal) (G1 Evacuation Pause) 192M->55M(246M) 4.621ms
[2024-12-08T18:43:18.348+0000][4.400s][info ][gc,cpu      ] GC(13) User=0.02s Sys=0.00s Real=0.01s
[2024-12-08T18:43:18.348+0000][4.400s][info ][safepoint   ] Safepoint "G1CollectForAllocation", Time since last: 240646164 ns, Reaching safepoint: 189601 ns, Cleanup: 15353 ns, At safepoint: 4831918 ns, Total: 5036872 ns
[2024-12-08T18:43:18.748+0000][4.799s][debug][safepoint   ] Safepoint synchronization initiated using futex wait barrier. (15 threads)
[2024-12-08T18:43:18.748+0000][4.799s][info ][gc,start    ] GC(14) Pause Young (Normal) (G1 Evacuation Pause)
[2024-12-08T18:43:18.748+0000][4.799s][info ][gc,task     ] GC(14) Using 5 workers of 10 for evacuation
[2024-12-08T18:43:18.752+0000][4.804s][info ][gc,phases   ] GC(14)   Pre Evacuate Collection Set: 0.1ms
[2024-12-08T18:43:18.753+0000][4.804s][info ][gc,phases   ] GC(14)   Merge Heap Roots: 0.1ms
[2024-12-08T18:43:18.753+0000][4.804s][info ][gc,phases   ] GC(14)   Evacuate Collection Set: 2.8ms
[2024-12-08T18:43:18.753+0000][4.804s][info ][gc,phases   ] GC(14)   Post Evacuate Collection Set: 1.0ms
[2024-12-08T18:43:18.753+0000][4.805s][info ][gc,phases   ] GC(14)   Other: 0.3ms
[2024-12-08T18:43:18.753+0000][4.805s][info ][gc,heap     ] GC(14) Eden regions: 69->0(67)
[2024-12-08T18:43:18.754+0000][4.805s][info ][gc,heap     ] GC(14) Survivor regions: 4->6(10)
[2024-12-08T18:43:18.754+0000][4.805s][info ][gc,heap     ] GC(14) Old regions: 23->23
[2024-12-08T18:43:18.754+0000][4.805s][info ][gc,heap     ] GC(14) Archive regions: 2->2
[2024-12-08T18:43:18.754+0000][4.805s][info ][gc,heap     ] GC(14) Humongous regions: 0->0
[2024-12-08T18:43:18.754+0000][4.805s][info ][gc,metaspace] GC(14) Metaspace: 33507K(33856K)->33507K(33856K) NonClass: 29361K(29504K)->29361K(29504K) Class: 4146K(4352K)->4146K(4352K)
[2024-12-08T18:43:18.754+0000][4.806s][info ][gc          ] GC(14) Pause Young (Normal) (G1 Evacuation Pause) 193M->58M(246M) 6.267ms
[2024-12-08T18:43:18.754+0000][4.806s][info ][gc,cpu      ] GC(14) User=0.02s Sys=0.00s Real=0.00s
[2024-12-08T18:43:18.754+0000][4.806s][info ][safepoint   ] Safepoint "G1CollectForAllocation", Time since last: 399290244 ns, Reaching safepoint: 216694 ns, Cleanup: 74078 ns, At safepoint: 6585046 ns, Total: 6875818 ns
[2024-12-08T18:43:19.234+0000][5.286s][debug][safepoint   ] Safepoint synchronization initiated using futex wait barrier. (15 threads)
[2024-12-08T18:43:19.235+0000][5.286s][info ][gc,start    ] GC(15) Pause Young (Normal) (G1 Evacuation Pause)
[2024-12-08T18:43:19.235+0000][5.286s][info ][gc,task     ] GC(15) Using 5 workers of 10 for evacuation
[2024-12-08T18:43:19.239+0000][5.291s][info ][gc,phases   ] GC(15)   Pre Evacuate Collection Set: 0.1ms
[2024-12-08T18:43:19.239+0000][5.291s][info ][gc,phases   ] GC(15)   Merge Heap Roots: 0.1ms
[2024-12-08T18:43:19.240+0000][5.291s][info ][gc,phases   ] GC(15)   Evacuate Collection Set: 3.3ms
[2024-12-08T18:43:19.240+0000][5.291s][info ][gc,phases   ] GC(15)   Post Evacuate Collection Set: 0.8ms
[2024-12-08T18:43:19.240+0000][5.291s][info ][gc,phases   ] GC(15)   Other: 0.4ms
[2024-12-08T18:43:19.240+0000][5.291s][info ][gc,heap     ] GC(15) Eden regions: 67->0(68)
[2024-12-08T18:43:19.240+0000][5.292s][info ][gc,heap     ] GC(15) Survivor regions: 6->5(10)
[2024-12-08T18:43:19.240+0000][5.292s][info ][gc,heap     ] GC(15) Old regions: 23->23
[2024-12-08T18:43:19.240+0000][5.292s][info ][gc,heap     ] GC(15) Archive regions: 2->2
[2024-12-08T18:43:19.241+0000][5.292s][info ][gc,heap     ] GC(15) Humongous regions: 0->0
[2024-12-08T18:43:19.241+0000][5.292s][info ][gc,metaspace] GC(15) Metaspace: 34788K(35200K)->34788K(35200K) NonClass: 30466K(30656K)->30466K(30656K) Class: 4322K(4544K)->4322K(4544K)
[2024-12-08T18:43:19.241+0000][5.292s][info ][gc          ] GC(15) Pause Young (Normal) (G1 Evacuation Pause) 192M->57M(246M) 6.150ms
[2024-12-08T18:43:19.241+0000][5.292s][info ][gc,cpu      ] GC(15) User=0.04s Sys=0.00s Real=0.01s
[2024-12-08T18:43:19.241+0000][5.293s][info ][safepoint   ] Safepoint "G1CollectForAllocation", Time since last: 479844757 ns, Reaching safepoint: 223791 ns, Cleanup: 83897 ns, At safepoint: 6481273 ns, Total: 6788961 ns
[2024-12-08T18:43:19.350+0000][5.401s][debug][safepoint   ] Safepoint synchronization initiated using futex wait barrier. (15 threads)
[2024-12-08T18:43:19.350+0000][5.401s][info ][gc,start    ] GC(16) Pause Young (Concurrent Start) (Metadata GC Threshold)
[2024-12-08T18:43:19.350+0000][5.402s][info ][gc,task     ] GC(16) Using 5 workers of 10 for evacuation
[2024-12-08T18:43:19.355+0000][5.406s][info ][gc,phases   ] GC(16)   Pre Evacuate Collection Set: 0.1ms
[2024-12-08T18:43:19.355+0000][5.407s][info ][gc,phases   ] GC(16)   Merge Heap Roots: 0.1ms
[2024-12-08T18:43:19.355+0000][5.407s][info ][gc,phases   ] GC(16)   Evacuate Collection Set: 3.7ms
[2024-12-08T18:43:19.355+0000][5.407s][info ][gc,phases   ] GC(16)   Post Evacuate Collection Set: 0.6ms
[2024-12-08T18:43:19.355+0000][5.407s][info ][gc,phases   ] GC(16)   Other: 0.4ms
[2024-12-08T18:43:19.356+0000][5.407s][info ][gc,heap     ] GC(16) Eden regions: 21->0(68)
[2024-12-08T18:43:19.356+0000][5.407s][info ][gc,heap     ] GC(16) Survivor regions: 5->5(10)
[2024-12-08T18:43:19.356+0000][5.407s][info ][gc,heap     ] GC(16) Old regions: 23->23
[2024-12-08T18:43:19.356+0000][5.407s][info ][gc,heap     ] GC(16) Archive regions: 2->2
[2024-12-08T18:43:19.356+0000][5.407s][info ][gc,heap     ] GC(16) Humongous regions: 0->0
[2024-12-08T18:43:19.356+0000][5.407s][info ][gc,metaspace] GC(16) Metaspace: 35810K(36160K)->35810K(36160K) NonClass: 31365K(31552K)->31365K(31552K) Class: 4445K(4608K)->4445K(4608K)
[2024-12-08T18:43:19.356+0000][5.408s][info ][gc          ] GC(16) Pause Young (Concurrent Start) (Metadata GC Threshold) 98M->57M(246M) 6.075ms
[2024-12-08T18:43:19.356+0000][5.408s][info ][gc,cpu      ] GC(16) User=0.04s Sys=0.00s Real=0.01s
[2024-12-08T18:43:19.356+0000][5.408s][info ][gc          ] GC(17) Concurrent Mark Cycle
[2024-12-08T18:43:19.356+0000][5.408s][info ][gc,marking  ] GC(17) Concurrent Clear Claimed Marks
[2024-12-08T18:43:19.356+0000][5.408s][info ][safepoint   ] Safepoint "CollectForMetadataAllocation", Time since last: 108713446 ns, Reaching safepoint: 175237 ns, Cleanup: 58877 ns, At safepoint: 6345307 ns, Total: 6579421 ns
[2024-12-08T18:43:19.357+0000][5.408s][info ][gc,marking  ] GC(17) Concurrent Clear Claimed Marks 0.124ms
[2024-12-08T18:43:19.357+0000][5.408s][info ][gc,marking  ] GC(17) Concurrent Scan Root Regions
[2024-12-08T18:43:19.359+0000][5.411s][info ][gc,marking  ] GC(17) Concurrent Scan Root Regions 2.524ms
[2024-12-08T18:43:19.360+0000][5.411s][info ][gc,marking  ] GC(17) Concurrent Mark
[2024-12-08T18:43:19.360+0000][5.411s][info ][gc,marking  ] GC(17) Concurrent Mark From Roots
[2024-12-08T18:43:19.360+0000][5.411s][info ][gc,task     ] GC(17) Using 3 workers of 3 for marking
[2024-12-08T18:43:19.377+0000][5.428s][info ][gc,marking  ] GC(17) Concurrent Mark From Roots 17.247ms
[2024-12-08T18:43:19.377+0000][5.429s][info ][gc,marking  ] GC(17) Concurrent Preclean
[2024-12-08T18:43:19.378+0000][5.429s][info ][gc,marking  ] GC(17) Concurrent Preclean 0.296ms
[2024-12-08T18:43:19.378+0000][5.429s][debug][safepoint   ] Safepoint synchronization initiated using futex wait barrier. (15 threads)
[2024-12-08T18:43:19.378+0000][5.429s][info ][gc,start    ] GC(17) Pause Remark
[2024-12-08T18:43:19.380+0000][5.431s][info ][gc          ] GC(17) Pause Remark 62M->62M(220M) 2.043ms
[2024-12-08T18:43:19.380+0000][5.431s][info ][gc,cpu      ] GC(17) User=0.01s Sys=0.00s Real=0.00s
[2024-12-08T18:43:19.380+0000][5.432s][info ][safepoint   ] Safepoint "G1PauseRemark", Time since last: 21270311 ns, Reaching safepoint: 183463 ns, Cleanup: 15489 ns, At safepoint: 2271525 ns, Total: 2470477 ns
[2024-12-08T18:43:19.380+0000][5.432s][info ][gc,marking  ] GC(17) Concurrent Mark 20.730ms
[2024-12-08T18:43:19.380+0000][5.432s][info ][gc,marking  ] GC(17) Concurrent Rebuild Remembered Sets
[2024-12-08T18:43:19.389+0000][5.440s][info ][gc,marking  ] GC(17) Concurrent Rebuild Remembered Sets 8.465ms
[2024-12-08T18:43:19.389+0000][5.441s][debug][safepoint   ] Safepoint synchronization initiated using futex wait barrier. (15 threads)
[2024-12-08T18:43:19.389+0000][5.441s][info ][gc,start    ] GC(17) Pause Cleanup
[2024-12-08T18:43:19.389+0000][5.441s][info ][gc          ] GC(17) Pause Cleanup 63M->63M(220M) 0.166ms
[2024-12-08T18:43:19.390+0000][5.441s][info ][gc,cpu      ] GC(17) User=0.00s Sys=0.00s Real=0.00s
[2024-12-08T18:43:19.390+0000][5.441s][info ][safepoint   ] Safepoint "G1PauseCleanup", Time since last: 8957202 ns, Reaching safepoint: 196107 ns, Cleanup: 8505 ns, At safepoint: 432382 ns, Total: 636994 ns
[2024-12-08T18:43:19.390+0000][5.441s][info ][gc,marking  ] GC(17) Concurrent Cleanup for Next Mark
[2024-12-08T18:43:19.391+0000][5.442s][info ][gc,marking  ] GC(17) Concurrent Cleanup for Next Mark 0.858ms
[2024-12-08T18:43:19.391+0000][5.442s][info ][gc          ] GC(17) Concurrent Mark Cycle 34.488ms
[2024-12-08T18:43:23.029+0000][5.744s][debug][safepoint   ] Safepoint synchronization initiated using futex wait barrier. (15 threads)
[2024-12-08T18:43:23.029+0000][5.744s][info ][gc,start    ] GC(18) Pause Young (Prepare Mixed) (G1 Evacuation Pause)
[2024-12-08T18:43:23.030+0000][5.745s][info ][gc,task     ] GC(18) Using 5 workers of 10 for evacuation
[2024-12-08T18:43:23.035+0000][5.750s][info ][gc,phases   ] GC(18)   Pre Evacuate Collection Set: 0.1ms
[2024-12-08T18:43:23.035+0000][5.750s][info ][gc,phases   ] GC(18)   Merge Heap Roots: 0.2ms
[2024-12-08T18:43:23.036+0000][5.751s][info ][gc,phases   ] GC(18)   Evacuate Collection Set: 4.2ms
[2024-12-08T18:43:23.036+0000][5.751s][info ][gc,phases   ] GC(18)   Post Evacuate Collection Set: 0.9ms
[2024-12-08T18:43:23.036+0000][5.751s][info ][gc,phases   ] GC(18)   Other: 0.4ms
[2024-12-08T18:43:23.036+0000][5.751s][info ][gc,heap     ] GC(18) Eden regions: 61->0(1)
[2024-12-08T18:43:23.036+0000][5.751s][info ][gc,heap     ] GC(18) Survivor regions: 5->5(9)
[2024-12-08T18:43:23.036+0000][5.751s][info ][gc,heap     ] GC(18) Old regions: 23->23
[2024-12-08T18:43:23.036+0000][5.751s][info ][gc,heap     ] GC(18) Archive regions: 2->2
[2024-12-08T18:43:23.036+0000][5.751s][info ][gc,heap     ] GC(18) Humongous regions: 0->0
[2024-12-08T18:43:23.036+0000][5.752s][info ][gc,metaspace] GC(18) Metaspace: 38776K(39168K)->38776K(39168K) NonClass: 33880K(34112K)->33880K(34112K) Class: 4895K(5056K)->4895K(5056K)
[2024-12-08T18:43:23.037+0000][5.752s][info ][gc          ] GC(18) Pause Young (Prepare Mixed) (G1 Evacuation Pause) 179M->57M(220M) 7.153ms
[2024-12-08T18:43:23.037+0000][5.752s][info ][gc,cpu      ] GC(18) User=0.06s Sys=0.00s Real=0.01s
[2024-12-08T18:43:23.037+0000][5.752s][info ][safepoint   ] Safepoint "G1CollectForAllocation", Time since last: 302950060 ns, Reaching safepoint: 305793 ns, Cleanup: 50489 ns, At safepoint: 7392614 ns, Total: 7748896 ns
[2024-12-08T18:43:23.044+0000][5.760s][debug][safepoint   ] Safepoint synchronization initiated using futex wait barrier. (15 threads)
[2024-12-08T18:43:23.045+0000][5.760s][info ][gc,start    ] GC(19) Pause Young (Mixed) (G1 Evacuation Pause)
[2024-12-08T18:43:23.045+0000][5.760s][info ][gc,task     ] GC(19) Using 5 workers of 10 for evacuation
[2024-12-08T18:43:23.050+0000][5.765s][info ][gc,phases   ] GC(19)   Pre Evacuate Collection Set: 0.1ms
[2024-12-08T18:43:23.050+0000][5.765s][info ][gc,phases   ] GC(19)   Merge Heap Roots: 0.1ms
[2024-12-08T18:43:23.050+0000][5.765s][info ][gc,phases   ] GC(19)   Evacuate Collection Set: 4.2ms
[2024-12-08T18:43:23.051+0000][5.766s][info ][gc,phases   ] GC(19)   Post Evacuate Collection Set: 0.6ms
[2024-12-08T18:43:23.051+0000][5.766s][info ][gc,phases   ] GC(19)   Other: 0.3ms
[2024-12-08T18:43:23.051+0000][5.766s][info ][gc,heap     ] GC(19) Eden regions: 1->0(63)
[2024-12-08T18:43:23.051+0000][5.766s][info ][gc,heap     ] GC(19) Survivor regions: 5->1(1)
[2024-12-08T18:43:23.051+0000][5.766s][info ][gc,heap     ] GC(19) Old regions: 23->28
[2024-12-08T18:43:23.051+0000][5.766s][info ][gc,heap     ] GC(19) Archive regions: 2->2
[2024-12-08T18:43:23.051+0000][5.766s][info ][gc,heap     ] GC(19) Humongous regions: 0->0
[2024-12-08T18:43:23.051+0000][5.766s][info ][gc,metaspace] GC(19) Metaspace: 38788K(39168K)->38788K(39168K) NonClass: 33892K(34112K)->33892K(34112K) Class: 4895K(5056K)->4895K(5056K)
[2024-12-08T18:43:23.051+0000][5.766s][info ][gc          ] GC(19) Pause Young (Mixed) (G1 Evacuation Pause) 59M->58M(220M) 6.716ms
[2024-12-08T18:43:23.052+0000][5.767s][info ][gc,cpu      ] GC(19) User=0.03s Sys=0.00s Real=0.00s
[2024-12-08T18:43:23.052+0000][5.767s][info ][safepoint   ] Safepoint "G1CollectForAllocation", Time since last: 7673223 ns, Reaching safepoint: 207683 ns, Cleanup: 5940 ns, At safepoint: 7003154 ns, Total: 7216777 ns
[2024-12-08T18:43:23.421+0000][6.136s][debug][safepoint   ] Safepoint synchronization initiated using futex wait barrier. (15 threads)
[2024-12-08T18:43:23.421+0000][6.136s][info ][gc,start    ] GC(20) Pause Young (Normal) (G1 Evacuation Pause)
[2024-12-08T18:43:23.421+0000][6.136s][info ][gc,task     ] GC(20) Using 5 workers of 10 for evacuation
[2024-12-08T18:43:23.424+0000][6.139s][info ][gc,phases   ] GC(20)   Pre Evacuate Collection Set: 0.1ms
[2024-12-08T18:43:23.424+0000][6.139s][info ][gc,phases   ] GC(20)   Merge Heap Roots: 0.1ms
[2024-12-08T18:43:23.424+0000][6.139s][info ][gc,phases   ] GC(20)   Evacuate Collection Set: 1.3ms
[2024-12-08T18:43:23.424+0000][6.139s][info ][gc,phases   ] GC(20)   Post Evacuate Collection Set: 1.1ms
[2024-12-08T18:43:23.425+0000][6.140s][info ][gc,phases   ] GC(20)   Other: 0.3ms
[2024-12-08T18:43:23.425+0000][6.140s][info ][gc,heap     ] GC(20) Eden regions: 63->0(130)
[2024-12-08T18:43:23.425+0000][6.140s][info ][gc,heap     ] GC(20) Survivor regions: 1->2(8)
[2024-12-08T18:43:23.425+0000][6.140s][info ][gc,heap     ] GC(20) Old regions: 28->28
[2024-12-08T18:43:23.425+0000][6.140s][info ][gc,heap     ] GC(20) Archive regions: 2->2
[2024-12-08T18:43:23.425+0000][6.140s][info ][gc,heap     ] GC(20) Humongous regions: 0->0
[2024-12-08T18:43:23.425+0000][6.140s][info ][gc,metaspace] GC(20) Metaspace: 41476K(41856K)->41476K(41856K) NonClass: 36236K(36416K)->36236K(36416K) Class: 5239K(5440K)->5239K(5440K)
[2024-12-08T18:43:23.425+0000][6.140s][info ][gc          ] GC(20) Pause Young (Normal) (G1 Evacuation Pause) 184M->58M(440M) 3.947ms
[2024-12-08T18:43:23.425+0000][6.140s][info ][gc,cpu      ] GC(20) User=0.04s Sys=0.00s Real=0.01s
[2024-12-08T18:43:23.425+0000][6.140s][info ][safepoint   ] Safepoint "G1CollectForAllocation", Time since last: 369321753 ns, Reaching safepoint: 185138 ns, Cleanup: 75338 ns, At safepoint: 4165476 ns, Total: 4425952 ns
[2024-12-08T18:43:23.657+0000][6.372s][debug][safepoint   ] Safepoint synchronization initiated using futex wait barrier. (15 threads)
[2024-12-08T18:43:23.657+0000][6.372s][info ][safepoint   ] Safepoint "ICBufferFull", Time since last: 231414585 ns, Reaching safepoint: 266288 ns, Cleanup: 81089 ns, At safepoint: 17955 ns, Total: 365332 ns
[2024-12-08T18:43:23.871+0000][6.586s][debug][safepoint   ] Safepoint synchronization initiated using futex wait barrier. (15 threads)
[2024-12-08T18:43:23.871+0000][6.586s][info ][safepoint   ] Safepoint "ICBufferFull", Time since last: 213829367 ns, Reaching safepoint: 186531 ns, Cleanup: 106964 ns, At safepoint: 1953 ns, Total: 295448 ns
[2024-12-08T18:43:24.328+0000][7.043s][debug][safepoint   ] Safepoint synchronization initiated using futex wait barrier. (15 threads)
[2024-12-08T18:43:24.328+0000][7.043s][info ][gc,start    ] GC(21) Pause Young (Normal) (G1 Evacuation Pause)
[2024-12-08T18:43:24.328+0000][7.043s][info ][gc,task     ] GC(21) Using 10 workers of 10 for evacuation
[2024-12-08T18:43:24.333+0000][7.048s][info ][gc,phases   ] GC(21)   Pre Evacuate Collection Set: 0.1ms
[2024-12-08T18:43:24.333+0000][7.048s][info ][gc,phases   ] GC(21)   Merge Heap Roots: 0.1ms
[2024-12-08T18:43:24.333+0000][7.048s][info ][gc,phases   ] GC(21)   Evacuate Collection Set: 3.2ms
[2024-12-08T18:43:24.333+0000][7.048s][info ][gc,phases   ] GC(21)   Post Evacuate Collection Set: 0.8ms
[2024-12-08T18:43:24.333+0000][7.048s][info ][gc,phases   ] GC(21)   Other: 0.2ms
[2024-12-08T18:43:24.333+0000][7.048s][info ][gc,heap     ] GC(21) Eden regions: 130->0(128)
[2024-12-08T18:43:24.333+0000][7.048s][info ][gc,heap     ] GC(21) Survivor regions: 2->4(17)
[2024-12-08T18:43:24.333+0000][7.048s][info ][gc,heap     ] GC(21) Old regions: 28->28
[2024-12-08T18:43:24.333+0000][7.048s][info ][gc,heap     ] GC(21) Archive regions: 2->2
[2024-12-08T18:43:24.334+0000][7.049s][info ][gc,heap     ] GC(21) Humongous regions: 0->0
[2024-12-08T18:43:24.334+0000][7.049s][info ][gc,metaspace] GC(21) Metaspace: 49137K(49600K)->49137K(49600K) NonClass: 42854K(43072K)->42854K(43072K) Class: 6283K(6528K)->6283K(6528K)
[2024-12-08T18:43:24.334+0000][7.049s][info ][gc          ] GC(21) Pause Young (Normal) (G1 Evacuation Pause) 318M->63M(440M) 5.660ms
[2024-12-08T18:43:24.334+0000][7.049s][info ][gc,cpu      ] GC(21) User=0.06s Sys=0.01s Real=0.01s
[2024-12-08T18:43:24.334+0000][7.049s][info ][safepoint   ] Safepoint "G1CollectForAllocation", Time since last: 456425467 ns, Reaching safepoint: 181483 ns, Cleanup: 101852 ns, At safepoint: 5887959 ns, Total: 6171294 ns
[2024-12-08T18:43:25.596+0000][8.311s][debug][safepoint   ] Safepoint synchronization initiated using futex wait barrier. (17 threads)
[2024-12-08T18:43:25.596+0000][8.311s][info ][safepoint   ] Safepoint "Cleanup", Time since last: 1261687291 ns, Reaching safepoint: 213460 ns, Cleanup: 105280 ns, At safepoint: 17127 ns, Total: 335867 ns
[2024-12-08T18:43:25.710+0000][8.425s][debug][safepoint   ] Safepoint synchronization initiated using futex wait barrier. (17 threads)
[2024-12-08T18:43:25.710+0000][8.425s][info ][safepoint   ] Safepoint "ICBufferFull", Time since last: 114064043 ns, Reaching safepoint: 186963 ns, Cleanup: 124829 ns, At safepoint: 14697 ns, Total: 326489 ns
[2024-12-08T18:43:26.236+0000][8.951s][debug][safepoint   ] Safepoint synchronization initiated using futex wait barrier. (17 threads)
[2024-12-08T18:43:26.240+0000][8.955s][info ][gc,start    ] GC(22) Pause Young (Normal) (G1 Evacuation Pause)
[2024-12-08T18:43:26.242+0000][8.957s][info ][gc,task     ] GC(22) Using 10 workers of 10 for evacuation
[2024-12-08T18:43:26.253+0000][8.968s][info ][gc,phases   ] GC(22)   Pre Evacuate Collection Set: 0.2ms
[2024-12-08T18:43:26.258+0000][8.973s][info ][gc,phases   ] GC(22)   Merge Heap Roots: 0.1ms
[2024-12-08T18:43:26.259+0000][8.974s][info ][gc,phases   ] GC(22)   Evacuate Collection Set: 9.6ms
[2024-12-08T18:43:26.259+0000][8.974s][info ][gc,phases   ] GC(22)   Post Evacuate Collection Set: 1.3ms
[2024-12-08T18:43:26.259+0000][8.974s][info ][gc,phases   ] GC(22)   Other: 1.6ms
[2024-12-08T18:43:26.269+0000][8.984s][info ][gc,heap     ] GC(22) Eden regions: 128->0(126)
[2024-12-08T18:43:26.277+0000][8.992s][info ][gc,heap     ] GC(22) Survivor regions: 4->6(17)
[2024-12-08T18:43:26.281+0000][8.996s][info ][gc,heap     ] GC(22) Old regions: 28->28
[2024-12-08T18:43:26.282+0000][8.997s][info ][gc,heap     ] GC(22) Archive regions: 2->2
[2024-12-08T18:43:26.282+0000][8.997s][info ][gc,heap     ] GC(22) Humongous regions: 0->0
[2024-12-08T18:43:26.283+0000][8.998s][info ][gc,metaspace] GC(22) Metaspace: 58492K(58880K)->58492K(58880K) NonClass: 51006K(51200K)->51006K(51200K) Class: 7485K(7680K)->7485K(7680K)
[2024-12-08T18:43:26.283+0000][8.999s][info ][gc          ] GC(22) Pause Young (Normal) (G1 Evacuation Pause) 319M->67M(440M) 43.190ms
[2024-12-08T18:43:26.285+0000][9.000s][info ][gc,cpu      ] GC(22) User=0.14s Sys=0.04s Real=0.05s
[2024-12-08T18:43:26.285+0000][9.000s][info ][safepoint   ] Safepoint "G1CollectForAllocation", Time since last: 525688838 ns, Reaching safepoint: 4056894 ns, Cleanup: 138652 ns, At safepoint: 44739278 ns, Total: 48934824 ns
[2024-12-08T18:43:26.498+0000][9.213s][debug][safepoint   ] Safepoint synchronization initiated using futex wait barrier. (18 threads)
[2024-12-08T18:43:26.498+0000][9.213s][info ][gc,start    ] GC(23) Pause Young (Concurrent Start) (Metadata GC Threshold)
[2024-12-08T18:43:26.498+0000][9.213s][info ][gc,task     ] GC(23) Using 10 workers of 10 for evacuation
[2024-12-08T18:43:26.502+0000][9.217s][info ][gc,phases   ] GC(23)   Pre Evacuate Collection Set: 0.2ms
[2024-12-08T18:43:26.502+0000][9.217s][info ][gc,phases   ] GC(23)   Merge Heap Roots: 0.1ms
[2024-12-08T18:43:26.503+0000][9.218s][info ][gc,phases   ] GC(23)   Evacuate Collection Set: 2.7ms
[2024-12-08T18:43:26.504+0000][9.219s][info ][gc,phases   ] GC(23)   Post Evacuate Collection Set: 0.7ms
[2024-12-08T18:43:26.504+0000][9.219s][info ][gc,phases   ] GC(23)   Other: 0.4ms
[2024-12-08T18:43:26.504+0000][9.219s][info ][gc,heap     ] GC(23) Eden regions: 12->0(126)
[2024-12-08T18:43:26.504+0000][9.219s][info ][gc,heap     ] GC(23) Survivor regions: 6->6(17)
[2024-12-08T18:43:26.504+0000][9.219s][info ][gc,heap     ] GC(23) Old regions: 28->28
[2024-12-08T18:43:26.504+0000][9.219s][info ][gc,heap     ] GC(23) Archive regions: 2->2
[2024-12-08T18:43:26.505+0000][9.220s][info ][gc,heap     ] GC(23) Humongous regions: 0->0
[2024-12-08T18:43:26.505+0000][9.220s][info ][gc,metaspace] GC(23) Metaspace: 60268K(60736K)->60268K(60736K) NonClass: 52581K(52800K)->52581K(52800K) Class: 7686K(7936K)->7686K(7936K)
[2024-12-08T18:43:26.506+0000][9.221s][info ][gc          ] GC(23) Pause Young (Concurrent Start) (Metadata GC Threshold) 90M->67M(440M) 7.767ms
[2024-12-08T18:43:26.506+0000][9.221s][info ][gc,cpu      ] GC(23) User=0.03s Sys=0.00s Real=0.01s
[2024-12-08T18:43:26.506+0000][9.221s][info ][gc          ] GC(24) Concurrent Mark Cycle
[2024-12-08T18:43:26.507+0000][9.222s][info ][gc,marking  ] GC(24) Concurrent Clear Claimed Marks
[2024-12-08T18:43:26.506+0000][9.221s][info ][safepoint   ] Safepoint "CollectForMetadataAllocation", Time since last: 212585808 ns, Reaching safepoint: 228498 ns, Cleanup: 23697 ns, At safepoint: 8383568 ns, Total: 8635763 ns
[2024-12-08T18:43:26.508+0000][9.223s][info ][gc,marking  ] GC(24) Concurrent Clear Claimed Marks 0.297ms
[2024-12-08T18:43:26.509+0000][9.224s][info ][gc,marking  ] GC(24) Concurrent Scan Root Regions
[2024-12-08T18:43:26.513+0000][9.228s][info ][gc,marking  ] GC(24) Concurrent Scan Root Regions 3.809ms
[2024-12-08T18:43:26.513+0000][9.228s][info ][gc,marking  ] GC(24) Concurrent Mark
[2024-12-08T18:43:26.513+0000][9.228s][info ][gc,marking  ] GC(24) Concurrent Mark From Roots
[2024-12-08T18:43:26.513+0000][9.228s][info ][gc,task     ] GC(24) Using 3 workers of 3 for marking
[2024-12-08T18:43:26.532+0000][9.247s][debug][safepoint   ] Safepoint synchronization initiated using futex wait barrier. (19 threads)
[2024-12-08T18:43:26.534+0000][9.249s][info ][safepoint   ] Safepoint "CollectForMetadataAllocation", Time since last: 25781693 ns, Reaching safepoint: 1510846 ns, Cleanup: 12897 ns, At safepoint: 79046 ns, Total: 1602789 ns
[2024-12-08T18:43:26.541+0000][9.256s][info ][gc,marking  ] GC(24) Concurrent Mark From Roots 28.067ms
[2024-12-08T18:43:26.541+0000][9.256s][info ][gc,marking  ] GC(24) Concurrent Preclean
[2024-12-08T18:43:26.542+0000][9.257s][info ][gc,marking  ] GC(24) Concurrent Preclean 0.525ms
[2024-12-08T18:43:26.542+0000][9.257s][debug][safepoint   ] Safepoint synchronization initiated using futex wait barrier. (19 threads)
[2024-12-08T18:43:26.542+0000][9.257s][info ][gc,start    ] GC(24) Pause Remark
[2024-12-08T18:43:26.545+0000][9.260s][info ][gc          ] GC(24) Pause Remark 71M->71M(254M) 2.610ms
[2024-12-08T18:43:26.545+0000][9.260s][info ][gc,cpu      ] GC(24) User=0.02s Sys=0.00s Real=0.00s
[2024-12-08T18:43:26.545+0000][9.260s][info ][safepoint   ] Safepoint "G1PauseRemark", Time since last: 8381824 ns, Reaching safepoint: 157894 ns, Cleanup: 10214 ns, At safepoint: 2950818 ns, Total: 3118926 ns
[2024-12-08T18:43:26.545+0000][9.260s][info ][gc,marking  ] GC(24) Concurrent Mark 32.394ms
[2024-12-08T18:43:26.545+0000][9.260s][info ][gc,marking  ] GC(24) Concurrent Rebuild Remembered Sets
[2024-12-08T18:43:26.560+0000][9.275s][info ][gc,marking  ] GC(24) Concurrent Rebuild Remembered Sets 14.277ms
[2024-12-08T18:43:26.561+0000][9.276s][debug][safepoint   ] Safepoint synchronization initiated using futex wait barrier. (19 threads)
[2024-12-08T18:43:26.561+0000][9.276s][info ][gc,start    ] GC(24) Pause Cleanup
[2024-12-08T18:43:26.562+0000][9.277s][info ][gc          ] GC(24) Pause Cleanup 71M->71M(254M) 0.306ms
[2024-12-08T18:43:26.562+0000][9.277s][info ][gc,cpu      ] GC(24) User=0.00s Sys=0.00s Real=0.00s
[2024-12-08T18:43:26.562+0000][9.277s][info ][safepoint   ] Safepoint "G1PauseCleanup", Time since last: 16022117 ns, Reaching safepoint: 171979 ns, Cleanup: 3987 ns, At safepoint: 687393 ns, Total: 863359 ns
[2024-12-08T18:43:26.562+0000][9.277s][info ][gc,marking  ] GC(24) Concurrent Cleanup for Next Mark
[2024-12-08T18:43:26.564+0000][9.279s][info ][gc,marking  ] GC(24) Concurrent Cleanup for Next Mark 2.122ms
[2024-12-08T18:43:26.565+0000][9.280s][info ][gc          ] GC(24) Concurrent Mark Cycle 58.927ms
[2024-12-08T18:43:26.966+0000][9.681s][debug][safepoint   ] Safepoint synchronization initiated using futex wait barrier. (20 threads)
[2024-12-08T18:43:26.967+0000][9.682s][info ][safepoint   ] Safepoint "ICBufferFull", Time since last: 404098085 ns, Reaching safepoint: 349143 ns, Cleanup: 147625 ns, At safepoint: 23858 ns, Total: 520626 ns
[2024-12-08T18:43:27.058+0000][9.773s][debug][safepoint   ] Safepoint synchronization initiated using futex wait barrier. (20 threads)
[2024-12-08T18:43:27.060+0000][9.775s][info ][gc,start    ] GC(25) Pause Young (Prepare Mixed) (G1 Evacuation Pause)
[2024-12-08T18:43:27.060+0000][9.775s][info ][gc,task     ] GC(25) Using 8 workers of 10 for evacuation
[2024-12-08T18:43:27.065+0000][9.780s][info ][gc,phases   ] GC(25)   Pre Evacuate Collection Set: 0.1ms
[2024-12-08T18:43:27.065+0000][9.780s][info ][gc,phases   ] GC(25)   Merge Heap Roots: 0.1ms
[2024-12-08T18:43:27.065+0000][9.780s][info ][gc,phases   ] GC(25)   Evacuate Collection Set: 3.2ms
[2024-12-08T18:43:27.065+0000][9.780s][info ][gc,phases   ] GC(25)   Post Evacuate Collection Set: 0.7ms
[2024-12-08T18:43:27.065+0000][9.780s][info ][gc,phases   ] GC(25)   Other: 0.3ms
[2024-12-08T18:43:27.065+0000][9.780s][info ][gc,heap     ] GC(25) Eden regions: 70->0(1)
[2024-12-08T18:43:27.065+0000][9.780s][info ][gc,heap     ] GC(25) Survivor regions: 6->6(10)
[2024-12-08T18:43:27.065+0000][9.781s][info ][gc,heap     ] GC(25) Old regions: 28->29
[2024-12-08T18:43:27.066+0000][9.781s][info ][gc,heap     ] GC(25) Archive regions: 2->2
[2024-12-08T18:43:27.066+0000][9.781s][info ][gc,heap     ] GC(25) Humongous regions: 0->0
[2024-12-08T18:43:27.066+0000][9.781s][info ][gc,metaspace] GC(25) Metaspace: 63585K(64000K)->63585K(64000K) NonClass: 55476K(55680K)->55476K(55680K) Class: 8109K(8320K)->8109K(8320K)
[2024-12-08T18:43:27.066+0000][9.781s][info ][gc          ] GC(25) Pause Young (Prepare Mixed) (G1 Evacuation Pause) 207M->68M(254M) 5.933ms
[2024-12-08T18:43:27.066+0000][9.781s][info ][gc,cpu      ] GC(25) User=0.05s Sys=0.00s Real=0.01s
[2024-12-08T18:43:27.066+0000][9.781s][info ][safepoint   ] Safepoint "G1CollectForAllocation", Time since last: 91734521 ns, Reaching safepoint: 405013 ns, Cleanup: 1338227 ns, At safepoint: 6274573 ns, Total: 8017813 ns
[2024-12-08T18:43:27.072+0000][9.787s][debug][safepoint   ] Safepoint synchronization initiated using futex wait barrier. (20 threads)
[2024-12-08T18:43:27.072+0000][9.787s][info ][gc,start    ] GC(26) Pause Young (Mixed) (G1 Evacuation Pause)
[2024-12-08T18:43:27.072+0000][9.787s][info ][gc,task     ] GC(26) Using 7 workers of 10 for evacuation
[2024-12-08T18:43:27.076+0000][9.791s][info ][gc,phases   ] GC(26)   Pre Evacuate Collection Set: 0.1ms
[2024-12-08T18:43:27.077+0000][9.792s][info ][gc,phases   ] GC(26)   Merge Heap Roots: 0.1ms
[2024-12-08T18:43:27.077+0000][9.792s][info ][gc,phases   ] GC(26)   Evacuate Collection Set: 3.4ms
[2024-12-08T18:43:27.077+0000][9.792s][info ][gc,phases   ] GC(26)   Post Evacuate Collection Set: 0.6ms
[2024-12-08T18:43:27.077+0000][9.792s][info ][gc,phases   ] GC(26)   Other: 0.3ms
[2024-12-08T18:43:27.077+0000][9.792s][info ][gc,heap     ] GC(26) Eden regions: 1->0(74)
[2024-12-08T18:43:27.077+0000][9.792s][info ][gc,heap     ] GC(26) Survivor regions: 6->1(1)
[2024-12-08T18:43:27.077+0000][9.792s][info ][gc,heap     ] GC(26) Old regions: 29->33
[2024-12-08T18:43:27.077+0000][9.792s][info ][gc,heap     ] GC(26) Archive regions: 2->2
[2024-12-08T18:43:27.077+0000][9.792s][info ][gc,heap     ] GC(26) Humongous regions: 0->0
[2024-12-08T18:43:27.077+0000][9.793s][info ][gc,metaspace] GC(26) Metaspace: 63605K(64000K)->63605K(64000K) NonClass: 55491K(55680K)->55491K(55680K) Class: 8114K(8320K)->8114K(8320K)
[2024-12-08T18:43:27.078+0000][9.793s][info ][gc          ] GC(26) Pause Young (Mixed) (G1 Evacuation Pause) 70M->69M(254M) 5.716ms
[2024-12-08T18:43:27.078+0000][9.793s][info ][gc,cpu      ] GC(26) User=0.07s Sys=0.00s Real=0.01s
[2024-12-08T18:43:27.078+0000][9.793s][info ][safepoint   ] Safepoint "G1CollectForAllocation", Time since last: 5279690 ns, Reaching safepoint: 189564 ns, Cleanup: 2538 ns, At safepoint: 5965713 ns, Total: 6157815 ns
[2024-12-08T18:43:27.486+0000][10.202s][debug][safepoint   ] Safepoint synchronization initiated using futex wait barrier. (20 threads)
[2024-12-08T18:43:27.487+0000][10.202s][info ][gc,start    ] GC(27) Pause Young (Concurrent Start) (G1 Evacuation Pause)
[2024-12-08T18:43:27.487+0000][10.202s][info ][gc,task     ] GC(27) Using 6 workers of 10 for evacuation
[2024-12-08T18:43:27.489+0000][10.204s][info ][gc,phases   ] GC(27)   Pre Evacuate Collection Set: 0.1ms
[2024-12-08T18:43:27.490+0000][10.205s][info ][gc,phases   ] GC(27)   Merge Heap Roots: 0.1ms
[2024-12-08T18:43:27.490+0000][10.205s][info ][gc,phases   ] GC(27)   Evacuate Collection Set: 1.3ms
[2024-12-08T18:43:27.490+0000][10.205s][info ][gc,phases   ] GC(27)   Post Evacuate Collection Set: 0.8ms
[2024-12-08T18:43:27.490+0000][10.205s][info ][gc,phases   ] GC(27)   Other: 0.3ms
[2024-12-08T18:43:27.490+0000][10.205s][info ][gc,heap     ] GC(27) Eden regions: 74->0(74)
[2024-12-08T18:43:27.490+0000][10.205s][info ][gc,heap     ] GC(27) Survivor regions: 1->1(10)
[2024-12-08T18:43:27.490+0000][10.205s][info ][gc,heap     ] GC(27) Old regions: 33->33
[2024-12-08T18:43:27.490+0000][10.205s][info ][gc,heap     ] GC(27) Archive regions: 2->2
[2024-12-08T18:43:27.490+0000][10.206s][info ][gc,heap     ] GC(27) Humongous regions: 0->0
[2024-12-08T18:43:27.491+0000][10.206s][info ][gc,metaspace] GC(27) Metaspace: 67647K(68096K)->67647K(68096K) NonClass: 58934K(59136K)->58934K(59136K) Class: 8713K(8960K)->8713K(8960K)
[2024-12-08T18:43:27.491+0000][10.206s][info ][gc          ] GC(27) Pause Young (Concurrent Start) (G1 Evacuation Pause) 217M->69M(254M) 3.916ms
[2024-12-08T18:43:27.491+0000][10.206s][info ][gc,cpu      ] GC(27) User=0.02s Sys=0.00s Real=0.00s
[2024-12-08T18:43:27.491+0000][10.206s][info ][gc          ] GC(28) Concurrent Mark Cycle
[2024-12-08T18:43:27.491+0000][10.206s][info ][gc,marking  ] GC(28) Concurrent Clear Claimed Marks
[2024-12-08T18:43:27.491+0000][10.206s][info ][safepoint   ] Safepoint "G1CollectForAllocation", Time since last: 408714027 ns, Reaching safepoint: 212729 ns, Cleanup: 68138 ns, At safepoint: 4191939 ns, Total: 4472806 ns
[2024-12-08T18:43:27.491+0000][10.206s][info ][gc,marking  ] GC(28) Concurrent Clear Claimed Marks 0.136ms
[2024-12-08T18:43:27.492+0000][10.207s][info ][gc,marking  ] GC(28) Concurrent Scan Root Regions
[2024-12-08T18:43:27.493+0000][10.208s][info ][gc,marking  ] GC(28) Concurrent Scan Root Regions 1.873ms
[2024-12-08T18:43:27.494+0000][10.209s][info ][gc,marking  ] GC(28) Concurrent Mark
[2024-12-08T18:43:27.494+0000][10.209s][info ][gc,marking  ] GC(28) Concurrent Mark From Roots
[2024-12-08T18:43:27.494+0000][10.209s][info ][gc,task     ] GC(28) Using 3 workers of 3 for marking
[2024-12-08T18:43:27.530+0000][10.245s][info ][gc,marking  ] GC(28) Concurrent Mark From Roots 36.197ms
[2024-12-08T18:43:27.530+0000][10.245s][info ][gc,marking  ] GC(28) Concurrent Preclean
[2024-12-08T18:43:27.531+0000][10.246s][info ][gc,marking  ] GC(28) Concurrent Preclean 0.381ms
[2024-12-08T18:43:27.531+0000][10.246s][debug][safepoint   ] Safepoint synchronization initiated using futex wait barrier. (20 threads)
[2024-12-08T18:43:27.531+0000][10.246s][info ][gc,start    ] GC(28) Pause Remark
[2024-12-08T18:43:27.533+0000][10.249s][info ][gc          ] GC(28) Pause Remark 76M->76M(254M) 2.459ms
[2024-12-08T18:43:27.534+0000][10.249s][info ][gc,cpu      ] GC(28) User=0.04s Sys=0.00s Real=0.01s
[2024-12-08T18:43:27.534+0000][10.249s][info ][safepoint   ] Safepoint "G1PauseRemark", Time since last: 39857561 ns, Reaching safepoint: 187162 ns, Cleanup: 9719 ns, At safepoint: 2757825 ns, Total: 2954706 ns
[2024-12-08T18:43:27.534+0000][10.249s][info ][gc,marking  ] GC(28) Concurrent Mark 40.195ms
[2024-12-08T18:43:27.534+0000][10.249s][info ][gc,marking  ] GC(28) Concurrent Rebuild Remembered Sets
[2024-12-08T18:43:27.552+0000][10.267s][info ][gc,marking  ] GC(28) Concurrent Rebuild Remembered Sets 18.120ms
[2024-12-08T18:43:27.554+0000][10.269s][debug][safepoint   ] Safepoint synchronization initiated using futex wait barrier. (20 threads)
[2024-12-08T18:43:27.554+0000][10.270s][info ][gc,start    ] GC(28) Pause Cleanup
[2024-12-08T18:43:27.555+0000][10.270s][info ][gc          ] GC(28) Pause Cleanup 78M->78M(254M) 0.462ms
[2024-12-08T18:43:27.555+0000][10.270s][info ][gc,cpu      ] GC(28) User=0.00s Sys=0.00s Real=0.00s
[2024-12-08T18:43:27.555+0000][10.270s][info ][safepoint   ] Safepoint "G1PauseCleanup", Time since last: 20183936 ns, Reaching safepoint: 514395 ns, Cleanup: 11079 ns, At safepoint: 768978 ns, Total: 1294452 ns
[2024-12-08T18:43:27.555+0000][10.271s][info ][gc,marking  ] GC(28) Concurrent Cleanup for Next Mark
[2024-12-08T18:43:27.556+0000][10.271s][info ][gc,marking  ] GC(28) Concurrent Cleanup for Next Mark 0.512ms
[2024-12-08T18:43:27.556+0000][10.271s][info ][gc          ] GC(28) Concurrent Mark Cycle 65.197ms
[2024-12-08T18:43:27.998+0000][10.713s][debug][safepoint   ] Safepoint synchronization initiated using futex wait barrier. (20 threads)
[2024-12-08T18:43:27.999+0000][10.714s][info ][safepoint   ] Safepoint "ICBufferFull", Time since last: 442971994 ns, Reaching safepoint: 257432 ns, Cleanup: 125054 ns, At safepoint: 17198 ns, Total: 399684 ns
[2024-12-08T18:43:28.080+0000][10.795s][debug][safepoint   ] Safepoint synchronization initiated using futex wait barrier. (20 threads)
[2024-12-08T18:43:28.080+0000][10.795s][info ][gc,start    ] GC(29) Pause Young (Prepare Mixed) (G1 Evacuation Pause)
[2024-12-08T18:43:28.080+0000][10.795s][info ][gc,task     ] GC(29) Using 6 workers of 10 for evacuation
[2024-12-08T18:43:28.083+0000][10.798s][info ][gc,phases   ] GC(29)   Pre Evacuate Collection Set: 0.1ms
[2024-12-08T18:43:28.083+0000][10.798s][info ][gc,phases   ] GC(29)   Merge Heap Roots: 0.1ms
[2024-12-08T18:43:28.083+0000][10.798s][info ][gc,phases   ] GC(29)   Evacuate Collection Set: 2.2ms
[2024-12-08T18:43:28.083+0000][10.798s][info ][gc,phases   ] GC(29)   Post Evacuate Collection Set: 0.6ms
[2024-12-08T18:43:28.083+0000][10.798s][info ][gc,phases   ] GC(29)   Other: 0.2ms
[2024-12-08T18:43:28.084+0000][10.799s][info ][gc,heap     ] GC(29) Eden regions: 74->0(3)
[2024-12-08T18:43:28.084+0000][10.799s][info ][gc,heap     ] GC(29) Survivor regions: 1->3(10)
[2024-12-08T18:43:28.084+0000][10.799s][info ][gc,heap     ] GC(29) Old regions: 33->33
[2024-12-08T18:43:28.084+0000][10.799s][info ][gc,heap     ] GC(29) Archive regions: 2->2
[2024-12-08T18:43:28.084+0000][10.799s][info ][gc,heap     ] GC(29) Humongous regions: 0->0
[2024-12-08T18:43:28.084+0000][10.799s][info ][gc,metaspace] GC(29) Metaspace: 71098K(71552K)->71098K(71552K) NonClass: 61970K(62144K)->61970K(62144K) Class: 9127K(9408K)->9127K(9408K)
[2024-12-08T18:43:28.084+0000][10.799s][info ][gc          ] GC(29) Pause Young (Prepare Mixed) (G1 Evacuation Pause) 217M->72M(254M) 4.092ms
[2024-12-08T18:43:28.084+0000][10.799s][info ][gc,cpu      ] GC(29) User=0.02s Sys=0.00s Real=0.01s
[2024-12-08T18:43:28.084+0000][10.799s][info ][safepoint   ] Safepoint "G1CollectForAllocation", Time since last: 80967411 ns, Reaching safepoint: 200365 ns, Cleanup: 64997 ns, At safepoint: 4275555 ns, Total: 4540917 ns
[2024-12-08T18:43:28.104+0000][10.819s][debug][safepoint   ] Safepoint synchronization initiated using futex wait barrier. (20 threads)
[2024-12-08T18:43:28.104+0000][10.819s][info ][gc,start    ] GC(30) Pause Young (Mixed) (G1 Evacuation Pause)
[2024-12-08T18:43:28.104+0000][10.819s][info ][gc,task     ] GC(30) Using 6 workers of 10 for evacuation
[2024-12-08T18:43:28.107+0000][10.822s][info ][gc,phases   ] GC(30)   Pre Evacuate Collection Set: 0.1ms
[2024-12-08T18:43:28.107+0000][10.822s][info ][gc,phases   ] GC(30)   Merge Heap Roots: 0.1ms
[2024-12-08T18:43:28.107+0000][10.823s][info ][gc,phases   ] GC(30)   Evacuate Collection Set: 2.2ms
[2024-12-08T18:43:28.108+0000][10.823s][info ][gc,phases   ] GC(30)   Post Evacuate Collection Set: 0.5ms
[2024-12-08T18:43:28.108+0000][10.823s][info ][gc,phases   ] GC(30)   Other: 0.3ms
[2024-12-08T18:43:28.108+0000][10.823s][info ][gc,heap     ] GC(30) Eden regions: 3->0(72)
[2024-12-08T18:43:28.108+0000][10.823s][info ][gc,heap     ] GC(30) Survivor regions: 3->1(1)
[2024-12-08T18:43:28.108+0000][10.823s][info ][gc,heap     ] GC(30) Old regions: 33->35
[2024-12-08T18:43:28.108+0000][10.823s][info ][gc,heap     ] GC(30) Archive regions: 2->2
[2024-12-08T18:43:28.108+0000][10.823s][info ][gc,heap     ] GC(30) Humongous regions: 0->0
[2024-12-08T18:43:28.108+0000][10.823s][info ][gc,metaspace] GC(30) Metaspace: 71263K(71744K)->71263K(71744K) NonClass: 62115K(62336K)->62115K(62336K) Class: 9147K(9408K)->9147K(9408K)
[2024-12-08T18:43:28.108+0000][10.823s][info ][gc          ] GC(30) Pause Young (Mixed) (G1 Evacuation Pause) 78M->72M(254M) 4.180ms
[2024-12-08T18:43:28.108+0000][10.824s][info ][gc,cpu      ] GC(30) User=0.02s Sys=0.00s Real=0.00s
[2024-12-08T18:43:28.109+0000][10.824s][info ][safepoint   ] Safepoint "G1CollectForAllocation", Time since last: 19826015 ns, Reaching safepoint: 190285 ns, Cleanup: 14787 ns, At safepoint: 4427050 ns, Total: 4632122 ns
[2024-12-08T18:43:28.180+0000][10.895s][debug][safepoint   ] Safepoint synchronization initiated using futex wait barrier. (20 threads)
[2024-12-08T18:43:28.180+0000][10.895s][info ][safepoint   ] Safepoint "ICBufferFull", Time since last: 71046622 ns, Reaching safepoint: 287672 ns, Cleanup: 87974 ns, At safepoint: 21420 ns, Total: 397066 ns
[2024-12-08T18:43:28.257+0000][10.972s][debug][safepoint   ] ... found polling page loop exception at pc = 0x00007fa0a138ba4e, stub =0x00007fa0a0b10400
[2024-12-08T18:43:28.531+0000][11.246s][debug][safepoint   ] Safepoint synchronization initiated using futex wait barrier. (19 threads)
[2024-12-08T18:43:28.531+0000][11.246s][info ][gc,start    ] GC(31) Pause Young (Normal) (G1 Evacuation Pause)
[2024-12-08T18:43:28.531+0000][11.246s][info ][gc,task     ] GC(31) Using 6 workers of 10 for evacuation
[2024-12-08T18:43:28.534+0000][11.249s][info ][gc,phases   ] GC(31)   Pre Evacuate Collection Set: 0.1ms
[2024-12-08T18:43:28.534+0000][11.249s][info ][gc,phases   ] GC(31)   Merge Heap Roots: 0.1ms
[2024-12-08T18:43:28.534+0000][11.249s][info ][gc,phases   ] GC(31)   Evacuate Collection Set: 1.4ms
[2024-12-08T18:43:28.534+0000][11.249s][info ][gc,phases   ] GC(31)   Post Evacuate Collection Set: 0.5ms
[2024-12-08T18:43:28.534+0000][11.249s][info ][gc,phases   ] GC(31)   Other: 0.3ms
[2024-12-08T18:43:28.534+0000][11.249s][info ][gc,heap     ] GC(31) Eden regions: 72->0(72)
[2024-12-08T18:43:28.534+0000][11.249s][info ][gc,heap     ] GC(31) Survivor regions: 1->1(10)
[2024-12-08T18:43:28.534+0000][11.249s][info ][gc,heap     ] GC(31) Old regions: 35->35
[2024-12-08T18:43:28.534+0000][11.249s][info ][gc,heap     ] GC(31) Archive regions: 2->2
[2024-12-08T18:43:28.534+0000][11.249s][info ][gc,heap     ] GC(31) Humongous regions: 0->0
[2024-12-08T18:43:28.535+0000][11.250s][info ][gc,metaspace] GC(31) Metaspace: 76514K(76992K)->76514K(76992K) NonClass: 66581K(66816K)->66581K(66816K) Class: 9933K(10176K)->9933K(10176K)
[2024-12-08T18:43:28.535+0000][11.250s][info ][gc          ] GC(31) Pause Young (Normal) (G1 Evacuation Pause) 216M->73M(254M) 3.489ms
[2024-12-08T18:43:28.535+0000][11.250s][info ][gc,cpu      ] GC(31) User=0.03s Sys=0.00s Real=0.01s
[2024-12-08T18:43:28.535+0000][11.250s][info ][safepoint   ] Safepoint "G1CollectForAllocation", Time since last: 350700872 ns, Reaching safepoint: 246498 ns, Cleanup: 122965 ns, At safepoint: 3735076 ns, Total: 4104539 ns
[2024-12-08T18:43:28.805+0000][11.520s][debug][safepoint   ] Safepoint synchronization initiated using futex wait barrier. (19 threads)
[2024-12-08T18:43:28.805+0000][11.520s][info ][safepoint   ] Safepoint "ICBufferFull", Time since last: 270133871 ns, Reaching safepoint: 194249 ns, Cleanup: 87254 ns, At safepoint: 18927 ns, Total: 300430 ns
[2024-12-08T18:43:28.879+0000][11.594s][debug][safepoint   ] Safepoint synchronization initiated using futex wait barrier. (20 threads)
[2024-12-08T18:43:28.880+0000][11.595s][info ][safepoint   ] Safepoint "ICBufferFull", Time since last: 74065254 ns, Reaching safepoint: 197358 ns, Cleanup: 98783 ns, At safepoint: 16929 ns, Total: 313070 ns
[2024-12-08T18:43:28.937+0000][11.652s][debug][safepoint   ] Safepoint synchronization initiated using futex wait barrier. (20 threads)
[2024-12-08T18:43:28.937+0000][11.652s][info ][safepoint   ] Safepoint "ICBufferFull", Time since last: 57221749 ns, Reaching safepoint: 268044 ns, Cleanup: 87470 ns, At safepoint: 32201 ns, Total: 387715 ns
[2024-12-08T18:43:28.986+0000][11.701s][debug][safepoint   ] Safepoint synchronization initiated using futex wait barrier. (20 threads)
[2024-12-08T18:43:28.986+0000][11.701s][info ][safepoint   ] Safepoint "ICBufferFull", Time since last: 48456024 ns, Reaching safepoint: 181672 ns, Cleanup: 98242 ns, At safepoint: 23220 ns, Total: 303134 ns
[2024-12-08T18:43:29.009+0000][11.724s][debug][safepoint   ] Safepoint synchronization initiated using futex wait barrier. (20 threads)
[2024-12-08T18:43:29.009+0000][11.724s][info ][gc,start    ] GC(32) Pause Young (Normal) (G1 Evacuation Pause)
[2024-12-08T18:43:29.009+0000][11.724s][info ][gc,task     ] GC(32) Using 6 workers of 10 for evacuation
[2024-12-08T18:43:29.012+0000][11.727s][info ][gc,phases   ] GC(32)   Pre Evacuate Collection Set: 0.1ms
[2024-12-08T18:43:29.012+0000][11.727s][info ][gc,phases   ] GC(32)   Merge Heap Roots: 0.1ms
[2024-12-08T18:43:29.012+0000][11.727s][info ][gc,phases   ] GC(32)   Evacuate Collection Set: 1.7ms
[2024-12-08T18:43:29.012+0000][11.727s][info ][gc,phases   ] GC(32)   Post Evacuate Collection Set: 0.6ms
[2024-12-08T18:43:29.012+0000][11.727s][info ][gc,phases   ] GC(32)   Other: 0.3ms
[2024-12-08T18:43:29.012+0000][11.727s][info ][gc,heap     ] GC(32) Eden regions: 72->0(72)
[2024-12-08T18:43:29.012+0000][11.728s][info ][gc,heap     ] GC(32) Survivor regions: 1->2(10)
[2024-12-08T18:43:29.013+0000][11.728s][info ][gc,heap     ] GC(32) Old regions: 35->35
[2024-12-08T18:43:29.013+0000][11.728s][info ][gc,heap     ] GC(32) Archive regions: 2->2
[2024-12-08T18:43:29.013+0000][11.728s][info ][gc,heap     ] GC(32) Humongous regions: 0->0
[2024-12-08T18:43:29.013+0000][11.728s][info ][gc,metaspace] GC(32) Metaspace: 79355K(79808K)->79355K(79808K) NonClass: 68962K(69184K)->68962K(69184K) Class: 10393K(10624K)->10393K(10624K)
[2024-12-08T18:43:29.013+0000][11.728s][info ][gc          ] GC(32) Pause Young (Normal) (G1 Evacuation Pause) 217M->74M(254M) 3.769ms
[2024-12-08T18:43:29.013+0000][11.728s][info ][gc,cpu      ] GC(32) User=0.03s Sys=0.00s Real=0.01s
[2024-12-08T18:43:29.013+0000][11.728s][info ][safepoint   ] Safepoint "G1CollectForAllocation", Time since last: 22788027 ns, Reaching safepoint: 217457 ns, Cleanup: 38501 ns, At safepoint: 3969856 ns, Total: 4225814 ns
[2024-12-08T18:43:29.083+0000][11.798s][debug][safepoint   ] Safepoint synchronization initiated using futex wait barrier. (20 threads)
[2024-12-08T18:43:29.084+0000][11.799s][info ][safepoint   ] Safepoint "ICBufferFull", Time since last: 70186467 ns, Reaching safepoint: 218158 ns, Cleanup: 306769 ns, At safepoint: 67636 ns, Total: 592563 ns
[2024-12-08T18:43:29.167+0000][11.882s][debug][safepoint   ] Safepoint synchronization initiated using futex wait barrier. (20 threads)
[2024-12-08T18:43:29.168+0000][11.883s][info ][safepoint   ] Safepoint "ICBufferFull", Time since last: 83585784 ns, Reaching safepoint: 179332 ns, Cleanup: 84797 ns, At safepoint: 22094 ns, Total: 286223 ns
[2024-12-08T18:43:29.484+0000][12.199s][debug][safepoint   ] Safepoint synchronization initiated using futex wait barrier. (19 threads)
[2024-12-08T18:43:29.484+0000][12.199s][info ][gc,start    ] GC(33) Pause Young (Normal) (G1 Evacuation Pause)
[2024-12-08T18:43:29.485+0000][12.200s][info ][gc,task     ] GC(33) Using 6 workers of 10 for evacuation
[2024-12-08T18:43:29.488+0000][12.203s][info ][gc,phases   ] GC(33)   Pre Evacuate Collection Set: 0.1ms
[2024-12-08T18:43:29.488+0000][12.203s][info ][gc,phases   ] GC(33)   Merge Heap Roots: 0.1ms
[2024-12-08T18:43:29.488+0000][12.203s][info ][gc,phases   ] GC(33)   Evacuate Collection Set: 2.2ms
[2024-12-08T18:43:29.488+0000][12.203s][info ][gc,phases   ] GC(33)   Post Evacuate Collection Set: 0.6ms
[2024-12-08T18:43:29.488+0000][12.203s][info ][gc,phases   ] GC(33)   Other: 0.3ms
[2024-12-08T18:43:29.488+0000][12.203s][info ][gc,heap     ] GC(33) Eden regions: 72->0(70)
[2024-12-08T18:43:29.488+0000][12.203s][info ][gc,heap     ] GC(33) Survivor regions: 2->3(10)
[2024-12-08T18:43:29.488+0000][12.203s][info ][gc,heap     ] GC(33) Old regions: 35->35
[2024-12-08T18:43:29.489+0000][12.204s][info ][gc,heap     ] GC(33) Archive regions: 2->2
[2024-12-08T18:43:29.489+0000][12.204s][info ][gc,heap     ] GC(33) Humongous regions: 0->0
[2024-12-08T18:43:29.489+0000][12.204s][info ][gc,metaspace] GC(33) Metaspace: 83054K(83584K)->83054K(83584K) NonClass: 72137K(72384K)->72137K(72384K) Class: 10916K(11200K)->10916K(11200K)
[2024-12-08T18:43:29.489+0000][12.204s][info ][gc          ] GC(33) Pause Young (Normal) (G1 Evacuation Pause) 218M->76M(254M) 4.478ms
[2024-12-08T18:43:29.489+0000][12.204s][info ][gc,cpu      ] GC(33) User=0.02s Sys=0.00s Real=0.00s
[2024-12-08T18:43:29.489+0000][12.204s][info ][safepoint   ] Safepoint "G1CollectForAllocation", Time since last: 316377280 ns, Reaching safepoint: 203955 ns, Cleanup: 94058 ns, At safepoint: 4744766 ns, Total: 5042779 ns
[2024-12-08T18:43:29.712+0000][12.427s][debug][safepoint   ] Safepoint synchronization initiated using futex wait barrier. (21 threads)
[2024-12-08T18:43:29.712+0000][12.428s][info ][safepoint   ] Safepoint "ICBufferFull", Time since last: 223056694 ns, Reaching safepoint: 217589 ns, Cleanup: 102481 ns, At safepoint: 2232 ns, Total: 322302 ns
[2024-12-08T18:43:29.880+0000][12.595s][debug][safepoint   ] Safepoint synchronization initiated using futex wait barrier. (21 threads)
[2024-12-08T18:43:29.881+0000][12.596s][info ][gc,start    ] GC(34) Pause Young (Normal) (G1 Evacuation Pause)
[2024-12-08T18:43:29.881+0000][12.596s][info ][gc,task     ] GC(34) Using 6 workers of 10 for evacuation
[2024-12-08T18:43:29.885+0000][12.600s][info ][gc,phases   ] GC(34)   Pre Evacuate Collection Set: 0.1ms
[2024-12-08T18:43:29.885+0000][12.600s][info ][gc,phases   ] GC(34)   Merge Heap Roots: 0.1ms
[2024-12-08T18:43:29.885+0000][12.600s][info ][gc,phases   ] GC(34)   Evacuate Collection Set: 3.2ms
[2024-12-08T18:43:29.886+0000][12.601s][info ][gc,phases   ] GC(34)   Post Evacuate Collection Set: 0.7ms
[2024-12-08T18:43:29.886+0000][12.601s][info ][gc,phases   ] GC(34)   Other: 0.5ms
[2024-12-08T18:43:29.886+0000][12.601s][info ][gc,heap     ] GC(34) Eden regions: 70->0(69)
[2024-12-08T18:43:29.886+0000][12.601s][info ][gc,heap     ] GC(34) Survivor regions: 3->4(10)
[2024-12-08T18:43:29.886+0000][12.601s][info ][gc,heap     ] GC(34) Old regions: 35->35
[2024-12-08T18:43:29.886+0000][12.601s][info ][gc,heap     ] GC(34) Archive regions: 2->2
[2024-12-08T18:43:29.886+0000][12.601s][info ][gc,heap     ] GC(34) Humongous regions: 0->0
[2024-12-08T18:43:29.886+0000][12.601s][info ][gc,metaspace] GC(34) Metaspace: 84869K(85440K)->84869K(85440K) NonClass: 73814K(74112K)->73814K(74112K) Class: 11054K(11328K)->11054K(11328K)
[2024-12-08T18:43:29.886+0000][12.601s][info ][gc          ] GC(34) Pause Young (Normal) (G1 Evacuation Pause) 216M->78M(254M) 5.729ms
[2024-12-08T18:43:29.886+0000][12.602s][info ][gc,cpu      ] GC(34) User=0.05s Sys=0.00s Real=0.01s
[2024-12-08T18:43:29.887+0000][12.602s][info ][safepoint   ] Safepoint "G1CollectForAllocation", Time since last: 167744624 ns, Reaching safepoint: 287276 ns, Cleanup: 79361 ns, At safepoint: 5980105 ns, Total: 6346742 ns
[2024-12-08T18:43:30.250+0000][12.965s][debug][safepoint   ] Safepoint synchronization initiated using futex wait barrier. (21 threads)
[2024-12-08T18:43:30.250+0000][12.965s][info ][safepoint   ] Safepoint "ICBufferFull", Time since last: 363409821 ns, Reaching safepoint: 218069 ns, Cleanup: 139012 ns, At safepoint: 11196 ns, Total: 368277 ns
[2024-12-08T18:43:30.466+0000][13.181s][debug][safepoint   ] Safepoint synchronization initiated using futex wait barrier. (21 threads)
[2024-12-08T18:43:30.466+0000][13.181s][info ][gc,start    ] GC(35) Pause Young (Normal) (G1 Evacuation Pause)
[2024-12-08T18:43:30.467+0000][13.182s][info ][gc,task     ] GC(35) Using 6 workers of 10 for evacuation
[2024-12-08T18:43:30.473+0000][13.188s][info ][gc,phases   ] GC(35)   Pre Evacuate Collection Set: 0.1ms
[2024-12-08T18:43:30.473+0000][13.188s][info ][gc,phases   ] GC(35)   Merge Heap Roots: 0.1ms
[2024-12-08T18:43:30.473+0000][13.188s][info ][gc,phases   ] GC(35)   Evacuate Collection Set: 4.4ms
[2024-12-08T18:43:30.473+0000][13.188s][info ][gc,phases   ] GC(35)   Post Evacuate Collection Set: 1.4ms
[2024-12-08T18:43:30.473+0000][13.188s][info ][gc,phases   ] GC(35)   Other: 0.4ms
[2024-12-08T18:43:30.473+0000][13.188s][info ][gc,heap     ] GC(35) Eden regions: 69->0(146)
[2024-12-08T18:43:30.473+0000][13.188s][info ][gc,heap     ] GC(35) Survivor regions: 4->6(10)
[2024-12-08T18:43:30.473+0000][13.189s][info ][gc,heap     ] GC(35) Old regions: 35->35
[2024-12-08T18:43:30.474+0000][13.189s][info ][gc,heap     ] GC(35) Archive regions: 2->2
[2024-12-08T18:43:30.474+0000][13.189s][info ][gc,heap     ] GC(35) Humongous regions: 0->0
[2024-12-08T18:43:30.474+0000][13.189s][info ][gc,metaspace] GC(35) Metaspace: 87517K(88064K)->87517K(88064K) NonClass: 76265K(76544K)->76265K(76544K) Class: 11251K(11520K)->11251K(11520K)
[2024-12-08T18:43:30.474+0000][13.189s][info ][gc          ] GC(35) Pause Young (Normal) (G1 Evacuation Pause) 216M->83M(508M) 7.469ms
[2024-12-08T18:43:30.474+0000][13.189s][info ][gc,cpu      ] GC(35) User=0.05s Sys=0.01s Real=0.01s
[2024-12-08T18:43:30.474+0000][13.189s][info ][safepoint   ] Safepoint "G1CollectForAllocation", Time since last: 215593901 ns, Reaching safepoint: 285494 ns, Cleanup: 95030 ns, At safepoint: 7717082 ns, Total: 8097606 ns
[2024-12-08T18:43:30.907+0000][13.622s][debug][safepoint   ] Safepoint synchronization initiated using futex wait barrier. (25 threads)
[2024-12-08T18:43:30.907+0000][13.622s][info ][safepoint   ] Safepoint "ICBufferFull", Time since last: 432499160 ns, Reaching safepoint: 212578 ns, Cleanup: 115216 ns, At safepoint: 2421 ns, Total: 330215 ns
[2024-12-08T18:43:30.907+0000][13.622s][debug][safepoint   ] Safepoint synchronization initiated using futex wait barrier. (25 threads)
[2024-12-08T18:43:30.907+0000][13.622s][info ][safepoint   ] Safepoint "ICBufferFull", Time since last: 192209 ns, Reaching safepoint: 174977 ns, Cleanup: 4338 ns, At safepoint: 11511 ns, Total: 190826 ns
[2024-12-08T18:43:31.470+0000][14.185s][debug][safepoint   ] Safepoint synchronization initiated using futex wait barrier. (25 threads)
[2024-12-08T18:43:31.475+0000][14.190s][info ][safepoint   ] Safepoint "ICBufferFull", Time since last: 562463235 ns, Reaching safepoint: 4708775 ns, Cleanup: 188367 ns, At safepoint: 6651 ns, Total: 4903793 ns
[2024-12-08T18:43:31.841+0000][14.556s][debug][safepoint   ] Safepoint synchronization initiated using futex wait barrier. (25 threads)
[2024-12-08T18:43:31.841+0000][14.556s][info ][gc,start    ] GC(36) Pause Young (Normal) (G1 Evacuation Pause)
[2024-12-08T18:43:31.841+0000][14.556s][info ][gc,task     ] GC(36) Using 10 workers of 10 for evacuation
[2024-12-08T18:43:31.848+0000][14.563s][info ][gc,phases   ] GC(36)   Pre Evacuate Collection Set: 0.2ms
[2024-12-08T18:43:31.848+0000][14.563s][info ][gc,phases   ] GC(36)   Merge Heap Roots: 0.1ms
[2024-12-08T18:43:31.848+0000][14.563s][info ][gc,phases   ] GC(36)   Evacuate Collection Set: 4.5ms
[2024-12-08T18:43:31.848+0000][14.563s][info ][gc,phases   ] GC(36)   Post Evacuate Collection Set: 1.3ms
[2024-12-08T18:43:31.848+0000][14.564s][info ][gc,phases   ] GC(36)   Other: 0.5ms
[2024-12-08T18:43:31.849+0000][14.564s][info ][gc,heap     ] GC(36) Eden regions: 146->0(143)
[2024-12-08T18:43:31.849+0000][14.564s][info ][gc,heap     ] GC(36) Survivor regions: 6->9(19)
[2024-12-08T18:43:31.849+0000][14.564s][info ][gc,heap     ] GC(36) Old regions: 35->35
[2024-12-08T18:43:31.849+0000][14.564s][info ][gc,heap     ] GC(36) Archive regions: 2->2
[2024-12-08T18:43:31.849+0000][14.564s][info ][gc,heap     ] GC(36) Humongous regions: 0->0
[2024-12-08T18:43:31.849+0000][14.564s][info ][gc,metaspace] GC(36) Metaspace: 95441K(96064K)->95441K(96064K) NonClass: 82942K(83264K)->82942K(83264K) Class: 12498K(12800K)->12498K(12800K)
[2024-12-08T18:43:31.850+0000][14.565s][info ][gc          ] GC(36) Pause Young (Normal) (G1 Evacuation Pause) 375M->89M(508M) 8.391ms
[2024-12-08T18:43:31.850+0000][14.565s][info ][gc,cpu      ] GC(36) User=0.09s Sys=0.00s Real=0.01s
[2024-12-08T18:43:31.850+0000][14.565s][info ][safepoint   ] Safepoint "G1CollectForAllocation", Time since last: 366073949 ns, Reaching safepoint: 296114 ns, Cleanup: 93238 ns, At safepoint: 8707294 ns, Total: 9096646 ns
[2024-12-08T18:43:32.850+0000][15.565s][debug][safepoint   ] Safepoint synchronization initiated using futex wait barrier. (43 threads)
[2024-12-08T18:43:32.852+0000][15.567s][info ][safepoint   ] Safepoint "ICBufferFull", Time since last: 1000323276 ns, Reaching safepoint: 1223866 ns, Cleanup: 158317 ns, At safepoint: 5274 ns, Total: 1387457 ns
[2024-12-08T18:43:32.856+0000][15.571s][debug][safepoint   ] Safepoint synchronization initiated using futex wait barrier. (43 threads)
[2024-12-08T18:43:32.864+0000][15.579s][info ][safepoint   ] Safepoint "ICBufferFull", Time since last: 4214842 ns, Reaching safepoint: 8215770 ns, Cleanup: 27314 ns, At safepoint: 17496 ns, Total: 8260580 ns
[2024-12-08T18:43:33.314+0000][16.029s][debug][safepoint   ] Safepoint synchronization initiated using futex wait barrier. (69 threads)
[2024-12-08T18:43:33.314+0000][16.030s][info ][gc,start    ] GC(37) Pause Young (Normal) (G1 Evacuation Pause)
[2024-12-08T18:43:33.315+0000][16.030s][info ][gc,task     ] GC(37) Using 10 workers of 10 for evacuation
[2024-12-08T18:43:33.323+0000][16.038s][info ][gc,phases   ] GC(37)   Pre Evacuate Collection Set: 0.1ms
[2024-12-08T18:43:33.323+0000][16.038s][info ][gc,phases   ] GC(37)   Merge Heap Roots: 0.1ms
[2024-12-08T18:43:33.324+0000][16.039s][info ][gc,phases   ] GC(37)   Evacuate Collection Set: 6.4ms
[2024-12-08T18:43:33.324+0000][16.039s][info ][gc,phases   ] GC(37)   Post Evacuate Collection Set: 1.4ms
[2024-12-08T18:43:33.324+0000][16.039s][info ][gc,phases   ] GC(37)   Other: 0.4ms
[2024-12-08T18:43:33.324+0000][16.039s][info ][gc,heap     ] GC(37) Eden regions: 143->0(140)
[2024-12-08T18:43:33.324+0000][16.039s][info ][gc,heap     ] GC(37) Survivor regions: 9->12(19)
[2024-12-08T18:43:33.324+0000][16.039s][info ][gc,heap     ] GC(37) Old regions: 35->35
[2024-12-08T18:43:33.325+0000][16.040s][info ][gc,heap     ] GC(37) Archive regions: 2->2
[2024-12-08T18:43:33.325+0000][16.040s][info ][gc,heap     ] GC(37) Humongous regions: 0->0
[2024-12-08T18:43:33.325+0000][16.040s][info ][gc,metaspace] GC(37) Metaspace: 102771K(103424K)->102771K(103424K) NonClass: 89267K(89600K)->89267K(89600K) Class: 13503K(13824K)->13503K(13824K)
[2024-12-08T18:43:33.325+0000][16.040s][info ][gc          ] GC(37) Pause Young (Normal) (G1 Evacuation Pause) 375M->94M(508M) 10.528ms
[2024-12-08T18:43:33.325+0000][16.040s][info ][gc,cpu      ] GC(37) User=0.09s Sys=0.00s Real=0.01s
[2024-12-08T18:43:33.325+0000][16.040s][info ][safepoint   ] Safepoint "G1CollectForAllocation", Time since last: 450068051 ns, Reaching safepoint: 335538 ns, Cleanup: 56619 ns, At safepoint: 10897162 ns, Total: 11289319 ns
[2024-12-08T18:43:34.195+0000][16.910s][debug][safepoint   ] Safepoint synchronization initiated using futex wait barrier. (75 threads)
[2024-12-08T18:43:34.195+0000][16.910s][info ][safepoint   ] Safepoint "ICBufferFull", Time since last: 869559378 ns, Reaching safepoint: 200915 ns, Cleanup: 112327 ns, At safepoint: 2880 ns, Total: 316122 ns
[2024-12-08T18:43:34.772+0000][17.487s][debug][safepoint   ] Safepoint synchronization initiated using futex wait barrier. (86 threads)
[2024-12-08T18:43:34.772+0000][17.487s][info ][gc,start    ] GC(38) Pause Young (Normal) (G1 Evacuation Pause)
[2024-12-08T18:43:34.773+0000][17.488s][info ][gc,task     ] GC(38) Using 10 workers of 10 for evacuation
[2024-12-08T18:43:34.782+0000][17.497s][info ][gc,phases   ] GC(38)   Pre Evacuate Collection Set: 0.1ms
[2024-12-08T18:43:34.782+0000][17.497s][info ][gc,phases   ] GC(38)   Merge Heap Roots: 0.1ms
[2024-12-08T18:43:34.782+0000][17.497s][info ][gc,phases   ] GC(38)   Evacuate Collection Set: 6.8ms
[2024-12-08T18:43:34.782+0000][17.497s][info ][gc,phases   ] GC(38)   Post Evacuate Collection Set: 1.9ms
[2024-12-08T18:43:34.782+0000][17.497s][info ][gc,phases   ] GC(38)   Other: 0.4ms
[2024-12-08T18:43:34.782+0000][17.498s][info ][gc,heap     ] GC(38) Eden regions: 140->0(140)
[2024-12-08T18:43:34.783+0000][17.498s][info ][gc,heap     ] GC(38) Survivor regions: 12->12(19)
[2024-12-08T18:43:34.783+0000][17.498s][info ][gc,heap     ] GC(38) Old regions: 35->38
[2024-12-08T18:43:34.783+0000][17.498s][info ][gc,heap     ] GC(38) Archive regions: 2->2
[2024-12-08T18:43:34.783+0000][17.498s][info ][gc,heap     ] GC(38) Humongous regions: 0->0
[2024-12-08T18:43:34.783+0000][17.498s][info ][gc,metaspace] GC(38) Metaspace: 108645K(109248K)->108645K(109248K) NonClass: 94472K(94784K)->94472K(94784K) Class: 14173K(14464K)->14173K(14464K)
[2024-12-08T18:43:34.783+0000][17.498s][info ][gc          ] GC(38) Pause Young (Normal) (G1 Evacuation Pause) 374M->100M(508M) 10.725ms
[2024-12-08T18:43:34.783+0000][17.498s][info ][gc,cpu      ] GC(38) User=0.08s Sys=0.01s Real=0.01s
[2024-12-08T18:43:34.783+0000][17.498s][info ][safepoint   ] Safepoint "G1CollectForAllocation", Time since last: 576772587 ns, Reaching safepoint: 249540 ns, Cleanup: 111400 ns, At safepoint: 10999494 ns, Total: 11360434 ns
[2024-12-08T18:43:35.557+0000][18.272s][debug][safepoint   ] Safepoint synchronization initiated using futex wait barrier. (89 threads)
[2024-12-08T18:43:35.557+0000][18.273s][info ][safepoint   ] Safepoint "ICBufferFull", Time since last: 773679467 ns, Reaching safepoint: 300199 ns, Cleanup: 160279 ns, At safepoint: 4410 ns, Total: 464888 ns
[2024-12-08T18:43:35.566+0000][18.281s][debug][safepoint   ] Safepoint synchronization initiated using futex wait barrier. (89 threads)
[2024-12-08T18:43:35.566+0000][18.281s][info ][gc,start    ] GC(39) Pause Young (Concurrent Start) (Metadata GC Threshold)
[2024-12-08T18:43:35.566+0000][18.281s][info ][gc,task     ] GC(39) Using 10 workers of 10 for evacuation
[2024-12-08T18:43:35.574+0000][18.289s][info ][gc,phases   ] GC(39)   Pre Evacuate Collection Set: 0.2ms
[2024-12-08T18:43:35.574+0000][18.289s][info ][gc,phases   ] GC(39)   Merge Heap Roots: 0.1ms
[2024-12-08T18:43:35.574+0000][18.289s][info ][gc,phases   ] GC(39)   Evacuate Collection Set: 5.7ms
[2024-12-08T18:43:35.575+0000][18.290s][info ][gc,phases   ] GC(39)   Post Evacuate Collection Set: 1.3ms
[2024-12-08T18:43:35.575+0000][18.290s][info ][gc,phases   ] GC(39)   Other: 0.4ms
[2024-12-08T18:43:35.575+0000][18.291s][info ][gc,heap     ] GC(39) Eden regions: 98->0(140)
[2024-12-08T18:43:35.576+0000][18.291s][info ][gc,heap     ] GC(39) Survivor regions: 12->12(19)
[2024-12-08T18:43:35.576+0000][18.291s][info ][gc,heap     ] GC(39) Old regions: 38->40
[2024-12-08T18:43:35.576+0000][18.291s][info ][gc,heap     ] GC(39) Archive regions: 2->2
[2024-12-08T18:43:35.576+0000][18.291s][info ][gc,heap     ] GC(39) Humongous regions: 0->0
[2024-12-08T18:43:35.576+0000][18.291s][info ][gc,metaspace] GC(39) Metaspace: 113053K(113728K)->113053K(113728K) NonClass: 98415K(98752K)->98415K(98752K) Class: 14638K(14976K)->14638K(14976K)
[2024-12-08T18:43:35.576+0000][18.291s][info ][gc          ] GC(39) Pause Young (Concurrent Start) (Metadata GC Threshold) 295M->104M(508M) 10.539ms
[2024-12-08T18:43:35.577+0000][18.292s][info ][gc,cpu      ] GC(39) User=0.07s Sys=0.00s Real=0.01s
[2024-12-08T18:43:35.577+0000][18.292s][info ][gc          ] GC(40) Concurrent Mark Cycle
[2024-12-08T18:43:35.577+0000][18.292s][info ][gc,marking  ] GC(40) Concurrent Clear Claimed Marks
[2024-12-08T18:43:35.577+0000][18.292s][info ][safepoint   ] Safepoint "CollectForMetadataAllocation", Time since last: 8114534 ns, Reaching safepoint: 214872 ns, Cleanup: 10835 ns, At safepoint: 11087211 ns, Total: 11312918 ns
[2024-12-08T18:43:35.577+0000][18.292s][info ][gc,marking  ] GC(40) Concurrent Clear Claimed Marks 0.217ms
[2024-12-08T18:43:35.578+0000][18.293s][info ][gc,marking  ] GC(40) Concurrent Scan Root Regions
[2024-12-08T18:43:35.589+0000][18.304s][info ][gc,marking  ] GC(40) Concurrent Scan Root Regions 11.338ms
[2024-12-08T18:43:35.596+0000][18.311s][info ][gc,marking  ] GC(40) Concurrent Mark
[2024-12-08T18:43:35.596+0000][18.311s][info ][gc,marking  ] GC(40) Concurrent Mark From Roots
[2024-12-08T18:43:35.596+0000][18.312s][info ][gc,task     ] GC(40) Using 3 workers of 3 for marking
[2024-12-08T18:43:35.641+0000][18.356s][info ][gc,marking  ] GC(40) Concurrent Mark From Roots 44.811ms
[2024-12-08T18:43:35.641+0000][18.356s][info ][gc,marking  ] GC(40) Concurrent Preclean
[2024-12-08T18:43:35.642+0000][18.357s][info ][gc,marking  ] GC(40) Concurrent Preclean 0.492ms
[2024-12-08T18:43:35.642+0000][18.357s][debug][safepoint   ] Safepoint synchronization initiated using futex wait barrier. (90 threads)
[2024-12-08T18:43:35.642+0000][18.357s][info ][gc,start    ] GC(40) Pause Remark
[2024-12-08T18:43:35.646+0000][18.361s][info ][gc          ] GC(40) Pause Remark 124M->124M(428M) 3.876ms
[2024-12-08T18:43:35.646+0000][18.361s][info ][gc,cpu      ] GC(40) User=0.02s Sys=0.01s Real=0.00s
[2024-12-08T18:43:35.647+0000][18.362s][info ][safepoint   ] Safepoint "G1PauseRemark", Time since last: 65182989 ns, Reaching safepoint: 133243 ns, Cleanup: 18657 ns, At safepoint: 4293780 ns, Total: 4445680 ns
[2024-12-08T18:43:35.647+0000][18.362s][info ][gc,marking  ] GC(40) Concurrent Mark 50.593ms
[2024-12-08T18:43:35.647+0000][18.362s][info ][gc,marking  ] GC(40) Concurrent Rebuild Remembered Sets
[2024-12-08T18:43:35.666+0000][18.381s][info ][gc,marking  ] GC(40) Concurrent Rebuild Remembered Sets 18.700ms
[2024-12-08T18:43:35.666+0000][18.381s][debug][safepoint   ] Safepoint synchronization initiated using futex wait barrier. (90 threads)
[2024-12-08T18:43:35.666+0000][18.381s][info ][gc,start    ] GC(40) Pause Cleanup
[2024-12-08T18:43:35.666+0000][18.381s][info ][gc          ] GC(40) Pause Cleanup 126M->126M(428M) 0.302ms
[2024-12-08T18:43:35.666+0000][18.381s][info ][gc,cpu      ] GC(40) User=0.01s Sys=0.00s Real=0.00s
[2024-12-08T18:43:35.667+0000][18.382s][info ][safepoint   ] Safepoint "G1PauseCleanup", Time since last: 19232009 ns, Reaching safepoint: 151504 ns, Cleanup: 17451 ns, At safepoint: 712898 ns, Total: 881853 ns
[2024-12-08T18:43:35.667+0000][18.382s][info ][gc,marking  ] GC(40) Concurrent Cleanup for Next Mark
[2024-12-08T18:43:35.668+0000][18.383s][info ][gc,marking  ] GC(40) Concurrent Cleanup for Next Mark 1.186ms
[2024-12-08T18:43:35.668+0000][18.383s][info ][gc          ] GC(40) Concurrent Mark Cycle 91.293ms
[2024-12-08T18:43:35.911+0000][18.626s][debug][safepoint   ] Safepoint synchronization initiated using futex wait barrier. (90 threads)
[2024-12-08T18:43:35.911+0000][18.626s][info ][safepoint   ] Safepoint "ICBufferFull", Time since last: 244236168 ns, Reaching safepoint: 191482 ns, Cleanup: 94615 ns, At safepoint: 17955 ns, Total: 304052 ns
[2024-12-08T18:43:36.459+0000][19.174s][debug][safepoint   ] Safepoint synchronization initiated using futex wait barrier. (90 threads)
[2024-12-08T18:43:36.459+0000][19.175s][info ][safepoint   ] Safepoint "ICBufferFull", Time since last: 547804858 ns, Reaching safepoint: 273480 ns, Cleanup: 164319 ns, At safepoint: 29628 ns, Total: 467427 ns
[2024-12-08T18:43:36.884+0000][19.599s][debug][safepoint   ] Safepoint synchronization initiated using futex wait barrier. (91 threads)
[2024-12-08T18:43:36.884+0000][19.599s][info ][gc,start    ] GC(41) Pause Young (Prepare Mixed) (G1 Evacuation Pause)
[2024-12-08T18:43:36.884+0000][19.599s][info ][gc,task     ] GC(41) Using 10 workers of 10 for evacuation
[2024-12-08T18:43:36.893+0000][19.608s][info ][gc,phases   ] GC(41)   Pre Evacuate Collection Set: 0.2ms
[2024-12-08T18:43:36.893+0000][19.608s][info ][gc,phases   ] GC(41)   Merge Heap Roots: 0.1ms
[2024-12-08T18:43:36.893+0000][19.608s][info ][gc,phases   ] GC(41)   Evacuate Collection Set: 6.7ms
[2024-12-08T18:43:36.893+0000][19.608s][info ][gc,phases   ] GC(41)   Post Evacuate Collection Set: 1.4ms
[2024-12-08T18:43:36.893+0000][19.608s][info ][gc,phases   ] GC(41)   Other: 0.4ms
[2024-12-08T18:43:36.893+0000][19.608s][info ][gc,heap     ] GC(41) Eden regions: 116->0(1)
[2024-12-08T18:43:36.893+0000][19.609s][info ][gc,heap     ] GC(41) Survivor regions: 12->12(16)
[2024-12-08T18:43:36.894+0000][19.609s][info ][gc,heap     ] GC(41) Old regions: 40->43
[2024-12-08T18:43:36.894+0000][19.609s][info ][gc,heap     ] GC(41) Archive regions: 2->2
[2024-12-08T18:43:36.894+0000][19.609s][info ][gc,heap     ] GC(41) Humongous regions: 0->0
[2024-12-08T18:43:36.894+0000][19.609s][info ][gc,metaspace] GC(41) Metaspace: 116825K(117504K)->116825K(117504K) NonClass: 101746K(102080K)->101746K(102080K) Class: 15078K(15424K)->15078K(15424K)
[2024-12-08T18:43:36.894+0000][19.609s][info ][gc          ] GC(41) Pause Young (Prepare Mixed) (G1 Evacuation Pause) 336M->110M(428M) 10.121ms
[2024-12-08T18:43:36.894+0000][19.609s][info ][gc,cpu      ] GC(41) User=0.09s Sys=0.00s Real=0.01s
[2024-12-08T18:43:36.894+0000][19.609s][info ][safepoint   ] Safepoint "G1CollectForAllocation", Time since last: 424073066 ns, Reaching safepoint: 235951 ns, Cleanup: 75455 ns, At safepoint: 10438250 ns, Total: 10749656 ns
[2024-12-08T18:43:36.902+0000][19.617s][debug][safepoint   ] Safepoint synchronization initiated using futex wait barrier. (91 threads)
[2024-12-08T18:43:36.902+0000][19.617s][info ][gc,start    ] GC(42) Pause Young (Mixed) (G1 Evacuation Pause)
[2024-12-08T18:43:36.902+0000][19.617s][info ][gc,task     ] GC(42) Using 10 workers of 10 for evacuation
[2024-12-08T18:43:36.908+0000][19.623s][info ][gc,phases   ] GC(42)   Pre Evacuate Collection Set: 0.1ms
[2024-12-08T18:43:36.908+0000][19.623s][info ][gc,phases   ] GC(42)   Merge Heap Roots: 0.1ms
[2024-12-08T18:43:36.908+0000][19.624s][info ][gc,phases   ] GC(42)   Evacuate Collection Set: 5.2ms
[2024-12-08T18:43:36.909+0000][19.624s][info ][gc,phases   ] GC(42)   Post Evacuate Collection Set: 0.8ms
[2024-12-08T18:43:36.909+0000][19.624s][info ][gc,phases   ] GC(42)   Other: 0.3ms
[2024-12-08T18:43:36.909+0000][19.624s][info ][gc,heap     ] GC(42) Eden regions: 1->0(126)
[2024-12-08T18:43:36.909+0000][19.624s][info ][gc,heap     ] GC(42) Survivor regions: 12->2(2)
[2024-12-08T18:43:36.909+0000][19.624s][info ][gc,heap     ] GC(42) Old regions: 43->53
[2024-12-08T18:43:36.909+0000][19.624s][info ][gc,heap     ] GC(42) Archive regions: 2->2
[2024-12-08T18:43:36.909+0000][19.624s][info ][gc,heap     ] GC(42) Humongous regions: 0->0
[2024-12-08T18:43:36.909+0000][19.624s][info ][gc,metaspace] GC(42) Metaspace: 116830K(117504K)->116830K(117504K) NonClass: 101751K(102080K)->101751K(102080K) Class: 15078K(15424K)->15078K(15424K)
[2024-12-08T18:43:36.909+0000][19.624s][info ][gc          ] GC(42) Pause Young (Mixed) (G1 Evacuation Pause) 112M->110M(428M) 7.513ms
[2024-12-08T18:43:36.909+0000][19.624s][info ][gc,cpu      ] GC(42) User=0.07s Sys=0.00s Real=0.01s
[2024-12-08T18:43:36.910+0000][19.625s][info ][safepoint   ] Safepoint "G1CollectForAllocation", Time since last: 7283828 ns, Reaching safepoint: 172555 ns, Cleanup: 1944 ns, At safepoint: 7757266 ns, Total: 7931765 ns
[2024-12-08T18:43:37.617+0000][20.332s][debug][safepoint   ] Safepoint synchronization initiated using futex wait barrier. (96 threads)
[2024-12-08T18:43:37.618+0000][20.333s][info ][safepoint   ] Safepoint "ICBufferFull", Time since last: 707667537 ns, Reaching safepoint: 204172 ns, Cleanup: 136555 ns, At safepoint: 3006 ns, Total: 343733 ns
[2024-12-08T18:43:38.015+0000][20.730s][debug][safepoint   ] Safepoint synchronization initiated using futex wait barrier. (104 threads)
[2024-12-08T18:43:38.016+0000][20.731s][info ][gc,start    ] GC(43) Pause Young (Normal) (G1 Evacuation Pause)
[2024-12-08T18:43:38.016+0000][20.731s][info ][gc,task     ] GC(43) Using 10 workers of 10 for evacuation
[2024-12-08T18:43:38.022+0000][20.737s][info ][gc,phases   ] GC(43)   Pre Evacuate Collection Set: 0.2ms
[2024-12-08T18:43:38.022+0000][20.737s][info ][gc,phases   ] GC(43)   Merge Heap Roots: 0.2ms
[2024-12-08T18:43:38.022+0000][20.737s][info ][gc,phases   ] GC(43)   Evacuate Collection Set: 4.1ms
[2024-12-08T18:43:38.022+0000][20.737s][info ][gc,phases   ] GC(43)   Post Evacuate Collection Set: 1.2ms
[2024-12-08T18:43:38.022+0000][20.737s][info ][gc,phases   ] GC(43)   Other: 0.3ms
[2024-12-08T18:43:38.022+0000][20.737s][info ][gc,heap     ] GC(43) Eden regions: 126->0(123)
[2024-12-08T18:43:38.022+0000][20.737s][info ][gc,heap     ] GC(43) Survivor regions: 2->4(16)
[2024-12-08T18:43:38.022+0000][20.737s][info ][gc,heap     ] GC(43) Old regions: 53->53
[2024-12-08T18:43:38.023+0000][20.738s][info ][gc,heap     ] GC(43) Archive regions: 2->2
[2024-12-08T18:43:38.023+0000][20.738s][info ][gc,heap     ] GC(43) Humongous regions: 0->0
[2024-12-08T18:43:38.023+0000][20.738s][info ][gc,metaspace] GC(43) Metaspace: 128718K(129728K)->128718K(129728K) NonClass: 112348K(112896K)->112348K(112896K) Class: 16369K(16832K)->16369K(16832K)
[2024-12-08T18:43:38.023+0000][20.738s][info ][gc          ] GC(43) Pause Young (Normal) (G1 Evacuation Pause) 362M->114M(428M) 7.157ms
[2024-12-08T18:43:38.023+0000][20.738s][info ][gc,cpu      ] GC(43) User=0.06s Sys=0.00s Real=0.01s
[2024-12-08T18:43:38.023+0000][20.738s][info ][safepoint   ] Safepoint "G1CollectForAllocation", Time since last: 397740099 ns, Reaching safepoint: 194695 ns, Cleanup: 144601 ns, At safepoint: 7421796 ns, Total: 7761092 ns
[2024-12-08T18:43:38.578+0000][21.293s][debug][safepoint   ] Safepoint synchronization initiated using futex wait barrier. (105 threads)
[2024-12-08T18:43:38.578+0000][21.293s][info ][gc,start    ] GC(44) Pause Young (Normal) (G1 Evacuation Pause)
[2024-12-08T18:43:38.578+0000][21.293s][info ][gc,task     ] GC(44) Using 10 workers of 10 for evacuation
[2024-12-08T18:43:38.582+0000][21.298s][info ][gc,phases   ] GC(44)   Pre Evacuate Collection Set: 0.1ms
[2024-12-08T18:43:38.583+0000][21.298s][info ][gc,phases   ] GC(44)   Merge Heap Roots: 0.1ms
[2024-12-08T18:43:38.583+0000][21.298s][info ][gc,phases   ] GC(44)   Evacuate Collection Set: 3.0ms
[2024-12-08T18:43:38.583+0000][21.298s][info ][gc,phases   ] GC(44)   Post Evacuate Collection Set: 0.8ms
[2024-12-08T18:43:38.583+0000][21.298s][info ][gc,phases   ] GC(44)   Other: 0.3ms
[2024-12-08T18:43:38.583+0000][21.298s][info ][gc,heap     ] GC(44) Eden regions: 123->0(122)
[2024-12-08T18:43:38.583+0000][21.298s][info ][gc,heap     ] GC(44) Survivor regions: 4->6(16)
[2024-12-08T18:43:38.583+0000][21.298s][info ][gc,heap     ] GC(44) Old regions: 53->53
[2024-12-08T18:43:38.583+0000][21.298s][info ][gc,heap     ] GC(44) Archive regions: 2->2
[2024-12-08T18:43:38.583+0000][21.298s][info ][gc,heap     ] GC(44) Humongous regions: 0->0
[2024-12-08T18:43:38.583+0000][21.299s][info ][gc,metaspace] GC(44) Metaspace: 134899K(135872K)->134899K(135872K) NonClass: 117840K(118336K)->117840K(118336K) Class: 17058K(17536K)->17058K(17536K)
[2024-12-08T18:43:38.584+0000][21.299s][info ][gc          ] GC(44) Pause Young (Normal) (G1 Evacuation Pause) 360M->118M(428M) 5.309ms
[2024-12-08T18:43:38.584+0000][21.299s][info ][gc,cpu      ] GC(44) User=0.04s Sys=0.01s Real=0.01s
[2024-12-08T18:43:38.584+0000][21.299s][info ][safepoint   ] Safepoint "G1CollectForAllocation", Time since last: 554898742 ns, Reaching safepoint: 222053 ns, Cleanup: 73853 ns, At safepoint: 5567048 ns, Total: 5862954 ns
[2024-12-08T18:43:39.269+0000][21.984s][debug][safepoint   ] Safepoint synchronization initiated using futex wait barrier. (120 threads)
[2024-12-08T18:43:39.270+0000][21.985s][info ][gc,start    ] GC(45) Pause Young (Normal) (G1 Evacuation Pause)
[2024-12-08T18:43:39.270+0000][21.985s][info ][gc,task     ] GC(45) Using 10 workers of 10 for evacuation
[2024-12-08T18:43:39.276+0000][21.992s][info ][gc,phases   ] GC(45)   Pre Evacuate Collection Set: 0.1ms
[2024-12-08T18:43:39.277+0000][21.992s][info ][gc,phases   ] GC(45)   Merge Heap Roots: 0.1ms
[2024-12-08T18:43:39.277+0000][21.992s][info ][gc,phases   ] GC(45)   Evacuate Collection Set: 5.3ms
[2024-12-08T18:43:39.277+0000][21.992s][info ][gc,phases   ] GC(45)   Post Evacuate Collection Set: 1.0ms
[2024-12-08T18:43:39.277+0000][21.992s][info ][gc,phases   ] GC(45)   Other: 0.4ms
[2024-12-08T18:43:39.277+0000][21.992s][info ][gc,heap     ] GC(45) Eden regions: 122->0(115)
[2024-12-08T18:43:39.277+0000][21.992s][info ][gc,heap     ] GC(45) Survivor regions: 6->11(16)
[2024-12-08T18:43:39.277+0000][21.992s][info ][gc,heap     ] GC(45) Old regions: 53->53
[2024-12-08T18:43:39.277+0000][21.992s][info ][gc,heap     ] GC(45) Archive regions: 2->2
[2024-12-08T18:43:39.277+0000][21.992s][info ][gc,heap     ] GC(45) Humongous regions: 0->0
[2024-12-08T18:43:39.278+0000][21.993s][info ][gc,metaspace] GC(45) Metaspace: 138919K(139904K)->138919K(139904K) NonClass: 121662K(122176K)->121662K(122176K) Class: 17257K(17728K)->17257K(17728K)
[2024-12-08T18:43:39.278+0000][21.993s][info ][gc          ] GC(45) Pause Young (Normal) (G1 Evacuation Pause) 362M->127M(428M) 8.052ms
[2024-12-08T18:43:39.278+0000][21.993s][info ][gc,cpu      ] GC(45) User=0.09s Sys=0.00s Real=0.01s
[2024-12-08T18:43:39.278+0000][21.993s][info ][safepoint   ] Safepoint "G1CollectForAllocation", Time since last: 685387495 ns, Reaching safepoint: 270986 ns, Cleanup: 95389 ns, At safepoint: 8289049 ns, Total: 8655424 ns
[2024-12-08T18:43:40.061+0000][22.776s][info ][cds,heap    ] initialize_from_archived_subgraph jdk.internal.math.FDBigInteger 0x00007fa03314ece8
[2024-12-08T18:43:40.183+0000][22.898s][debug][safepoint   ] Safepoint synchronization initiated using futex wait barrier. (138 threads)
[2024-12-08T18:43:40.183+0000][22.899s][info ][gc,start    ] GC(46) Pause Young (Normal) (G1 Evacuation Pause)
[2024-12-08T18:43:40.184+0000][22.899s][info ][gc,task     ] GC(46) Using 10 workers of 10 for evacuation
[2024-12-08T18:43:40.192+0000][22.907s][info ][gc,phases   ] GC(46)   Pre Evacuate Collection Set: 0.1ms
[2024-12-08T18:43:40.192+0000][22.907s][info ][gc,phases   ] GC(46)   Merge Heap Roots: 0.1ms
[2024-12-08T18:43:40.192+0000][22.907s][info ][gc,phases   ] GC(46)   Evacuate Collection Set: 6.3ms
[2024-12-08T18:43:40.192+0000][22.907s][info ][gc,phases   ] GC(46)   Post Evacuate Collection Set: 1.3ms
[2024-12-08T18:43:40.192+0000][22.907s][info ][gc,phases   ] GC(46)   Other: 0.4ms
[2024-12-08T18:43:40.192+0000][22.907s][info ][gc,heap     ] GC(46) Eden regions: 115->0(112)
[2024-12-08T18:43:40.192+0000][22.908s][info ][gc,heap     ] GC(46) Survivor regions: 11->11(16)
[2024-12-08T18:43:40.193+0000][22.908s][info ][gc,heap     ] GC(46) Old regions: 53->56
[2024-12-08T18:43:40.193+0000][22.908s][info ][gc,heap     ] GC(46) Archive regions: 2->2
[2024-12-08T18:43:40.193+0000][22.908s][info ][gc,heap     ] GC(46) Humongous regions: 0->0
[2024-12-08T18:43:40.193+0000][22.908s][info ][gc,metaspace] GC(46) Metaspace: 146882K(147904K)->146882K(147904K) NonClass: 128820K(129344K)->128820K(129344K) Class: 18061K(18560K)->18061K(18560K)
[2024-12-08T18:43:40.193+0000][22.908s][info ][gc          ] GC(46) Pause Young (Normal) (G1 Evacuation Pause) 357M->134M(428M) 9.563ms
[2024-12-08T18:43:40.193+0000][22.908s][info ][gc,cpu      ] GC(46) User=0.08s Sys=0.00s Real=0.01s
[2024-12-08T18:43:40.193+0000][22.908s][info ][safepoint   ] Safepoint "G1CollectForAllocation", Time since last: 905285448 ns, Reaching safepoint: 215466 ns, Cleanup: 126476 ns, At safepoint: 9861313 ns, Total: 10203255 ns
[2024-12-08T18:43:40.723+0000][23.438s][debug][safepoint   ] Safepoint synchronization initiated using futex wait barrier. (152 threads)
[2024-12-08T18:43:40.724+0000][23.439s][info ][safepoint   ] Safepoint "ICBufferFull", Time since last: 529970996 ns, Reaching safepoint: 264713 ns, Cleanup: 96839 ns, At safepoint: 17748 ns, Total: 379300 ns
[2024-12-08T18:43:40.818+0000][23.533s][debug][safepoint   ] Safepoint synchronization initiated using futex wait barrier. (152 threads)
[2024-12-08T18:43:40.818+0000][23.533s][info ][gc,start    ] GC(47) Pause Young (Normal) (G1 Evacuation Pause)
[2024-12-08T18:43:40.818+0000][23.533s][info ][gc,task     ] GC(47) Using 10 workers of 10 for evacuation
[2024-12-08T18:43:40.825+0000][23.540s][info ][gc,phases   ] GC(47)   Pre Evacuate Collection Set: 0.2ms
[2024-12-08T18:43:40.825+0000][23.540s][info ][gc,phases   ] GC(47)   Merge Heap Roots: 0.1ms
[2024-12-08T18:43:40.825+0000][23.540s][info ][gc,phases   ] GC(47)   Evacuate Collection Set: 5.1ms
[2024-12-08T18:43:40.825+0000][23.540s][info ][gc,phases   ] GC(47)   Post Evacuate Collection Set: 0.9ms
[2024-12-08T18:43:40.825+0000][23.540s][info ][gc,phases   ] GC(47)   Other: 0.4ms
[2024-12-08T18:43:40.825+0000][23.540s][info ][gc,heap     ] GC(47) Eden regions: 112->0(110)
[2024-12-08T18:43:40.825+0000][23.540s][info ][gc,heap     ] GC(47) Survivor regions: 11->11(16)
[2024-12-08T18:43:40.826+0000][23.541s][info ][gc,heap     ] GC(47) Old regions: 56->58
[2024-12-08T18:43:40.826+0000][23.541s][info ][gc,heap     ] GC(47) Archive regions: 2->2
[2024-12-08T18:43:40.826+0000][23.541s][info ][gc,heap     ] GC(47) Humongous regions: 0->0
[2024-12-08T18:43:40.826+0000][23.541s][info ][gc,metaspace] GC(47) Metaspace: 150488K(151552K)->150488K(151552K) NonClass: 131964K(132544K)->131964K(132544K) Class: 18524K(19008K)->18524K(19008K)
[2024-12-08T18:43:40.826+0000][23.541s][info ][gc          ] GC(47) Pause Young (Normal) (G1 Evacuation Pause) 358M->138M(428M) 8.118ms
[2024-12-08T18:43:40.826+0000][23.541s][info ][gc,cpu      ] GC(47) User=0.06s Sys=0.00s Real=0.01s
[2024-12-08T18:43:40.826+0000][23.541s][info ][safepoint   ] Safepoint "G1CollectForAllocation", Time since last: 93994102 ns, Reaching safepoint: 195136 ns, Cleanup: 50129 ns, At safepoint: 8504131 ns, Total: 8749396 ns
[2024-12-08T18:43:41.403+0000][24.118s][debug][safepoint   ] Safepoint synchronization initiated using futex wait barrier. (153 threads)
[2024-12-08T18:43:41.403+0000][24.118s][info ][safepoint   ] Safepoint "ICBufferFull", Time since last: 576437966 ns, Reaching safepoint: 191959 ns, Cleanup: 142072 ns, At safepoint: 14175 ns, Total: 348206 ns
[2024-12-08T18:43:41.495+0000][24.210s][debug][safepoint   ] Safepoint synchronization initiated using futex wait barrier. (153 threads)
[2024-12-08T18:43:41.495+0000][24.211s][info ][gc,start    ] GC(48) Pause Young (Normal) (G1 Evacuation Pause)
[2024-12-08T18:43:41.496+0000][24.211s][info ][gc,task     ] GC(48) Using 10 workers of 10 for evacuation
[2024-12-08T18:43:41.505+0000][24.220s][info ][gc,phases   ] GC(48)   Pre Evacuate Collection Set: 0.2ms
[2024-12-08T18:43:41.505+0000][24.220s][info ][gc,phases   ] GC(48)   Merge Heap Roots: 0.1ms
[2024-12-08T18:43:41.505+0000][24.220s][info ][gc,phases   ] GC(48)   Evacuate Collection Set: 7.2ms
[2024-12-08T18:43:41.506+0000][24.221s][info ][gc,phases   ] GC(48)   Post Evacuate Collection Set: 1.7ms
[2024-12-08T18:43:41.506+0000][24.221s][info ][gc,phases   ] GC(48)   Other: 0.3ms
[2024-12-08T18:43:41.506+0000][24.221s][info ][gc,heap     ] GC(48) Eden regions: 110->0(109)
[2024-12-08T18:43:41.506+0000][24.221s][info ][gc,heap     ] GC(48) Survivor regions: 11->9(16)
[2024-12-08T18:43:41.506+0000][24.221s][info ][gc,heap     ] GC(48) Old regions: 58->63
[2024-12-08T18:43:41.506+0000][24.221s][info ][gc,heap     ] GC(48) Archive regions: 2->2
[2024-12-08T18:43:41.506+0000][24.221s][info ][gc,heap     ] GC(48) Humongous regions: 0->0
[2024-12-08T18:43:41.506+0000][24.222s][info ][gc,metaspace] GC(48) Metaspace: 153173K(154240K)->153173K(154240K) NonClass: 134265K(134848K)->134265K(134848K) Class: 18907K(19392K)->18907K(19392K)
[2024-12-08T18:43:41.507+0000][24.222s][info ][gc          ] GC(48) Pause Young (Normal) (G1 Evacuation Pause) 358M->144M(428M) 11.128ms
[2024-12-08T18:43:41.507+0000][24.222s][info ][gc,cpu      ] GC(48) User=0.09s Sys=0.00s Real=0.01s
[2024-12-08T18:43:41.507+0000][24.222s][info ][safepoint   ] Safepoint "G1CollectForAllocation", Time since last: 92048873 ns, Reaching safepoint: 180330 ns, Cleanup: 16200 ns, At safepoint: 11589047 ns, Total: 11785577 ns
[2024-12-08T18:43:42.106+0000][24.822s][debug][safepoint   ] Safepoint synchronization initiated using futex wait barrier. (157 threads)
[2024-12-08T18:43:42.107+0000][24.822s][info ][gc,start    ] GC(49) Pause Young (Normal) (G1 Evacuation Pause)
[2024-12-08T18:43:42.107+0000][24.822s][info ][gc,task     ] GC(49) Using 10 workers of 10 for evacuation
[2024-12-08T18:43:42.114+0000][24.829s][info ][gc,phases   ] GC(49)   Pre Evacuate Collection Set: 0.1ms
[2024-12-08T18:43:42.114+0000][24.829s][info ][gc,phases   ] GC(49)   Merge Heap Roots: 0.1ms
[2024-12-08T18:43:42.114+0000][24.829s][info ][gc,phases   ] GC(49)   Evacuate Collection Set: 5.3ms
[2024-12-08T18:43:42.114+0000][24.829s][info ][gc,phases   ] GC(49)   Post Evacuate Collection Set: 1.2ms
[2024-12-08T18:43:42.114+0000][24.829s][info ][gc,phases   ] GC(49)   Other: 0.3ms
[2024-12-08T18:43:42.115+0000][24.830s][info ][gc,heap     ] GC(49) Eden regions: 109->0(107)
[2024-12-08T18:43:42.115+0000][24.830s][info ][gc,heap     ] GC(49) Survivor regions: 9->8(15)
[2024-12-08T18:43:42.115+0000][24.830s][info ][gc,heap     ] GC(49) Old regions: 63->66
[2024-12-08T18:43:42.115+0000][24.830s][info ][gc,heap     ] GC(49) Archive regions: 2->2
[2024-12-08T18:43:42.115+0000][24.830s][info ][gc,heap     ] GC(49) Humongous regions: 0->0
[2024-12-08T18:43:42.115+0000][24.830s][info ][gc,metaspace] GC(49) Metaspace: 154889K(155968K)->154889K(155968K) NonClass: 135754K(136320K)->135754K(136320K) Class: 19135K(19648K)->19135K(19648K)
[2024-12-08T18:43:42.115+0000][24.830s][info ][gc          ] GC(49) Pause Young (Normal) (G1 Evacuation Pause) 362M->149M(428M) 8.382ms
[2024-12-08T18:43:42.115+0000][24.830s][info ][gc,cpu      ] GC(49) User=0.08s Sys=0.00s Real=0.01s
[2024-12-08T18:43:42.116+0000][24.831s][info ][safepoint   ] Safepoint "G1CollectForAllocation", Time since last: 599435638 ns, Reaching safepoint: 230631 ns, Cleanup: 97739 ns, At safepoint: 8837306 ns, Total: 9165676 ns
[2024-12-08T18:43:42.637+0000][25.352s][debug][safepoint   ] Safepoint synchronization initiated using futex wait barrier. (170 threads)
[2024-12-08T18:43:42.637+0000][25.352s][info ][safepoint   ] Safepoint "ICBufferFull", Time since last: 521302465 ns, Reaching safepoint: 190807 ns, Cleanup: 129445 ns, At safepoint: 6588 ns, Total: 326840 ns
[2024-12-08T18:43:42.670+0000][25.385s][debug][safepoint   ] Safepoint synchronization initiated using futex wait barrier. (170 threads)
[2024-12-08T18:43:42.670+0000][25.385s][info ][gc,start    ] GC(50) Pause Young (Normal) (G1 Evacuation Pause)
[2024-12-08T18:43:42.670+0000][25.385s][info ][gc,task     ] GC(50) Using 10 workers of 10 for evacuation
[2024-12-08T18:43:42.678+0000][25.393s][info ][gc,phases   ] GC(50)   Pre Evacuate Collection Set: 0.1ms
[2024-12-08T18:43:42.678+0000][25.393s][info ][gc,phases   ] GC(50)   Merge Heap Roots: 0.1ms
[2024-12-08T18:43:42.678+0000][25.393s][info ][gc,phases   ] GC(50)   Evacuate Collection Set: 5.7ms
[2024-12-08T18:43:42.678+0000][25.393s][info ][gc,phases   ] GC(50)   Post Evacuate Collection Set: 1.1ms
[2024-12-08T18:43:42.678+0000][25.393s][info ][gc,phases   ] GC(50)   Other: 0.3ms
[2024-12-08T18:43:42.678+0000][25.393s][info ][gc,heap     ] GC(50) Eden regions: 107->0(104)
[2024-12-08T18:43:42.678+0000][25.393s][info ][gc,heap     ] GC(50) Survivor regions: 8->10(15)
[2024-12-08T18:43:42.678+0000][25.393s][info ][gc,heap     ] GC(50) Old regions: 66->66
[2024-12-08T18:43:42.678+0000][25.393s][info ][gc,heap     ] GC(50) Archive regions: 2->2
[2024-12-08T18:43:42.678+0000][25.393s][info ][gc,heap     ] GC(50) Humongous regions: 0->0
[2024-12-08T18:43:42.678+0000][25.393s][info ][gc,metaspace] GC(50) Metaspace: 157701K(158848K)->157701K(158848K) NonClass: 138100K(138688K)->138100K(138688K) Class: 19600K(20160K)->19600K(20160K)
[2024-12-08T18:43:42.679+0000][25.394s][info ][gc          ] GC(50) Pause Young (Normal) (G1 Evacuation Pause) 363M->152M(428M) 8.247ms
[2024-12-08T18:43:42.679+0000][25.394s][info ][gc,cpu      ] GC(50) User=0.06s Sys=0.00s Real=0.01s
[2024-12-08T18:43:42.679+0000][25.394s][info ][safepoint   ] Safepoint "G1CollectForAllocation", Time since last: 32798055 ns, Reaching safepoint: 179926 ns, Cleanup: 9837 ns, At safepoint: 8525181 ns, Total: 8714944 ns
[2024-12-08T18:43:43.047+0000][25.762s][debug][safepoint   ] Safepoint synchronization initiated using futex wait barrier. (253 threads)
[2024-12-08T18:43:43.048+0000][25.763s][info ][safepoint   ] Safepoint "ICBufferFull", Time since last: 368151573 ns, Reaching safepoint: 1152354 ns, Cleanup: 206358 ns, At safepoint: 54531 ns, Total: 1413243 ns
[2024-12-08T18:43:43.049+0000][25.764s][debug][safepoint   ] Safepoint synchronization initiated using futex wait barrier. (254 threads)
[2024-12-08T18:43:43.050+0000][25.765s][info ][safepoint   ] Safepoint "ICBufferFull", Time since last: 792907 ns, Reaching safepoint: 380848 ns, Cleanup: 4995 ns, At safepoint: 70784 ns, Total: 456627 ns
[2024-12-08T18:43:43.050+0000][25.765s][debug][safepoint   ] Safepoint synchronization initiated using futex wait barrier. (255 threads)
[2024-12-08T18:43:43.050+0000][25.765s][debug][safepoint   ] ... found polling page loop exception at pc = 0x00007fa0a138bc09, stub =0x00007fa0a0b10400
[2024-12-08T18:43:43.051+0000][25.766s][info ][safepoint   ] Safepoint "ICBufferFull", Time since last: 296600 ns, Reaching safepoint: 751544 ns, Cleanup: 4896 ns, At safepoint: 50426 ns, Total: 806866 ns
[2024-12-08T18:43:43.051+0000][25.766s][debug][safepoint   ] Safepoint synchronization initiated using futex wait barrier. (257 threads)
[2024-12-08T18:43:43.051+0000][25.766s][info ][safepoint   ] Safepoint "ICBufferFull", Time since last: 212819 ns, Reaching safepoint: 401054 ns, Cleanup: 2196 ns, At safepoint: 27342 ns, Total: 430592 ns
[2024-12-08T18:43:43.338+0000][26.053s][debug][safepoint   ] Safepoint synchronization initiated using futex wait barrier. (331 threads)
[2024-12-08T18:43:43.338+0000][26.053s][info ][gc,start    ] GC(51) Pause Young (Normal) (G1 Evacuation Pause)
[2024-12-08T18:43:43.338+0000][26.053s][info ][gc,task     ] GC(51) Using 10 workers of 10 for evacuation
[2024-12-08T18:43:43.350+0000][26.065s][info ][gc,phases   ] GC(51)   Pre Evacuate Collection Set: 0.2ms
[2024-12-08T18:43:43.350+0000][26.066s][info ][gc,phases   ] GC(51)   Merge Heap Roots: 0.1ms
[2024-12-08T18:43:43.351+0000][26.066s][info ][gc,phases   ] GC(51)   Evacuate Collection Set: 9.3ms
[2024-12-08T18:43:43.351+0000][26.066s][info ][gc,phases   ] GC(51)   Post Evacuate Collection Set: 1.7ms
[2024-12-08T18:43:43.351+0000][26.066s][info ][gc,phases   ] GC(51)   Other: 0.7ms
[2024-12-08T18:43:43.351+0000][26.066s][info ][gc,heap     ] GC(51) Eden regions: 104->0(102)
[2024-12-08T18:43:43.351+0000][26.066s][info ][gc,heap     ] GC(51) Survivor regions: 10->8(15)
[2024-12-08T18:43:43.351+0000][26.066s][info ][gc,heap     ] GC(51) Old regions: 66->71
[2024-12-08T18:43:43.351+0000][26.066s][info ][gc,heap     ] GC(51) Archive regions: 2->2
[2024-12-08T18:43:43.351+0000][26.066s][info ][gc,heap     ] GC(51) Humongous regions: 0->0
[2024-12-08T18:43:43.351+0000][26.067s][info ][gc,metaspace] GC(51) Metaspace: 162419K(163648K)->162419K(163648K) NonClass: 142250K(142912K)->142250K(142912K) Class: 20169K(20736K)->20169K(20736K)
[2024-12-08T18:43:43.352+0000][26.067s][info ][gc          ] GC(51) Pause Young (Normal) (G1 Evacuation Pause) 360M->159M(428M) 13.415ms
[2024-12-08T18:43:43.352+0000][26.067s][info ][gc,cpu      ] GC(51) User=0.08s Sys=0.01s Real=0.01s
[2024-12-08T18:43:43.352+0000][26.067s][info ][safepoint   ] Safepoint "G1CollectForAllocation", Time since last: 286288302 ns, Reaching safepoint: 418509 ns, Cleanup: 112823 ns, At safepoint: 13908464 ns, Total: 14439796 ns
[2024-12-08T18:43:43.690+0000][26.405s][debug][safepoint   ] Safepoint synchronization initiated using futex wait barrier. (352 threads)
[2024-12-08T18:43:43.690+0000][26.405s][info ][safepoint   ] Safepoint "ICBufferFull", Time since last: 337637443 ns, Reaching safepoint: 201615 ns, Cleanup: 103130 ns, At safepoint: 25776 ns, Total: 330521 ns
[2024-12-08T18:43:43.864+0000][26.580s][debug][safepoint   ] Safepoint synchronization initiated using futex wait barrier. (365 threads)
[2024-12-08T18:43:43.865+0000][26.580s][info ][safepoint   ] Safepoint "ICBufferFull", Time since last: 174464742 ns, Reaching safepoint: 190696 ns, Cleanup: 134423 ns, At safepoint: 51956 ns, Total: 377075 ns
[2024-12-08T18:43:43.994+0000][26.709s][debug][safepoint   ] Safepoint synchronization initiated using futex wait barrier. (367 threads)
[2024-12-08T18:43:43.994+0000][26.710s][info ][gc,start    ] GC(52) Pause Young (Normal) (G1 Evacuation Pause)
[2024-12-08T18:43:43.995+0000][26.710s][info ][gc,task     ] GC(52) Using 10 workers of 10 for evacuation
[2024-12-08T18:43:44.003+0000][26.718s][info ][gc,phases   ] GC(52)   Pre Evacuate Collection Set: 0.2ms
[2024-12-08T18:43:44.003+0000][26.718s][info ][gc,phases   ] GC(52)   Merge Heap Roots: 0.2ms
[2024-12-08T18:43:44.003+0000][26.718s][info ][gc,phases   ] GC(52)   Evacuate Collection Set: 6.7ms
[2024-12-08T18:43:44.003+0000][26.718s][info ][gc,phases   ] GC(52)   Post Evacuate Collection Set: 1.0ms
[2024-12-08T18:43:44.003+0000][26.718s][info ][gc,phases   ] GC(52)   Other: 0.4ms
[2024-12-08T18:43:44.003+0000][26.719s][info ][gc,heap     ] GC(52) Eden regions: 102->0(97)
[2024-12-08T18:43:44.004+0000][26.719s][info ][gc,heap     ] GC(52) Survivor regions: 8->10(14)
[2024-12-08T18:43:44.004+0000][26.719s][info ][gc,heap     ] GC(52) Old regions: 71->73
[2024-12-08T18:43:44.004+0000][26.719s][info ][gc,heap     ] GC(52) Archive regions: 2->2
[2024-12-08T18:43:44.004+0000][26.719s][info ][gc,heap     ] GC(52) Humongous regions: 0->0
[2024-12-08T18:43:44.004+0000][26.719s][info ][gc,metaspace] GC(52) Metaspace: 165599K(166848K)->165599K(166848K) NonClass: 144960K(145600K)->144960K(145600K) Class: 20639K(21248K)->20639K(21248K)
[2024-12-08T18:43:44.004+0000][26.719s][info ][gc          ] GC(52) Pause Young (Normal) (G1 Evacuation Pause) 363M->166M(428M) 9.513ms
[2024-12-08T18:43:44.004+0000][26.719s][info ][gc,cpu      ] GC(52) User=0.09s Sys=0.01s Real=0.01s
[2024-12-08T18:43:44.004+0000][26.720s][info ][safepoint   ] Safepoint "G1CollectForAllocation", Time since last: 129135601 ns, Reaching safepoint: 295053 ns, Cleanup: 113768 ns, At safepoint: 10066087 ns, Total: 10474908 ns
[2024-12-08T18:43:44.130+0000][26.845s][debug][safepoint   ] Safepoint synchronization initiated using futex wait barrier. (381 threads)
[2024-12-08T18:43:44.131+0000][26.846s][info ][safepoint   ] Safepoint "ICBufferFull", Time since last: 125160969 ns, Reaching safepoint: 1072133 ns, Cleanup: 400725 ns, At safepoint: 69965 ns, Total: 1542823 ns
[2024-12-08T18:43:44.133+0000][26.848s][debug][safepoint   ] Safepoint synchronization initiated using futex wait barrier. (382 threads)
[2024-12-08T18:43:44.134+0000][26.849s][info ][safepoint   ] Safepoint "ICBufferFull", Time since last: 2152456 ns, Reaching safepoint: 423552 ns, Cleanup: 9801 ns, At safepoint: 95138 ns, Total: 528491 ns
[2024-12-08T18:43:44.680+0000][27.395s][debug][safepoint   ] Safepoint synchronization initiated using futex wait barrier. (383 threads)
[2024-12-08T18:43:44.681+0000][27.396s][info ][safepoint   ] Safepoint "ICBufferFull", Time since last: 546443405 ns, Reaching safepoint: 221568 ns, Cleanup: 157075 ns, At safepoint: 26576 ns, Total: 405219 ns
[2024-12-08T18:43:45.681+0000][28.396s][debug][safepoint   ] Safepoint synchronization initiated using futex wait barrier. (383 threads)
[2024-12-08T18:43:45.681+0000][28.396s][info ][safepoint   ] Safepoint "Cleanup", Time since last: 1000213967 ns, Reaching safepoint: 192101 ns, Cleanup: 37448 ns, At safepoint: 13635 ns, Total: 243184 ns
[2024-12-08T18:43:49.681+0000][32.397s][debug][safepoint   ] Safepoint synchronization initiated using futex wait barrier. (382 threads)
[2024-12-08T18:43:49.682+0000][32.397s][info ][safepoint   ] Safepoint "Cleanup", Time since last: 4000315904 ns, Reaching safepoint: 191884 ns, Cleanup: 6264 ns, At safepoint: 8046 ns, Total: 206194 ns
[2024-12-08T18:43:57.017+0000][36.397s][debug][safepoint   ] Safepoint synchronization initiated using futex wait barrier. (382 threads)
[2024-12-08T18:43:57.018+0000][36.397s][info ][safepoint   ] Safepoint "Cleanup", Time since last: 4000436158 ns, Reaching safepoint: 242182 ns, Cleanup: 12690 ns, At safepoint: 13149 ns, Total: 268021 ns
[2024-12-08T18:44:02.018+0000][41.398s][debug][safepoint   ] Safepoint synchronization initiated using futex wait barrier. (382 threads)
[2024-12-08T18:44:02.018+0000][41.398s][info ][safepoint   ] Safepoint "Cleanup", Time since last: 5000466252 ns, Reaching safepoint: 204808 ns, Cleanup: 8091 ns, At safepoint: 7299 ns, Total: 220198 ns
[2024-12-08T18:44:06.116+0000][45.496s][debug][safepoint   ] Safepoint synchronization initiated using futex wait barrier. (382 threads)
[2024-12-08T18:44:06.117+0000][45.497s][info ][gc,start    ] GC(53) Pause Young (Normal) (G1 Evacuation Pause)
[2024-12-08T18:44:06.117+0000][45.497s][info ][gc,task     ] GC(53) Using 10 workers of 10 for evacuation
[2024-12-08T18:44:06.124+0000][45.503s][info ][gc,phases   ] GC(53)   Pre Evacuate Collection Set: 0.2ms
[2024-12-08T18:44:06.124+0000][45.504s][info ][gc,phases   ] GC(53)   Merge Heap Roots: 0.1ms
[2024-12-08T18:44:06.124+0000][45.504s][info ][gc,phases   ] GC(53)   Evacuate Collection Set: 5.1ms
[2024-12-08T18:44:06.124+0000][45.504s][info ][gc,phases   ] GC(53)   Post Evacuate Collection Set: 1.1ms
[2024-12-08T18:44:06.124+0000][45.504s][info ][gc,phases   ] GC(53)   Other: 0.4ms
[2024-12-08T18:44:06.124+0000][45.504s][info ][gc,heap     ] GC(53) Eden regions: 97->0(96)
[2024-12-08T18:44:06.124+0000][45.504s][info ][gc,heap     ] GC(53) Survivor regions: 10->9(14)
[2024-12-08T18:44:06.124+0000][45.504s][info ][gc,heap     ] GC(53) Old regions: 73->76
[2024-12-08T18:44:06.124+0000][45.504s][info ][gc,heap     ] GC(53) Archive regions: 2->2
[2024-12-08T18:44:06.124+0000][45.504s][info ][gc,heap     ] GC(53) Humongous regions: 0->0
[2024-12-08T18:44:06.124+0000][45.504s][info ][gc,metaspace] GC(53) Metaspace: 167914K(169280K)->167914K(169280K) NonClass: 146983K(147712K)->146983K(147712K) Class: 20931K(21568K)->20931K(21568K)
[2024-12-08T18:44:06.125+0000][45.504s][info ][gc          ] GC(53) Pause Young (Normal) (G1 Evacuation Pause) 360M->168M(428M) 7.823ms
[2024-12-08T18:44:06.125+0000][45.505s][info ][gc,cpu      ] GC(53) User=0.05s Sys=0.01s Real=0.01s
[2024-12-08T18:44:06.125+0000][45.505s][info ][safepoint   ] Safepoint "G1CollectForAllocation", Time since last: 4097961009 ns, Reaching safepoint: 443110 ns, Cleanup: 3609 ns, At safepoint: 8191087 ns, Total: 8637806 ns
[2024-12-08T18:44:09.125+0000][48.505s][debug][safepoint   ] Safepoint synchronization initiated using futex wait barrier. (383 threads)
[2024-12-08T18:44:09.126+0000][48.505s][info ][safepoint   ] Safepoint "Cleanup", Time since last: 3000351606 ns, Reaching safepoint: 302090 ns, Cleanup: 37035 ns, At safepoint: 17963 ns, Total: 357088 ns
[2024-12-08T18:44:10.247+0000][49.627s][debug][safepoint   ] Safepoint synchronization initiated using futex wait barrier. (385 threads)
[2024-12-08T18:44:10.264+0000][49.644s][info ][safepoint   ] Safepoint "Cleanup", Time since last: 1121407178 ns, Reaching safepoint: 16615073 ns, Cleanup: 103454 ns, At safepoint: 294899 ns, Total: 17013426 ns
[2024-12-08T18:44:10.400+0000][49.780s][debug][safepoint   ] Safepoint synchronization initiated using futex wait barrier. (385 threads)
[2024-12-08T18:44:10.402+0000][49.782s][info ][gc,start    ] GC(54) Pause Young (Normal) (G1 Evacuation Pause)
[2024-12-08T18:44:10.402+0000][49.782s][info ][gc,task     ] GC(54) Using 10 workers of 10 for evacuation
[2024-12-08T18:44:10.418+0000][49.797s][info ][gc,phases   ] GC(54)   Pre Evacuate Collection Set: 0.3ms
[2024-12-08T18:44:10.418+0000][49.798s][info ][gc,phases   ] GC(54)   Merge Heap Roots: 0.1ms
[2024-12-08T18:44:10.418+0000][49.798s][info ][gc,phases   ] GC(54)   Evacuate Collection Set: 13.4ms
[2024-12-08T18:44:10.418+0000][49.798s][info ][gc,phases   ] GC(54)   Post Evacuate Collection Set: 1.4ms
[2024-12-08T18:44:10.418+0000][49.798s][info ][gc,phases   ] GC(54)   Other: 0.5ms
[2024-12-08T18:44:10.418+0000][49.798s][info ][gc,heap     ] GC(54) Eden regions: 96->0(98)
[2024-12-08T18:44:10.419+0000][49.798s][info ][gc,heap     ] GC(54) Survivor regions: 9->6(14)
[2024-12-08T18:44:10.419+0000][49.799s][info ][gc,heap     ] GC(54) Old regions: 76->79
[2024-12-08T18:44:10.419+0000][49.799s][info ][gc,heap     ] GC(54) Archive regions: 2->2
[2024-12-08T18:44:10.419+0000][49.799s][info ][gc,heap     ] GC(54) Humongous regions: 4->0
[2024-12-08T18:44:10.419+0000][49.799s][info ][gc,metaspace] GC(54) Metaspace: 171669K(172992K)->171669K(172992K) NonClass: 150280K(150976K)->150280K(150976K) Class: 21389K(22016K)->21389K(22016K)
[2024-12-08T18:44:10.419+0000][49.799s][info ][gc          ] GC(54) Pause Young (Normal) (G1 Evacuation Pause) 368M->170M(428M) 17.330ms
[2024-12-08T18:44:10.419+0000][49.799s][info ][gc,cpu      ] GC(54) User=0.14s Sys=0.02s Real=0.02s
[2024-12-08T18:44:10.420+0000][49.800s][info ][safepoint   ] Safepoint "G1CollectForAllocation", Time since last: 136079440 ns, Reaching safepoint: 1662898 ns, Cleanup: 68102 ns, At safepoint: 17831963 ns, Total: 19562963 ns
[2024-12-08T18:44:11.738+0000][51.118s][debug][safepoint   ] Safepoint synchronization initiated using futex wait barrier. (385 threads)
[2024-12-08T18:44:11.739+0000][51.119s][info ][safepoint   ] Safepoint "Cleanup", Time since last: 1318725535 ns, Reaching safepoint: 253824 ns, Cleanup: 122498 ns, At safepoint: 41453 ns, Total: 417775 ns
[2024-12-08T18:44:12.917+0000][52.297s][debug][safepoint   ] Safepoint synchronization initiated using futex wait barrier. (385 threads)
[2024-12-08T18:44:12.917+0000][52.297s][info ][safepoint   ] Safepoint "Cleanup", Time since last: 1177963912 ns, Reaching safepoint: 200266 ns, Cleanup: 97882 ns, At safepoint: 24048 ns, Total: 322196 ns
[2024-12-08T18:44:24.705+0000][64.085s][debug][safepoint   ] Safepoint synchronization initiated using futex wait barrier. (383 threads)
[2024-12-08T18:44:24.705+0000][64.085s][info ][safepoint   ] Safepoint "Cleanup", Time since last: 11787915112 ns, Reaching safepoint: 208340 ns, Cleanup: 7875 ns, At safepoint: 8559 ns, Total: 224774 ns
[2024-12-08T18:44:30.043+0000][66.085s][debug][safepoint   ] Safepoint synchronization initiated using futex wait barrier. (383 threads)
[2024-12-08T18:44:30.043+0000][66.086s][info ][safepoint   ] Safepoint "Cleanup", Time since last: 2000197628 ns, Reaching safepoint: 220013 ns, Cleanup: 9477 ns, At safepoint: 9360 ns, Total: 238850 ns
[2024-12-08T18:44:30.992+0000][67.035s][debug][safepoint   ] Safepoint synchronization initiated using futex wait barrier. (385 threads)
[2024-12-08T18:44:30.993+0000][67.035s][info ][gc,start    ] GC(55) Pause Young (Normal) (G1 Evacuation Pause)
[2024-12-08T18:44:30.993+0000][67.036s][info ][gc,task     ] GC(55) Using 10 workers of 10 for evacuation
[2024-12-08T18:44:30.999+0000][67.042s][info ][gc,phases   ] GC(55)   Pre Evacuate Collection Set: 0.2ms
[2024-12-08T18:44:30.999+0000][67.042s][info ][gc,phases   ] GC(55)   Merge Heap Roots: 0.1ms
[2024-12-08T18:44:31.000+0000][67.042s][info ][gc,phases   ] GC(55)   Evacuate Collection Set: 4.6ms
[2024-12-08T18:44:31.000+0000][67.043s][info ][gc,phases   ] GC(55)   Post Evacuate Collection Set: 1.3ms
[2024-12-08T18:44:31.000+0000][67.043s][info ][gc,phases   ] GC(55)   Other: 0.4ms
[2024-12-08T18:44:31.000+0000][67.043s][info ][gc,heap     ] GC(55) Eden regions: 98->0(93)
[2024-12-08T18:44:31.000+0000][67.043s][info ][gc,heap     ] GC(55) Survivor regions: 6->9(13)
[2024-12-08T18:44:31.000+0000][67.043s][info ][gc,heap     ] GC(55) Old regions: 79->79
[2024-12-08T18:44:31.000+0000][67.043s][info ][gc,heap     ] GC(55) Archive regions: 2->2
[2024-12-08T18:44:31.000+0000][67.043s][info ][gc,heap     ] GC(55) Humongous regions: 6->0
[2024-12-08T18:44:31.001+0000][67.043s][info ][gc,metaspace] GC(55) Metaspace: 172347K(173696K)->172347K(173696K) NonClass: 150900K(151616K)->150900K(151616K) Class: 21446K(22080K)->21446K(22080K)
[2024-12-08T18:44:31.001+0000][67.043s][info ][gc          ] GC(55) Pause Young (Normal) (G1 Evacuation Pause) 378M->175M(428M) 7.960ms
[2024-12-08T18:44:31.001+0000][67.044s][info ][gc,cpu      ] GC(55) User=0.07s Sys=0.00s Real=0.01s
[2024-12-08T18:44:31.001+0000][67.044s][info ][safepoint   ] Safepoint "G1CollectForAllocation", Time since last: 949660033 ns, Reaching safepoint: 242666 ns, Cleanup: 12717 ns, At safepoint: 8449240 ns, Total: 8704623 ns
[2024-12-08T18:44:32.003+0000][68.045s][debug][safepoint   ] Safepoint synchronization initiated using futex wait barrier. (384 threads)
[2024-12-08T18:44:32.004+0000][68.047s][info ][safepoint   ] Safepoint "Cleanup", Time since last: 1001349225 ns, Reaching safepoint: 1591450 ns, Cleanup: 82358 ns, At safepoint: 20475 ns, Total: 1694283 ns
[2024-12-08T18:44:33.130+0000][69.173s][debug][safepoint   ] Safepoint synchronization initiated using futex wait barrier. (384 threads)
[2024-12-08T18:44:33.131+0000][69.174s][info ][safepoint   ] Safepoint "Cleanup", Time since last: 1126241182 ns, Reaching safepoint: 353497 ns, Cleanup: 66456 ns, At safepoint: 38960 ns, Total: 458913 ns
[2024-12-08T18:44:33.392+0000][69.435s][debug][safepoint   ] Safepoint synchronization initiated using futex wait barrier. (385 threads)
[2024-12-08T18:44:33.392+0000][69.435s][info ][gc,start    ] GC(56) Pause Young (Normal) (G1 Evacuation Pause)
[2024-12-08T18:44:33.392+0000][69.435s][info ][gc,task     ] GC(56) Using 10 workers of 10 for evacuation
[2024-12-08T18:44:33.399+0000][69.442s][info ][gc,phases   ] GC(56)   Pre Evacuate Collection Set: 0.2ms
[2024-12-08T18:44:33.399+0000][69.442s][info ][gc,phases   ] GC(56)   Merge Heap Roots: 0.1ms
[2024-12-08T18:44:33.399+0000][69.442s][info ][gc,phases   ] GC(56)   Evacuate Collection Set: 4.8ms
[2024-12-08T18:44:33.399+0000][69.442s][info ][gc,phases   ] GC(56)   Post Evacuate Collection Set: 1.3ms
[2024-12-08T18:44:33.399+0000][69.442s][info ][gc,phases   ] GC(56)   Other: 0.4ms
[2024-12-08T18:44:33.400+0000][69.442s][info ][gc,heap     ] GC(56) Eden regions: 93->0(92)
[2024-12-08T18:44:33.400+0000][69.442s][info ][gc,heap     ] GC(56) Survivor regions: 9->8(13)
[2024-12-08T18:44:33.400+0000][69.443s][info ][gc,heap     ] GC(56) Old regions: 79->82
[2024-12-08T18:44:33.400+0000][69.443s][info ][gc,heap     ] GC(56) Archive regions: 2->2
[2024-12-08T18:44:33.400+0000][69.443s][info ][gc,heap     ] GC(56) Humongous regions: 0->0
[2024-12-08T18:44:33.400+0000][69.443s][info ][gc,metaspace] GC(56) Metaspace: 176319K(177600K)->176319K(177600K) NonClass: 154421K(155072K)->154421K(155072K) Class: 21897K(22528K)->21897K(22528K)
[2024-12-08T18:44:33.400+0000][69.443s][info ][gc          ] GC(56) Pause Young (Normal) (G1 Evacuation Pause) 361M->180M(428M) 8.036ms
[2024-12-08T18:44:33.400+0000][69.443s][info ][gc,cpu      ] GC(56) User=0.07s Sys=0.00s Real=0.01s
[2024-12-08T18:44:33.401+0000][69.443s][info ][safepoint   ] Safepoint "G1CollectForAllocation", Time since last: 260897243 ns, Reaching safepoint: 208547 ns, Cleanup: 104731 ns, At safepoint: 8461062 ns, Total: 8774340 ns
[2024-12-08T18:44:34.401+0000][70.444s][debug][safepoint   ] Safepoint synchronization initiated using futex wait barrier. (383 threads)
[2024-12-08T18:44:34.401+0000][70.444s][info ][safepoint   ] Safepoint "Cleanup", Time since last: 1000238270 ns, Reaching safepoint: 231603 ns, Cleanup: 72827 ns, At safepoint: 17685 ns, Total: 322115 ns
[2024-12-08T18:44:37.401+0000][73.444s][debug][safepoint   ] Safepoint synchronization initiated using futex wait barrier. (383 threads)
[2024-12-08T18:44:37.402+0000][73.444s][info ][safepoint   ] Safepoint "Cleanup", Time since last: 3000252760 ns, Reaching safepoint: 224153 ns, Cleanup: 8505 ns, At safepoint: 9405 ns, Total: 242063 ns
[2024-12-08T18:44:41.402+0000][77.445s][debug][safepoint   ] Safepoint synchronization initiated using futex wait barrier. (383 threads)
[2024-12-08T18:44:41.402+0000][77.445s][info ][safepoint   ] Safepoint "Cleanup", Time since last: 4000471627 ns, Reaching safepoint: 198384 ns, Cleanup: 28395 ns, At safepoint: 8415 ns, Total: 235194 ns
[2024-12-08T18:44:43.403+0000][79.445s][debug][safepoint   ] Safepoint synchronization initiated using futex wait barrier. (379 threads)
[2024-12-08T18:44:43.403+0000][79.446s][info ][safepoint   ] Safepoint "Cleanup", Time since last: 2000304888 ns, Reaching safepoint: 236184 ns, Cleanup: 7479 ns, At safepoint: 8972 ns, Total: 252635 ns
[2024-12-08T18:44:50.403+0000][86.446s][debug][safepoint   ] Safepoint synchronization initiated using futex wait barrier. (375 threads)
[2024-12-08T18:44:50.404+0000][86.446s][info ][safepoint   ] Safepoint "Cleanup", Time since last: 7000528375 ns, Reaching safepoint: 196278 ns, Cleanup: 37152 ns, At safepoint: 9153 ns, Total: 242583 ns
[2024-12-08T18:44:51.404+0000][87.447s][debug][safepoint   ] Safepoint synchronization initiated using futex wait barrier. (375 threads)
[2024-12-08T18:44:51.404+0000][87.447s][info ][safepoint   ] Safepoint "Cleanup", Time since last: 1000174279 ns, Reaching safepoint: 368763 ns, Cleanup: 30644 ns, At safepoint: 19233 ns, Total: 418640 ns
[2024-12-08T18:44:52.404+0000][88.447s][debug][safepoint   ] Safepoint synchronization initiated using futex wait barrier. (375 threads)
[2024-12-08T18:44:52.405+0000][88.447s][info ][safepoint   ] Safepoint "Cleanup", Time since last: 1000207252 ns, Reaching safepoint: 231738 ns, Cleanup: 9657 ns, At safepoint: 8037 ns, Total: 249432 ns
[2024-12-08T18:44:57.922+0000][93.964s][debug][safepoint   ] Safepoint synchronization initiated using futex wait barrier. (375 threads)
[2024-12-08T18:44:57.922+0000][93.965s][info ][gc,start    ] GC(57) Pause Young (Normal) (G1 Evacuation Pause)
[2024-12-08T18:44:57.922+0000][93.965s][info ][gc,task     ] GC(57) Using 10 workers of 10 for evacuation
[2024-12-08T18:44:57.928+0000][93.971s][info ][gc,phases   ] GC(57)   Pre Evacuate Collection Set: 0.2ms
[2024-12-08T18:44:57.928+0000][93.971s][info ][gc,phases   ] GC(57)   Merge Heap Roots: 0.1ms
[2024-12-08T18:44:57.928+0000][93.971s][info ][gc,phases   ] GC(57)   Evacuate Collection Set: 3.8ms
[2024-12-08T18:44:57.928+0000][93.971s][info ][gc,phases   ] GC(57)   Post Evacuate Collection Set: 1.2ms
[2024-12-08T18:44:57.928+0000][93.971s][info ][gc,phases   ] GC(57)   Other: 0.4ms
[2024-12-08T18:44:57.928+0000][93.971s][info ][gc,heap     ] GC(57) Eden regions: 92->0(93)
[2024-12-08T18:44:57.929+0000][93.971s][info ][gc,heap     ] GC(57) Survivor regions: 8->7(13)
[2024-12-08T18:44:57.929+0000][93.971s][info ][gc,heap     ] GC(57) Old regions: 82->83
[2024-12-08T18:44:57.929+0000][93.971s][info ][gc,heap     ] GC(57) Archive regions: 2->2
[2024-12-08T18:44:57.929+0000][93.972s][info ][gc,heap     ] GC(57) Humongous regions: 0->0
[2024-12-08T18:44:57.929+0000][93.972s][info ][gc,metaspace] GC(57) Metaspace: 176861K(178112K)->176861K(178112K) NonClass: 154919K(155584K)->154919K(155584K) Class: 21941K(22528K)->21941K(22528K)
[2024-12-08T18:44:57.929+0000][93.972s][info ][gc          ] GC(57) Pause Young (Normal) (G1 Evacuation Pause) 364M->181M(428M) 6.922ms
[2024-12-08T18:44:57.929+0000][93.972s][info ][gc,cpu      ] GC(57) User=0.05s Sys=0.00s Real=0.01s
[2024-12-08T18:44:57.929+0000][93.972s][info ][safepoint   ] Safepoint "G1CollectForAllocation", Time since last: 5516919025 ns, Reaching safepoint: 446691 ns, Cleanup: 4464 ns, At safepoint: 7407918 ns, Total: 7859073 ns
[2024-12-08T18:44:58.930+0000][94.972s][debug][safepoint   ] Safepoint synchronization initiated using futex wait barrier. (375 threads)
[2024-12-08T18:44:58.930+0000][94.973s][info ][safepoint   ] Safepoint "Cleanup", Time since last: 1000243056 ns, Reaching safepoint: 202787 ns, Cleanup: 8046 ns, At safepoint: 8621 ns, Total: 219454 ns
[2024-12-08T18:45:04.262+0000][96.973s][debug][safepoint   ] Safepoint synchronization initiated using futex wait barrier. (375 threads)
[2024-12-08T18:45:04.262+0000][96.973s][info ][safepoint   ] Safepoint "Cleanup", Time since last: 2000251540 ns, Reaching safepoint: 218103 ns, Cleanup: 9351 ns, At safepoint: 7074 ns, Total: 234528 ns
[2024-12-08T18:45:05.263+0000][97.973s][debug][safepoint   ] Safepoint synchronization initiated using futex wait barrier. (375 threads)
[2024-12-08T18:45:05.263+0000][97.974s][info ][safepoint   ] Safepoint "Cleanup", Time since last: 1000225666 ns, Reaching safepoint: 254863 ns, Cleanup: 8910 ns, At safepoint: 8253 ns, Total: 272026 ns
[2024-12-08T18:45:12.263+0000][104.974s][debug][safepoint   ] Safepoint synchronization initiated using futex wait barrier. (375 threads)
[2024-12-08T18:45:12.264+0000][104.974s][info ][safepoint   ] Safepoint "Cleanup", Time since last: 7000430994 ns, Reaching safepoint: 234161 ns, Cleanup: 9198 ns, At safepoint: 8622 ns, Total: 251981 ns
[2024-12-08T18:45:13.264+0000][105.975s][debug][safepoint   ] Safepoint synchronization initiated using futex wait barrier. (375 threads)
[2024-12-08T18:45:13.264+0000][105.975s][info ][safepoint   ] Safepoint "Cleanup", Time since last: 1000232628 ns, Reaching safepoint: 245752 ns, Cleanup: 9531 ns, At safepoint: 19943 ns, Total: 275226 ns
[2024-12-08T18:45:24.265+0000][116.976s][debug][safepoint   ] Safepoint synchronization initiated using futex wait barrier. (375 threads)
[2024-12-08T18:45:24.265+0000][116.976s][info ][safepoint   ] Safepoint "Cleanup", Time since last: 11000906960 ns, Reaching safepoint: 204450 ns, Cleanup: 8730 ns, At safepoint: 7353 ns, Total: 220533 ns
[2024-12-08T18:45:31.427+0000][124.138s][debug][safepoint   ] Safepoint synchronization initiated using futex wait barrier. (375 threads)
[2024-12-08T18:45:31.427+0000][124.138s][info ][safepoint   ] Safepoint "Cleanup", Time since last: 7162070663 ns, Reaching safepoint: 219318 ns, Cleanup: 9477 ns, At safepoint: 8559 ns, Total: 237354 ns
[2024-12-08T18:45:40.398+0000][129.777s][debug][safepoint   ] Safepoint synchronization initiated using futex wait barrier. (372 threads)
[2024-12-08T18:45:40.399+0000][129.778s][info ][gc,start    ] GC(58) Pause Young (Normal) (G1 Evacuation Pause)
[2024-12-08T18:45:40.399+0000][129.778s][info ][gc,task     ] GC(58) Using 10 workers of 10 for evacuation
[2024-12-08T18:45:40.404+0000][129.782s][info ][gc,phases   ] GC(58)   Pre Evacuate Collection Set: 0.3ms
[2024-12-08T18:45:40.404+0000][129.782s][info ][gc,phases   ] GC(58)   Merge Heap Roots: 0.1ms
[2024-12-08T18:45:40.404+0000][129.783s][info ][gc,phases   ] GC(58)   Evacuate Collection Set: 3.0ms
[2024-12-08T18:45:40.404+0000][129.783s][info ][gc,phases   ] GC(58)   Post Evacuate Collection Set: 0.9ms
[2024-12-08T18:45:40.404+0000][129.783s][info ][gc,phases   ] GC(58)   Other: 0.4ms
[2024-12-08T18:45:40.405+0000][129.783s][info ][gc,heap     ] GC(58) Eden regions: 93->0(93)
[2024-12-08T18:45:40.405+0000][129.783s][info ][gc,heap     ] GC(58) Survivor regions: 7->7(13)
[2024-12-08T18:45:40.405+0000][129.783s][info ][gc,heap     ] GC(58) Old regions: 83->83
[2024-12-08T18:45:40.405+0000][129.783s][info ][gc,heap     ] GC(58) Archive regions: 2->2
[2024-12-08T18:45:40.405+0000][129.783s][info ][gc,heap     ] GC(58) Humongous regions: 0->0
[2024-12-08T18:45:40.405+0000][129.783s][info ][gc,metaspace] GC(58) Metaspace: 176914K(178176K)->176914K(178176K) NonClass: 154971K(155648K)->154971K(155648K) Class: 21943K(22528K)->21943K(22528K)
[2024-12-08T18:45:40.405+0000][129.784s][info ][gc          ] GC(58) Pause Young (Normal) (G1 Evacuation Pause) 367M->181M(428M) 6.103ms
[2024-12-08T18:45:40.405+0000][129.784s][info ][gc,cpu      ] GC(58) User=0.03s Sys=0.01s Real=0.00s
[2024-12-08T18:45:40.406+0000][129.784s][info ][safepoint   ] Safepoint "G1CollectForAllocation", Time since last: 5638401705 ns, Reaching safepoint: 788560 ns, Cleanup: 4203 ns, At safepoint: 6533652 ns, Total: 7326415 ns
[2024-12-08T18:45:48.407+0000][137.785s][debug][safepoint   ] Safepoint synchronization initiated using futex wait barrier. (370 threads)
[2024-12-08T18:45:48.407+0000][137.785s][info ][safepoint   ] Safepoint "Cleanup", Time since last: 8000909197 ns, Reaching safepoint: 223693 ns, Cleanup: 7488 ns, At safepoint: 7587 ns, Total: 238768 ns
[2024-12-08T18:45:54.562+0000][143.941s][debug][safepoint   ] Safepoint synchronization initiated using futex wait barrier. (371 threads)
[2024-12-08T18:45:54.563+0000][143.941s][info ][safepoint   ] Safepoint "Cleanup", Time since last: 6155512893 ns, Reaching safepoint: 241381 ns, Cleanup: 35108 ns, At safepoint: 52371 ns, Total: 328860 ns
[2024-12-08T18:45:55.563+0000][144.941s][debug][safepoint   ] Safepoint synchronization initiated using futex wait barrier. (371 threads)
[2024-12-08T18:45:55.563+0000][144.942s][info ][safepoint   ] Safepoint "Cleanup", Time since last: 1000242000 ns, Reaching safepoint: 212944 ns, Cleanup: 64223 ns, At safepoint: 10575 ns, Total: 287742 ns
[2024-12-08T18:45:57.563+0000][146.942s][debug][safepoint   ] Safepoint synchronization initiated using futex wait barrier. (369 threads)
[2024-12-08T18:45:57.564+0000][146.942s][info ][safepoint   ] Safepoint "Cleanup", Time since last: 2000237257 ns, Reaching safepoint: 222161 ns, Cleanup: 8235 ns, At safepoint: 8100 ns, Total: 238496 ns
[2024-12-08T18:46:00.564+0000][149.942s][debug][safepoint   ] Safepoint synchronization initiated using futex wait barrier. (369 threads)
[2024-12-08T18:46:00.564+0000][149.943s][info ][safepoint   ] Safepoint "Cleanup", Time since last: 3000355489 ns, Reaching safepoint: 221541 ns, Cleanup: 17226 ns, At safepoint: 8550 ns, Total: 247317 ns
[2024-12-08T18:46:10.901+0000][156.943s][debug][safepoint   ] Safepoint synchronization initiated using futex wait barrier. (369 threads)
[2024-12-08T18:46:10.901+0000][156.943s][info ][safepoint   ] Safepoint "Cleanup", Time since last: 7000434274 ns, Reaching safepoint: 187036 ns, Cleanup: 12564 ns, At safepoint: 5634 ns, Total: 205234 ns
[2024-12-08T18:46:16.915+0000][162.957s][debug][safepoint   ] Safepoint synchronization initiated using futex wait barrier. (369 threads)
[2024-12-08T18:46:16.916+0000][162.959s][info ][gc,start    ] GC(59) Pause Young (Normal) (G1 Evacuation Pause)
[2024-12-08T18:46:16.916+0000][162.959s][info ][gc,task     ] GC(59) Using 10 workers of 10 for evacuation
[2024-12-08T18:46:16.921+0000][162.964s][info ][gc,phases   ] GC(59)   Pre Evacuate Collection Set: 0.3ms
[2024-12-08T18:46:16.922+0000][162.964s][info ][gc,phases   ] GC(59)   Merge Heap Roots: 0.1ms
[2024-12-08T18:46:16.922+0000][162.964s][info ][gc,phases   ] GC(59)   Evacuate Collection Set: 3.0ms
[2024-12-08T18:46:16.922+0000][162.964s][info ][gc,phases   ] GC(59)   Post Evacuate Collection Set: 1.3ms
[2024-12-08T18:46:16.922+0000][162.965s][info ][gc,phases   ] GC(59)   Other: 0.5ms
[2024-12-08T18:46:16.923+0000][162.965s][info ][gc,heap     ] GC(59) Eden regions: 93->0(93)
[2024-12-08T18:46:16.923+0000][162.965s][info ][gc,heap     ] GC(59) Survivor regions: 7->7(13)
[2024-12-08T18:46:16.923+0000][162.965s][info ][gc,heap     ] GC(59) Old regions: 83->83
[2024-12-08T18:46:16.923+0000][162.966s][info ][gc,heap     ] GC(59) Archive regions: 2->2
[2024-12-08T18:46:16.923+0000][162.966s][info ][gc,heap     ] GC(59) Humongous regions: 0->0
[2024-12-08T18:46:16.923+0000][162.966s][info ][gc,metaspace] GC(59) Metaspace: 176971K(178240K)->176971K(178240K) NonClass: 155027K(155712K)->155027K(155712K) Class: 21943K(22528K)->21943K(22528K)
[2024-12-08T18:46:16.923+0000][162.966s][info ][gc          ] GC(59) Pause Young (Normal) (G1 Evacuation Pause) 367M->181M(428M) 7.234ms
[2024-12-08T18:46:16.924+0000][162.966s][info ][gc,cpu      ] GC(59) User=0.04s Sys=0.01s Real=0.00s
[2024-12-08T18:46:16.924+0000][162.966s][info ][safepoint   ] Safepoint "G1CollectForAllocation", Time since last: 6014014090 ns, Reaching safepoint: 1362564 ns, Cleanup: 22212 ns, At safepoint: 7730924 ns, Total: 9115700 ns
[2024-12-08T18:46:27.611+0000][173.653s][debug][safepoint   ] Safepoint synchronization initiated using futex wait barrier. (371 threads)
[2024-12-08T18:46:27.611+0000][173.653s][info ][safepoint   ] Safepoint "Cleanup", Time since last: 10686813690 ns, Reaching safepoint: 176596 ns, Cleanup: 45872 ns, At safepoint: 41526 ns, Total: 263994 ns
[2024-12-08T18:46:27.880+0000][173.923s][debug][safepoint   ] Safepoint synchronization initiated using futex wait barrier. (371 threads)
[2024-12-08T18:46:27.881+0000][173.923s][info ][safepoint   ] Safepoint "ICBufferFull", Time since last: 269257214 ns, Reaching safepoint: 197566 ns, Cleanup: 127159 ns, At safepoint: 24516 ns, Total: 349241 ns
[2024-12-08T18:46:28.005+0000][174.048s][debug][safepoint   ] Safepoint synchronization initiated using futex wait barrier. (371 threads)
[2024-12-08T18:46:28.005+0000][174.048s][info ][gc,start    ] GC(60) Pause Young (Normal) (G1 Evacuation Pause)
[2024-12-08T18:46:28.006+0000][174.048s][info ][gc,task     ] GC(60) Using 10 workers of 10 for evacuation
[2024-12-08T18:46:28.013+0000][174.056s][info ][gc,phases   ] GC(60)   Pre Evacuate Collection Set: 0.3ms
[2024-12-08T18:46:28.014+0000][174.056s][info ][gc,phases   ] GC(60)   Merge Heap Roots: 0.1ms
[2024-12-08T18:46:28.014+0000][174.056s][info ][gc,phases   ] GC(60)   Evacuate Collection Set: 4.8ms
[2024-12-08T18:46:28.014+0000][174.056s][info ][gc,phases   ] GC(60)   Post Evacuate Collection Set: 1.8ms
[2024-12-08T18:46:28.014+0000][174.056s][info ][gc,phases   ] GC(60)   Other: 0.7ms
[2024-12-08T18:46:28.014+0000][174.056s][info ][gc,heap     ] GC(60) Eden regions: 93->0(91)
[2024-12-08T18:46:28.014+0000][174.057s][info ][gc,heap     ] GC(60) Survivor regions: 7->8(13)
[2024-12-08T18:46:28.014+0000][174.057s][info ][gc,heap     ] GC(60) Old regions: 83->83
[2024-12-08T18:46:28.014+0000][174.057s][info ][gc,heap     ] GC(60) Archive regions: 2->2
[2024-12-08T18:46:28.014+0000][174.057s][info ][gc,heap     ] GC(60) Humongous regions: 0->0
[2024-12-08T18:46:28.014+0000][174.057s][info ][gc,metaspace] GC(60) Metaspace: 178890K(180288K)->178890K(180288K) NonClass: 156690K(157440K)->156690K(157440K) Class: 22200K(22848K)->22200K(22848K)
[2024-12-08T18:46:28.015+0000][174.057s][info ][gc          ] GC(60) Pause Young (Normal) (G1 Evacuation Pause) 367M->183M(428M) 9.166ms
[2024-12-08T18:46:28.015+0000][174.057s][info ][gc,cpu      ] GC(60) User=0.07s Sys=0.01s Real=0.01s
[2024-12-08T18:46:28.017+0000][174.059s][info ][safepoint   ] Safepoint "G1CollectForAllocation", Time since last: 124517428 ns, Reaching safepoint: 291038 ns, Cleanup: 76328 ns, At safepoint: 11159676 ns, Total: 11527042 ns
[2024-12-08T18:46:28.404+0000][174.447s][debug][safepoint   ] Safepoint synchronization initiated using futex wait barrier. (374 threads)
[2024-12-08T18:46:28.405+0000][174.447s][info ][safepoint   ] Safepoint "ICBufferFull", Time since last: 387606676 ns, Reaching safepoint: 268740 ns, Cleanup: 171538 ns, At safepoint: 46169 ns, Total: 486447 ns
[2024-12-08T18:46:28.521+0000][174.564s][debug][safepoint   ] ... found polling page loop exception at pc = 0x00007fa0a14a469c, stub =0x00007fa0a0b10400
[2024-12-08T18:46:28.562+0000][174.605s][debug][safepoint   ] Safepoint synchronization initiated using futex wait barrier. (374 threads)
[2024-12-08T18:46:28.563+0000][174.606s][info ][safepoint   ] Safepoint "ICBufferFull", Time since last: 157758729 ns, Reaching safepoint: 293567 ns, Cleanup: 137185 ns, At safepoint: 108080 ns, Total: 538832 ns
[2024-12-08T18:46:28.998+0000][175.040s][debug][safepoint   ] Safepoint synchronization initiated using futex wait barrier. (380 threads)
[2024-12-08T18:46:28.999+0000][175.041s][info ][safepoint   ] Safepoint "ICBufferFull", Time since last: 434732544 ns, Reaching safepoint: 969872 ns, Cleanup: 170062 ns, At safepoint: 76912 ns, Total: 1216846 ns
[2024-12-08T18:46:29.083+0000][175.125s][debug][safepoint   ] Safepoint synchronization initiated using futex wait barrier. (380 threads)
[2024-12-08T18:46:29.083+0000][175.126s][info ][gc,start    ] GC(61) Pause Young (Normal) (G1 Evacuation Pause)
[2024-12-08T18:46:29.083+0000][175.126s][info ][gc,task     ] GC(61) Using 10 workers of 10 for evacuation
[2024-12-08T18:46:29.091+0000][175.133s][info ][gc,phases   ] GC(61)   Pre Evacuate Collection Set: 0.2ms
[2024-12-08T18:46:29.091+0000][175.133s][info ][gc,phases   ] GC(61)   Merge Heap Roots: 0.1ms
[2024-12-08T18:46:29.091+0000][175.134s][info ][gc,phases   ] GC(61)   Evacuate Collection Set: 5.4ms
[2024-12-08T18:46:29.091+0000][175.134s][info ][gc,phases   ] GC(61)   Post Evacuate Collection Set: 1.5ms
[2024-12-08T18:46:29.091+0000][175.134s][info ][gc,phases   ] GC(61)   Other: 0.4ms
[2024-12-08T18:46:29.091+0000][175.134s][info ][gc,heap     ] GC(61) Eden regions: 91->0(86)
[2024-12-08T18:46:29.092+0000][175.134s][info ][gc,heap     ] GC(61) Survivor regions: 8->10(13)
[2024-12-08T18:46:29.092+0000][175.134s][info ][gc,heap     ] GC(61) Old regions: 83->84
[2024-12-08T18:46:29.092+0000][175.134s][info ][gc,heap     ] GC(61) Archive regions: 2->2
[2024-12-08T18:46:29.092+0000][175.134s][info ][gc,heap     ] GC(61) Humongous regions: 0->0
[2024-12-08T18:46:29.092+0000][175.135s][info ][gc,metaspace] GC(61) Metaspace: 180247K(181632K)->180247K(181632K) NonClass: 157914K(158656K)->157914K(158656K) Class: 22332K(22976K)->22332K(22976K)
[2024-12-08T18:46:29.092+0000][175.135s][info ][gc          ] GC(61) Pause Young (Normal) (G1 Evacuation Pause) 365M->188M(428M) 8.987ms
[2024-12-08T18:46:29.092+0000][175.135s][info ][gc,cpu      ] GC(61) User=0.08s Sys=0.00s Real=0.01s
[2024-12-08T18:46:29.093+0000][175.135s][info ][safepoint   ] Safepoint "G1CollectForAllocation", Time since last: 83922855 ns, Reaching safepoint: 216721 ns, Cleanup: 42767 ns, At safepoint: 9498573 ns, Total: 9758061 ns
[2024-12-08T18:46:30.160+0000][176.203s][debug][safepoint   ] Safepoint synchronization initiated using futex wait barrier. (381 threads)
[2024-12-08T18:46:30.161+0000][176.203s][info ][safepoint   ] Safepoint "Cleanup", Time since last: 1067803970 ns, Reaching safepoint: 212888 ns, Cleanup: 53621 ns, At safepoint: 11691 ns, Total: 278200 ns
[2024-12-08T18:46:31.161+0000][177.203s][debug][safepoint   ] Safepoint synchronization initiated using futex wait barrier. (380 threads)
[2024-12-08T18:46:31.161+0000][177.204s][info ][safepoint   ] Safepoint "Cleanup", Time since last: 1000186121 ns, Reaching safepoint: 245463 ns, Cleanup: 12230 ns, At safepoint: 9360 ns, Total: 267053 ns
[2024-12-08T18:46:32.161+0000][178.204s][debug][safepoint   ] Safepoint synchronization initiated using futex wait barrier. (380 threads)
[2024-12-08T18:46:32.162+0000][178.204s][info ][safepoint   ] Safepoint "Cleanup", Time since last: 1000194654 ns, Reaching safepoint: 221973 ns, Cleanup: 8073 ns, At safepoint: 8361 ns, Total: 238407 ns
[2024-12-08T18:46:33.788+0000][179.830s][debug][safepoint   ] Safepoint synchronization initiated using futex wait barrier. (378 threads)
[2024-12-08T18:46:33.788+0000][179.831s][info ][safepoint   ] Safepoint "Cleanup", Time since last: 1626159067 ns, Reaching safepoint: 539282 ns, Cleanup: 37367 ns, At safepoint: 54333 ns, Total: 630982 ns
[2024-12-08T18:46:35.155+0000][181.197s][debug][safepoint   ] Safepoint synchronization initiated using futex wait barrier. (378 threads)
[2024-12-08T18:46:35.155+0000][181.198s][info ][safepoint   ] Safepoint "Cleanup", Time since last: 1366465625 ns, Reaching safepoint: 347296 ns, Cleanup: 154474 ns, At safepoint: 70433 ns, Total: 572203 ns
[2024-12-08T18:46:36.156+0000][182.198s][debug][safepoint   ] Safepoint synchronization initiated using futex wait barrier. (377 threads)
[2024-12-08T18:46:36.156+0000][182.198s][info ][safepoint   ] Safepoint "Cleanup", Time since last: 1000236795 ns, Reaching safepoint: 195737 ns, Cleanup: 18108 ns, At safepoint: 8829 ns, Total: 222674 ns
[2024-12-08T18:46:37.156+0000][183.199s][debug][safepoint   ] Safepoint synchronization initiated using futex wait barrier. (378 threads)
[2024-12-08T18:46:37.156+0000][183.199s][info ][safepoint   ] Safepoint "Cleanup", Time since last: 1000205037 ns, Reaching safepoint: 227211 ns, Cleanup: 26901 ns, At safepoint: 116476 ns, Total: 370588 ns
[2024-12-08T18:46:38.714+0000][184.756s][debug][safepoint   ] Safepoint synchronization initiated using futex wait barrier. (377 threads)
[2024-12-08T18:46:38.714+0000][184.757s][info ][safepoint   ] Safepoint "Cleanup", Time since last: 1557300570 ns, Reaching safepoint: 186469 ns, Cleanup: 52172 ns, At safepoint: 8685 ns, Total: 247326 ns
[2024-12-08T18:46:43.051+0000][185.757s][debug][safepoint   ] Safepoint synchronization initiated using futex wait barrier. (377 threads)
[2024-12-08T18:46:43.051+0000][185.757s][info ][safepoint   ] Safepoint "Cleanup", Time since last: 1000196128 ns, Reaching safepoint: 211562 ns, Cleanup: 23004 ns, At safepoint: 10521 ns, Total: 245087 ns
[2024-12-08T18:46:55.052+0000][197.758s][debug][safepoint   ] Safepoint synchronization initiated using futex wait barrier. (375 threads)
[2024-12-08T18:46:55.052+0000][197.758s][info ][safepoint   ] Safepoint "Cleanup", Time since last: 12000666821 ns, Reaching safepoint: 246794 ns, Cleanup: 10161 ns, At safepoint: 7920 ns, Total: 264875 ns
[2024-12-08T18:46:56.041+0000][198.746s][debug][safepoint   ] Safepoint synchronization initiated using futex wait barrier. (375 threads)
[2024-12-08T18:46:56.041+0000][198.747s][info ][gc,start    ] GC(62) Pause Young (Normal) (G1 Evacuation Pause)
[2024-12-08T18:46:56.042+0000][198.747s][info ][gc,task     ] GC(62) Using 10 workers of 10 for evacuation
[2024-12-08T18:46:56.050+0000][198.755s][info ][gc,phases   ] GC(62)   Pre Evacuate Collection Set: 0.3ms
[2024-12-08T18:46:56.050+0000][198.755s][info ][gc,phases   ] GC(62)   Merge Heap Roots: 0.1ms
[2024-12-08T18:46:56.050+0000][198.755s][info ][gc,phases   ] GC(62)   Evacuate Collection Set: 5.1ms
[2024-12-08T18:46:56.050+0000][198.755s][info ][gc,phases   ] GC(62)   Post Evacuate Collection Set: 2.2ms
[2024-12-08T18:46:56.050+0000][198.756s][info ][gc,phases   ] GC(62)   Other: 0.5ms
[2024-12-08T18:46:56.050+0000][198.756s][info ][gc,heap     ] GC(62) Eden regions: 86->0(88)
[2024-12-08T18:46:56.050+0000][198.756s][info ][gc,heap     ] GC(62) Survivor regions: 10->7(12)
[2024-12-08T18:46:56.050+0000][198.756s][info ][gc,heap     ] GC(62) Old regions: 84->88
[2024-12-08T18:46:56.050+0000][198.756s][info ][gc,heap     ] GC(62) Archive regions: 2->2
[2024-12-08T18:46:56.051+0000][198.756s][info ][gc,heap     ] GC(62) Humongous regions: 0->0
[2024-12-08T18:46:56.051+0000][198.756s][info ][gc,metaspace] GC(62) Metaspace: 181264K(182720K)->181264K(182720K) NonClass: 158830K(159616K)->158830K(159616K) Class: 22433K(23104K)->22433K(23104K)
[2024-12-08T18:46:56.051+0000][198.756s][info ][gc          ] GC(62) Pause Young (Normal) (G1 Evacuation Pause) 360M->190M(428M) 9.412ms
[2024-12-08T18:46:56.051+0000][198.756s][info ][gc,cpu      ] GC(62) User=0.04s Sys=0.02s Real=0.01s
[2024-12-08T18:46:56.052+0000][198.757s][info ][safepoint   ] Safepoint "G1CollectForAllocation", Time since last: 988379074 ns, Reaching safepoint: 574832 ns, Cleanup: 4221 ns, At safepoint: 10518223 ns, Total: 11097276 ns
[2024-12-08T18:46:57.052+0000][199.758s][debug][safepoint   ] Safepoint synchronization initiated using futex wait barrier. (375 threads)
[2024-12-08T18:46:57.052+0000][199.758s][info ][safepoint   ] Safepoint "Cleanup", Time since last: 1000287191 ns, Reaching safepoint: 254571 ns, Cleanup: 24714 ns, At safepoint: 40067 ns, Total: 319352 ns
[2024-12-08T18:47:04.053+0000][206.758s][debug][safepoint   ] Safepoint synchronization initiated using futex wait barrier. (374 threads)
[2024-12-08T18:47:04.053+0000][206.759s][info ][safepoint   ] Safepoint "Cleanup", Time since last: 7000529201 ns, Reaching safepoint: 221918 ns, Cleanup: 9189 ns, At safepoint: 7605 ns, Total: 238712 ns
[2024-12-08T18:47:07.054+0000][209.759s][debug][safepoint   ] Safepoint synchronization initiated using futex wait barrier. (374 threads)
[2024-12-08T18:47:07.054+0000][209.759s][info ][safepoint   ] Safepoint "Cleanup", Time since last: 3000372565 ns, Reaching safepoint: 223094 ns, Cleanup: 7794 ns, At safepoint: 13526 ns, Total: 244414 ns
[2024-12-08T18:47:08.054+0000][210.760s][debug][safepoint   ] Safepoint synchronization initiated using futex wait barrier. (374 threads)
[2024-12-08T18:47:08.054+0000][210.760s][info ][safepoint   ] Safepoint "Cleanup", Time since last: 1000239883 ns, Reaching safepoint: 244104 ns, Cleanup: 9108 ns, At safepoint: 8522 ns, Total: 261734 ns
[2024-12-08T18:47:17.345+0000][216.721s][debug][safepoint   ] Safepoint synchronization initiated using futex wait barrier. (214 threads)
[2024-12-08T18:47:17.345+0000][216.721s][info ][gc,start    ] GC(63) Pause Young (Normal) (G1 Evacuation Pause)
[2024-12-08T18:47:17.346+0000][216.721s][info ][gc,task     ] GC(63) Using 10 workers of 10 for evacuation
[2024-12-08T18:47:17.352+0000][216.727s][info ][gc,phases   ] GC(63)   Pre Evacuate Collection Set: 0.2ms
[2024-12-08T18:47:17.352+0000][216.728s][info ][gc,phases   ] GC(63)   Merge Heap Roots: 0.2ms
[2024-12-08T18:47:17.352+0000][216.728s][info ][gc,phases   ] GC(63)   Evacuate Collection Set: 4.6ms
[2024-12-08T18:47:17.352+0000][216.728s][info ][gc,phases   ] GC(63)   Post Evacuate Collection Set: 1.3ms
[2024-12-08T18:47:17.353+0000][216.728s][info ][gc,phases   ] GC(63)   Other: 0.3ms
[2024-12-08T18:47:17.353+0000][216.728s][info ][gc,heap     ] GC(63) Eden regions: 88->0(88)
[2024-12-08T18:47:17.353+0000][216.728s][info ][gc,heap     ] GC(63) Survivor regions: 7->7(12)
[2024-12-08T18:47:17.353+0000][216.728s][info ][gc,heap     ] GC(63) Old regions: 88->88
[2024-12-08T18:47:17.353+0000][216.729s][info ][gc,heap     ] GC(63) Archive regions: 2->2
[2024-12-08T18:47:17.353+0000][216.729s][info ][gc,heap     ] GC(63) Humongous regions: 0->0
[2024-12-08T18:47:17.353+0000][216.729s][info ][gc,metaspace] GC(63) Metaspace: 181365K(182784K)->181365K(182784K) NonClass: 158925K(159680K)->158925K(159680K) Class: 22439K(23104K)->22439K(23104K)
[2024-12-08T18:47:17.354+0000][216.729s][info ][gc          ] GC(63) Pause Young (Normal) (G1 Evacuation Pause) 366M->190M(428M) 8.155ms
[2024-12-08T18:47:17.354+0000][216.729s][info ][gc,cpu      ] GC(63) User=0.03s Sys=0.02s Real=0.01s
[2024-12-08T18:47:17.354+0000][216.729s][info ][safepoint   ] Safepoint "G1CollectForAllocation", Time since last: 5960727750 ns, Reaching safepoint: 179516 ns, Cleanup: 32300 ns, At safepoint: 8618416 ns, Total: 8830232 ns
[2024-12-08T18:47:18.354+0000][217.730s][debug][safepoint   ] Safepoint synchronization initiated using futex wait barrier. (215 threads)
[2024-12-08T18:47:18.355+0000][217.730s][info ][safepoint   ] Safepoint "Cleanup", Time since last: 1000360655 ns, Reaching safepoint: 176803 ns, Cleanup: 11448 ns, At safepoint: 16028 ns, Total: 204279 ns
[2024-12-08T18:47:19.026+0000][218.402s][debug][safepoint   ] Safepoint synchronization initiated using futex wait barrier. (214 threads)
[2024-12-08T18:47:19.027+0000][218.402s][info ][gc,start    ] GC(64) Pause Young (Normal) (G1 Evacuation Pause)
[2024-12-08T18:47:19.027+0000][218.402s][info ][gc,task     ] GC(64) Using 10 workers of 10 for evacuation
[2024-12-08T18:47:19.031+0000][218.407s][info ][gc,phases   ] GC(64)   Pre Evacuate Collection Set: 0.2ms
[2024-12-08T18:47:19.031+0000][218.407s][info ][gc,phases   ] GC(64)   Merge Heap Roots: 0.1ms
[2024-12-08T18:47:19.031+0000][218.407s][info ][gc,phases   ] GC(64)   Evacuate Collection Set: 3.2ms
[2024-12-08T18:47:19.032+0000][218.407s][info ][gc,phases   ] GC(64)   Post Evacuate Collection Set: 0.8ms
[2024-12-08T18:47:19.032+0000][218.407s][info ][gc,phases   ] GC(64)   Other: 0.4ms
[2024-12-08T18:47:19.032+0000][218.407s][info ][gc,heap     ] GC(64) Eden regions: 88->0(88)
[2024-12-08T18:47:19.032+0000][218.407s][info ][gc,heap     ] GC(64) Survivor regions: 7->7(12)
[2024-12-08T18:47:19.032+0000][218.407s][info ][gc,heap     ] GC(64) Old regions: 88->88
[2024-12-08T18:47:19.032+0000][218.407s][info ][gc,heap     ] GC(64) Archive regions: 2->2
[2024-12-08T18:47:19.032+0000][218.408s][info ][gc,heap     ] GC(64) Humongous regions: 0->0
[2024-12-08T18:47:19.032+0000][218.408s][info ][gc,metaspace] GC(64) Metaspace: 181373K(182784K)->181373K(182784K) NonClass: 158933K(159680K)->158933K(159680K) Class: 22439K(23104K)->22439K(23104K)
[2024-12-08T18:47:19.032+0000][218.408s][info ][gc          ] GC(64) Pause Young (Normal) (G1 Evacuation Pause) 366M->190M(428M) 5.731ms
[2024-12-08T18:47:19.032+0000][218.408s][info ][gc,cpu      ] GC(64) User=0.03s Sys=0.01s Real=0.01s
[2024-12-08T18:47:19.033+0000][218.408s][info ][safepoint   ] Safepoint "G1CollectForAllocation", Time since last: 671798210 ns, Reaching safepoint: 180110 ns, Cleanup: 12159 ns, At safepoint: 6159144 ns, Total: 6351413 ns
[2024-12-08T18:47:20.033+0000][219.409s][debug][safepoint   ] Safepoint synchronization initiated using futex wait barrier. (214 threads)
[2024-12-08T18:47:20.033+0000][219.409s][info ][safepoint   ] Safepoint "Cleanup", Time since last: 1000483774 ns, Reaching safepoint: 153637 ns, Cleanup: 25470 ns, At safepoint: 18296 ns, Total: 197403 ns
[2024-12-08T18:47:20.707+0000][220.082s][debug][safepoint   ] Safepoint synchronization initiated using futex wait barrier. (214 threads)
[2024-12-08T18:47:20.707+0000][220.082s][info ][gc,start    ] GC(65) Pause Young (Normal) (G1 Evacuation Pause)
[2024-12-08T18:47:20.707+0000][220.083s][info ][gc,task     ] GC(65) Using 10 workers of 10 for evacuation
[2024-12-08T18:47:20.712+0000][220.087s][info ][gc,phases   ] GC(65)   Pre Evacuate Collection Set: 0.2ms
[2024-12-08T18:47:20.712+0000][220.087s][info ][gc,phases   ] GC(65)   Merge Heap Roots: 0.1ms
[2024-12-08T18:47:20.712+0000][220.087s][info ][gc,phases   ] GC(65)   Evacuate Collection Set: 3.2ms
[2024-12-08T18:47:20.712+0000][220.088s][info ][gc,phases   ] GC(65)   Post Evacuate Collection Set: 0.9ms
[2024-12-08T18:47:20.712+0000][220.088s][info ][gc,phases   ] GC(65)   Other: 0.4ms
[2024-12-08T18:47:20.712+0000][220.088s][info ][gc,heap     ] GC(65) Eden regions: 88->0(88)
[2024-12-08T18:47:20.713+0000][220.088s][info ][gc,heap     ] GC(65) Survivor regions: 7->7(12)
[2024-12-08T18:47:20.713+0000][220.088s][info ][gc,heap     ] GC(65) Old regions: 88->88
[2024-12-08T18:47:20.713+0000][220.088s][info ][gc,heap     ] GC(65) Archive regions: 2->2
[2024-12-08T18:47:20.713+0000][220.088s][info ][gc,heap     ] GC(65) Humongous regions: 0->0
[2024-12-08T18:47:20.713+0000][220.088s][info ][gc,metaspace] GC(65) Metaspace: 181376K(182784K)->181376K(182784K) NonClass: 158937K(159680K)->158937K(159680K) Class: 22439K(23104K)->22439K(23104K)
[2024-12-08T18:47:20.713+0000][220.089s][info ][gc          ] GC(65) Pause Young (Normal) (G1 Evacuation Pause) 366M->190M(428M) 6.161ms
[2024-12-08T18:47:20.713+0000][220.089s][info ][gc,cpu      ] GC(65) User=0.02s Sys=0.03s Real=0.01s
[2024-12-08T18:47:20.714+0000][220.089s][info ][safepoint   ] Safepoint "G1CollectForAllocation", Time since last: 673354056 ns, Reaching safepoint: 154159 ns, Cleanup: 3194 ns, At safepoint: 6606145 ns, Total: 6763498 ns
[2024-12-08T18:47:22.403+0000][221.779s][debug][safepoint   ] Safepoint synchronization initiated using futex wait barrier. (214 threads)
[2024-12-08T18:47:22.403+0000][221.779s][info ][gc,start    ] GC(66) Pause Young (Normal) (G1 Evacuation Pause)
[2024-12-08T18:47:22.403+0000][221.779s][info ][gc,task     ] GC(66) Using 10 workers of 10 for evacuation
[2024-12-08T18:47:22.408+0000][221.783s][info ][gc,phases   ] GC(66)   Pre Evacuate Collection Set: 0.2ms
[2024-12-08T18:47:22.408+0000][221.784s][info ][gc,phases   ] GC(66)   Merge Heap Roots: 0.1ms
[2024-12-08T18:47:22.408+0000][221.784s][info ][gc,phases   ] GC(66)   Evacuate Collection Set: 3.0ms
[2024-12-08T18:47:22.408+0000][221.784s][info ][gc,phases   ] GC(66)   Post Evacuate Collection Set: 1.0ms
[2024-12-08T18:47:22.408+0000][221.784s][info ][gc,phases   ] GC(66)   Other: 0.3ms
[2024-12-08T18:47:22.409+0000][221.784s][info ][gc,heap     ] GC(66) Eden regions: 88->0(88)
[2024-12-08T18:47:22.409+0000][221.784s][info ][gc,heap     ] GC(66) Survivor regions: 7->7(12)
[2024-12-08T18:47:22.409+0000][221.784s][info ][gc,heap     ] GC(66) Old regions: 88->88
[2024-12-08T18:47:22.409+0000][221.784s][info ][gc,heap     ] GC(66) Archive regions: 2->2
[2024-12-08T18:47:22.409+0000][221.784s][info ][gc,heap     ] GC(66) Humongous regions: 0->0
[2024-12-08T18:47:22.409+0000][221.785s][info ][gc,metaspace] GC(66) Metaspace: 181393K(182848K)->181393K(182848K) NonClass: 158951K(159680K)->158951K(159680K) Class: 22442K(23168K)->22442K(23168K)
[2024-12-08T18:47:22.409+0000][221.785s][info ][gc          ] GC(66) Pause Young (Normal) (G1 Evacuation Pause) 366M->190M(428M) 5.968ms
[2024-12-08T18:47:22.409+0000][221.785s][info ][gc,cpu      ] GC(66) User=0.03s Sys=0.01s Real=0.00s
[2024-12-08T18:47:22.410+0000][221.785s][info ][safepoint   ] Safepoint "G1CollectForAllocation", Time since last: 1689659826 ns, Reaching safepoint: 134261 ns, Cleanup: 4112 ns, At safepoint: 6398609 ns, Total: 6536982 ns
[2024-12-08T18:47:24.097+0000][223.472s][debug][safepoint   ] Safepoint synchronization initiated using futex wait barrier. (213 threads)
[2024-12-08T18:47:24.097+0000][223.473s][info ][gc,start    ] GC(67) Pause Young (Normal) (G1 Evacuation Pause)
[2024-12-08T18:47:24.097+0000][223.473s][info ][gc,task     ] GC(67) Using 10 workers of 10 for evacuation
[2024-12-08T18:47:24.102+0000][223.477s][info ][gc,phases   ] GC(67)   Pre Evacuate Collection Set: 0.2ms
[2024-12-08T18:47:24.102+0000][223.477s][info ][gc,phases   ] GC(67)   Merge Heap Roots: 0.1ms
[2024-12-08T18:47:24.102+0000][223.478s][info ][gc,phases   ] GC(67)   Evacuate Collection Set: 3.0ms
[2024-12-08T18:47:24.102+0000][223.478s][info ][gc,phases   ] GC(67)   Post Evacuate Collection Set: 1.0ms
[2024-12-08T18:47:24.102+0000][223.478s][info ][gc,phases   ] GC(67)   Other: 0.3ms
[2024-12-08T18:47:24.103+0000][223.478s][info ][gc,heap     ] GC(67) Eden regions: 88->0(89)
[2024-12-08T18:47:24.103+0000][223.478s][info ][gc,heap     ] GC(67) Survivor regions: 7->6(12)
[2024-12-08T18:47:24.103+0000][223.478s][info ][gc,heap     ] GC(67) Old regions: 88->89
[2024-12-08T18:47:24.103+0000][223.478s][info ][gc,heap     ] GC(67) Archive regions: 2->2
[2024-12-08T18:47:24.103+0000][223.479s][info ][gc,heap     ] GC(67) Humongous regions: 0->0
[2024-12-08T18:47:24.103+0000][223.479s][info ][gc,metaspace] GC(67) Metaspace: 181397K(182848K)->181397K(182848K) NonClass: 158955K(159680K)->158955K(159680K) Class: 22442K(23168K)->22442K(23168K)
[2024-12-08T18:47:24.103+0000][223.479s][info ][gc          ] GC(67) Pause Young (Normal) (G1 Evacuation Pause) 366M->190M(428M) 6.232ms
[2024-12-08T18:47:24.104+0000][223.479s][info ][gc,cpu      ] GC(67) User=0.02s Sys=0.01s Real=0.01s
[2024-12-08T18:47:24.104+0000][223.479s][info ][safepoint   ] Safepoint "G1CollectForAllocation", Time since last: 1687317903 ns, Reaching safepoint: 133036 ns, Cleanup: 7047 ns, At safepoint: 6725331 ns, Total: 6865414 ns
[2024-12-08T18:47:25.827+0000][225.203s][debug][safepoint   ] Safepoint synchronization initiated using futex wait barrier. (213 threads)
[2024-12-08T18:47:25.828+0000][225.203s][info ][gc,start    ] GC(68) Pause Young (Normal) (G1 Evacuation Pause)
[2024-12-08T18:47:25.828+0000][225.203s][info ][gc,task     ] GC(68) Using 10 workers of 10 for evacuation
[2024-12-08T18:47:25.832+0000][225.207s][info ][gc,phases   ] GC(68)   Pre Evacuate Collection Set: 0.2ms
[2024-12-08T18:47:25.832+0000][225.207s][info ][gc,phases   ] GC(68)   Merge Heap Roots: 0.1ms
[2024-12-08T18:47:25.832+0000][225.208s][info ][gc,phases   ] GC(68)   Evacuate Collection Set: 2.6ms
[2024-12-08T18:47:25.832+0000][225.208s][info ][gc,phases   ] GC(68)   Post Evacuate Collection Set: 1.1ms
[2024-12-08T18:47:25.832+0000][225.208s][info ][gc,phases   ] GC(68)   Other: 0.3ms
[2024-12-08T18:47:25.832+0000][225.208s][info ][gc,heap     ] GC(68) Eden regions: 89->0(91)
[2024-12-08T18:47:25.833+0000][225.208s][info ][gc,heap     ] GC(68) Survivor regions: 6->5(12)
[2024-12-08T18:47:25.833+0000][225.208s][info ][gc,heap     ] GC(68) Old regions: 89->89
[2024-12-08T18:47:25.833+0000][225.208s][info ][gc,heap     ] GC(68) Archive regions: 2->2
[2024-12-08T18:47:25.833+0000][225.208s][info ][gc,heap     ] GC(68) Humongous regions: 0->0
[2024-12-08T18:47:25.833+0000][225.208s][info ][gc,metaspace] GC(68) Metaspace: 181397K(182848K)->181397K(182848K) NonClass: 158955K(159680K)->158955K(159680K) Class: 22442K(23168K)->22442K(23168K)
[2024-12-08T18:47:25.833+0000][225.208s][info ][gc          ] GC(68) Pause Young (Normal) (G1 Evacuation Pause) 368M->189M(428M) 5.339ms
[2024-12-08T18:47:25.833+0000][225.209s][info ][gc,cpu      ] GC(68) User=0.03s Sys=0.01s Real=0.01s
[2024-12-08T18:47:25.833+0000][225.209s][info ][safepoint   ] Safepoint "G1CollectForAllocation", Time since last: 1723553135 ns, Reaching safepoint: 151018 ns, Cleanup: 3735 ns, At safepoint: 5807674 ns, Total: 5962427 ns
