[2025-01-03T22:05:01.820+0000][0.022s][info][gc] Using G1
[2025-01-03T22:05:01.823+0000][0.025s][info][gc,init] Version: 17.0.12+7-Debian-2deb12u1 (release)
[2025-01-03T22:05:01.823+0000][0.025s][info][gc,init] CPUs: 12 total, 12 available
[2025-01-03T22:05:01.823+0000][0.025s][info][gc,init] Memory: 15951M
[2025-01-03T22:05:01.823+0000][0.025s][info][gc,init] Large Page Support: Disabled
[2025-01-03T22:05:01.823+0000][0.025s][info][gc,init] NUMA Support: Disabled
[2025-01-03T22:05:01.823+0000][0.025s][info][gc,init] Compressed Oops: Enabled (Zero based)
[2025-01-03T22:05:01.823+0000][0.025s][info][gc,init] Heap Region Size: 2M
[2025-01-03T22:05:01.824+0000][0.026s][info][gc,init] Heap Min Capacity: 8M
[2025-01-03T22:05:01.824+0000][0.026s][info][gc,init] Heap Initial Capacity: 250M
[2025-01-03T22:05:01.824+0000][0.026s][info][gc,init] Heap Max Capacity: 3988M
[2025-01-03T22:05:01.824+0000][0.026s][info][gc,init] Pre-touch: Disabled
[2025-01-03T22:05:01.824+0000][0.026s][info][gc,init] Parallel Workers: 10
[2025-01-03T22:05:01.824+0000][0.026s][info][gc,init] Concurrent Workers: 3
[2025-01-03T22:05:01.824+0000][0.026s][info][gc,init] Concurrent Refinement Workers: 10
[2025-01-03T22:05:01.824+0000][0.026s][info][gc,init] Periodic GC: Disabled
[2025-01-03T22:05:01.830+0000][0.032s][info][gc,metaspace] CDS archive(s) mapped at: [0x00007fa38f000000-0x00007fa38fbc4000-0x00007fa38fbc4000), size 12337152, SharedBaseAddress: 0x00007fa38f000000, ArchiveRelocationMode: 1.
[2025-01-03T22:05:01.830+0000][0.032s][info][gc,metaspace] Compressed class space mapped at: 0x00007fa390000000-0x00007fa3d0000000, reserved size: 1073741824
[2025-01-03T22:05:01.830+0000][0.032s][info][gc,metaspace] Narrow klass base: 0x00007fa38f000000, Narrow klass shift: 0, Narrow klass range: 0x100000000
[2025-01-03T22:05:01.836+0000][0.038s][info][cds,heap    ] initialize_from_archived_subgraph java.lang.Module$ArchivedData 0x00007fa38f184780 (early)
[2025-01-03T22:05:01.837+0000][0.039s][info][cds,heap    ] initialize_from_archived_subgraph java.util.ImmutableCollections 0x00007fa38f0722d8 (early)
[2025-01-03T22:05:01.839+0000][0.041s][info][cds,heap    ] initialize_from_archived_subgraph java.lang.Integer$IntegerCache 0x00007fa38f037660 (early)
[2025-01-03T22:05:01.842+0000][0.044s][info][cds,heap    ] initialize_from_archived_subgraph java.lang.module.Configuration 0x00007fa38f172700 (early)
[2025-01-03T22:05:01.842+0000][0.044s][info][cds,heap    ] initialize_from_archived_subgraph java.lang.ModuleLayer 0x00007fa38f146b38 (early)
[2025-01-03T22:05:01.843+0000][0.045s][info][cds,heap    ] initialize_from_archived_subgraph jdk.internal.loader.ArchivedClassLoaders 0x00007fa38f1adb70 (early)
[2025-01-03T22:05:01.843+0000][0.045s][info][cds,heap    ] initialize_from_archived_subgraph jdk.internal.module.ArchivedBootLayer 0x00007fa38f179340 (early)
[2025-01-03T22:05:01.844+0000][0.046s][info][cds,heap    ] initialize_from_archived_subgraph sun.util.locale.BaseLocale 0x00007fa38f26d048
[2025-01-03T22:05:01.852+0000][0.054s][info][cds,heap    ] initialize_from_archived_subgraph java.util.jar.Attributes$Name 0x00007fa38f19f5e8
[2025-01-03T22:05:01.874+0000][0.076s][info][cds,heap    ] initialize_from_archived_subgraph java.lang.Long$LongCache 0x00007fa38f020f98
[2025-01-03T22:05:01.973+0000][0.175s][info][cds,heap    ] initialize_from_archived_subgraph java.lang.Character$CharacterCache 0x00007fa38f03a9e8
[2025-01-03T22:05:02.398+0000][0.600s][debug][safepoint   ] Safepoint synchronization initiated using futex wait barrier. (14 threads)
[2025-01-03T22:05:02.398+0000][0.600s][info ][safepoint   ] Safepoint "ICBufferFull", Time since last: 562202093 ns, Reaching safepoint: 266911 ns, Cleanup: 114430 ns, At safepoint: 3039 ns, Total: 384380 ns
[2025-01-03T22:05:02.459+0000][0.661s][debug][safepoint   ] Safepoint synchronization initiated using futex wait barrier. (14 threads)
[2025-01-03T22:05:02.460+0000][0.662s][info ][gc,start    ] GC(0) Pause Young (Normal) (G1 Evacuation Pause)
[2025-01-03T22:05:02.462+0000][0.664s][info ][gc,task     ] GC(0) Using 6 workers of 10 for evacuation
[2025-01-03T22:05:02.469+0000][0.671s][info ][gc,phases   ] GC(0)   Pre Evacuate Collection Set: 0.1ms
[2025-01-03T22:05:02.469+0000][0.671s][info ][gc,phases   ] GC(0)   Merge Heap Roots: 0.2ms
[2025-01-03T22:05:02.470+0000][0.672s][info ][gc,phases   ] GC(0)   Evacuate Collection Set: 5.6ms
[2025-01-03T22:05:02.470+0000][0.672s][info ][gc,phases   ] GC(0)   Post Evacuate Collection Set: 0.9ms
[2025-01-03T22:05:02.470+0000][0.672s][info ][gc,phases   ] GC(0)   Other: 2.4ms
[2025-01-03T22:05:02.470+0000][0.672s][info ][gc,heap     ] GC(0) Eden regions: 31->0(53)
[2025-01-03T22:05:02.470+0000][0.672s][info ][gc,heap     ] GC(0) Survivor regions: 0->4(4)
[2025-01-03T22:05:02.470+0000][0.672s][info ][gc,heap     ] GC(0) Old regions: 0->1
[2025-01-03T22:05:02.470+0000][0.672s][info ][gc,heap     ] GC(0) Archive regions: 2->2
[2025-01-03T22:05:02.471+0000][0.672s][info ][gc,heap     ] GC(0) Humongous regions: 0->0
[2025-01-03T22:05:02.471+0000][0.673s][info ][gc,metaspace] GC(0) Metaspace: 2515K(2752K)->2515K(2752K) NonClass: 2278K(2432K)->2278K(2432K) Class: 237K(320K)->237K(320K)
[2025-01-03T22:05:02.471+0000][0.673s][info ][gc          ] GC(0) Pause Young (Normal) (G1 Evacuation Pause) 63M->10M(254M) 10.719ms
[2025-01-03T22:05:02.471+0000][0.673s][info ][gc,cpu      ] GC(0) User=0.05s Sys=0.00s Real=0.01s
[2025-01-03T22:05:02.471+0000][0.673s][info ][safepoint   ] Safepoint "G1CollectForAllocation", Time since last: 61273660 ns, Reaching safepoint: 582600 ns, Cleanup: 25882 ns, At safepoint: 11119123 ns, Total: 11727605 ns
[2025-01-03T22:05:03.469+0000][1.671s][debug][safepoint   ] Safepoint synchronization initiated using futex wait barrier. (15 threads)
[2025-01-03T22:05:03.469+0000][1.671s][info ][gc,start    ] GC(1) Pause Young (Normal) (G1 Evacuation Pause)
[2025-01-03T22:05:03.470+0000][1.672s][info ][gc,task     ] GC(1) Using 6 workers of 10 for evacuation
[2025-01-03T22:05:03.477+0000][1.679s][info ][gc,phases   ] GC(1)   Pre Evacuate Collection Set: 0.1ms
[2025-01-03T22:05:03.478+0000][1.680s][info ][gc,phases   ] GC(1)   Merge Heap Roots: 0.1ms
[2025-01-03T22:05:03.478+0000][1.680s][info ][gc,phases   ] GC(1)   Evacuate Collection Set: 6.1ms
[2025-01-03T22:05:03.478+0000][1.680s][info ][gc,phases   ] GC(1)   Post Evacuate Collection Set: 1.1ms
[2025-01-03T22:05:03.478+0000][1.680s][info ][gc,phases   ] GC(1)   Other: 0.4ms
[2025-01-03T22:05:03.478+0000][1.680s][info ][gc,heap     ] GC(1) Eden regions: 53->0(69)
[2025-01-03T22:05:03.478+0000][1.680s][info ][gc,heap     ] GC(1) Survivor regions: 4->6(8)
[2025-01-03T22:05:03.478+0000][1.680s][info ][gc,heap     ] GC(1) Old regions: 1->1
[2025-01-03T22:05:03.479+0000][1.680s][info ][gc,heap     ] GC(1) Archive regions: 2->2
[2025-01-03T22:05:03.479+0000][1.681s][info ][gc,heap     ] GC(1) Humongous regions: 0->0
[2025-01-03T22:05:03.479+0000][1.681s][info ][gc,metaspace] GC(1) Metaspace: 6909K(7232K)->6909K(7232K) NonClass: 6057K(6208K)->6057K(6208K) Class: 851K(1024K)->851K(1024K)
[2025-01-03T22:05:03.479+0000][1.681s][info ][gc          ] GC(1) Pause Young (Normal) (G1 Evacuation Pause) 116M->13M(254M) 9.449ms
[2025-01-03T22:05:03.479+0000][1.681s][info ][gc,cpu      ] GC(1) User=0.03s Sys=0.04s Real=0.01s
[2025-01-03T22:05:03.479+0000][1.681s][info ][safepoint   ] Safepoint "G1CollectForAllocation", Time since last: 997983803 ns, Reaching safepoint: 219268 ns, Cleanup: 159230 ns, At safepoint: 9791773 ns, Total: 10170271 ns
[2025-01-03T22:05:03.936+0000][2.138s][debug][safepoint   ] Safepoint synchronization initiated using futex wait barrier. (15 threads)
[2025-01-03T22:05:03.936+0000][2.138s][info ][safepoint   ] Safepoint "ICBufferFull", Time since last: 456410636 ns, Reaching safepoint: 220600 ns, Cleanup: 97639 ns, At safepoint: 21297 ns, Total: 339536 ns
[2025-01-03T22:05:04.051+0000][2.253s][debug][safepoint   ] Safepoint synchronization initiated using futex wait barrier. (15 threads)
[2025-01-03T22:05:04.052+0000][2.253s][info ][safepoint   ] Safepoint "ICBufferFull", Time since last: 114780699 ns, Reaching safepoint: 569033 ns, Cleanup: 145880 ns, At safepoint: 3995 ns, Total: 718908 ns
[2025-01-03T22:05:04.212+0000][2.414s][debug][safepoint   ] Safepoint synchronization initiated using futex wait barrier. (16 threads)
[2025-01-03T22:05:04.213+0000][2.415s][info ][gc,start    ] GC(2) Pause Young (Normal) (G1 Evacuation Pause)
[2025-01-03T22:05:04.213+0000][2.415s][info ][gc,task     ] GC(2) Using 6 workers of 10 for evacuation
[2025-01-03T22:05:04.224+0000][2.426s][info ][gc,phases   ] GC(2)   Pre Evacuate Collection Set: 0.1ms
[2025-01-03T22:05:04.225+0000][2.427s][info ][gc,phases   ] GC(2)   Merge Heap Roots: 0.1ms
[2025-01-03T22:05:04.225+0000][2.427s][info ][gc,phases   ] GC(2)   Evacuate Collection Set: 9.1ms
[2025-01-03T22:05:04.225+0000][2.427s][info ][gc,phases   ] GC(2)   Post Evacuate Collection Set: 1.6ms
[2025-01-03T22:05:04.225+0000][2.427s][info ][gc,phases   ] GC(2)   Other: 0.6ms
[2025-01-03T22:05:04.225+0000][2.427s][info ][gc,heap     ] GC(2) Eden regions: 69->0(71)
[2025-01-03T22:05:04.226+0000][2.428s][info ][gc,heap     ] GC(2) Survivor regions: 6->4(10)
[2025-01-03T22:05:04.226+0000][2.428s][info ][gc,heap     ] GC(2) Old regions: 1->5
[2025-01-03T22:05:04.226+0000][2.428s][info ][gc,heap     ] GC(2) Archive regions: 2->2
[2025-01-03T22:05:04.226+0000][2.428s][info ][gc,heap     ] GC(2) Humongous regions: 0->0
[2025-01-03T22:05:04.226+0000][2.428s][info ][gc,metaspace] GC(2) Metaspace: 12404K(12736K)->12404K(12736K) NonClass: 10802K(11008K)->10802K(11008K) Class: 1601K(1728K)->1601K(1728K)
[2025-01-03T22:05:04.226+0000][2.428s][info ][gc          ] GC(2) Pause Young (Normal) (G1 Evacuation Pause) 151M->17M(254M) 13.454ms
[2025-01-03T22:05:04.227+0000][2.428s][info ][gc,cpu      ] GC(2) User=0.06s Sys=0.00s Real=0.01s
[2025-01-03T22:05:04.227+0000][2.429s][info ][safepoint   ] Safepoint "G1CollectForAllocation", Time since last: 160938782 ns, Reaching safepoint: 349794 ns, Cleanup: 79439 ns, At safepoint: 13826759 ns, Total: 14255992 ns
[2025-01-03T22:05:04.661+0000][2.863s][info ][cds,heap    ] initialize_from_archived_subgraph java.lang.Byte$ByteCache 0x00007fa38f03abf8
[2025-01-03T22:05:04.661+0000][2.863s][info ][cds,heap    ] initialize_from_archived_subgraph java.lang.Short$ShortCache 0x00007fa38f0412e8
[2025-01-03T22:05:04.734+0000][2.936s][debug][safepoint   ] Safepoint synchronization initiated using futex wait barrier. (16 threads)
[2025-01-03T22:05:04.734+0000][2.936s][info ][gc,start    ] GC(3) Pause Young (Normal) (G1 Evacuation Pause)
[2025-01-03T22:05:04.735+0000][2.937s][info ][gc,task     ] GC(3) Using 6 workers of 10 for evacuation
[2025-01-03T22:05:04.739+0000][2.941s][info ][gc,phases   ] GC(3)   Pre Evacuate Collection Set: 0.1ms
[2025-01-03T22:05:04.739+0000][2.941s][info ][gc,phases   ] GC(3)   Merge Heap Roots: 0.1ms
[2025-01-03T22:05:04.739+0000][2.941s][info ][gc,phases   ] GC(3)   Evacuate Collection Set: 2.6ms
[2025-01-03T22:05:04.739+0000][2.941s][info ][gc,phases   ] GC(3)   Post Evacuate Collection Set: 0.8ms
[2025-01-03T22:05:04.739+0000][2.941s][info ][gc,phases   ] GC(3)   Other: 0.5ms
[2025-01-03T22:05:04.740+0000][2.942s][info ][gc,heap     ] GC(3) Eden regions: 71->0(71)
[2025-01-03T22:05:04.740+0000][2.942s][info ][gc,heap     ] GC(3) Survivor regions: 4->4(10)
[2025-01-03T22:05:04.740+0000][2.942s][info ][gc,heap     ] GC(3) Old regions: 5->5
[2025-01-03T22:05:04.740+0000][2.942s][info ][gc,heap     ] GC(3) Archive regions: 2->2
[2025-01-03T22:05:04.741+0000][2.942s][info ][gc,heap     ] GC(3) Humongous regions: 0->0
[2025-01-03T22:05:04.741+0000][2.943s][info ][gc,metaspace] GC(3) Metaspace: 17008K(17344K)->17008K(17344K) NonClass: 14701K(14912K)->14701K(14912K) Class: 2306K(2432K)->2306K(2432K)
[2025-01-03T22:05:04.742+0000][2.944s][info ][gc          ] GC(3) Pause Young (Normal) (G1 Evacuation Pause) 159M->17M(254M) 7.059ms
[2025-01-03T22:05:04.742+0000][2.944s][info ][gc,cpu      ] GC(3) User=0.03s Sys=0.00s Real=0.00s
[2025-01-03T22:05:04.742+0000][2.944s][info ][safepoint   ] Safepoint "G1CollectForAllocation", Time since last: 507327751 ns, Reaching safepoint: 307595 ns, Cleanup: 116775 ns, At safepoint: 7463022 ns, Total: 7887392 ns
[2025-01-03T22:05:05.016+0000][3.218s][debug][safepoint   ] Safepoint synchronization initiated using futex wait barrier. (16 threads)
[2025-01-03T22:05:05.017+0000][3.219s][info ][gc,start    ] GC(4) Pause Young (Concurrent Start) (Metadata GC Threshold)
[2025-01-03T22:05:05.017+0000][3.219s][info ][gc,task     ] GC(4) Using 6 workers of 10 for evacuation
[2025-01-03T22:05:05.025+0000][3.227s][info ][gc,phases   ] GC(4)   Pre Evacuate Collection Set: 0.2ms
[2025-01-03T22:05:05.025+0000][3.227s][info ][gc,phases   ] GC(4)   Merge Heap Roots: 0.1ms
[2025-01-03T22:05:05.025+0000][3.227s][info ][gc,phases   ] GC(4)   Evacuate Collection Set: 5.8ms
[2025-01-03T22:05:05.025+0000][3.227s][info ][gc,phases   ] GC(4)   Post Evacuate Collection Set: 1.1ms
[2025-01-03T22:05:05.026+0000][3.228s][info ][gc,phases   ] GC(4)   Other: 0.5ms
[2025-01-03T22:05:05.026+0000][3.228s][info ][gc,heap     ] GC(4) Eden regions: 43->0(69)
[2025-01-03T22:05:05.026+0000][3.228s][info ][gc,heap     ] GC(4) Survivor regions: 4->6(10)
[2025-01-03T22:05:05.027+0000][3.229s][info ][gc,heap     ] GC(4) Old regions: 5->5
[2025-01-03T22:05:05.027+0000][3.229s][info ][gc,heap     ] GC(4) Archive regions: 2->2
[2025-01-03T22:05:05.027+0000][3.229s][info ][gc,heap     ] GC(4) Humongous regions: 0->0
[2025-01-03T22:05:05.027+0000][3.229s][info ][gc,metaspace] GC(4) Metaspace: 21274K(21504K)->21274K(21504K) NonClass: 18505K(18624K)->18505K(18624K) Class: 2769K(2880K)->2769K(2880K)
[2025-01-03T22:05:05.027+0000][3.229s][info ][gc          ] GC(4) Pause Young (Concurrent Start) (Metadata GC Threshold) 102M->20M(254M) 10.467ms
[2025-01-03T22:05:05.028+0000][3.230s][info ][gc,cpu      ] GC(4) User=0.03s Sys=0.01s Real=0.01s
[2025-01-03T22:05:05.028+0000][3.230s][info ][gc          ] GC(5) Concurrent Mark Cycle
[2025-01-03T22:05:05.028+0000][3.230s][info ][gc,marking  ] GC(5) Concurrent Clear Claimed Marks
[2025-01-03T22:05:05.028+0000][3.230s][info ][safepoint   ] Safepoint "CollectForMetadataAllocation", Time since last: 274410983 ns, Reaching safepoint: 562114 ns, Cleanup: 57215 ns, At safepoint: 10950661 ns, Total: 11569990 ns
[2025-01-03T22:05:05.028+0000][3.230s][info ][gc,marking  ] GC(5) Concurrent Clear Claimed Marks 0.180ms
[2025-01-03T22:05:05.029+0000][3.230s][info ][gc,marking  ] GC(5) Concurrent Scan Root Regions
[2025-01-03T22:05:05.029+0000][3.231s][debug][safepoint   ] Safepoint synchronization initiated using futex wait barrier. (16 threads)
[2025-01-03T22:05:05.029+0000][3.231s][info ][safepoint   ] Safepoint "CollectForMetadataAllocation", Time since last: 605182 ns, Reaching safepoint: 754390 ns, Cleanup: 3281 ns, At safepoint: 37134 ns, Total: 794805 ns
[2025-01-03T22:05:05.032+0000][3.234s][info ][gc,marking  ] GC(5) Concurrent Scan Root Regions 3.461ms
[2025-01-03T22:05:05.032+0000][3.234s][info ][gc,marking  ] GC(5) Concurrent Mark
[2025-01-03T22:05:05.032+0000][3.234s][info ][gc,marking  ] GC(5) Concurrent Mark From Roots
[2025-01-03T22:05:05.032+0000][3.234s][info ][gc,task     ] GC(5) Using 3 workers of 3 for marking
[2025-01-03T22:05:05.039+0000][3.241s][info ][gc,marking  ] GC(5) Concurrent Mark From Roots 7.030ms
[2025-01-03T22:05:05.040+0000][3.242s][info ][gc,marking  ] GC(5) Concurrent Preclean
[2025-01-03T22:05:05.040+0000][3.242s][info ][gc,marking  ] GC(5) Concurrent Preclean 0.334ms
[2025-01-03T22:05:05.041+0000][3.243s][debug][safepoint   ] Safepoint synchronization initiated using futex wait barrier. (16 threads)
[2025-01-03T22:05:05.041+0000][3.243s][info ][gc,start    ] GC(5) Pause Remark
[2025-01-03T22:05:05.043+0000][3.245s][info ][gc          ] GC(5) Pause Remark 22M->22M(94M) 1.993ms
[2025-01-03T22:05:05.043+0000][3.245s][info ][gc,cpu      ] GC(5) User=0.01s Sys=0.01s Real=0.01s
[2025-01-03T22:05:05.043+0000][3.245s][info ][safepoint   ] Safepoint "G1PauseRemark", Time since last: 11449878 ns, Reaching safepoint: 266229 ns, Cleanup: 3069 ns, At safepoint: 2444443 ns, Total: 2713741 ns
[2025-01-03T22:05:05.044+0000][3.246s][info ][gc,marking  ] GC(5) Concurrent Mark 12.322ms
[2025-01-03T22:05:05.045+0000][3.247s][info ][gc,marking  ] GC(5) Concurrent Rebuild Remembered Sets
[2025-01-03T22:05:05.045+0000][3.246s][debug][safepoint   ] Safepoint synchronization initiated using futex wait barrier. (16 threads)
[2025-01-03T22:05:05.045+0000][3.247s][info ][safepoint   ] Safepoint "CollectForMetadataAllocation", Time since last: 1038082 ns, Reaching safepoint: 842389 ns, Cleanup: 3030 ns, At safepoint: 83839 ns, Total: 929258 ns
[2025-01-03T22:05:05.048+0000][3.250s][info ][gc,marking  ] GC(5) Concurrent Rebuild Remembered Sets 3.239ms
[2025-01-03T22:05:05.051+0000][3.253s][debug][safepoint   ] Safepoint synchronization initiated using futex wait barrier. (16 threads)
[2025-01-03T22:05:05.054+0000][3.256s][info ][gc,start    ] GC(5) Pause Cleanup
[2025-01-03T22:05:05.055+0000][3.257s][info ][gc          ] GC(5) Pause Cleanup 24M->24M(94M) 0.611ms
[2025-01-03T22:05:05.055+0000][3.257s][info ][gc,cpu      ] GC(5) User=0.00s Sys=0.00s Real=0.00s
[2025-01-03T22:05:05.055+0000][3.257s][info ][safepoint   ] Safepoint "G1PauseCleanup", Time since last: 5438078 ns, Reaching safepoint: 3275615 ns, Cleanup: 4401 ns, At safepoint: 1292775 ns, Total: 4572791 ns
[2025-01-03T22:05:05.057+0000][3.259s][info ][gc,marking  ] GC(5) Concurrent Cleanup for Next Mark
[2025-01-03T22:05:05.059+0000][3.261s][info ][gc,marking  ] GC(5) Concurrent Cleanup for Next Mark 1.307ms
[2025-01-03T22:05:05.059+0000][3.261s][info ][gc          ] GC(5) Concurrent Mark Cycle 31.286ms
[2025-01-03T22:05:05.332+0000][3.534s][debug][safepoint   ] Safepoint synchronization initiated using futex wait barrier. (16 threads)
[2025-01-03T22:05:05.333+0000][3.535s][info ][gc,start    ] GC(6) Pause Young (Prepare Mixed) (G1 Preventive Collection)
[2025-01-03T22:05:05.333+0000][3.535s][info ][gc,task     ] GC(6) Using 5 workers of 10 for evacuation
[2025-01-03T22:05:05.341+0000][3.543s][info ][gc,phases   ] GC(6)   Pre Evacuate Collection Set: 0.1ms
[2025-01-03T22:05:05.341+0000][3.543s][info ][gc,phases   ] GC(6)   Merge Heap Roots: 0.1ms
[2025-01-03T22:05:05.341+0000][3.543s][info ][gc,phases   ] GC(6)   Evacuate Collection Set: 6.7ms
[2025-01-03T22:05:05.342+0000][3.543s][info ][gc,phases   ] GC(6)   Post Evacuate Collection Set: 0.7ms
[2025-01-03T22:05:05.342+0000][3.544s][info ][gc,phases   ] GC(6)   Other: 0.4ms
[2025-01-03T22:05:05.342+0000][3.544s][info ][gc,heap     ] GC(6) Eden regions: 25->0(1)
[2025-01-03T22:05:05.342+0000][3.544s][info ][gc,heap     ] GC(6) Survivor regions: 6->3(4)
[2025-01-03T22:05:05.342+0000][3.544s][info ][gc,heap     ] GC(6) Old regions: 5->9
[2025-01-03T22:05:05.342+0000][3.544s][info ][gc,heap     ] GC(6) Archive regions: 2->2
[2025-01-03T22:05:05.342+0000][3.544s][info ][gc,heap     ] GC(6) Humongous regions: 0->0
[2025-01-03T22:05:05.343+0000][3.545s][info ][gc,metaspace] GC(6) Metaspace: 23457K(23744K)->23457K(23744K) NonClass: 20403K(20544K)->20403K(20544K) Class: 3053K(3200K)->3053K(3200K)
[2025-01-03T22:05:05.343+0000][3.545s][info ][gc          ] GC(6) Pause Young (Prepare Mixed) (G1 Preventive Collection) 70M->22M(94M) 10.192ms
[2025-01-03T22:05:05.343+0000][3.545s][info ][gc,cpu      ] GC(6) User=0.07s Sys=0.00s Real=0.01s
[2025-01-03T22:05:05.343+0000][3.545s][info ][safepoint   ] Safepoint "G1CollectForAllocation", Time since last: 276976743 ns, Reaching safepoint: 317339 ns, Cleanup: 95507 ns, At safepoint: 10566173 ns, Total: 10979019 ns
[2025-01-03T22:05:05.353+0000][3.555s][debug][safepoint   ] Safepoint synchronization initiated using futex wait barrier. (16 threads)
[2025-01-03T22:05:05.354+0000][3.556s][info ][gc,start    ] GC(7) Pause Young (Mixed) (G1 Evacuation Pause)
[2025-01-03T22:05:05.354+0000][3.556s][info ][gc,task     ] GC(7) Using 4 workers of 10 for evacuation
[2025-01-03T22:05:05.358+0000][3.560s][info ][gc,phases   ] GC(7)   Pre Evacuate Collection Set: 0.1ms
[2025-01-03T22:05:05.358+0000][3.560s][info ][gc,phases   ] GC(7)   Merge Heap Roots: 0.1ms
[2025-01-03T22:05:05.358+0000][3.560s][info ][gc,phases   ] GC(7)   Evacuate Collection Set: 3.0ms
[2025-01-03T22:05:05.358+0000][3.560s][info ][gc,phases   ] GC(7)   Post Evacuate Collection Set: 0.6ms
[2025-01-03T22:05:05.359+0000][3.560s][info ][gc,phases   ] GC(7)   Other: 0.4ms
[2025-01-03T22:05:05.359+0000][3.561s][info ][gc,heap     ] GC(7) Eden regions: 1->0(24)
[2025-01-03T22:05:05.359+0000][3.561s][info ][gc,heap     ] GC(7) Survivor regions: 3->1(1)
[2025-01-03T22:05:05.359+0000][3.561s][info ][gc,heap     ] GC(7) Old regions: 9->10
[2025-01-03T22:05:05.359+0000][3.561s][info ][gc,heap     ] GC(7) Archive regions: 2->2
[2025-01-03T22:05:05.359+0000][3.561s][info ][gc,heap     ] GC(7) Humongous regions: 0->0
[2025-01-03T22:05:05.360+0000][3.561s][info ][gc,metaspace] GC(7) Metaspace: 23515K(23808K)->23515K(23808K) NonClass: 20455K(20608K)->20455K(20608K) Class: 3059K(3200K)->3059K(3200K)
[2025-01-03T22:05:05.360+0000][3.562s][info ][gc          ] GC(7) Pause Young (Mixed) (G1 Evacuation Pause) 24M->23M(94M) 6.027ms
[2025-01-03T22:05:05.360+0000][3.562s][info ][gc,cpu      ] GC(7) User=0.01s Sys=0.00s Real=0.00s
[2025-01-03T22:05:05.360+0000][3.562s][info ][safepoint   ] Safepoint "G1CollectForAllocation", Time since last: 9923521 ns, Reaching safepoint: 263624 ns, Cleanup: 7990 ns, At safepoint: 6385704 ns, Total: 6657318 ns
[2025-01-03T22:05:05.545+0000][3.747s][debug][safepoint   ] Safepoint synchronization initiated using futex wait barrier. (15 threads)
[2025-01-03T22:05:05.545+0000][3.747s][info ][gc,start    ] GC(8) Pause Young (Normal) (G1 Evacuation Pause)
[2025-01-03T22:05:05.545+0000][3.747s][info ][gc,task     ] GC(8) Using 3 workers of 10 for evacuation
[2025-01-03T22:05:05.550+0000][3.752s][info ][gc,phases   ] GC(8)   Pre Evacuate Collection Set: 0.1ms
[2025-01-03T22:05:05.550+0000][3.752s][info ][gc,phases   ] GC(8)   Merge Heap Roots: 0.1ms
[2025-01-03T22:05:05.550+0000][3.752s][info ][gc,phases   ] GC(8)   Evacuate Collection Set: 3.3ms
[2025-01-03T22:05:05.550+0000][3.752s][info ][gc,phases   ] GC(8)   Post Evacuate Collection Set: 0.8ms
[2025-01-03T22:05:05.551+0000][3.752s][info ][gc,phases   ] GC(8)   Other: 0.4ms
[2025-01-03T22:05:05.551+0000][3.753s][info ][gc,heap     ] GC(8) Eden regions: 24->0(48)
[2025-01-03T22:05:05.551+0000][3.753s][info ][gc,heap     ] GC(8) Survivor regions: 1->2(4)
[2025-01-03T22:05:05.551+0000][3.753s][info ][gc,heap     ] GC(8) Old regions: 10->10
[2025-01-03T22:05:05.551+0000][3.753s][info ][gc,heap     ] GC(8) Archive regions: 2->2
[2025-01-03T22:05:05.551+0000][3.753s][info ][gc,heap     ] GC(8) Humongous regions: 0->0
[2025-01-03T22:05:05.552+0000][3.753s][info ][gc,metaspace] GC(8) Metaspace: 24391K(24704K)->24391K(24704K) NonClass: 21224K(21376K)->21224K(21376K) Class: 3167K(3328K)->3167K(3328K)
[2025-01-03T22:05:05.552+0000][3.754s][info ][gc          ] GC(8) Pause Young (Normal) (G1 Evacuation Pause) 71M->25M(168M) 6.458ms
[2025-01-03T22:05:05.552+0000][3.754s][info ][gc,cpu      ] GC(8) User=0.02s Sys=0.01s Real=0.01s
[2025-01-03T22:05:05.552+0000][3.754s][info ][safepoint   ] Safepoint "G1CollectForAllocation", Time since last: 184847536 ns, Reaching safepoint: 354214 ns, Cleanup: 66981 ns, At safepoint: 6823893 ns, Total: 7245088 ns
[2025-01-03T22:05:05.762+0000][3.964s][debug][safepoint   ] Safepoint synchronization initiated using futex wait barrier. (15 threads)
[2025-01-03T22:05:05.762+0000][3.964s][info ][gc,start    ] GC(9) Pause Young (Normal) (G1 Evacuation Pause)
[2025-01-03T22:05:05.763+0000][3.965s][info ][gc,task     ] GC(9) Using 4 workers of 10 for evacuation
[2025-01-03T22:05:05.769+0000][3.971s][info ][gc,phases   ] GC(9)   Pre Evacuate Collection Set: 0.1ms
[2025-01-03T22:05:05.770+0000][3.972s][info ][gc,phases   ] GC(9)   Merge Heap Roots: 0.1ms
[2025-01-03T22:05:05.770+0000][3.972s][info ][gc,phases   ] GC(9)   Evacuate Collection Set: 5.7ms
[2025-01-03T22:05:05.770+0000][3.972s][info ][gc,phases   ] GC(9)   Post Evacuate Collection Set: 0.8ms
[2025-01-03T22:05:05.770+0000][3.972s][info ][gc,phases   ] GC(9)   Other: 0.3ms
[2025-01-03T22:05:05.770+0000][3.972s][info ][gc,heap     ] GC(9) Eden regions: 48->0(43)
[2025-01-03T22:05:05.770+0000][3.972s][info ][gc,heap     ] GC(9) Survivor regions: 2->7(7)
[2025-01-03T22:05:05.770+0000][3.972s][info ][gc,heap     ] GC(9) Old regions: 10->11
[2025-01-03T22:05:05.770+0000][3.972s][info ][gc,heap     ] GC(9) Archive regions: 2->2
[2025-01-03T22:05:05.771+0000][3.973s][info ][gc,heap     ] GC(9) Humongous regions: 0->0
[2025-01-03T22:05:05.771+0000][3.973s][info ][gc,metaspace] GC(9) Metaspace: 24514K(24896K)->24514K(24896K) NonClass: 21328K(21504K)->21328K(21504K) Class: 3186K(3392K)->3186K(3392K)
[2025-01-03T22:05:05.771+0000][3.973s][info ][gc          ] GC(9) Pause Young (Normal) (G1 Evacuation Pause) 121M->36M(168M) 8.456ms
[2025-01-03T22:05:05.771+0000][3.973s][info ][gc,cpu      ] GC(9) User=0.03s Sys=0.01s Real=0.00s
[2025-01-03T22:05:05.771+0000][3.973s][info ][safepoint   ] Safepoint "G1CollectForAllocation", Time since last: 210056761 ns, Reaching safepoint: 259378 ns, Cleanup: 33766 ns, At safepoint: 8848345 ns, Total: 9141489 ns
[2025-01-03T22:05:05.974+0000][4.176s][debug][safepoint   ] Safepoint synchronization initiated using futex wait barrier. (15 threads)
[2025-01-03T22:05:05.974+0000][4.176s][info ][gc,start    ] GC(10) Pause Young (Normal) (G1 Evacuation Pause)
[2025-01-03T22:05:05.974+0000][4.176s][info ][gc,task     ] GC(10) Using 4 workers of 10 for evacuation
[2025-01-03T22:05:05.985+0000][4.187s][info ][gc,phases   ] GC(10)   Pre Evacuate Collection Set: 0.1ms
[2025-01-03T22:05:05.986+0000][4.188s][info ][gc,phases   ] GC(10)   Merge Heap Roots: 0.1ms
[2025-01-03T22:05:05.986+0000][4.188s][info ][gc,phases   ] GC(10)   Evacuate Collection Set: 9.5ms
[2025-01-03T22:05:05.986+0000][4.188s][info ][gc,phases   ] GC(10)   Post Evacuate Collection Set: 1.4ms
[2025-01-03T22:05:05.986+0000][4.188s][info ][gc,phases   ] GC(10)   Other: 0.3ms
[2025-01-03T22:05:05.986+0000][4.188s][info ][gc,heap     ] GC(10) Eden regions: 43->0(40)
[2025-01-03T22:05:05.986+0000][4.188s][info ][gc,heap     ] GC(10) Survivor regions: 7->5(7)
[2025-01-03T22:05:05.987+0000][4.189s][info ][gc,heap     ] GC(10) Old regions: 11->18
[2025-01-03T22:05:05.987+0000][4.189s][info ][gc,heap     ] GC(10) Archive regions: 2->2
[2025-01-03T22:05:05.987+0000][4.189s][info ][gc,heap     ] GC(10) Humongous regions: 0->0
[2025-01-03T22:05:05.987+0000][4.189s][info ][gc,metaspace] GC(10) Metaspace: 24777K(25152K)->24777K(25152K) NonClass: 21548K(21760K)->21548K(21760K) Class: 3228K(3392K)->3228K(3392K)
[2025-01-03T22:05:05.987+0000][4.189s][info ][gc          ] GC(10) Pause Young (Normal) (G1 Evacuation Pause) 122M->46M(168M) 13.066ms
[2025-01-03T22:05:05.987+0000][4.189s][info ][gc,cpu      ] GC(10) User=0.07s Sys=0.00s Real=0.01s
[2025-01-03T22:05:05.987+0000][4.189s][info ][safepoint   ] Safepoint "G1CollectForAllocation", Time since last: 202490101 ns, Reaching safepoint: 239697 ns, Cleanup: 58122 ns, At safepoint: 13400446 ns, Total: 13698265 ns
[2025-01-03T22:05:06.169+0000][4.371s][debug][safepoint   ] Safepoint synchronization initiated using futex wait barrier. (15 threads)
[2025-01-03T22:05:06.170+0000][4.372s][info ][safepoint   ] Safepoint "ICBufferFull", Time since last: 181798510 ns, Reaching safepoint: 211688 ns, Cleanup: 100322 ns, At safepoint: 2267 ns, Total: 314277 ns
[2025-01-03T22:05:06.318+0000][4.520s][debug][safepoint   ] Safepoint synchronization initiated using futex wait barrier. (15 threads)
[2025-01-03T22:05:06.318+0000][4.520s][info ][gc,start    ] GC(11) Pause Young (Normal) (G1 Evacuation Pause)
[2025-01-03T22:05:06.318+0000][4.520s][info ][gc,task     ] GC(11) Using 4 workers of 10 for evacuation
[2025-01-03T22:05:06.326+0000][4.528s][info ][gc,phases   ] GC(11)   Pre Evacuate Collection Set: 0.1ms
[2025-01-03T22:05:06.326+0000][4.528s][info ][gc,phases   ] GC(11)   Merge Heap Roots: 0.1ms
[2025-01-03T22:05:06.326+0000][4.528s][info ][gc,phases   ] GC(11)   Evacuate Collection Set: 5.9ms
[2025-01-03T22:05:06.326+0000][4.528s][info ][gc,phases   ] GC(11)   Post Evacuate Collection Set: 1.1ms
[2025-01-03T22:05:06.327+0000][4.528s][info ][gc,phases   ] GC(11)   Other: 0.4ms
[2025-01-03T22:05:06.327+0000][4.529s][info ][gc,heap     ] GC(11) Eden regions: 40->0(39)
[2025-01-03T22:05:06.327+0000][4.529s][info ][gc,heap     ] GC(11) Survivor regions: 5->3(6)
[2025-01-03T22:05:06.327+0000][4.529s][info ][gc,heap     ] GC(11) Old regions: 18->22
[2025-01-03T22:05:06.327+0000][4.529s][info ][gc,heap     ] GC(11) Archive regions: 2->2
[2025-01-03T22:05:06.327+0000][4.529s][info ][gc,heap     ] GC(11) Humongous regions: 0->0
[2025-01-03T22:05:06.327+0000][4.529s][info ][gc,metaspace] GC(11) Metaspace: 25144K(25536K)->25144K(25536K) NonClass: 21891K(22080K)->21891K(22080K) Class: 3253K(3456K)->3253K(3456K)
[2025-01-03T22:05:06.328+0000][4.530s][info ][gc          ] GC(11) Pause Young (Normal) (G1 Evacuation Pause) 126M->51M(168M) 9.416ms
[2025-01-03T22:05:06.328+0000][4.530s][info ][gc,cpu      ] GC(11) User=0.05s Sys=0.00s Real=0.01s
[2025-01-03T22:05:06.328+0000][4.530s][info ][safepoint   ] Safepoint "G1CollectForAllocation", Time since last: 148233886 ns, Reaching safepoint: 270143 ns, Cleanup: 68216 ns, At safepoint: 9819360 ns, Total: 10157719 ns
[2025-01-03T22:05:06.576+0000][4.778s][debug][safepoint   ] Safepoint synchronization initiated using futex wait barrier. (15 threads)
[2025-01-03T22:05:06.577+0000][4.779s][info ][gc,start    ] GC(12) Pause Young (Normal) (G1 Evacuation Pause)
[2025-01-03T22:05:06.577+0000][4.779s][info ][gc,task     ] GC(12) Using 4 workers of 10 for evacuation
[2025-01-03T22:05:06.582+0000][4.784s][info ][gc,phases   ] GC(12)   Pre Evacuate Collection Set: 0.1ms
[2025-01-03T22:05:06.582+0000][4.784s][info ][gc,phases   ] GC(12)   Merge Heap Roots: 0.1ms
[2025-01-03T22:05:06.582+0000][4.784s][info ][gc,phases   ] GC(12)   Evacuate Collection Set: 3.9ms
[2025-01-03T22:05:06.583+0000][4.785s][info ][gc,phases   ] GC(12)   Post Evacuate Collection Set: 1.0ms
[2025-01-03T22:05:06.583+0000][4.785s][info ][gc,phases   ] GC(12)   Other: 0.3ms
[2025-01-03T22:05:06.583+0000][4.785s][info ][gc,heap     ] GC(12) Eden regions: 39->0(58)
[2025-01-03T22:05:06.583+0000][4.785s][info ][gc,heap     ] GC(12) Survivor regions: 3->4(6)
[2025-01-03T22:05:06.583+0000][4.785s][info ][gc,heap     ] GC(12) Old regions: 22->22
[2025-01-03T22:05:06.583+0000][4.785s][info ][gc,heap     ] GC(12) Archive regions: 2->2
[2025-01-03T22:05:06.583+0000][4.785s][info ][gc,heap     ] GC(12) Humongous regions: 0->0
[2025-01-03T22:05:06.584+0000][4.785s][info ][gc,metaspace] GC(12) Metaspace: 25181K(25600K)->25181K(25600K) NonClass: 21925K(22144K)->21925K(22144K) Class: 3256K(3456K)->3256K(3456K)
[2025-01-03T22:05:06.584+0000][4.786s][info ][gc          ] GC(12) Pause Young (Normal) (G1 Evacuation Pause) 129M->53M(216M) 6.840ms
[2025-01-03T22:05:06.584+0000][4.786s][info ][gc,cpu      ] GC(12) User=0.01s Sys=0.02s Real=0.01s
[2025-01-03T22:05:06.584+0000][4.786s][info ][safepoint   ] Safepoint "G1CollectForAllocation", Time since last: 248424039 ns, Reaching safepoint: 312758 ns, Cleanup: 93103 ns, At safepoint: 7177085 ns, Total: 7582946 ns
[2025-01-03T22:05:06.951+0000][5.153s][debug][safepoint   ] Safepoint synchronization initiated using futex wait barrier. (15 threads)
[2025-01-03T22:05:06.952+0000][5.154s][info ][gc,start    ] GC(13) Pause Young (Normal) (G1 Evacuation Pause)
[2025-01-03T22:05:06.952+0000][5.154s][info ][gc,task     ] GC(13) Using 5 workers of 10 for evacuation
[2025-01-03T22:05:06.956+0000][5.158s][info ][gc,phases   ] GC(13)   Pre Evacuate Collection Set: 0.1ms
[2025-01-03T22:05:06.957+0000][5.159s][info ][gc,phases   ] GC(13)   Merge Heap Roots: 0.1ms
[2025-01-03T22:05:06.957+0000][5.159s][info ][gc,phases   ] GC(13)   Evacuate Collection Set: 3.4ms
[2025-01-03T22:05:06.957+0000][5.159s][info ][gc,phases   ] GC(13)   Post Evacuate Collection Set: 0.8ms
[2025-01-03T22:05:06.957+0000][5.159s][info ][gc,phases   ] GC(13)   Other: 0.4ms
[2025-01-03T22:05:06.957+0000][5.159s][info ][gc,heap     ] GC(13) Eden regions: 58->0(58)
[2025-01-03T22:05:06.957+0000][5.159s][info ][gc,heap     ] GC(13) Survivor regions: 4->5(8)
[2025-01-03T22:05:06.957+0000][5.159s][info ][gc,heap     ] GC(13) Old regions: 22->22
[2025-01-03T22:05:06.958+0000][5.160s][info ][gc,heap     ] GC(13) Archive regions: 2->2
[2025-01-03T22:05:06.958+0000][5.160s][info ][gc,heap     ] GC(13) Humongous regions: 0->0
[2025-01-03T22:05:06.958+0000][5.160s][info ][gc,metaspace] GC(13) Metaspace: 26850K(27200K)->26850K(27200K) NonClass: 23461K(23616K)->23461K(23616K) Class: 3389K(3584K)->3389K(3584K)
[2025-01-03T22:05:06.958+0000][5.160s][info ][gc          ] GC(13) Pause Young (Normal) (G1 Evacuation Pause) 169M->55M(216M) 6.188ms
[2025-01-03T22:05:06.958+0000][5.160s][info ][gc,cpu      ] GC(13) User=0.02s Sys=0.00s Real=0.00s
[2025-01-03T22:05:06.958+0000][5.160s][info ][safepoint   ] Safepoint "G1CollectForAllocation", Time since last: 367492391 ns, Reaching safepoint: 249774 ns, Cleanup: 88568 ns, At safepoint: 6502552 ns, Total: 6840894 ns
[2025-01-03T22:05:07.294+0000][5.496s][debug][safepoint   ] Safepoint synchronization initiated using futex wait barrier. (15 threads)
[2025-01-03T22:05:07.295+0000][5.497s][info ][gc,start    ] GC(14) Pause Young (Normal) (G1 Evacuation Pause)
[2025-01-03T22:05:07.296+0000][5.498s][info ][gc,task     ] GC(14) Using 5 workers of 10 for evacuation
[2025-01-03T22:05:07.300+0000][5.502s][info ][gc,phases   ] GC(14)   Pre Evacuate Collection Set: 0.1ms
[2025-01-03T22:05:07.300+0000][5.502s][info ][gc,phases   ] GC(14)   Merge Heap Roots: 0.1ms
[2025-01-03T22:05:07.301+0000][5.503s][info ][gc,phases   ] GC(14)   Evacuate Collection Set: 3.3ms
[2025-01-03T22:05:07.301+0000][5.503s][info ][gc,phases   ] GC(14)   Post Evacuate Collection Set: 0.9ms
[2025-01-03T22:05:07.301+0000][5.503s][info ][gc,phases   ] GC(14)   Other: 0.7ms
[2025-01-03T22:05:07.301+0000][5.503s][info ][gc,heap     ] GC(14) Eden regions: 58->0(58)
[2025-01-03T22:05:07.301+0000][5.503s][info ][gc,heap     ] GC(14) Survivor regions: 5->4(8)
[2025-01-03T22:05:07.302+0000][5.504s][info ][gc,heap     ] GC(14) Old regions: 22->25
[2025-01-03T22:05:07.302+0000][5.504s][info ][gc,heap     ] GC(14) Archive regions: 2->2
[2025-01-03T22:05:07.302+0000][5.504s][info ][gc,heap     ] GC(14) Humongous regions: 0->0
[2025-01-03T22:05:07.302+0000][5.504s][info ][gc,metaspace] GC(14) Metaspace: 28550K(28928K)->28550K(28928K) NonClass: 24950K(25152K)->24950K(25152K) Class: 3599K(3776K)->3599K(3776K)
[2025-01-03T22:05:07.302+0000][5.504s][info ][gc          ] GC(14) Pause Young (Normal) (G1 Evacuation Pause) 171M->57M(216M) 7.079ms
[2025-01-03T22:05:07.302+0000][5.504s][info ][gc,cpu      ] GC(14) User=0.04s Sys=0.00s Real=0.01s
[2025-01-03T22:05:07.303+0000][5.505s][info ][safepoint   ] Safepoint "G1CollectForAllocation", Time since last: 335928579 ns, Reaching safepoint: 753889 ns, Cleanup: 89571 ns, At safepoint: 7525253 ns, Total: 8368713 ns
[2025-01-03T22:05:07.799+0000][6.001s][debug][safepoint   ] Safepoint synchronization initiated using futex wait barrier. (15 threads)
[2025-01-03T22:05:07.800+0000][6.002s][info ][gc,start    ] GC(15) Pause Young (Normal) (G1 Evacuation Pause)
[2025-01-03T22:05:07.800+0000][6.002s][info ][gc,task     ] GC(15) Using 5 workers of 10 for evacuation
[2025-01-03T22:05:07.804+0000][6.006s][info ][gc,phases   ] GC(15)   Pre Evacuate Collection Set: 0.1ms
[2025-01-03T22:05:07.804+0000][6.006s][info ][gc,phases   ] GC(15)   Merge Heap Roots: 0.1ms
[2025-01-03T22:05:07.804+0000][6.006s][info ][gc,phases   ] GC(15)   Evacuate Collection Set: 2.9ms
[2025-01-03T22:05:07.804+0000][6.006s][info ][gc,phases   ] GC(15)   Post Evacuate Collection Set: 0.9ms
[2025-01-03T22:05:07.805+0000][6.007s][info ][gc,phases   ] GC(15)   Other: 0.4ms
[2025-01-03T22:05:07.805+0000][6.007s][info ][gc,heap     ] GC(15) Eden regions: 58->0(59)
[2025-01-03T22:05:07.805+0000][6.007s][info ][gc,heap     ] GC(15) Survivor regions: 4->4(8)
[2025-01-03T22:05:07.805+0000][6.007s][info ][gc,heap     ] GC(15) Old regions: 25->25
[2025-01-03T22:05:07.805+0000][6.007s][info ][gc,heap     ] GC(15) Archive regions: 2->2
[2025-01-03T22:05:07.805+0000][6.007s][info ][gc,heap     ] GC(15) Humongous regions: 0->0
[2025-01-03T22:05:07.806+0000][6.007s][info ][gc,metaspace] GC(15) Metaspace: 33795K(34176K)->33795K(34176K) NonClass: 29617K(29824K)->29617K(29824K) Class: 4178K(4352K)->4178K(4352K)
[2025-01-03T22:05:07.806+0000][6.008s][info ][gc          ] GC(15) Pause Young (Normal) (G1 Evacuation Pause) 173M->57M(216M) 6.034ms
[2025-01-03T22:05:07.806+0000][6.008s][info ][gc,cpu      ] GC(15) User=0.03s Sys=0.00s Real=0.01s
[2025-01-03T22:05:07.806+0000][6.008s][info ][safepoint   ] Safepoint "G1CollectForAllocation", Time since last: 496697191 ns, Reaching safepoint: 246066 ns, Cleanup: 127872 ns, At safepoint: 6631228 ns, Total: 7005166 ns
[2025-01-03T22:05:08.344+0000][6.546s][debug][safepoint   ] Safepoint synchronization initiated using futex wait barrier. (15 threads)
[2025-01-03T22:05:08.345+0000][6.547s][info ][safepoint   ] Safepoint "ICBufferFull", Time since last: 537329614 ns, Reaching safepoint: 1468675 ns, Cleanup: 174357 ns, At safepoint: 15845 ns, Total: 1658877 ns
[2025-01-03T22:05:08.355+0000][6.557s][debug][safepoint   ] Safepoint synchronization initiated using futex wait barrier. (15 threads)
[2025-01-03T22:05:08.356+0000][6.558s][info ][gc,start    ] GC(16) Pause Young (Normal) (G1 Evacuation Pause)
[2025-01-03T22:05:08.356+0000][6.558s][info ][gc,task     ] GC(16) Using 5 workers of 10 for evacuation
[2025-01-03T22:05:08.361+0000][6.563s][info ][gc,phases   ] GC(16)   Pre Evacuate Collection Set: 0.1ms
[2025-01-03T22:05:08.361+0000][6.563s][info ][gc,phases   ] GC(16)   Merge Heap Roots: 0.1ms
[2025-01-03T22:05:08.361+0000][6.563s][info ][gc,phases   ] GC(16)   Evacuate Collection Set: 3.6ms
[2025-01-03T22:05:08.362+0000][6.564s][info ][gc,phases   ] GC(16)   Post Evacuate Collection Set: 0.7ms
[2025-01-03T22:05:08.362+0000][6.564s][info ][gc,phases   ] GC(16)   Other: 0.5ms
[2025-01-03T22:05:08.362+0000][6.564s][info ][gc,heap     ] GC(16) Eden regions: 59->0(60)
[2025-01-03T22:05:08.362+0000][6.564s][info ][gc,heap     ] GC(16) Survivor regions: 4->4(8)
[2025-01-03T22:05:08.362+0000][6.564s][info ][gc,heap     ] GC(16) Old regions: 25->25
[2025-01-03T22:05:08.363+0000][6.565s][info ][gc,heap     ] GC(16) Archive regions: 2->2
[2025-01-03T22:05:08.363+0000][6.565s][info ][gc,heap     ] GC(16) Humongous regions: 0->0
[2025-01-03T22:05:08.363+0000][6.565s][info ][gc,metaspace] GC(16) Metaspace: 34842K(35264K)->34842K(35264K) NonClass: 30515K(30720K)->30515K(30720K) Class: 4326K(4544K)->4326K(4544K)
[2025-01-03T22:05:08.363+0000][6.565s][info ][gc          ] GC(16) Pause Young (Normal) (G1 Evacuation Pause) 175M->58M(216M) 7.644ms
[2025-01-03T22:05:08.364+0000][6.566s][info ][gc,cpu      ] GC(16) User=0.04s Sys=0.00s Real=0.01s
[2025-01-03T22:05:08.364+0000][6.566s][info ][safepoint   ] Safepoint "G1CollectForAllocation", Time since last: 10001846 ns, Reaching safepoint: 302205 ns, Cleanup: 22214 ns, At safepoint: 8288838 ns, Total: 8613257 ns
[2025-01-03T22:05:08.612+0000][6.814s][debug][safepoint   ] Safepoint synchronization initiated using futex wait barrier. (15 threads)
[2025-01-03T22:05:08.613+0000][6.815s][info ][gc,start    ] GC(17) Pause Young (Concurrent Start) (Metadata GC Threshold)
[2025-01-03T22:05:08.614+0000][6.816s][info ][gc,task     ] GC(17) Using 5 workers of 10 for evacuation
[2025-01-03T22:05:08.619+0000][6.821s][info ][gc,phases   ] GC(17)   Pre Evacuate Collection Set: 0.1ms
[2025-01-03T22:05:08.619+0000][6.821s][info ][gc,phases   ] GC(17)   Merge Heap Roots: 0.1ms
[2025-01-03T22:05:08.619+0000][6.821s][info ][gc,phases   ] GC(17)   Evacuate Collection Set: 4.0ms
[2025-01-03T22:05:08.619+0000][6.821s][info ][gc,phases   ] GC(17)   Post Evacuate Collection Set: 0.8ms
[2025-01-03T22:05:09.087+0000][6.823s][info ][gc,phases   ] GC(17)   Other: 1.3ms
[2025-01-03T22:05:09.087+0000][6.823s][info ][gc,heap     ] GC(17) Eden regions: 20->0(60)
[2025-01-03T22:05:09.087+0000][6.823s][info ][gc,heap     ] GC(17) Survivor regions: 4->4(8)
[2025-01-03T22:05:09.088+0000][6.824s][info ][gc,heap     ] GC(17) Old regions: 25->25
[2025-01-03T22:05:09.088+0000][6.824s][info ][gc,heap     ] GC(17) Archive regions: 2->2
[2025-01-03T22:05:09.088+0000][6.824s][info ][gc,heap     ] GC(17) Humongous regions: 0->0
[2025-01-03T22:05:09.089+0000][6.825s][info ][gc,metaspace] GC(17) Metaspace: 36012K(36416K)->36012K(36416K) NonClass: 31547K(31744K)->31547K(31744K) Class: 4464K(4672K)->4464K(4672K)
[2025-01-03T22:05:09.089+0000][6.825s][info ][gc          ] GC(17) Pause Young (Concurrent Start) (Metadata GC Threshold) 98M->58M(216M) 10.437ms
[2025-01-03T22:05:09.089+0000][6.825s][info ][gc,cpu      ] GC(17) User=0.05s Sys=0.00s Real=0.01s
[2025-01-03T22:05:09.090+0000][6.826s][info ][safepoint   ] Safepoint "CollectForMetadataAllocation", Time since last: 247734861 ns, Reaching safepoint: 829613 ns, Cleanup: 83483 ns, At safepoint: 11508545 ns, Total: 12421641 ns
[2025-01-03T22:05:09.090+0000][6.826s][info ][gc          ] GC(18) Concurrent Mark Cycle
[2025-01-03T22:05:09.091+0000][6.827s][info ][gc,marking  ] GC(18) Concurrent Clear Claimed Marks
[2025-01-03T22:05:09.091+0000][6.827s][info ][gc,marking  ] GC(18) Concurrent Clear Claimed Marks 0.413ms
[2025-01-03T22:05:09.093+0000][6.829s][info ][gc,marking  ] GC(18) Concurrent Scan Root Regions
[2025-01-03T22:05:09.095+0000][6.831s][info ][gc,marking  ] GC(18) Concurrent Scan Root Regions 2.592ms
[2025-01-03T22:05:09.095+0000][6.831s][info ][gc,marking  ] GC(18) Concurrent Mark
[2025-01-03T22:05:09.096+0000][6.831s][info ][gc,marking  ] GC(18) Concurrent Mark From Roots
[2025-01-03T22:05:09.096+0000][6.832s][info ][gc,task     ] GC(18) Using 3 workers of 3 for marking
[2025-01-03T22:05:09.126+0000][6.862s][info ][gc,marking  ] GC(18) Concurrent Mark From Roots 30.332ms
[2025-01-03T22:05:09.126+0000][6.862s][info ][gc,marking  ] GC(18) Concurrent Preclean
[2025-01-03T22:05:09.128+0000][6.864s][info ][gc,marking  ] GC(18) Concurrent Preclean 2.140ms
[2025-01-03T22:05:09.128+0000][6.864s][debug][safepoint   ] Safepoint synchronization initiated using futex wait barrier. (15 threads)
[2025-01-03T22:05:09.129+0000][6.865s][info ][gc,start    ] GC(18) Pause Remark
[2025-01-03T22:05:09.131+0000][6.867s][info ][gc          ] GC(18) Pause Remark 64M->64M(216M) 2.637ms
[2025-01-03T22:05:09.132+0000][6.868s][info ][gc,cpu      ] GC(18) User=0.01s Sys=0.00s Real=0.00s
[2025-01-03T22:05:09.132+0000][6.868s][info ][safepoint   ] Safepoint "G1PauseRemark", Time since last: 38333160 ns, Reaching safepoint: 264772 ns, Cleanup: 11677 ns, At safepoint: 3036309 ns, Total: 3312758 ns
[2025-01-03T22:05:09.132+0000][6.868s][info ][gc,marking  ] GC(18) Concurrent Mark 36.538ms
[2025-01-03T22:05:09.132+0000][6.868s][info ][gc,marking  ] GC(18) Concurrent Rebuild Remembered Sets
[2025-01-03T22:05:09.768+0000][6.882s][info ][gc,marking  ] GC(18) Concurrent Rebuild Remembered Sets 14.018ms
[2025-01-03T22:05:09.768+0000][6.882s][debug][safepoint   ] Safepoint synchronization initiated using futex wait barrier. (15 threads)
[2025-01-03T22:05:09.768+0000][6.882s][debug][safepoint   ] ... found polling page loop exception at pc = 0x00007fa3fd34269c, stub =0x00007fa3fcb10400
[2025-01-03T22:05:09.768+0000][6.883s][info ][gc,start    ] GC(18) Pause Cleanup
[2025-01-03T22:05:09.768+0000][6.883s][info ][gc          ] GC(18) Pause Cleanup 66M->66M(216M) 0.232ms
[2025-01-03T22:05:09.769+0000][6.883s][info ][gc,cpu      ] GC(18) User=0.00s Sys=0.00s Real=0.00s
[2025-01-03T22:05:09.769+0000][6.883s][info ][safepoint   ] Safepoint "G1PauseCleanup", Time since last: 14558727 ns, Reaching safepoint: 304646 ns, Cleanup: 2982 ns, At safepoint: 519548 ns, Total: 827176 ns
[2025-01-03T22:05:09.769+0000][6.883s][info ][gc,marking  ] GC(18) Concurrent Cleanup for Next Mark
[2025-01-03T22:05:09.770+0000][6.885s][info ][gc,marking  ] GC(18) Concurrent Cleanup for Next Mark 1.335ms
[2025-01-03T22:05:09.770+0000][6.885s][info ][gc          ] GC(18) Concurrent Mark Cycle 58.666ms
[2025-01-03T22:05:10.083+0000][7.198s][debug][safepoint   ] Safepoint synchronization initiated using futex wait barrier. (15 threads)
[2025-01-03T22:05:10.084+0000][7.198s][info ][gc,start    ] GC(19) Pause Young (Prepare Mixed) (G1 Evacuation Pause)
[2025-01-03T22:05:10.084+0000][7.198s][info ][gc,task     ] GC(19) Using 5 workers of 10 for evacuation
[2025-01-03T22:05:10.089+0000][7.203s][info ][gc,phases   ] GC(19)   Pre Evacuate Collection Set: 0.1ms
[2025-01-03T22:05:10.089+0000][7.203s][info ][gc,phases   ] GC(19)   Merge Heap Roots: 0.1ms
[2025-01-03T22:05:10.089+0000][7.204s][info ][gc,phases   ] GC(19)   Evacuate Collection Set: 4.0ms
[2025-01-03T22:05:10.089+0000][7.204s][info ][gc,phases   ] GC(19)   Post Evacuate Collection Set: 0.8ms
[2025-01-03T22:05:10.090+0000][7.204s][info ][gc,phases   ] GC(19)   Other: 0.4ms
[2025-01-03T22:05:10.090+0000][7.204s][info ][gc,heap     ] GC(19) Eden regions: 60->0(1)
[2025-01-03T22:05:10.090+0000][7.204s][info ][gc,heap     ] GC(19) Survivor regions: 4->5(8)
[2025-01-03T22:05:10.090+0000][7.204s][info ][gc,heap     ] GC(19) Old regions: 25->25
[2025-01-03T22:05:10.090+0000][7.204s][info ][gc,heap     ] GC(19) Archive regions: 2->2
[2025-01-03T22:05:10.090+0000][7.204s][info ][gc,heap     ] GC(19) Humongous regions: 0->0
[2025-01-03T22:05:10.090+0000][7.205s][info ][gc,metaspace] GC(19) Metaspace: 38798K(39168K)->38798K(39168K) NonClass: 33904K(34112K)->33904K(34112K) Class: 4894K(5056K)->4894K(5056K)
[2025-01-03T22:05:10.090+0000][7.205s][info ][gc          ] GC(19) Pause Young (Prepare Mixed) (G1 Evacuation Pause) 178M->59M(216M) 6.784ms
[2025-01-03T22:05:10.091+0000][7.205s][info ][gc,cpu      ] GC(19) User=0.03s Sys=0.00s Real=0.01s
[2025-01-03T22:05:10.091+0000][7.205s][info ][safepoint   ] Safepoint "G1CollectForAllocation", Time since last: 314552238 ns, Reaching safepoint: 257622 ns, Cleanup: 83366 ns, At safepoint: 7081135 ns, Total: 7422123 ns
[2025-01-03T22:05:10.100+0000][7.214s][debug][safepoint   ] Safepoint synchronization initiated using futex wait barrier. (15 threads)
[2025-01-03T22:05:10.100+0000][7.215s][info ][gc,start    ] GC(20) Pause Young (Mixed) (G1 Evacuation Pause)
[2025-01-03T22:05:10.100+0000][7.215s][info ][gc,task     ] GC(20) Using 5 workers of 10 for evacuation
[2025-01-03T22:05:10.105+0000][7.219s][info ][gc,phases   ] GC(20)   Pre Evacuate Collection Set: 0.1ms
[2025-01-03T22:05:10.105+0000][7.219s][info ][gc,phases   ] GC(20)   Merge Heap Roots: 0.1ms
[2025-01-03T22:05:10.105+0000][7.219s][info ][gc,phases   ] GC(20)   Evacuate Collection Set: 3.7ms
[2025-01-03T22:05:10.105+0000][7.220s][info ][gc,phases   ] GC(20)   Post Evacuate Collection Set: 0.6ms
[2025-01-03T22:05:10.105+0000][7.220s][info ][gc,phases   ] GC(20)   Other: 0.3ms
[2025-01-03T22:05:10.105+0000][7.220s][info ][gc,heap     ] GC(20) Eden regions: 1->0(77)
[2025-01-03T22:05:10.106+0000][7.220s][info ][gc,heap     ] GC(20) Survivor regions: 5->1(1)
[2025-01-03T22:05:10.106+0000][7.220s][info ][gc,heap     ] GC(20) Old regions: 25->28
[2025-01-03T22:05:10.106+0000][7.220s][info ][gc,heap     ] GC(20) Archive regions: 2->2
[2025-01-03T22:05:10.106+0000][7.220s][info ][gc,heap     ] GC(20) Humongous regions: 0->0
[2025-01-03T22:05:10.106+0000][7.220s][info ][gc,metaspace] GC(20) Metaspace: 38803K(39168K)->38803K(39168K) NonClass: 33909K(34112K)->33909K(34112K) Class: 4894K(5056K)->4894K(5056K)
[2025-01-03T22:05:10.106+0000][7.220s][info ][gc          ] GC(20) Pause Young (Mixed) (G1 Evacuation Pause) 61M->58M(260M) 5.743ms
[2025-01-03T22:05:10.106+0000][7.220s][info ][gc,cpu      ] GC(20) User=0.02s Sys=0.00s Real=0.00s
[2025-01-03T22:05:10.106+0000][7.221s][info ][safepoint   ] Safepoint "G1CollectForAllocation", Time since last: 9346698 ns, Reaching safepoint: 188099 ns, Cleanup: 5712 ns, At safepoint: 5964284 ns, Total: 6158095 ns
[2025-01-03T22:05:10.770+0000][7.884s][debug][safepoint   ] Safepoint synchronization initiated using futex wait barrier. (15 threads)
[2025-01-03T22:05:10.770+0000][7.885s][info ][safepoint   ] Safepoint "ICBufferFull", Time since last: 663626555 ns, Reaching safepoint: 209338 ns, Cleanup: 144837 ns, At safepoint: 2471 ns, Total: 356646 ns
[2025-01-03T22:05:10.770+0000][7.885s][debug][safepoint   ] Safepoint synchronization initiated using futex wait barrier. (15 threads)
[2025-01-03T22:05:10.771+0000][7.885s][info ][safepoint   ] Safepoint "ICBufferFull", Time since last: 210124 ns, Reaching safepoint: 205194 ns, Cleanup: 7662 ns, At safepoint: 10837 ns, Total: 223693 ns
[2025-01-03T22:05:10.784+0000][7.898s][debug][safepoint   ] ... found polling page loop exception at pc = 0x00007fa3fd15fc9a, stub =0x00007fa3fcb10400
[2025-01-03T22:05:10.888+0000][8.002s][debug][safepoint   ] Safepoint synchronization initiated using futex wait barrier. (15 threads)
[2025-01-03T22:05:10.888+0000][8.002s][info ][gc,start    ] GC(21) Pause Young (Normal) (G1 Evacuation Pause)
[2025-01-03T22:05:10.888+0000][8.002s][info ][gc,task     ] GC(21) Using 6 workers of 10 for evacuation
[2025-01-03T22:05:10.891+0000][8.005s][info ][gc,phases   ] GC(21)   Pre Evacuate Collection Set: 0.1ms
[2025-01-03T22:05:10.891+0000][8.005s][info ][gc,phases   ] GC(21)   Merge Heap Roots: 0.1ms
[2025-01-03T22:05:10.891+0000][8.005s][info ][gc,phases   ] GC(21)   Evacuate Collection Set: 1.7ms
[2025-01-03T22:05:10.891+0000][8.006s][info ][gc,phases   ] GC(21)   Post Evacuate Collection Set: 0.7ms
[2025-01-03T22:05:10.891+0000][8.006s][info ][gc,phases   ] GC(21)   Other: 0.4ms
[2025-01-03T22:05:10.891+0000][8.006s][info ][gc,heap     ] GC(21) Eden regions: 77->0(76)
[2025-01-03T22:05:10.892+0000][8.006s][info ][gc,heap     ] GC(21) Survivor regions: 1->2(10)
[2025-01-03T22:05:10.892+0000][8.006s][info ][gc,heap     ] GC(21) Old regions: 28->28
[2025-01-03T22:05:10.892+0000][8.006s][info ][gc,heap     ] GC(21) Archive regions: 2->2
[2025-01-03T22:05:10.892+0000][8.006s][info ][gc,heap     ] GC(21) Humongous regions: 0->0
[2025-01-03T22:05:10.892+0000][8.006s][info ][gc,metaspace] GC(21) Metaspace: 41957K(42368K)->41957K(42368K) NonClass: 36647K(36864K)->36647K(36864K) Class: 5310K(5504K)->5310K(5504K)
[2025-01-03T22:05:10.892+0000][8.006s][info ][gc          ] GC(21) Pause Young (Normal) (G1 Evacuation Pause) 212M->59M(260M) 4.129ms
[2025-01-03T22:05:10.892+0000][8.006s][info ][gc,cpu      ] GC(21) User=0.03s Sys=0.00s Real=0.01s
[2025-01-03T22:05:10.892+0000][8.007s][info ][safepoint   ] Safepoint "G1CollectForAllocation", Time since last: 116919773 ns, Reaching safepoint: 248073 ns, Cleanup: 57128 ns, At safepoint: 4523991 ns, Total: 4829192 ns
[2025-01-03T22:05:11.453+0000][8.567s][debug][safepoint   ] Safepoint synchronization initiated using futex wait barrier. (15 threads)
[2025-01-03T22:05:11.453+0000][8.567s][info ][safepoint   ] Safepoint "ICBufferFull", Time since last: 560342665 ns, Reaching safepoint: 232394 ns, Cleanup: 145248 ns, At safepoint: 3303 ns, Total: 380945 ns
[2025-01-03T22:05:11.822+0000][8.936s][debug][safepoint   ] Safepoint synchronization initiated using futex wait barrier. (15 threads)
[2025-01-03T22:05:11.822+0000][8.937s][info ][gc,start    ] GC(22) Pause Young (Normal) (G1 Evacuation Pause)
[2025-01-03T22:05:11.823+0000][8.937s][info ][gc,task     ] GC(22) Using 6 workers of 10 for evacuation
[2025-01-03T22:05:11.831+0000][8.946s][info ][gc,phases   ] GC(22)   Pre Evacuate Collection Set: 0.1ms
[2025-01-03T22:05:11.832+0000][8.946s][info ][gc,phases   ] GC(22)   Merge Heap Roots: 0.1ms
[2025-01-03T22:05:11.832+0000][8.946s][info ][gc,phases   ] GC(22)   Evacuate Collection Set: 3.5ms
[2025-01-03T22:05:11.832+0000][8.946s][info ][gc,phases   ] GC(22)   Post Evacuate Collection Set: 4.8ms
[2025-01-03T22:05:11.832+0000][8.946s][info ][gc,phases   ] GC(22)   Other: 0.4ms
[2025-01-03T22:05:11.832+0000][8.947s][info ][gc,heap     ] GC(22) Eden regions: 76->0(75)
[2025-01-03T22:05:11.832+0000][8.947s][info ][gc,heap     ] GC(22) Survivor regions: 2->3(10)
[2025-01-03T22:05:11.832+0000][8.947s][info ][gc,heap     ] GC(22) Old regions: 28->28
[2025-01-03T22:05:11.833+0000][8.947s][info ][gc,heap     ] GC(22) Archive regions: 2->2
[2025-01-03T22:05:11.833+0000][8.947s][info ][gc,heap     ] GC(22) Humongous regions: 0->0
[2025-01-03T22:05:11.833+0000][8.947s][info ][gc,metaspace] GC(22) Metaspace: 45968K(46400K)->45968K(46400K) NonClass: 40082K(40320K)->40082K(40320K) Class: 5886K(6080K)->5886K(6080K)
[2025-01-03T22:05:11.833+0000][8.948s][info ][gc          ] GC(22) Pause Young (Normal) (G1 Evacuation Pause) 211M->63M(260M) 10.960ms
[2025-01-03T22:05:11.834+0000][8.948s][info ][gc,cpu      ] GC(22) User=0.06s Sys=0.00s Real=0.01s
[2025-01-03T22:05:11.834+0000][8.948s][info ][safepoint   ] Safepoint "G1CollectForAllocation", Time since last: 368882461 ns, Reaching safepoint: 313942 ns, Cleanup: 61720 ns, At safepoint: 11345178 ns, Total: 11720840 ns
[2025-01-03T22:05:12.624+0000][9.738s][debug][safepoint   ] Safepoint synchronization initiated using futex wait barrier. (17 threads)
[2025-01-03T22:05:12.624+0000][9.739s][info ][safepoint   ] Safepoint "ICBufferFull", Time since last: 789865590 ns, Reaching safepoint: 231441 ns, Cleanup: 248548 ns, At safepoint: 8423 ns, Total: 488412 ns
[2025-01-03T22:05:13.679+0000][10.793s][debug][safepoint   ] Safepoint synchronization initiated using futex wait barrier. (17 threads)
[2025-01-03T22:05:13.679+0000][10.793s][info ][safepoint   ] Safepoint "Cleanup", Time since last: 1054601470 ns, Reaching safepoint: 229370 ns, Cleanup: 83790 ns, At safepoint: 16294 ns, Total: 329454 ns
[2025-01-03T22:05:13.773+0000][10.887s][debug][safepoint   ] Safepoint synchronization initiated using futex wait barrier. (17 threads)
[2025-01-03T22:05:13.773+0000][10.888s][info ][gc,start    ] GC(23) Pause Young (Normal) (G1 Evacuation Pause)
[2025-01-03T22:05:13.774+0000][10.888s][info ][gc,task     ] GC(23) Using 6 workers of 10 for evacuation
[2025-01-03T22:05:13.780+0000][10.894s][info ][gc,phases   ] GC(23)   Pre Evacuate Collection Set: 0.1ms
[2025-01-03T22:05:13.780+0000][10.894s][info ][gc,phases   ] GC(23)   Merge Heap Roots: 0.1ms
[2025-01-03T22:05:13.780+0000][10.895s][info ][gc,phases   ] GC(23)   Evacuate Collection Set: 5.0ms
[2025-01-03T22:05:13.780+0000][10.895s][info ][gc,phases   ] GC(23)   Post Evacuate Collection Set: 0.9ms
[2025-01-03T22:05:13.781+0000][10.895s][info ][gc,phases   ] GC(23)   Other: 0.4ms
[2025-01-03T22:05:13.781+0000][10.895s][info ][gc,heap     ] GC(23) Eden regions: 75->0(73)
[2025-01-03T22:05:13.781+0000][10.895s][info ][gc,heap     ] GC(23) Survivor regions: 3->5(10)
[2025-01-03T22:05:13.781+0000][10.895s][info ][gc,heap     ] GC(23) Old regions: 28->28
[2025-01-03T22:05:13.781+0000][10.895s][info ][gc,heap     ] GC(23) Archive regions: 2->2
[2025-01-03T22:05:13.781+0000][10.895s][info ][gc,heap     ] GC(23) Humongous regions: 0->0
[2025-01-03T22:05:13.781+0000][10.896s][info ][gc,metaspace] GC(23) Metaspace: 53959K(54400K)->53959K(54400K) NonClass: 47144K(47360K)->47144K(47360K) Class: 6815K(7040K)->6815K(7040K)
[2025-01-03T22:05:13.781+0000][10.896s][info ][gc          ] GC(23) Pause Young (Normal) (G1 Evacuation Pause) 213M->65M(260M) 8.006ms
[2025-01-03T22:05:13.781+0000][10.896s][info ][gc,cpu      ] GC(23) User=0.05s Sys=0.00s Real=0.01s
[2025-01-03T22:05:13.782+0000][10.896s][info ][safepoint   ] Safepoint "G1CollectForAllocation", Time since last: 94004038 ns, Reaching safepoint: 315535 ns, Cleanup: 62289 ns, At safepoint: 8289083 ns, Total: 8666907 ns
[2025-01-03T22:05:14.361+0000][11.475s][debug][safepoint   ] Safepoint synchronization initiated using futex wait barrier. (17 threads)
[2025-01-03T22:05:14.361+0000][11.476s][info ][gc,start    ] GC(24) Pause Young (Normal) (G1 Evacuation Pause)
[2025-01-03T22:05:14.362+0000][11.476s][info ][gc,task     ] GC(24) Using 6 workers of 10 for evacuation
[2025-01-03T22:05:14.367+0000][11.482s][info ][gc,phases   ] GC(24)   Pre Evacuate Collection Set: 0.1ms
[2025-01-03T22:05:14.368+0000][11.482s][info ][gc,phases   ] GC(24)   Merge Heap Roots: 0.1ms
[2025-01-03T22:05:14.368+0000][11.482s][info ][gc,phases   ] GC(24)   Evacuate Collection Set: 4.1ms
[2025-01-03T22:05:14.368+0000][11.482s][info ][gc,phases   ] GC(24)   Post Evacuate Collection Set: 1.0ms
[2025-01-03T22:05:14.368+0000][11.482s][info ][gc,phases   ] GC(24)   Other: 0.4ms
[2025-01-03T22:05:14.368+0000][11.482s][info ][gc,heap     ] GC(24) Eden regions: 73->0(72)
[2025-01-03T22:05:14.368+0000][11.483s][info ][gc,heap     ] GC(24) Survivor regions: 5->6(10)
[2025-01-03T22:05:14.368+0000][11.483s][info ][gc,heap     ] GC(24) Old regions: 28->28
[2025-01-03T22:05:14.368+0000][11.483s][info ][gc,heap     ] GC(24) Archive regions: 2->2
[2025-01-03T22:05:14.369+0000][11.483s][info ][gc,heap     ] GC(24) Humongous regions: 0->0
[2025-01-03T22:05:14.369+0000][11.483s][info ][gc,metaspace] GC(24) Metaspace: 57479K(57856K)->57479K(57856K) NonClass: 50176K(50368K)->50176K(50368K) Class: 7302K(7488K)->7302K(7488K)
[2025-01-03T22:05:14.369+0000][11.483s][info ][gc          ] GC(24) Pause Young (Normal) (G1 Evacuation Pause) 211M->67M(260M) 7.480ms
[2025-01-03T22:05:14.369+0000][11.483s][info ][gc,cpu      ] GC(24) User=0.04s Sys=0.00s Real=0.00s
[2025-01-03T22:05:14.369+0000][11.484s][info ][safepoint   ] Safepoint "G1CollectForAllocation", Time since last: 579434931 ns, Reaching safepoint: 216384 ns, Cleanup: 99282 ns, At safepoint: 7793541 ns, Total: 8109207 ns
[2025-01-03T22:05:15.511+0000][12.625s][debug][safepoint   ] Safepoint synchronization initiated using futex wait barrier. (18 threads)
[2025-01-03T22:05:15.511+0000][12.626s][info ][safepoint   ] Safepoint "Cleanup", Time since last: 1141948280 ns, Reaching safepoint: 223044 ns, Cleanup: 30386 ns, At safepoint: 3178 ns, Total: 256608 ns
[2025-01-03T22:05:15.680+0000][12.795s][debug][safepoint   ] Safepoint synchronization initiated using futex wait barrier. (17 threads)
[2025-01-03T22:05:15.681+0000][12.795s][info ][gc,start    ] GC(25) Pause Young (Concurrent Start) (Metadata GC Threshold)
[2025-01-03T22:05:15.681+0000][12.795s][info ][gc,task     ] GC(25) Using 6 workers of 10 for evacuation
[2025-01-03T22:05:15.687+0000][12.801s][info ][gc,phases   ] GC(25)   Pre Evacuate Collection Set: 0.2ms
[2025-01-03T22:05:15.687+0000][12.801s][info ][gc,phases   ] GC(25)   Merge Heap Roots: 0.1ms
[2025-01-03T22:05:15.687+0000][12.801s][info ][gc,phases   ] GC(25)   Evacuate Collection Set: 4.2ms
[2025-01-03T22:05:15.687+0000][12.801s][info ][gc,phases   ] GC(25)   Post Evacuate Collection Set: 0.9ms
[2025-01-03T22:05:15.687+0000][12.801s][info ][gc,phases   ] GC(25)   Other: 0.5ms
[2025-01-03T22:05:15.687+0000][12.802s][info ][gc,heap     ] GC(25) Eden regions: 48->0(72)
[2025-01-03T22:05:15.687+0000][12.802s][info ][gc,heap     ] GC(25) Survivor regions: 6->6(10)
[2025-01-03T22:05:15.688+0000][12.802s][info ][gc,heap     ] GC(25) Old regions: 28->28
[2025-01-03T22:05:15.688+0000][12.802s][info ][gc,heap     ] GC(25) Archive regions: 2->2
[2025-01-03T22:05:15.688+0000][12.803s][info ][gc,heap     ] GC(25) Humongous regions: 0->0
[2025-01-03T22:05:15.689+0000][12.803s][info ][gc,metaspace] GC(25) Metaspace: 60858K(61248K)->60858K(61248K) NonClass: 53067K(53248K)->53067K(53248K) Class: 7790K(8000K)->7790K(8000K)
[2025-01-03T22:05:15.689+0000][12.803s][info ][gc          ] GC(25) Pause Young (Concurrent Start) (Metadata GC Threshold) 162M->68M(260M) 7.984ms
[2025-01-03T22:05:15.689+0000][12.803s][info ][gc,cpu      ] GC(25) User=0.03s Sys=0.00s Real=0.00s
[2025-01-03T22:05:15.689+0000][12.803s][info ][gc          ] GC(26) Concurrent Mark Cycle
[2025-01-03T22:05:15.689+0000][12.804s][info ][gc,marking  ] GC(26) Concurrent Clear Claimed Marks
[2025-01-03T22:05:15.689+0000][12.804s][info ][safepoint   ] Safepoint "CollectForMetadataAllocation", Time since last: 169067160 ns, Reaching safepoint: 268845 ns, Cleanup: 29276 ns, At safepoint: 8552638 ns, Total: 8850759 ns
[2025-01-03T22:05:15.690+0000][12.804s][info ][gc,marking  ] GC(26) Concurrent Clear Claimed Marks 0.417ms
[2025-01-03T22:05:15.690+0000][12.804s][info ][gc,marking  ] GC(26) Concurrent Scan Root Regions
[2025-01-03T22:05:15.695+0000][12.809s][info ][gc,marking  ] GC(26) Concurrent Scan Root Regions 4.482ms
[2025-01-03T22:05:15.695+0000][12.809s][info ][gc,marking  ] GC(26) Concurrent Mark
[2025-01-03T22:05:15.695+0000][12.809s][info ][gc,marking  ] GC(26) Concurrent Mark From Roots
[2025-01-03T22:05:15.695+0000][12.810s][info ][gc,task     ] GC(26) Using 3 workers of 3 for marking
[2025-01-03T22:05:15.721+0000][12.835s][debug][safepoint   ] Safepoint synchronization initiated using futex wait barrier. (18 threads)
[2025-01-03T22:05:15.721+0000][12.836s][info ][safepoint   ] Safepoint "CollectForMetadataAllocation", Time since last: 30473034 ns, Reaching safepoint: 1614209 ns, Cleanup: 11455 ns, At safepoint: 76855 ns, Total: 1702519 ns
[2025-01-03T22:05:15.734+0000][12.848s][info ][gc,marking  ] GC(26) Concurrent Mark From Roots 38.633ms
[2025-01-03T22:05:15.735+0000][12.850s][info ][gc,marking  ] GC(26) Concurrent Preclean
[2025-01-03T22:05:15.736+0000][12.850s][info ][gc,marking  ] GC(26) Concurrent Preclean 0.717ms
[2025-01-03T22:05:15.736+0000][12.851s][debug][safepoint   ] Safepoint synchronization initiated using futex wait barrier. (18 threads)
[2025-01-03T22:05:15.737+0000][12.851s][info ][gc,start    ] GC(26) Pause Remark
[2025-01-03T22:05:15.741+0000][12.855s][info ][gc          ] GC(26) Pause Remark 75M->75M(260M) 4.048ms
[2025-01-03T22:05:15.741+0000][12.855s][info ][gc,cpu      ] GC(26) User=0.03s Sys=0.00s Real=0.01s
[2025-01-03T22:05:15.741+0000][12.856s][info ][safepoint   ] Safepoint "G1PauseRemark", Time since last: 14721484 ns, Reaching safepoint: 458940 ns, Cleanup: 10770 ns, At safepoint: 4503301 ns, Total: 4973011 ns
[2025-01-03T22:05:15.742+0000][12.856s][info ][gc,marking  ] GC(26) Concurrent Mark 46.921ms
[2025-01-03T22:05:15.742+0000][12.856s][info ][gc,marking  ] GC(26) Concurrent Rebuild Remembered Sets
[2025-01-03T22:05:15.759+0000][12.874s][info ][gc,marking  ] GC(26) Concurrent Rebuild Remembered Sets 17.465ms
[2025-01-03T22:05:15.760+0000][12.874s][debug][safepoint   ] Safepoint synchronization initiated using futex wait barrier. (18 threads)
[2025-01-03T22:05:15.760+0000][12.874s][info ][gc,start    ] GC(26) Pause Cleanup
[2025-01-03T22:05:15.760+0000][12.875s][info ][gc          ] GC(26) Pause Cleanup 76M->76M(260M) 0.317ms
[2025-01-03T22:05:15.761+0000][12.875s][info ][gc,cpu      ] GC(26) User=0.00s Sys=0.00s Real=0.00s
[2025-01-03T22:05:15.761+0000][12.875s][info ][safepoint   ] Safepoint "G1PauseCleanup", Time since last: 18628482 ns, Reaching safepoint: 201341 ns, Cleanup: 22775 ns, At safepoint: 650977 ns, Total: 875093 ns
[2025-01-03T22:05:15.761+0000][12.875s][info ][gc,marking  ] GC(26) Concurrent Cleanup for Next Mark
[2025-01-03T22:05:15.762+0000][12.876s][info ][gc,marking  ] GC(26) Concurrent Cleanup for Next Mark 1.233ms
[2025-01-03T22:05:15.762+0000][12.877s][info ][gc          ] GC(26) Concurrent Mark Cycle 73.277ms
[2025-01-03T22:05:16.270+0000][13.385s][debug][safepoint   ] Safepoint synchronization initiated using futex wait barrier. (18 threads)
[2025-01-03T22:05:16.272+0000][13.386s][info ][gc,start    ] GC(27) Pause Young (Prepare Mixed) (G1 Evacuation Pause)
[2025-01-03T22:05:16.272+0000][13.387s][info ][gc,task     ] GC(27) Using 6 workers of 10 for evacuation
[2025-01-03T22:05:16.278+0000][13.392s][info ][gc,phases   ] GC(27)   Pre Evacuate Collection Set: 0.1ms
[2025-01-03T22:05:16.278+0000][13.392s][info ][gc,phases   ] GC(27)   Merge Heap Roots: 0.1ms
[2025-01-03T22:05:16.278+0000][13.392s][info ][gc,phases   ] GC(27)   Evacuate Collection Set: 4.1ms
[2025-01-03T22:05:16.278+0000][13.392s][info ][gc,phases   ] GC(27)   Post Evacuate Collection Set: 0.8ms
[2025-01-03T22:05:16.278+0000][13.392s][info ][gc,phases   ] GC(27)   Other: 0.5ms
[2025-01-03T22:05:16.278+0000][13.393s][info ][gc,heap     ] GC(27) Eden regions: 72->0(1)
[2025-01-03T22:05:16.278+0000][13.393s][info ][gc,heap     ] GC(27) Survivor regions: 6->5(10)
[2025-01-03T22:05:16.279+0000][13.393s][info ][gc,heap     ] GC(27) Old regions: 28->29
[2025-01-03T22:05:16.279+0000][13.393s][info ][gc,heap     ] GC(27) Archive regions: 2->2
[2025-01-03T22:05:16.279+0000][13.393s][info ][gc,heap     ] GC(27) Humongous regions: 0->0
[2025-01-03T22:05:16.279+0000][13.393s][info ][gc,metaspace] GC(27) Metaspace: 62961K(63360K)->62961K(63360K) NonClass: 54835K(55040K)->54835K(55040K) Class: 8125K(8320K)->8125K(8320K)
[2025-01-03T22:05:16.279+0000][13.393s][info ][gc          ] GC(27) Pause Young (Prepare Mixed) (G1 Evacuation Pause) 212M->68M(260M) 7.051ms
[2025-01-03T22:05:16.279+0000][13.394s][info ][gc,cpu      ] GC(27) User=0.03s Sys=0.00s Real=0.00s
[2025-01-03T22:05:16.279+0000][13.394s][info ][safepoint   ] Safepoint "G1CollectForAllocation", Time since last: 509770319 ns, Reaching safepoint: 225570 ns, Cleanup: 1300813 ns, At safepoint: 7385607 ns, Total: 8911990 ns
[2025-01-03T22:05:16.284+0000][13.398s][debug][safepoint   ] Safepoint synchronization initiated using futex wait barrier. (18 threads)
[2025-01-03T22:05:16.284+0000][13.398s][info ][gc,start    ] GC(28) Pause Young (Mixed) (G1 Evacuation Pause)
[2025-01-03T22:05:16.284+0000][13.398s][info ][gc,task     ] GC(28) Using 6 workers of 10 for evacuation
[2025-01-03T22:05:16.289+0000][13.403s][info ][gc,phases   ] GC(28)   Pre Evacuate Collection Set: 0.1ms
[2025-01-03T22:05:16.289+0000][13.403s][info ][gc,phases   ] GC(28)   Merge Heap Roots: 0.1ms
[2025-01-03T22:05:16.289+0000][13.404s][info ][gc,phases   ] GC(28)   Evacuate Collection Set: 3.9ms
[2025-01-03T22:05:16.289+0000][13.404s][info ][gc,phases   ] GC(28)   Post Evacuate Collection Set: 0.6ms
[2025-01-03T22:05:16.290+0000][13.404s][info ][gc,phases   ] GC(28)   Other: 0.3ms
[2025-01-03T22:05:16.290+0000][13.404s][info ][gc,heap     ] GC(28) Eden regions: 1->0(77)
[2025-01-03T22:05:16.290+0000][13.404s][info ][gc,heap     ] GC(28) Survivor regions: 5->1(1)
[2025-01-03T22:05:16.290+0000][13.404s][info ][gc,heap     ] GC(28) Old regions: 29->32
[2025-01-03T22:05:16.290+0000][13.404s][info ][gc,heap     ] GC(28) Archive regions: 2->2
[2025-01-03T22:05:16.290+0000][13.404s][info ][gc,heap     ] GC(28) Humongous regions: 0->0
[2025-01-03T22:05:16.290+0000][13.405s][info ][gc,metaspace] GC(28) Metaspace: 62983K(63424K)->62983K(63424K) NonClass: 54851K(55104K)->54851K(55104K) Class: 8131K(8320K)->8131K(8320K)
[2025-01-03T22:05:16.290+0000][13.405s][info ][gc          ] GC(28) Pause Young (Mixed) (G1 Evacuation Pause) 70M->67M(260M) 6.553ms
[2025-01-03T22:05:16.291+0000][13.405s][info ][gc,cpu      ] GC(28) User=0.02s Sys=0.00s Real=0.01s
[2025-01-03T22:05:16.291+0000][13.405s][info ][safepoint   ] Safepoint "G1CollectForAllocation", Time since last: 4239701 ns, Reaching safepoint: 219301 ns, Cleanup: 2724 ns, At safepoint: 6844175 ns, Total: 7066200 ns
[2025-01-03T22:05:16.734+0000][13.848s][debug][safepoint   ] Safepoint synchronization initiated using futex wait barrier. (18 threads)
[2025-01-03T22:05:16.734+0000][13.848s][info ][safepoint   ] Safepoint "ICBufferFull", Time since last: 442952225 ns, Reaching safepoint: 233237 ns, Cleanup: 204147 ns, At safepoint: 16931 ns, Total: 454315 ns
[2025-01-03T22:05:17.003+0000][14.117s][debug][safepoint   ] Safepoint synchronization initiated using futex wait barrier. (18 threads)
[2025-01-03T22:05:17.003+0000][14.118s][info ][gc,start    ] GC(29) Pause Young (Concurrent Start) (G1 Evacuation Pause)
[2025-01-03T22:05:17.003+0000][14.118s][info ][gc,task     ] GC(29) Using 6 workers of 10 for evacuation
[2025-01-03T22:05:17.007+0000][14.121s][info ][gc,phases   ] GC(29)   Pre Evacuate Collection Set: 0.1ms
[2025-01-03T22:05:17.007+0000][14.121s][info ][gc,phases   ] GC(29)   Merge Heap Roots: 0.1ms
[2025-01-03T22:05:17.007+0000][14.121s][info ][gc,phases   ] GC(29)   Evacuate Collection Set: 2.3ms
[2025-01-03T22:05:17.007+0000][14.122s][info ][gc,phases   ] GC(29)   Post Evacuate Collection Set: 0.6ms
[2025-01-03T22:05:17.007+0000][14.122s][info ][gc,phases   ] GC(29)   Other: 0.4ms
[2025-01-03T22:05:17.008+0000][14.122s][info ][gc,heap     ] GC(29) Eden regions: 77->0(75)
[2025-01-03T22:05:17.008+0000][14.122s][info ][gc,heap     ] GC(29) Survivor regions: 1->3(10)
[2025-01-03T22:05:17.008+0000][14.122s][info ][gc,heap     ] GC(29) Old regions: 32->32
[2025-01-03T22:05:17.008+0000][14.122s][info ][gc,heap     ] GC(29) Archive regions: 2->2
[2025-01-03T22:05:17.008+0000][14.123s][info ][gc,heap     ] GC(29) Humongous regions: 0->0
[2025-01-03T22:05:17.008+0000][14.123s][info ][gc,metaspace] GC(29) Metaspace: 66867K(67328K)->66867K(67328K) NonClass: 58253K(58496K)->58253K(58496K) Class: 8614K(8832K)->8614K(8832K)
[2025-01-03T22:05:17.009+0000][14.123s][info ][gc          ] GC(29) Pause Young (Concurrent Start) (G1 Evacuation Pause) 221M->70M(260M) 5.221ms
[2025-01-03T22:05:17.009+0000][14.123s][info ][gc,cpu      ] GC(29) User=0.02s Sys=0.00s Real=0.00s
[2025-01-03T22:05:17.009+0000][14.123s][info ][gc          ] GC(30) Concurrent Mark Cycle
[2025-01-03T22:05:17.009+0000][14.123s][info ][gc,marking  ] GC(30) Concurrent Clear Claimed Marks
[2025-01-03T22:05:17.009+0000][14.123s][info ][safepoint   ] Safepoint "G1CollectForAllocation", Time since last: 268926672 ns, Reaching safepoint: 208058 ns, Cleanup: 58773 ns, At safepoint: 5608521 ns, Total: 5875352 ns
[2025-01-03T22:05:17.009+0000][14.124s][info ][gc,marking  ] GC(30) Concurrent Clear Claimed Marks 0.272ms
[2025-01-03T22:05:17.010+0000][14.124s][info ][gc,marking  ] GC(30) Concurrent Scan Root Regions
[2025-01-03T22:05:17.012+0000][14.126s][info ][gc,marking  ] GC(30) Concurrent Scan Root Regions 2.182ms
[2025-01-03T22:05:17.012+0000][14.127s][info ][gc,marking  ] GC(30) Concurrent Mark
[2025-01-03T22:05:17.012+0000][14.127s][info ][gc,marking  ] GC(30) Concurrent Mark From Roots
[2025-01-03T22:05:17.013+0000][14.127s][info ][gc,task     ] GC(30) Using 3 workers of 3 for marking
[2025-01-03T22:05:17.051+0000][14.166s][info ][gc,marking  ] GC(30) Concurrent Mark From Roots 38.848ms
[2025-01-03T22:05:17.051+0000][14.166s][info ][gc,marking  ] GC(30) Concurrent Preclean
[2025-01-03T22:05:17.052+0000][14.166s][info ][gc,marking  ] GC(30) Concurrent Preclean 0.362ms
[2025-01-03T22:05:17.052+0000][14.166s][debug][safepoint   ] Safepoint synchronization initiated using futex wait barrier. (18 threads)
[2025-01-03T22:05:17.052+0000][14.167s][info ][gc,start    ] GC(30) Pause Remark
[2025-01-03T22:05:17.055+0000][14.169s][info ][gc          ] GC(30) Pause Remark 78M->78M(260M) 2.979ms
[2025-01-03T22:05:17.055+0000][14.170s][info ][gc,cpu      ] GC(30) User=0.01s Sys=0.00s Real=0.00s
[2025-01-03T22:05:17.056+0000][14.170s][info ][safepoint   ] Safepoint "G1PauseRemark", Time since last: 43137363 ns, Reaching safepoint: 123255 ns, Cleanup: 14401 ns, At safepoint: 3384350 ns, Total: 3522006 ns
[2025-01-03T22:05:17.056+0000][14.170s][info ][gc,marking  ] GC(30) Concurrent Mark 43.487ms
[2025-01-03T22:05:17.056+0000][14.170s][info ][gc,marking  ] GC(30) Concurrent Rebuild Remembered Sets
[2025-01-03T22:05:17.074+0000][14.188s][info ][gc,marking  ] GC(30) Concurrent Rebuild Remembered Sets 18.102ms
[2025-01-03T22:05:17.074+0000][14.189s][debug][safepoint   ] Safepoint synchronization initiated using futex wait barrier. (18 threads)
[2025-01-03T22:05:17.074+0000][14.189s][info ][gc,start    ] GC(30) Pause Cleanup
[2025-01-03T22:05:17.075+0000][14.189s][info ][gc          ] GC(30) Pause Cleanup 82M->82M(260M) 0.243ms
[2025-01-03T22:05:17.075+0000][14.189s][info ][gc,cpu      ] GC(30) User=0.00s Sys=0.00s Real=0.00s
[2025-01-03T22:05:17.075+0000][14.189s][info ][safepoint   ] Safepoint "G1PauseCleanup", Time since last: 18750425 ns, Reaching safepoint: 156162 ns, Cleanup: 14990 ns, At safepoint: 641103 ns, Total: 812255 ns
[2025-01-03T22:05:17.075+0000][14.190s][info ][gc,marking  ] GC(30) Concurrent Cleanup for Next Mark
[2025-01-03T22:05:17.076+0000][14.190s][info ][gc,marking  ] GC(30) Concurrent Cleanup for Next Mark 0.578ms
[2025-01-03T22:05:17.077+0000][14.191s][info ][gc          ] GC(30) Concurrent Mark Cycle 67.658ms
[2025-01-03T22:05:17.435+0000][14.550s][debug][safepoint   ] Safepoint synchronization initiated using futex wait barrier. (18 threads)
[2025-01-03T22:05:17.436+0000][14.550s][info ][safepoint   ] Safepoint "ICBufferFull", Time since last: 360309806 ns, Reaching safepoint: 272637 ns, Cleanup: 113838 ns, At safepoint: 26020 ns, Total: 412495 ns
[2025-01-03T22:05:17.523+0000][14.638s][debug][safepoint   ] Safepoint synchronization initiated using futex wait barrier. (18 threads)
[2025-01-03T22:05:17.524+0000][14.638s][info ][safepoint   ] Safepoint "ICBufferFull", Time since last: 87403968 ns, Reaching safepoint: 221644 ns, Cleanup: 148773 ns, At safepoint: 14816 ns, Total: 385233 ns
[2025-01-03T22:05:17.640+0000][14.755s][debug][safepoint   ] Safepoint synchronization initiated using futex wait barrier. (18 threads)
[2025-01-03T22:05:17.641+0000][14.755s][info ][gc,start    ] GC(31) Pause Young (Prepare Mixed) (G1 Evacuation Pause)
[2025-01-03T22:05:17.641+0000][14.755s][info ][gc,task     ] GC(31) Using 6 workers of 10 for evacuation
[2025-01-03T22:05:17.645+0000][14.759s][info ][gc,phases   ] GC(31)   Pre Evacuate Collection Set: 0.1ms
[2025-01-03T22:05:17.645+0000][14.759s][info ][gc,phases   ] GC(31)   Merge Heap Roots: 0.1ms
[2025-01-03T22:05:17.645+0000][14.759s][info ][gc,phases   ] GC(31)   Evacuate Collection Set: 2.9ms
[2025-01-03T22:05:17.645+0000][14.760s][info ][gc,phases   ] GC(31)   Post Evacuate Collection Set: 0.7ms
[2025-01-03T22:05:17.645+0000][14.760s][info ][gc,phases   ] GC(31)   Other: 0.3ms
[2025-01-03T22:05:17.645+0000][14.760s][info ][gc,heap     ] GC(31) Eden regions: 75->0(2)
[2025-01-03T22:05:17.646+0000][14.760s][info ][gc,heap     ] GC(31) Survivor regions: 3->4(10)
[2025-01-03T22:05:17.646+0000][14.760s][info ][gc,heap     ] GC(31) Old regions: 32->32
[2025-01-03T22:05:17.646+0000][14.760s][info ][gc,heap     ] GC(31) Archive regions: 2->2
[2025-01-03T22:05:17.646+0000][14.760s][info ][gc,heap     ] GC(31) Humongous regions: 0->0
[2025-01-03T22:05:17.646+0000][14.760s][info ][gc,metaspace] GC(31) Metaspace: 71467K(71936K)->71467K(71936K) NonClass: 62283K(62528K)->62283K(62528K) Class: 9184K(9408K)->9184K(9408K)
[2025-01-03T22:05:17.646+0000][14.760s][info ][gc          ] GC(31) Pause Young (Prepare Mixed) (G1 Evacuation Pause) 220M->72M(260M) 5.405ms
[2025-01-03T22:05:17.646+0000][14.761s][info ][gc,cpu      ] GC(31) User=0.02s Sys=0.00s Real=0.00s
[2025-01-03T22:05:17.646+0000][14.761s][info ][safepoint   ] Safepoint "G1CollectForAllocation", Time since last: 116740245 ns, Reaching safepoint: 241270 ns, Cleanup: 52186 ns, At safepoint: 5681083 ns, Total: 5974539 ns
[2025-01-03T22:05:17.658+0000][14.773s][debug][safepoint   ] Safepoint synchronization initiated using futex wait barrier. (18 threads)
[2025-01-03T22:05:17.658+0000][14.773s][info ][gc,start    ] GC(32) Pause Young (Mixed) (G1 Evacuation Pause)
[2025-01-03T22:05:17.659+0000][14.773s][info ][gc,task     ] GC(32) Using 6 workers of 10 for evacuation
[2025-01-03T22:05:17.662+0000][14.777s][info ][gc,phases   ] GC(32)   Pre Evacuate Collection Set: 0.1ms
[2025-01-03T22:05:17.663+0000][14.777s][info ][gc,phases   ] GC(32)   Merge Heap Roots: 0.1ms
[2025-01-03T22:05:17.663+0000][14.777s][info ][gc,phases   ] GC(32)   Evacuate Collection Set: 3.1ms
[2025-01-03T22:05:17.663+0000][14.777s][info ][gc,phases   ] GC(32)   Post Evacuate Collection Set: 0.5ms
[2025-01-03T22:05:17.663+0000][14.777s][info ][gc,phases   ] GC(32)   Other: 0.3ms
[2025-01-03T22:05:17.663+0000][14.777s][info ][gc,heap     ] GC(32) Eden regions: 2->0(75)
[2025-01-03T22:05:17.663+0000][14.777s][info ][gc,heap     ] GC(32) Survivor regions: 4->1(1)
[2025-01-03T22:05:17.663+0000][14.778s][info ][gc,heap     ] GC(32) Old regions: 32->35
[2025-01-03T22:05:17.663+0000][14.778s][info ][gc,heap     ] GC(32) Archive regions: 2->2
[2025-01-03T22:05:17.663+0000][14.778s][info ][gc,heap     ] GC(32) Humongous regions: 0->0
[2025-01-03T22:05:17.663+0000][14.778s][info ][gc,metaspace] GC(32) Metaspace: 71590K(72064K)->71590K(72064K) NonClass: 62382K(62656K)->62382K(62656K) Class: 9208K(9408K)->9208K(9408K)
[2025-01-03T22:05:17.663+0000][14.778s][info ][gc          ] GC(32) Pause Young (Mixed) (G1 Evacuation Pause) 76M->72M(260M) 5.053ms
[2025-01-03T22:05:17.664+0000][14.778s][info ][gc,cpu      ] GC(32) User=0.03s Sys=0.00s Real=0.01s
[2025-01-03T22:05:17.664+0000][14.778s][info ][safepoint   ] Safepoint "G1CollectForAllocation", Time since last: 11872319 ns, Reaching safepoint: 198467 ns, Cleanup: 7090 ns, At safepoint: 5214434 ns, Total: 5419991 ns
[2025-01-03T22:05:18.052+0000][15.166s][debug][safepoint   ] Safepoint synchronization initiated using futex wait barrier. (17 threads)
[2025-01-03T22:05:18.052+0000][15.166s][info ][gc,start    ] GC(33) Pause Young (Normal) (G1 Evacuation Pause)
[2025-01-03T22:05:18.052+0000][15.167s][info ][gc,task     ] GC(33) Using 6 workers of 10 for evacuation
[2025-01-03T22:05:18.054+0000][15.168s][info ][gc,phases   ] GC(33)   Pre Evacuate Collection Set: 0.1ms
[2025-01-03T22:05:18.054+0000][15.169s][info ][gc,phases   ] GC(33)   Merge Heap Roots: 0.1ms
[2025-01-03T22:05:18.054+0000][15.169s][info ][gc,phases   ] GC(33)   Evacuate Collection Set: 0.9ms
[2025-01-03T22:05:18.054+0000][15.169s][info ][gc,phases   ] GC(33)   Post Evacuate Collection Set: 0.6ms
[2025-01-03T22:05:18.055+0000][15.169s][info ][gc,phases   ] GC(33)   Other: 0.3ms
[2025-01-03T22:05:18.055+0000][15.169s][info ][gc,heap     ] GC(33) Eden regions: 75->0(75)
[2025-01-03T22:05:18.055+0000][15.169s][info ][gc,heap     ] GC(33) Survivor regions: 1->1(10)
[2025-01-03T22:05:18.055+0000][15.169s][info ][gc,heap     ] GC(33) Old regions: 35->35
[2025-01-03T22:05:18.055+0000][15.169s][info ][gc,heap     ] GC(33) Archive regions: 2->2
[2025-01-03T22:05:18.055+0000][15.169s][info ][gc,heap     ] GC(33) Humongous regions: 0->0
[2025-01-03T22:05:18.055+0000][15.170s][info ][gc,metaspace] GC(33) Metaspace: 76222K(76672K)->76222K(76672K) NonClass: 66199K(66432K)->66199K(66432K) Class: 10023K(10240K)->10023K(10240K)
[2025-01-03T22:05:18.055+0000][15.170s][info ][gc          ] GC(33) Pause Young (Normal) (G1 Evacuation Pause) 222M->72M(260M) 3.225ms
[2025-01-03T22:05:18.055+0000][15.170s][info ][gc,cpu      ] GC(33) User=0.01s Sys=0.00s Real=0.00s
[2025-01-03T22:05:18.056+0000][15.170s][info ][safepoint   ] Safepoint "G1CollectForAllocation", Time since last: 388195975 ns, Reaching safepoint: 193097 ns, Cleanup: 57914 ns, At safepoint: 3543017 ns, Total: 3794028 ns
[2025-01-03T22:05:18.239+0000][15.354s][debug][safepoint   ] Safepoint synchronization initiated using futex wait barrier. (17 threads)
[2025-01-03T22:05:18.240+0000][15.354s][info ][safepoint   ] Safepoint "ICBufferFull", Time since last: 183738728 ns, Reaching safepoint: 307070 ns, Cleanup: 143422 ns, At safepoint: 17965 ns, Total: 468457 ns
[2025-01-03T22:05:18.320+0000][15.434s][debug][safepoint   ] Safepoint synchronization initiated using futex wait barrier. (18 threads)
[2025-01-03T22:05:18.320+0000][15.435s][info ][safepoint   ] Safepoint "ICBufferFull", Time since last: 80284376 ns, Reaching safepoint: 248814 ns, Cleanup: 101735 ns, At safepoint: 16507 ns, Total: 367056 ns
[2025-01-03T22:05:18.398+0000][15.512s][debug][safepoint   ] Safepoint synchronization initiated using futex wait barrier. (18 threads)
[2025-01-03T22:05:18.398+0000][15.513s][info ][safepoint   ] Safepoint "ICBufferFull", Time since last: 77469098 ns, Reaching safepoint: 346231 ns, Cleanup: 135918 ns, At safepoint: 3380 ns, Total: 485529 ns
[2025-01-03T22:05:18.490+0000][15.604s][debug][safepoint   ] Safepoint synchronization initiated using futex wait barrier. (18 threads)
[2025-01-03T22:05:18.490+0000][15.604s][info ][safepoint   ] Safepoint "ICBufferFull", Time since last: 91348133 ns, Reaching safepoint: 215781 ns, Cleanup: 111056 ns, At safepoint: 27807 ns, Total: 354644 ns
[2025-01-03T22:05:18.669+0000][15.783s][debug][safepoint   ] Safepoint synchronization initiated using futex wait barrier. (18 threads)
[2025-01-03T22:05:18.670+0000][15.784s][info ][safepoint   ] Safepoint "ICBufferFull", Time since last: 178661255 ns, Reaching safepoint: 751301 ns, Cleanup: 121053 ns, At safepoint: 17231 ns, Total: 889585 ns
[2025-01-03T22:05:18.883+0000][15.997s][debug][safepoint   ] Safepoint synchronization initiated using futex wait barrier. (18 threads)
[2025-01-03T22:05:18.883+0000][15.997s][info ][safepoint   ] Safepoint "ICBufferFull", Time since last: 213019752 ns, Reaching safepoint: 312591 ns, Cleanup: 114745 ns, At safepoint: 17965 ns, Total: 445301 ns
[2025-01-03T22:05:18.923+0000][16.037s][debug][safepoint   ] Safepoint synchronization initiated using futex wait barrier. (18 threads)
[2025-01-03T22:05:18.923+0000][16.037s][info ][gc,start    ] GC(34) Pause Young (Normal) (G1 Evacuation Pause)
[2025-01-03T22:05:18.923+0000][16.037s][info ][gc,task     ] GC(34) Using 6 workers of 10 for evacuation
[2025-01-03T22:05:18.925+0000][16.040s][info ][gc,phases   ] GC(34)   Pre Evacuate Collection Set: 0.1ms
[2025-01-03T22:05:18.925+0000][16.040s][info ][gc,phases   ] GC(34)   Merge Heap Roots: 0.1ms
[2025-01-03T22:05:18.925+0000][16.040s][info ][gc,phases   ] GC(34)   Evacuate Collection Set: 1.3ms
[2025-01-03T22:05:18.926+0000][16.040s][info ][gc,phases   ] GC(34)   Post Evacuate Collection Set: 0.6ms
[2025-01-03T22:05:18.926+0000][16.040s][info ][gc,phases   ] GC(34)   Other: 0.3ms
[2025-01-03T22:05:18.926+0000][16.040s][info ][gc,heap     ] GC(34) Eden regions: 75->0(74)
[2025-01-03T22:05:18.926+0000][16.040s][info ][gc,heap     ] GC(34) Survivor regions: 1->2(10)
[2025-01-03T22:05:18.926+0000][16.040s][info ][gc,heap     ] GC(34) Old regions: 35->35
[2025-01-03T22:05:18.926+0000][16.041s][info ][gc,heap     ] GC(34) Archive regions: 2->2
[2025-01-03T22:05:18.926+0000][16.041s][info ][gc,heap     ] GC(34) Humongous regions: 0->0
[2025-01-03T22:05:18.926+0000][16.041s][info ][gc,metaspace] GC(34) Metaspace: 78972K(79424K)->78972K(79424K) NonClass: 68612K(68864K)->68612K(68864K) Class: 10359K(10560K)->10359K(10560K)
[2025-01-03T22:05:18.927+0000][16.041s][info ][gc          ] GC(34) Pause Young (Normal) (G1 Evacuation Pause) 222M->73M(260M) 3.751ms
[2025-01-03T22:05:18.927+0000][16.041s][info ][gc,cpu      ] GC(34) User=0.01s Sys=0.00s Real=0.00s
[2025-01-03T22:05:18.927+0000][16.041s][info ][safepoint   ] Safepoint "G1CollectForAllocation", Time since last: 39452893 ns, Reaching safepoint: 228786 ns, Cleanup: 19298 ns, At safepoint: 4029363 ns, Total: 4277447 ns
[2025-01-03T22:05:19.488+0000][16.602s][debug][safepoint   ] Safepoint synchronization initiated using futex wait barrier. (18 threads)
[2025-01-03T22:05:19.488+0000][16.602s][info ][safepoint   ] Safepoint "ICBufferFull", Time since last: 560632253 ns, Reaching safepoint: 399874 ns, Cleanup: 122352 ns, At safepoint: 30303 ns, Total: 552529 ns
[2025-01-03T22:05:19.498+0000][16.612s][debug][safepoint   ] Safepoint synchronization initiated using futex wait barrier. (18 threads)
[2025-01-03T22:05:19.498+0000][16.613s][info ][gc,start    ] GC(35) Pause Young (Normal) (G1 Evacuation Pause)
[2025-01-03T22:05:19.499+0000][16.613s][info ][gc,task     ] GC(35) Using 6 workers of 10 for evacuation
[2025-01-03T22:05:19.502+0000][16.616s][info ][gc,phases   ] GC(35)   Pre Evacuate Collection Set: 0.1ms
[2025-01-03T22:05:19.502+0000][16.617s][info ][gc,phases   ] GC(35)   Merge Heap Roots: 0.1ms
[2025-01-03T22:05:19.502+0000][16.617s][info ][gc,phases   ] GC(35)   Evacuate Collection Set: 2.4ms
[2025-01-03T22:05:19.503+0000][16.617s][info ][gc,phases   ] GC(35)   Post Evacuate Collection Set: 0.7ms
[2025-01-03T22:05:19.503+0000][16.617s][info ][gc,phases   ] GC(35)   Other: 0.4ms
[2025-01-03T22:05:19.503+0000][16.617s][info ][gc,heap     ] GC(35) Eden regions: 74->0(73)
[2025-01-03T22:05:19.503+0000][16.617s][info ][gc,heap     ] GC(35) Survivor regions: 2->3(10)
[2025-01-03T22:05:19.503+0000][16.617s][info ][gc,heap     ] GC(35) Old regions: 35->35
[2025-01-03T22:05:19.503+0000][16.618s][info ][gc,heap     ] GC(35) Archive regions: 2->2
[2025-01-03T22:05:19.503+0000][16.618s][info ][gc,heap     ] GC(35) Humongous regions: 0->0
[2025-01-03T22:05:19.503+0000][16.618s][info ][gc,metaspace] GC(35) Metaspace: 82453K(82944K)->82453K(82944K) NonClass: 71631K(71872K)->71631K(71872K) Class: 10822K(11072K)->10822K(11072K)
[2025-01-03T22:05:19.504+0000][16.618s][info ][gc          ] GC(35) Pause Young (Normal) (G1 Evacuation Pause) 221M->76M(260M) 5.187ms
[2025-01-03T22:05:19.504+0000][16.618s][info ][gc,cpu      ] GC(35) User=0.03s Sys=0.00s Real=0.01s
[2025-01-03T22:05:19.504+0000][16.618s][info ][safepoint   ] Safepoint "G1CollectForAllocation", Time since last: 10061631 ns, Reaching safepoint: 262824 ns, Cleanup: 16741 ns, At safepoint: 5606744 ns, Total: 5886309 ns
[2025-01-03T22:05:19.700+0000][16.815s][debug][safepoint   ] Safepoint synchronization initiated using futex wait barrier. (18 threads)
[2025-01-03T22:05:19.701+0000][16.815s][info ][safepoint   ] Safepoint "ICBufferFull", Time since last: 196284876 ns, Reaching safepoint: 343288 ns, Cleanup: 139835 ns, At safepoint: 17839 ns, Total: 500962 ns
[2025-01-03T22:05:20.151+0000][17.265s][debug][safepoint   ] Safepoint synchronization initiated using futex wait barrier. (18 threads)
[2025-01-03T22:05:20.152+0000][17.266s][info ][safepoint   ] Safepoint "ICBufferFull", Time since last: 450099394 ns, Reaching safepoint: 565635 ns, Cleanup: 157067 ns, At safepoint: 22511 ns, Total: 745213 ns
[2025-01-03T22:05:20.359+0000][17.473s][debug][safepoint   ] Safepoint synchronization initiated using futex wait barrier. (18 threads)
[2025-01-03T22:05:20.360+0000][17.474s][info ][gc,start    ] GC(36) Pause Young (Normal) (G1 Evacuation Pause)
[2025-01-03T22:05:20.360+0000][17.474s][info ][gc,task     ] GC(36) Using 6 workers of 10 for evacuation
[2025-01-03T22:05:20.366+0000][17.480s][info ][gc,phases   ] GC(36)   Pre Evacuate Collection Set: 0.1ms
[2025-01-03T22:05:20.366+0000][17.481s][info ][gc,phases   ] GC(36)   Merge Heap Roots: 0.1ms
[2025-01-03T22:05:20.366+0000][17.481s][info ][gc,phases   ] GC(36)   Evacuate Collection Set: 4.6ms
[2025-01-03T22:05:20.366+0000][17.481s][info ][gc,phases   ] GC(36)   Post Evacuate Collection Set: 1.2ms
[2025-01-03T22:05:20.367+0000][17.481s][info ][gc,phases   ] GC(36)   Other: 0.4ms
[2025-01-03T22:05:20.368+0000][17.483s][info ][gc,heap     ] GC(36) Eden regions: 73->0(70)
[2025-01-03T22:05:20.369+0000][17.483s][info ][gc,heap     ] GC(36) Survivor regions: 3->5(10)
[2025-01-03T22:05:20.369+0000][17.483s][info ][gc,heap     ] GC(36) Old regions: 35->35
[2025-01-03T22:05:20.369+0000][17.483s][info ][gc,heap     ] GC(36) Archive regions: 2->2
[2025-01-03T22:05:20.369+0000][17.483s][info ][gc,heap     ] GC(36) Humongous regions: 0->0
[2025-01-03T22:05:20.369+0000][17.483s][info ][gc,metaspace] GC(36) Metaspace: 85179K(85696K)->85179K(85696K) NonClass: 74173K(74432K)->74173K(74432K) Class: 11006K(11264K)->11006K(11264K)
[2025-01-03T22:05:20.369+0000][17.484s][info ][gc          ] GC(36) Pause Young (Normal) (G1 Evacuation Pause) 222M->80M(260M) 9.636ms
[2025-01-03T22:05:20.369+0000][17.484s][info ][gc,cpu      ] GC(36) User=0.03s Sys=0.01s Real=0.01s
[2025-01-03T22:05:20.370+0000][17.484s][info ][safepoint   ] Safepoint "G1CollectForAllocation", Time since last: 207151898 ns, Reaching safepoint: 739047 ns, Cleanup: 82107 ns, At safepoint: 10165304 ns, Total: 10986458 ns
[2025-01-03T22:05:20.803+0000][17.918s][debug][safepoint   ] Safepoint synchronization initiated using futex wait barrier. (22 threads)
[2025-01-03T22:05:20.804+0000][17.918s][info ][safepoint   ] Safepoint "ICBufferFull", Time since last: 433613098 ns, Reaching safepoint: 261451 ns, Cleanup: 114761 ns, At safepoint: 18138 ns, Total: 394350 ns
[2025-01-03T22:05:21.495+0000][18.609s][debug][safepoint   ] Safepoint synchronization initiated using futex wait barrier. (22 threads)
[2025-01-03T22:05:21.495+0000][18.610s][info ][gc,start    ] GC(37) Pause Young (Normal) (G1 Evacuation Pause)
[2025-01-03T22:05:21.495+0000][18.610s][info ][gc,task     ] GC(37) Using 10 workers of 10 for evacuation
[2025-01-03T22:05:21.502+0000][18.616s][info ][gc,phases   ] GC(37)   Pre Evacuate Collection Set: 0.2ms
[2025-01-03T22:05:21.502+0000][18.617s][info ][gc,phases   ] GC(37)   Merge Heap Roots: 0.1ms
[2025-01-03T22:05:21.502+0000][18.617s][info ][gc,phases   ] GC(37)   Evacuate Collection Set: 4.5ms
[2025-01-03T22:05:21.503+0000][18.617s][info ][gc,phases   ] GC(37)   Post Evacuate Collection Set: 1.4ms
[2025-01-03T22:05:21.503+0000][18.617s][info ][gc,phases   ] GC(37)   Other: 0.4ms
[2025-01-03T22:05:21.503+0000][18.617s][info ][gc,heap     ] GC(37) Eden regions: 70->0(66)
[2025-01-03T22:05:21.503+0000][18.617s][info ][gc,heap     ] GC(37) Survivor regions: 5->7(10)
[2025-01-03T22:05:21.503+0000][18.618s][info ][gc,heap     ] GC(37) Old regions: 35->35
[2025-01-03T22:05:21.503+0000][18.618s][info ][gc,heap     ] GC(37) Archive regions: 2->2
[2025-01-03T22:05:21.503+0000][18.618s][info ][gc,heap     ] GC(37) Humongous regions: 0->0
[2025-01-03T22:05:21.504+0000][18.618s][info ][gc,metaspace] GC(37) Metaspace: 87820K(88384K)->87820K(88384K) NonClass: 76566K(76864K)->76566K(76864K) Class: 11253K(11520K)->11253K(11520K)
[2025-01-03T22:05:21.504+0000][18.618s][info ][gc          ] GC(37) Pause Young (Normal) (G1 Evacuation Pause) 220M->83M(260M) 8.485ms
[2025-01-03T22:05:21.504+0000][18.618s][info ][gc,cpu      ] GC(37) User=0.06s Sys=0.00s Real=0.01s
[2025-01-03T22:05:21.504+0000][18.618s][info ][safepoint   ] Safepoint "G1CollectForAllocation", Time since last: 691071978 ns, Reaching safepoint: 364504 ns, Cleanup: 50175 ns, At safepoint: 8848948 ns, Total: 9263627 ns
[2025-01-03T22:05:22.078+0000][19.192s][debug][safepoint   ] Safepoint synchronization initiated using futex wait barrier. (22 threads)
[2025-01-03T22:05:22.078+0000][19.193s][info ][safepoint   ] Safepoint "ICBufferFull", Time since last: 573855104 ns, Reaching safepoint: 249472 ns, Cleanup: 167470 ns, At safepoint: 4046 ns, Total: 420988 ns
[2025-01-03T22:05:22.275+0000][19.389s][debug][safepoint   ] Safepoint synchronization initiated using futex wait barrier. (22 threads)
[2025-01-03T22:05:22.275+0000][19.389s][info ][gc,start    ] GC(38) Pause Young (Normal) (G1 Evacuation Pause)
[2025-01-03T22:05:22.275+0000][19.390s][info ][gc,task     ] GC(38) Using 10 workers of 10 for evacuation
[2025-01-03T22:05:22.283+0000][19.397s][info ][gc,phases   ] GC(38)   Pre Evacuate Collection Set: 0.1ms
[2025-01-03T22:05:22.283+0000][19.398s][info ][gc,phases   ] GC(38)   Merge Heap Roots: 0.1ms
[2025-01-03T22:05:22.284+0000][19.398s][info ][gc,phases   ] GC(38)   Evacuate Collection Set: 5.4ms
[2025-01-03T22:05:22.284+0000][19.398s][info ][gc,phases   ] GC(38)   Post Evacuate Collection Set: 2.0ms
[2025-01-03T22:05:22.284+0000][19.398s][info ][gc,phases   ] GC(38)   Other: 0.4ms
[2025-01-03T22:05:22.284+0000][19.399s][info ][gc,heap     ] GC(38) Eden regions: 66->0(65)
[2025-01-03T22:05:22.285+0000][19.399s][info ][gc,heap     ] GC(38) Survivor regions: 7->7(10)
[2025-01-03T22:05:22.285+0000][19.399s][info ][gc,heap     ] GC(38) Old regions: 35->36
[2025-01-03T22:05:22.285+0000][19.399s][info ][gc,heap     ] GC(38) Archive regions: 2->2
[2025-01-03T22:05:22.285+0000][19.400s][info ][gc,heap     ] GC(38) Humongous regions: 0->0
[2025-01-03T22:05:22.285+0000][19.400s][info ][gc,metaspace] GC(38) Metaspace: 92330K(92928K)->92330K(92928K) NonClass: 80335K(80640K)->80335K(80640K) Class: 11995K(12288K)->11995K(12288K)
[2025-01-03T22:05:22.286+0000][19.400s][info ][gc          ] GC(38) Pause Young (Normal) (G1 Evacuation Pause) 215M->86M(260M) 10.435ms
[2025-01-03T22:05:22.286+0000][19.400s][info ][gc,cpu      ] GC(38) User=0.05s Sys=0.00s Real=0.01s
[2025-01-03T22:05:22.286+0000][19.400s][info ][safepoint   ] Safepoint "G1CollectForAllocation", Time since last: 196434241 ns, Reaching safepoint: 244622 ns, Cleanup: 29109 ns, At safepoint: 10736024 ns, Total: 11009755 ns
[2025-01-03T22:05:22.772+0000][19.887s][debug][safepoint   ] Safepoint synchronization initiated using futex wait barrier. (22 threads)
[2025-01-03T22:05:22.773+0000][19.887s][info ][safepoint   ] Safepoint "ICBufferFull", Time since last: 486472140 ns, Reaching safepoint: 237388 ns, Cleanup: 112094 ns, At safepoint: 2764 ns, Total: 352246 ns
[2025-01-03T22:05:22.847+0000][19.961s][debug][safepoint   ] Safepoint synchronization initiated using futex wait barrier. (22 threads)
[2025-01-03T22:05:22.847+0000][19.961s][info ][gc,start    ] GC(39) Pause Young (Normal) (G1 Evacuation Pause)
[2025-01-03T22:05:22.847+0000][19.962s][info ][gc,task     ] GC(39) Using 10 workers of 10 for evacuation
[2025-01-03T22:05:22.856+0000][19.971s][info ][gc,phases   ] GC(39)   Pre Evacuate Collection Set: 0.2ms
[2025-01-03T22:05:22.857+0000][19.971s][info ][gc,phases   ] GC(39)   Merge Heap Roots: 0.1ms
[2025-01-03T22:05:22.857+0000][19.971s][info ][gc,phases   ] GC(39)   Evacuate Collection Set: 7.3ms
[2025-01-03T22:05:22.857+0000][19.971s][info ][gc,phases   ] GC(39)   Post Evacuate Collection Set: 1.1ms
[2025-01-03T22:05:22.857+0000][19.971s][info ][gc,phases   ] GC(39)   Other: 0.5ms
[2025-01-03T22:05:22.857+0000][19.972s][info ][gc,heap     ] GC(39) Eden regions: 65->0(64)
[2025-01-03T22:05:22.857+0000][19.972s][info ][gc,heap     ] GC(39) Survivor regions: 7->6(9)
[2025-01-03T22:05:22.858+0000][19.972s][info ][gc,heap     ] GC(39) Old regions: 36->39
[2025-01-03T22:05:22.858+0000][19.972s][info ][gc,heap     ] GC(39) Archive regions: 2->2
[2025-01-03T22:05:22.858+0000][19.972s][info ][gc,heap     ] GC(39) Humongous regions: 0->0
[2025-01-03T22:05:22.858+0000][19.972s][info ][gc,metaspace] GC(39) Metaspace: 94420K(95040K)->94420K(95040K) NonClass: 82010K(82304K)->82010K(82304K) Class: 12409K(12736K)->12409K(12736K)
[2025-01-03T22:05:22.858+0000][19.973s][info ][gc          ] GC(39) Pause Young (Normal) (G1 Evacuation Pause) 216M->91M(260M) 11.020ms
[2025-01-03T22:05:22.858+0000][19.973s][info ][gc,cpu      ] GC(39) User=0.09s Sys=0.00s Real=0.01s
[2025-01-03T22:05:22.858+0000][19.973s][info ][safepoint   ] Safepoint "G1CollectForAllocation", Time since last: 74174275 ns, Reaching safepoint: 262163 ns, Cleanup: 21673 ns, At safepoint: 11367160 ns, Total: 11650996 ns
[2025-01-03T22:05:23.974+0000][21.089s][debug][safepoint   ] Safepoint synchronization initiated using futex wait barrier. (22 threads)
[2025-01-03T22:05:23.975+0000][21.089s][info ][safepoint   ] Safepoint "Cleanup", Time since last: 1115800702 ns, Reaching safepoint: 283167 ns, Cleanup: 71647 ns, At safepoint: 3448 ns, Total: 358262 ns
[2025-01-03T22:05:24.207+0000][21.322s][info ][gc,heap,exit] Heap
[2025-01-03T22:05:24.211+0000][21.325s][info ][gc,heap,exit]  garbage-first heap   total 266240K, used 171629K [0x0000000706c00000, 0x0000000800000000)
[2025-01-03T22:05:24.213+0000][21.328s][info ][gc,heap,exit]   region size 2048K, 44 young (90112K), 6 survivors (12288K)
[2025-01-03T22:05:24.214+0000][21.328s][info ][gc,heap,exit]  Metaspace       used 96200K, committed 96832K, reserved 1179648K
[2025-01-03T22:05:24.214+0000][21.328s][info ][gc,heap,exit]   class space    used 12661K, committed 12992K, reserved 1048576K
[2025-01-03T22:05:24.214+0000][21.329s][debug][safepoint   ] Safepoint synchronization initiated using futex wait barrier. (15 threads)
