[2025-01-03T22:16:35.622+0000][0.036s][info][gc] Using G1
[2025-01-03T22:16:35.625+0000][0.039s][info][gc,init] Version: 17.0.12+7-Debian-2deb12u1 (release)
[2025-01-03T22:16:35.625+0000][0.039s][info][gc,init] CPUs: 12 total, 12 available
[2025-01-03T22:16:35.625+0000][0.039s][info][gc,init] Memory: 15951M
[2025-01-03T22:16:35.625+0000][0.039s][info][gc,init] Large Page Support: Disabled
[2025-01-03T22:16:35.625+0000][0.040s][info][gc,init] NUMA Support: Disabled
[2025-01-03T22:16:35.626+0000][0.040s][info][gc,init] Compressed Oops: Enabled (Zero based)
[2025-01-03T22:16:35.626+0000][0.040s][info][gc,init] Heap Region Size: 2M
[2025-01-03T22:16:35.626+0000][0.040s][info][gc,init] Heap Min Capacity: 8M
[2025-01-03T22:16:35.626+0000][0.040s][info][gc,init] Heap Initial Capacity: 250M
[2025-01-03T22:16:35.626+0000][0.040s][info][gc,init] Heap Max Capacity: 3988M
[2025-01-03T22:16:35.626+0000][0.041s][info][gc,init] Pre-touch: Disabled
[2025-01-03T22:16:35.627+0000][0.041s][info][gc,init] Parallel Workers: 10
[2025-01-03T22:16:35.627+0000][0.041s][info][gc,init] Concurrent Workers: 3
[2025-01-03T22:16:35.627+0000][0.041s][info][gc,init] Concurrent Refinement Workers: 10
[2025-01-03T22:16:35.627+0000][0.041s][info][gc,init] Periodic GC: Disabled
[2025-01-03T22:16:35.635+0000][0.049s][info][gc,metaspace] CDS archive(s) mapped at: [0x00007fe12f000000-0x00007fe12fbc4000-0x00007fe12fbc4000), size 12337152, SharedBaseAddress: 0x00007fe12f000000, ArchiveRelocationMode: 1.
[2025-01-03T22:16:35.635+0000][0.049s][info][gc,metaspace] Compressed class space mapped at: 0x00007fe130000000-0x00007fe170000000, reserved size: 1073741824
[2025-01-03T22:16:35.635+0000][0.049s][info][gc,metaspace] Narrow klass base: 0x00007fe12f000000, Narrow klass shift: 0, Narrow klass range: 0x100000000
[2025-01-03T22:16:35.641+0000][0.055s][info][cds,heap    ] initialize_from_archived_subgraph java.lang.Module$ArchivedData 0x00007fe12f184780 (early)
[2025-01-03T22:16:35.643+0000][0.057s][info][cds,heap    ] initialize_from_archived_subgraph java.util.ImmutableCollections 0x00007fe12f0722d8 (early)
[2025-01-03T22:16:35.649+0000][0.064s][info][cds,heap    ] initialize_from_archived_subgraph java.lang.Integer$IntegerCache 0x00007fe12f037660 (early)
[2025-01-03T22:16:35.654+0000][0.068s][info][cds,heap    ] initialize_from_archived_subgraph java.lang.module.Configuration 0x00007fe12f172700 (early)
[2025-01-03T22:16:35.654+0000][0.068s][info][cds,heap    ] initialize_from_archived_subgraph java.lang.ModuleLayer 0x00007fe12f146b38 (early)
[2025-01-03T22:16:35.654+0000][0.069s][info][cds,heap    ] initialize_from_archived_subgraph jdk.internal.loader.ArchivedClassLoaders 0x00007fe12f1adb70 (early)
[2025-01-03T22:16:35.655+0000][0.069s][info][cds,heap    ] initialize_from_archived_subgraph jdk.internal.module.ArchivedBootLayer 0x00007fe12f179340 (early)
[2025-01-03T22:16:35.657+0000][0.071s][info][cds,heap    ] initialize_from_archived_subgraph sun.util.locale.BaseLocale 0x00007fe12f26d048
[2025-01-03T22:16:35.669+0000][0.083s][info][cds,heap    ] initialize_from_archived_subgraph java.util.jar.Attributes$Name 0x00007fe12f19f5e8
[2025-01-03T22:16:35.697+0000][0.111s][info][cds,heap    ] initialize_from_archived_subgraph java.lang.Long$LongCache 0x00007fe12f020f98
[2025-01-03T22:16:35.777+0000][0.191s][info][cds,heap    ] initialize_from_archived_subgraph java.lang.Character$CharacterCache 0x00007fe12f03a9e8
[2025-01-03T22:16:36.211+0000][0.625s][debug][safepoint   ] Safepoint synchronization initiated using futex wait barrier. (14 threads)
[2025-01-03T22:16:36.211+0000][0.625s][info ][safepoint   ] Safepoint "ICBufferFull", Time since last: 570496163 ns, Reaching safepoint: 265746 ns, Cleanup: 100993 ns, At safepoint: 23482 ns, Total: 390221 ns
[2025-01-03T22:16:36.277+0000][0.691s][debug][safepoint   ] Safepoint synchronization initiated using futex wait barrier. (14 threads)
[2025-01-03T22:16:36.277+0000][0.691s][info ][gc,start    ] GC(0) Pause Young (Normal) (G1 Evacuation Pause)
[2025-01-03T22:16:36.278+0000][0.692s][info ][gc,task     ] GC(0) Using 6 workers of 10 for evacuation
[2025-01-03T22:16:36.285+0000][0.699s][info ][gc,phases   ] GC(0)   Pre Evacuate Collection Set: 0.1ms
[2025-01-03T22:16:36.285+0000][0.699s][info ][gc,phases   ] GC(0)   Merge Heap Roots: 0.1ms
[2025-01-03T22:16:36.285+0000][0.700s][info ][gc,phases   ] GC(0)   Evacuate Collection Set: 5.5ms
[2025-01-03T22:16:36.286+0000][0.700s][info ][gc,phases   ] GC(0)   Post Evacuate Collection Set: 0.9ms
[2025-01-03T22:16:36.286+0000][0.700s][info ][gc,phases   ] GC(0)   Other: 1.0ms
[2025-01-03T22:16:36.286+0000][0.700s][info ][gc,heap     ] GC(0) Eden regions: 31->0(53)
[2025-01-03T22:16:36.286+0000][0.700s][info ][gc,heap     ] GC(0) Survivor regions: 0->4(4)
[2025-01-03T22:16:36.286+0000][0.700s][info ][gc,heap     ] GC(0) Old regions: 0->1
[2025-01-03T22:16:36.286+0000][0.700s][info ][gc,heap     ] GC(0) Archive regions: 2->2
[2025-01-03T22:16:36.286+0000][0.701s][info ][gc,heap     ] GC(0) Humongous regions: 0->0
[2025-01-03T22:16:36.287+0000][0.701s][info ][gc,metaspace] GC(0) Metaspace: 2497K(2688K)->2497K(2688K) NonClass: 2260K(2368K)->2260K(2368K) Class: 237K(320K)->237K(320K)
[2025-01-03T22:16:36.287+0000][0.701s][info ][gc          ] GC(0) Pause Young (Normal) (G1 Evacuation Pause) 63M->10M(254M) 9.429ms
[2025-01-03T22:16:36.287+0000][0.701s][info ][gc,cpu      ] GC(0) User=0.06s Sys=0.00s Real=0.01s
[2025-01-03T22:16:36.287+0000][0.701s][info ][safepoint   ] Safepoint "G1CollectForAllocation", Time since last: 65919461 ns, Reaching safepoint: 234247 ns, Cleanup: 22083 ns, At safepoint: 9804408 ns, Total: 10060738 ns
[2025-01-03T22:16:36.929+0000][1.343s][debug][safepoint   ] Safepoint synchronization initiated using futex wait barrier. (15 threads)
[2025-01-03T22:16:36.930+0000][1.344s][info ][safepoint   ] Safepoint "ICBufferFull", Time since last: 642004975 ns, Reaching safepoint: 306943 ns, Cleanup: 235163 ns, At safepoint: 19720 ns, Total: 561826 ns
[2025-01-03T22:16:36.971+0000][1.386s][debug][safepoint   ] Safepoint synchronization initiated using futex wait barrier. (15 threads)
[2025-01-03T22:16:36.972+0000][1.386s][info ][gc,start    ] GC(1) Pause Young (Normal) (G1 Evacuation Pause)
[2025-01-03T22:16:36.972+0000][1.386s][info ][gc,task     ] GC(1) Using 6 workers of 10 for evacuation
[2025-01-03T22:16:36.980+0000][1.394s][info ][gc,phases   ] GC(1)   Pre Evacuate Collection Set: 0.1ms
[2025-01-03T22:16:36.980+0000][1.394s][info ][gc,phases   ] GC(1)   Merge Heap Roots: 0.1ms
[2025-01-03T22:16:36.980+0000][1.394s][info ][gc,phases   ] GC(1)   Evacuate Collection Set: 6.2ms
[2025-01-03T22:16:36.980+0000][1.395s][info ][gc,phases   ] GC(1)   Post Evacuate Collection Set: 1.4ms
[2025-01-03T22:16:36.980+0000][1.395s][info ][gc,phases   ] GC(1)   Other: 0.4ms
[2025-01-03T22:16:36.981+0000][1.395s][info ][gc,heap     ] GC(1) Eden regions: 53->0(69)
[2025-01-03T22:16:36.981+0000][1.395s][info ][gc,heap     ] GC(1) Survivor regions: 4->6(8)
[2025-01-03T22:16:36.981+0000][1.395s][info ][gc,heap     ] GC(1) Old regions: 1->1
[2025-01-03T22:16:36.981+0000][1.395s][info ][gc,heap     ] GC(1) Archive regions: 2->2
[2025-01-03T22:16:36.981+0000][1.395s][info ][gc,heap     ] GC(1) Humongous regions: 0->0
[2025-01-03T22:16:36.981+0000][1.396s][info ][gc,metaspace] GC(1) Metaspace: 6791K(7104K)->6791K(7104K) NonClass: 5949K(6080K)->5949K(6080K) Class: 841K(1024K)->841K(1024K)
[2025-01-03T22:16:36.982+0000][1.396s][info ][gc          ] GC(1) Pause Young (Normal) (G1 Evacuation Pause) 116M->14M(254M) 9.843ms
[2025-01-03T22:16:36.982+0000][1.396s][info ][gc,cpu      ] GC(1) User=0.08s Sys=0.00s Real=0.01s
[2025-01-03T22:16:36.982+0000][1.396s][info ][safepoint   ] Safepoint "G1CollectForAllocation", Time since last: 41808974 ns, Reaching safepoint: 299678 ns, Cleanup: 11008 ns, At safepoint: 10199281 ns, Total: 10509967 ns
[2025-01-03T22:16:37.490+0000][1.904s][debug][safepoint   ] Safepoint synchronization initiated using futex wait barrier. (15 threads)
[2025-01-03T22:16:37.491+0000][1.905s][info ][safepoint   ] Safepoint "ICBufferFull", Time since last: 508038112 ns, Reaching safepoint: 512922 ns, Cleanup: 144089 ns, At safepoint: 4968 ns, Total: 661979 ns
[2025-01-03T22:16:37.605+0000][2.019s][debug][safepoint   ] Safepoint synchronization initiated using futex wait barrier. (15 threads)
[2025-01-03T22:16:37.605+0000][2.020s][info ][safepoint   ] Safepoint "ICBufferFull", Time since last: 114241347 ns, Reaching safepoint: 389006 ns, Cleanup: 116255 ns, At safepoint: 21476 ns, Total: 526737 ns
[2025-01-03T22:16:37.796+0000][2.210s][debug][safepoint   ] Safepoint synchronization initiated using futex wait barrier. (16 threads)
[2025-01-03T22:16:37.796+0000][2.211s][info ][gc,start    ] GC(2) Pause Young (Normal) (G1 Evacuation Pause)
[2025-01-03T22:16:37.796+0000][2.211s][info ][gc,task     ] GC(2) Using 6 workers of 10 for evacuation
[2025-01-03T22:16:37.807+0000][2.221s][info ][gc,phases   ] GC(2)   Pre Evacuate Collection Set: 0.2ms
[2025-01-03T22:16:37.807+0000][2.221s][info ][gc,phases   ] GC(2)   Merge Heap Roots: 0.1ms
[2025-01-03T22:16:37.807+0000][2.222s][info ][gc,phases   ] GC(2)   Evacuate Collection Set: 8.7ms
[2025-01-03T22:16:37.808+0000][2.222s][info ][gc,phases   ] GC(2)   Post Evacuate Collection Set: 1.2ms
[2025-01-03T22:16:37.808+0000][2.222s][info ][gc,phases   ] GC(2)   Other: 0.4ms
[2025-01-03T22:16:37.808+0000][2.222s][info ][gc,heap     ] GC(2) Eden regions: 69->0(71)
[2025-01-03T22:16:37.808+0000][2.222s][info ][gc,heap     ] GC(2) Survivor regions: 6->4(10)
[2025-01-03T22:16:37.808+0000][2.222s][info ][gc,heap     ] GC(2) Old regions: 1->5
[2025-01-03T22:16:37.808+0000][2.222s][info ][gc,heap     ] GC(2) Archive regions: 2->2
[2025-01-03T22:16:37.808+0000][2.223s][info ][gc,heap     ] GC(2) Humongous regions: 0->0
[2025-01-03T22:16:37.809+0000][2.223s][info ][gc,metaspace] GC(2) Metaspace: 12357K(12672K)->12357K(12672K) NonClass: 10762K(10944K)->10762K(10944K) Class: 1594K(1728K)->1594K(1728K)
[2025-01-03T22:16:37.809+0000][2.223s][info ][gc          ] GC(2) Pause Young (Normal) (G1 Evacuation Pause) 152M->17M(254M) 12.394ms
[2025-01-03T22:16:37.809+0000][2.223s][info ][gc,cpu      ] GC(2) User=0.05s Sys=0.03s Real=0.01s
[2025-01-03T22:16:37.809+0000][2.223s][info ][safepoint   ] Safepoint "G1CollectForAllocation", Time since last: 190572897 ns, Reaching safepoint: 240533 ns, Cleanup: 91093 ns, At safepoint: 12710143 ns, Total: 13041769 ns
[2025-01-03T22:16:38.184+0000][2.598s][info ][cds,heap    ] initialize_from_archived_subgraph java.lang.Byte$ByteCache 0x00007fe12f03abf8
[2025-01-03T22:16:38.184+0000][2.598s][info ][cds,heap    ] initialize_from_archived_subgraph java.lang.Short$ShortCache 0x00007fe12f0412e8
[2025-01-03T22:16:38.238+0000][2.652s][debug][safepoint   ] Safepoint synchronization initiated using futex wait barrier. (16 threads)
[2025-01-03T22:16:38.238+0000][2.653s][info ][gc,start    ] GC(3) Pause Young (Normal) (G1 Evacuation Pause)
[2025-01-03T22:16:38.239+0000][2.653s][info ][gc,task     ] GC(3) Using 6 workers of 10 for evacuation
[2025-01-03T22:16:38.242+0000][2.656s][info ][gc,phases   ] GC(3)   Pre Evacuate Collection Set: 0.1ms
[2025-01-03T22:16:38.242+0000][2.657s][info ][gc,phases   ] GC(3)   Merge Heap Roots: 0.1ms
[2025-01-03T22:16:38.243+0000][2.657s][info ][gc,phases   ] GC(3)   Evacuate Collection Set: 2.6ms
[2025-01-03T22:16:38.243+0000][2.657s][info ][gc,phases   ] GC(3)   Post Evacuate Collection Set: 0.8ms
[2025-01-03T22:16:38.243+0000][2.657s][info ][gc,phases   ] GC(3)   Other: 0.4ms
[2025-01-03T22:16:38.243+0000][2.657s][info ][gc,heap     ] GC(3) Eden regions: 71->0(71)
[2025-01-03T22:16:38.243+0000][2.657s][info ][gc,heap     ] GC(3) Survivor regions: 4->4(10)
[2025-01-03T22:16:38.243+0000][2.657s][info ][gc,heap     ] GC(3) Old regions: 5->5
[2025-01-03T22:16:38.243+0000][2.658s][info ][gc,heap     ] GC(3) Archive regions: 2->2
[2025-01-03T22:16:38.244+0000][2.658s][info ][gc,heap     ] GC(3) Humongous regions: 0->0
[2025-01-03T22:16:38.244+0000][2.658s][info ][gc,metaspace] GC(3) Metaspace: 16978K(17280K)->16978K(17280K) NonClass: 14674K(14848K)->14674K(14848K) Class: 2304K(2432K)->2304K(2432K)
[2025-01-03T22:16:38.244+0000][2.658s][info ][gc          ] GC(3) Pause Young (Normal) (G1 Evacuation Pause) 159M->18M(254M) 5.451ms
[2025-01-03T22:16:38.244+0000][2.658s][info ][gc,cpu      ] GC(3) User=0.04s Sys=0.00s Real=0.01s
[2025-01-03T22:16:38.244+0000][2.658s][info ][safepoint   ] Safepoint "G1CollectForAllocation", Time since last: 428814145 ns, Reaching safepoint: 422947 ns, Cleanup: 91885 ns, At safepoint: 5813185 ns, Total: 6328017 ns
[2025-01-03T22:16:38.510+0000][2.924s][debug][safepoint   ] Safepoint synchronization initiated using futex wait barrier. (16 threads)
[2025-01-03T22:16:38.510+0000][2.924s][info ][gc,start    ] GC(4) Pause Young (Concurrent Start) (Metadata GC Threshold)
[2025-01-03T22:16:38.510+0000][2.925s][info ][gc,task     ] GC(4) Using 6 workers of 10 for evacuation
[2025-01-03T22:16:38.514+0000][2.929s][info ][gc,phases   ] GC(4)   Pre Evacuate Collection Set: 0.1ms
[2025-01-03T22:16:38.515+0000][2.929s][info ][gc,phases   ] GC(4)   Merge Heap Roots: 0.1ms
[2025-01-03T22:16:38.515+0000][2.929s][info ][gc,phases   ] GC(4)   Evacuate Collection Set: 3.1ms
[2025-01-03T22:16:38.515+0000][2.929s][info ][gc,phases   ] GC(4)   Post Evacuate Collection Set: 0.6ms
[2025-01-03T22:16:38.515+0000][2.929s][info ][gc,phases   ] GC(4)   Other: 0.4ms
[2025-01-03T22:16:38.515+0000][2.929s][info ][gc,heap     ] GC(4) Eden regions: 43->0(70)
[2025-01-03T22:16:38.515+0000][2.929s][info ][gc,heap     ] GC(4) Survivor regions: 4->5(10)
[2025-01-03T22:16:38.515+0000][2.930s][info ][gc,heap     ] GC(4) Old regions: 5->5
[2025-01-03T22:16:38.516+0000][2.930s][info ][gc,heap     ] GC(4) Archive regions: 2->2
[2025-01-03T22:16:38.516+0000][2.930s][info ][gc,heap     ] GC(4) Humongous regions: 0->0
[2025-01-03T22:16:38.516+0000][2.930s][info ][gc,metaspace] GC(4) Metaspace: 21266K(21504K)->21266K(21504K) NonClass: 18497K(18624K)->18497K(18624K) Class: 2769K(2880K)->2769K(2880K)
[2025-01-03T22:16:38.516+0000][2.930s][info ][gc          ] GC(4) Pause Young (Concurrent Start) (Metadata GC Threshold) 103M->20M(254M) 5.747ms
[2025-01-03T22:16:38.516+0000][2.930s][info ][gc,cpu      ] GC(4) User=0.02s Sys=0.00s Real=0.01s
[2025-01-03T22:16:38.516+0000][2.930s][info ][gc          ] GC(5) Concurrent Mark Cycle
[2025-01-03T22:16:38.516+0000][2.931s][info ][gc,marking  ] GC(5) Concurrent Clear Claimed Marks
[2025-01-03T22:16:38.516+0000][2.930s][info ][safepoint   ] Safepoint "CollectForMetadataAllocation", Time since last: 265785898 ns, Reaching safepoint: 201734 ns, Cleanup: 49339 ns, At safepoint: 6099038 ns, Total: 6350111 ns
[2025-01-03T22:16:38.517+0000][2.931s][info ][gc,marking  ] GC(5) Concurrent Clear Claimed Marks 0.146ms
[2025-01-03T22:16:38.517+0000][2.931s][info ][gc,marking  ] GC(5) Concurrent Scan Root Regions
[2025-01-03T22:16:38.519+0000][2.933s][info ][gc,marking  ] GC(5) Concurrent Scan Root Regions 2.127ms
[2025-01-03T22:16:38.519+0000][2.933s][info ][gc,marking  ] GC(5) Concurrent Mark
[2025-01-03T22:16:38.519+0000][2.933s][info ][gc,marking  ] GC(5) Concurrent Mark From Roots
[2025-01-03T22:16:38.519+0000][2.934s][info ][gc,task     ] GC(5) Using 3 workers of 3 for marking
[2025-01-03T22:16:38.524+0000][2.938s][info ][gc,marking  ] GC(5) Concurrent Mark From Roots 4.226ms
[2025-01-03T22:16:38.524+0000][2.938s][info ][gc,marking  ] GC(5) Concurrent Preclean
[2025-01-03T22:16:38.524+0000][2.938s][info ][gc,marking  ] GC(5) Concurrent Preclean 0.310ms
[2025-01-03T22:16:38.524+0000][2.938s][debug][safepoint   ] Safepoint synchronization initiated using futex wait barrier. (16 threads)
[2025-01-03T22:16:38.524+0000][2.939s][info ][gc,start    ] GC(5) Pause Remark
[2025-01-03T22:16:38.526+0000][2.940s][info ][gc          ] GC(5) Pause Remark 22M->22M(88M) 1.683ms
[2025-01-03T22:16:38.526+0000][2.940s][info ][gc,cpu      ] GC(5) User=0.00s Sys=0.00s Real=0.00s
[2025-01-03T22:16:38.526+0000][2.941s][info ][safepoint   ] Safepoint "G1PauseRemark", Time since last: 7896222 ns, Reaching safepoint: 162468 ns, Cleanup: 2480 ns, At safepoint: 1980697 ns, Total: 2145645 ns
[2025-01-03T22:16:38.527+0000][2.941s][info ][gc,marking  ] GC(5) Concurrent Mark 7.401ms
[2025-01-03T22:16:38.527+0000][2.941s][info ][gc,marking  ] GC(5) Concurrent Rebuild Remembered Sets
[2025-01-03T22:16:38.529+0000][2.943s][info ][gc,marking  ] GC(5) Concurrent Rebuild Remembered Sets 1.976ms
[2025-01-03T22:16:38.529+0000][2.943s][debug][safepoint   ] Safepoint synchronization initiated using futex wait barrier. (16 threads)
[2025-01-03T22:16:38.529+0000][2.943s][info ][gc,start    ] GC(5) Pause Cleanup
[2025-01-03T22:16:38.529+0000][2.944s][info ][gc          ] GC(5) Pause Cleanup 22M->22M(88M) 0.202ms
[2025-01-03T22:16:38.530+0000][2.944s][info ][gc,cpu      ] GC(5) User=0.00s Sys=0.00s Real=0.00s
[2025-01-03T22:16:38.530+0000][2.944s][info ][safepoint   ] Safepoint "G1PauseCleanup", Time since last: 2551080 ns, Reaching safepoint: 326555 ns, Cleanup: 2180 ns, At safepoint: 471457 ns, Total: 800192 ns
[2025-01-03T22:16:38.530+0000][2.944s][info ][gc,marking  ] GC(5) Concurrent Cleanup for Next Mark
[2025-01-03T22:16:38.530+0000][2.945s][info ][gc,marking  ] GC(5) Concurrent Cleanup for Next Mark 0.524ms
[2025-01-03T22:16:38.531+0000][2.945s][info ][gc          ] GC(5) Concurrent Mark Cycle 14.244ms
[2025-01-03T22:16:38.706+0000][3.120s][debug][safepoint   ] Safepoint synchronization initiated using futex wait barrier. (16 threads)
[2025-01-03T22:16:38.706+0000][3.121s][debug][safepoint   ] ... found polling page loop exception at pc = 0x00007fe195bdb068, stub =0x00007fe19cb10400
[2025-01-03T22:16:38.707+0000][3.121s][info ][gc,start    ] GC(6) Pause Young (Prepare Mixed) (G1 Preventive Collection)
[2025-01-03T22:16:38.707+0000][3.121s][info ][gc,task     ] GC(6) Using 5 workers of 10 for evacuation
[2025-01-03T22:16:38.714+0000][3.128s][info ][gc,phases   ] GC(6)   Pre Evacuate Collection Set: 0.1ms
[2025-01-03T22:16:38.714+0000][3.128s][info ][gc,phases   ] GC(6)   Merge Heap Roots: 0.1ms
[2025-01-03T22:16:38.714+0000][3.128s][info ][gc,phases   ] GC(6)   Evacuate Collection Set: 5.2ms
[2025-01-03T22:16:38.714+0000][3.129s][info ][gc,phases   ] GC(6)   Post Evacuate Collection Set: 0.9ms
[2025-01-03T22:16:38.715+0000][3.129s][info ][gc,phases   ] GC(6)   Other: 0.4ms
[2025-01-03T22:16:38.715+0000][3.129s][info ][gc,heap     ] GC(6) Eden regions: 24->0(1)
[2025-01-03T22:16:38.715+0000][3.129s][info ][gc,heap     ] GC(6) Survivor regions: 5->6(10)
[2025-01-03T22:16:38.715+0000][3.129s][info ][gc,heap     ] GC(6) Old regions: 5->5
[2025-01-03T22:16:38.715+0000][3.129s][info ][gc,heap     ] GC(6) Archive regions: 2->2
[2025-01-03T22:16:38.715+0000][3.129s][info ][gc,heap     ] GC(6) Humongous regions: 0->0
[2025-01-03T22:16:38.715+0000][3.130s][info ][gc,metaspace] GC(6) Metaspace: 23345K(23680K)->23345K(23680K) NonClass: 20298K(20480K)->20298K(20480K) Class: 3047K(3200K)->3047K(3200K)
[2025-01-03T22:16:38.716+0000][3.130s][info ][gc          ] GC(6) Pause Young (Prepare Mixed) (G1 Preventive Collection) 68M->22M(106M) 8.593ms
[2025-01-03T22:16:38.716+0000][3.130s][info ][gc,cpu      ] GC(6) User=0.06s Sys=0.01s Real=0.01s
[2025-01-03T22:16:38.716+0000][3.130s][info ][safepoint   ] Safepoint "G1CollectForAllocation", Time since last: 176429448 ns, Reaching safepoint: 783777 ns, Cleanup: 64862 ns, At safepoint: 8916104 ns, Total: 9764743 ns
[2025-01-03T22:16:38.723+0000][3.137s][debug][safepoint   ] Safepoint synchronization initiated using futex wait barrier. (16 threads)
[2025-01-03T22:16:38.723+0000][3.137s][info ][gc,start    ] GC(7) Pause Young (Mixed) (G1 Evacuation Pause)
[2025-01-03T22:16:38.723+0000][3.138s][info ][gc,task     ] GC(7) Using 4 workers of 10 for evacuation
[2025-01-03T22:16:38.730+0000][3.144s][info ][gc,phases   ] GC(7)   Pre Evacuate Collection Set: 0.1ms
[2025-01-03T22:16:38.730+0000][3.145s][info ][gc,phases   ] GC(7)   Merge Heap Roots: 0.1ms
[2025-01-03T22:16:38.730+0000][3.145s][info ][gc,phases   ] GC(7)   Evacuate Collection Set: 5.8ms
[2025-01-03T22:16:38.731+0000][3.145s][info ][gc,phases   ] GC(7)   Post Evacuate Collection Set: 0.7ms
[2025-01-03T22:16:38.731+0000][3.145s][info ][gc,phases   ] GC(7)   Other: 0.3ms
[2025-01-03T22:16:38.731+0000][3.145s][info ][gc,heap     ] GC(7) Eden regions: 1->0(28)
[2025-01-03T22:16:38.731+0000][3.145s][info ][gc,heap     ] GC(7) Survivor regions: 6->1(1)
[2025-01-03T22:16:38.731+0000][3.145s][info ][gc,heap     ] GC(7) Old regions: 5->10
[2025-01-03T22:16:38.731+0000][3.146s][info ][gc,heap     ] GC(7) Archive regions: 2->2
[2025-01-03T22:16:38.731+0000][3.146s][info ][gc,heap     ] GC(7) Humongous regions: 0->0
[2025-01-03T22:16:38.732+0000][3.146s][info ][gc,metaspace] GC(7) Metaspace: 23431K(23744K)->23431K(23744K) NonClass: 20378K(20544K)->20378K(20544K) Class: 3052K(3200K)->3052K(3200K)
[2025-01-03T22:16:38.732+0000][3.146s][info ][gc          ] GC(7) Pause Young (Mixed) (G1 Evacuation Pause) 24M->23M(106M) 8.529ms
[2025-01-03T22:16:38.732+0000][3.146s][info ][gc,cpu      ] GC(7) User=0.03s Sys=0.00s Real=0.00s
[2025-01-03T22:16:38.732+0000][3.146s][info ][safepoint   ] Safepoint "G1CollectForAllocation", Time since last: 7034317 ns, Reaching safepoint: 328738 ns, Cleanup: 5027 ns, At safepoint: 8865864 ns, Total: 9199629 ns
[2025-01-03T22:16:38.956+0000][3.370s][debug][safepoint   ] Safepoint synchronization initiated using futex wait barrier. (15 threads)
[2025-01-03T22:16:38.957+0000][3.371s][info ][gc,start    ] GC(8) Pause Young (Normal) (G1 Evacuation Pause)
[2025-01-03T22:16:38.957+0000][3.371s][info ][gc,task     ] GC(8) Using 3 workers of 10 for evacuation
[2025-01-03T22:16:38.961+0000][3.375s][info ][gc,phases   ] GC(8)   Pre Evacuate Collection Set: 0.1ms
[2025-01-03T22:16:38.961+0000][3.375s][info ][gc,phases   ] GC(8)   Merge Heap Roots: 0.1ms
[2025-01-03T22:16:38.961+0000][3.375s][info ][gc,phases   ] GC(8)   Evacuate Collection Set: 3.0ms
[2025-01-03T22:16:38.961+0000][3.375s][info ][gc,phases   ] GC(8)   Post Evacuate Collection Set: 0.5ms
[2025-01-03T22:16:38.961+0000][3.375s][info ][gc,phases   ] GC(8)   Other: 0.4ms
[2025-01-03T22:16:38.961+0000][3.376s][info ][gc,heap     ] GC(8) Eden regions: 28->0(26)
[2025-01-03T22:16:38.962+0000][3.376s][info ][gc,heap     ] GC(8) Survivor regions: 1->3(4)
[2025-01-03T22:16:38.962+0000][3.376s][info ][gc,heap     ] GC(8) Old regions: 10->10
[2025-01-03T22:16:38.962+0000][3.376s][info ][gc,heap     ] GC(8) Archive regions: 2->2
[2025-01-03T22:16:38.962+0000][3.376s][info ][gc,heap     ] GC(8) Humongous regions: 0->0
[2025-01-03T22:16:38.962+0000][3.376s][info ][gc,metaspace] GC(8) Metaspace: 24407K(24768K)->24407K(24768K) NonClass: 21237K(21440K)->21237K(21440K) Class: 3169K(3328K)->3169K(3328K)
[2025-01-03T22:16:38.962+0000][3.376s][info ][gc          ] GC(8) Pause Young (Normal) (G1 Evacuation Pause) 79M->26M(106M) 5.658ms
[2025-01-03T22:16:38.962+0000][3.377s][info ][gc,cpu      ] GC(8) User=0.04s Sys=0.00s Real=0.01s
[2025-01-03T22:16:38.962+0000][3.377s][info ][safepoint   ] Safepoint "G1CollectForAllocation", Time since last: 224087820 ns, Reaching safepoint: 242288 ns, Cleanup: 65440 ns, At safepoint: 5935002 ns, Total: 6242730 ns
[2025-01-03T22:16:39.078+0000][3.492s][debug][safepoint   ] Safepoint synchronization initiated using futex wait barrier. (15 threads)
[2025-01-03T22:16:39.079+0000][3.493s][info ][gc,start    ] GC(9) Pause Young (Normal) (G1 Evacuation Pause)
[2025-01-03T22:16:39.079+0000][3.493s][info ][gc,task     ] GC(9) Using 2 workers of 10 for evacuation
[2025-01-03T22:16:39.089+0000][3.503s][info ][gc,phases   ] GC(9)   Pre Evacuate Collection Set: 0.1ms
[2025-01-03T22:16:39.089+0000][3.503s][info ][gc,phases   ] GC(9)   Merge Heap Roots: 0.1ms
[2025-01-03T22:16:39.089+0000][3.504s][info ][gc,phases   ] GC(9)   Evacuate Collection Set: 9.1ms
[2025-01-03T22:16:39.090+0000][3.504s][info ][gc,phases   ] GC(9)   Post Evacuate Collection Set: 0.8ms
[2025-01-03T22:16:39.090+0000][3.504s][info ][gc,phases   ] GC(9)   Other: 0.4ms
[2025-01-03T22:16:39.090+0000][3.504s][info ][gc,heap     ] GC(9) Eden regions: 26->0(23)
[2025-01-03T22:16:39.090+0000][3.504s][info ][gc,heap     ] GC(9) Survivor regions: 3->4(4)
[2025-01-03T22:16:39.090+0000][3.504s][info ][gc,heap     ] GC(9) Old regions: 10->12
[2025-01-03T22:16:39.090+0000][3.505s][info ][gc,heap     ] GC(9) Archive regions: 2->2
[2025-01-03T22:16:39.090+0000][3.505s][info ][gc,heap     ] GC(9) Humongous regions: 0->0
[2025-01-03T22:16:39.091+0000][3.505s][info ][gc,metaspace] GC(9) Metaspace: 24459K(24896K)->24459K(24896K) NonClass: 21275K(21504K)->21275K(21504K) Class: 3184K(3392K)->3184K(3392K)
[2025-01-03T22:16:39.091+0000][3.505s][info ][gc          ] GC(9) Pause Young (Normal) (G1 Evacuation Pause) 78M->32M(106M) 12.238ms
[2025-01-03T22:16:39.091+0000][3.505s][info ][gc,cpu      ] GC(9) User=0.05s Sys=0.00s Real=0.01s
[2025-01-03T22:16:39.091+0000][3.505s][info ][safepoint   ] Safepoint "G1CollectForAllocation", Time since last: 115764557 ns, Reaching safepoint: 255374 ns, Cleanup: 24370 ns, At safepoint: 12580452 ns, Total: 12860196 ns
[2025-01-03T22:16:39.187+0000][3.601s][debug][safepoint   ] Safepoint synchronization initiated using futex wait barrier. (15 threads)
[2025-01-03T22:16:39.188+0000][3.602s][info ][gc,start    ] GC(10) Pause Young (Normal) (G1 Evacuation Pause)
[2025-01-03T22:16:39.188+0000][3.602s][info ][gc,task     ] GC(10) Using 2 workers of 10 for evacuation
[2025-01-03T22:16:39.203+0000][3.617s][info ][gc,phases   ] GC(10)   Pre Evacuate Collection Set: 0.1ms
[2025-01-03T22:16:39.203+0000][3.617s][info ][gc,phases   ] GC(10)   Merge Heap Roots: 0.1ms
[2025-01-03T22:16:39.203+0000][3.617s][info ][gc,phases   ] GC(10)   Evacuate Collection Set: 12.9ms
[2025-01-03T22:16:39.203+0000][3.618s][info ][gc,phases   ] GC(10)   Post Evacuate Collection Set: 1.7ms
[2025-01-03T22:16:39.204+0000][3.618s][info ][gc,phases   ] GC(10)   Other: 0.4ms
[2025-01-03T22:16:39.204+0000][3.618s][info ][gc,heap     ] GC(10) Eden regions: 23->0(62)
[2025-01-03T22:16:39.204+0000][3.618s][info ][gc,heap     ] GC(10) Survivor regions: 4->3(4)
[2025-01-03T22:16:39.204+0000][3.618s][info ][gc,heap     ] GC(10) Old regions: 12->16
[2025-01-03T22:16:39.204+0000][3.619s][info ][gc,heap     ] GC(10) Archive regions: 2->2
[2025-01-03T22:16:39.204+0000][3.619s][info ][gc,heap     ] GC(10) Humongous regions: 0->0
[2025-01-03T22:16:39.205+0000][3.619s][info ][gc,metaspace] GC(10) Metaspace: 24496K(24896K)->24496K(24896K) NonClass: 21308K(21504K)->21308K(21504K) Class: 3187K(3392K)->3187K(3392K)
[2025-01-03T22:16:39.205+0000][3.619s][info ][gc          ] GC(10) Pause Young (Normal) (G1 Evacuation Pause) 78M->38M(218M) 17.280ms
[2025-01-03T22:16:39.205+0000][3.619s][info ][gc,cpu      ] GC(10) User=0.06s Sys=0.00s Real=0.02s
[2025-01-03T22:16:39.205+0000][3.620s][info ][safepoint   ] Safepoint "G1CollectForAllocation", Time since last: 96234970 ns, Reaching safepoint: 256504 ns, Cleanup: 22508 ns, At safepoint: 17894369 ns, Total: 18173381 ns
[2025-01-03T22:16:39.754+0000][4.169s][debug][safepoint   ] Safepoint synchronization initiated using futex wait barrier. (15 threads)
[2025-01-03T22:16:39.755+0000][4.169s][info ][safepoint   ] Safepoint "ICBufferFull", Time since last: 548932726 ns, Reaching safepoint: 229665 ns, Cleanup: 140316 ns, At safepoint: 3348 ns, Total: 373329 ns
[2025-01-03T22:16:39.757+0000][4.171s][debug][safepoint   ] Safepoint synchronization initiated using futex wait barrier. (15 threads)
[2025-01-03T22:16:39.757+0000][4.172s][info ][gc,start    ] GC(11) Pause Young (Normal) (G1 Evacuation Pause)
[2025-01-03T22:16:39.758+0000][4.172s][info ][gc,task     ] GC(11) Using 5 workers of 10 for evacuation
[2025-01-03T22:16:39.765+0000][4.180s][info ][gc,phases   ] GC(11)   Pre Evacuate Collection Set: 0.1ms
[2025-01-03T22:16:39.766+0000][4.180s][info ][gc,phases   ] GC(11)   Merge Heap Roots: 0.1ms
[2025-01-03T22:16:39.766+0000][4.180s][info ][gc,phases   ] GC(11)   Evacuate Collection Set: 6.3ms
[2025-01-03T22:16:39.766+0000][4.180s][info ][gc,phases   ] GC(11)   Post Evacuate Collection Set: 1.2ms
[2025-01-03T22:16:39.766+0000][4.180s][info ][gc,phases   ] GC(11)   Other: 0.4ms
[2025-01-03T22:16:39.766+0000][4.181s][info ][gc,heap     ] GC(11) Eden regions: 62->0(56)
[2025-01-03T22:16:39.767+0000][4.181s][info ][gc,heap     ] GC(11) Survivor regions: 3->9(9)
[2025-01-03T22:16:39.767+0000][4.181s][info ][gc,heap     ] GC(11) Old regions: 16->16
[2025-01-03T22:16:39.767+0000][4.181s][info ][gc,heap     ] GC(11) Archive regions: 2->2
[2025-01-03T22:16:39.767+0000][4.181s][info ][gc,heap     ] GC(11) Humongous regions: 0->0
[2025-01-03T22:16:39.767+0000][4.181s][info ][gc,metaspace] GC(11) Metaspace: 25057K(25408K)->25057K(25408K) NonClass: 21809K(21952K)->21809K(21952K) Class: 3247K(3456K)->3247K(3456K)
[2025-01-03T22:16:39.767+0000][4.182s][info ][gc          ] GC(11) Pause Young (Normal) (G1 Evacuation Pause) 162M->48M(218M) 9.893ms
[2025-01-03T22:16:39.767+0000][4.182s][info ][gc,cpu      ] GC(11) User=0.06s Sys=0.00s Real=0.01s
[2025-01-03T22:16:39.768+0000][4.182s][info ][safepoint   ] Safepoint "G1CollectForAllocation", Time since last: 2147127 ns, Reaching safepoint: 495830 ns, Cleanup: 6840 ns, At safepoint: 10202603 ns, Total: 10705273 ns
[2025-01-03T22:16:40.019+0000][4.433s][debug][safepoint   ] Safepoint synchronization initiated using futex wait barrier. (15 threads)
[2025-01-03T22:16:40.019+0000][4.433s][info ][safepoint   ] Safepoint "ICBufferFull", Time since last: 251123558 ns, Reaching safepoint: 303589 ns, Cleanup: 78600 ns, At safepoint: 13478 ns, Total: 395667 ns
[2025-01-03T22:16:40.188+0000][4.602s][debug][safepoint   ] Safepoint synchronization initiated using futex wait barrier. (15 threads)
[2025-01-03T22:16:40.188+0000][4.602s][info ][gc,start    ] GC(12) Pause Young (Normal) (G1 Evacuation Pause)
[2025-01-03T22:16:40.188+0000][4.602s][info ][gc,task     ] GC(12) Using 5 workers of 10 for evacuation
[2025-01-03T22:16:40.197+0000][4.611s][info ][gc,phases   ] GC(12)   Pre Evacuate Collection Set: 0.1ms
[2025-01-03T22:16:40.197+0000][4.611s][info ][gc,phases   ] GC(12)   Merge Heap Roots: 0.1ms
[2025-01-03T22:16:40.197+0000][4.612s][info ][gc,phases   ] GC(12)   Evacuate Collection Set: 7.1ms
[2025-01-03T22:16:40.198+0000][4.612s][info ][gc,phases   ] GC(12)   Post Evacuate Collection Set: 1.4ms
[2025-01-03T22:16:40.198+0000][4.612s][info ][gc,phases   ] GC(12)   Other: 0.4ms
[2025-01-03T22:16:40.198+0000][4.612s][info ][gc,heap     ] GC(12) Eden regions: 56->0(57)
[2025-01-03T22:16:40.198+0000][4.612s][info ][gc,heap     ] GC(12) Survivor regions: 9->3(9)
[2025-01-03T22:16:40.198+0000][4.613s][info ][gc,heap     ] GC(12) Old regions: 16->24
[2025-01-03T22:16:40.199+0000][4.613s][info ][gc,heap     ] GC(12) Archive regions: 2->2
[2025-01-03T22:16:40.199+0000][4.613s][info ][gc,heap     ] GC(12) Humongous regions: 0->0
[2025-01-03T22:16:40.199+0000][4.613s][info ][gc,metaspace] GC(12) Metaspace: 25179K(25600K)->25179K(25600K) NonClass: 21924K(22144K)->21924K(22144K) Class: 3255K(3456K)->3255K(3456K)
[2025-01-03T22:16:40.199+0000][4.613s][info ][gc          ] GC(12) Pause Young (Normal) (G1 Evacuation Pause) 160M->53M(218M) 11.057ms
[2025-01-03T22:16:40.199+0000][4.613s][info ][gc,cpu      ] GC(12) User=0.06s Sys=0.00s Real=0.01s
[2025-01-03T22:16:40.199+0000][4.613s][info ][safepoint   ] Safepoint "G1CollectForAllocation", Time since last: 168466947 ns, Reaching safepoint: 242064 ns, Cleanup: 59658 ns, At safepoint: 11363828 ns, Total: 11665550 ns
[2025-01-03T22:16:40.541+0000][4.955s][debug][safepoint   ] Safepoint synchronization initiated using futex wait barrier. (16 threads)
[2025-01-03T22:16:40.541+0000][4.955s][info ][gc,start    ] GC(13) Pause Young (Normal) (G1 Evacuation Pause)
[2025-01-03T22:16:40.541+0000][4.956s][info ][gc,task     ] GC(13) Using 5 workers of 10 for evacuation
[2025-01-03T22:16:40.545+0000][4.959s][info ][gc,phases   ] GC(13)   Pre Evacuate Collection Set: 0.1ms
[2025-01-03T22:16:40.545+0000][4.959s][info ][gc,phases   ] GC(13)   Merge Heap Roots: 0.1ms
[2025-01-03T22:16:40.545+0000][4.959s][info ][gc,phases   ] GC(13)   Evacuate Collection Set: 2.3ms
[2025-01-03T22:16:40.545+0000][4.959s][info ][gc,phases   ] GC(13)   Post Evacuate Collection Set: 0.6ms
[2025-01-03T22:16:40.545+0000][4.959s][info ][gc,phases   ] GC(13)   Other: 0.4ms
[2025-01-03T22:16:40.545+0000][4.959s][info ][gc,heap     ] GC(13) Eden regions: 57->0(58)
[2025-01-03T22:16:40.545+0000][4.960s][info ][gc,heap     ] GC(13) Survivor regions: 3->4(8)
[2025-01-03T22:16:40.546+0000][4.960s][info ][gc,heap     ] GC(13) Old regions: 24->24
[2025-01-03T22:16:40.546+0000][4.960s][info ][gc,heap     ] GC(13) Archive regions: 2->2
[2025-01-03T22:16:40.546+0000][4.960s][info ][gc,heap     ] GC(13) Humongous regions: 0->0
[2025-01-03T22:16:40.546+0000][4.960s][info ][gc,metaspace] GC(13) Metaspace: 26768K(27136K)->26768K(27136K) NonClass: 23389K(23552K)->23389K(23552K) Class: 3378K(3584K)->3378K(3584K)
[2025-01-03T22:16:40.546+0000][4.960s][info ][gc          ] GC(13) Pause Young (Normal) (G1 Evacuation Pause) 167M->55M(218M) 4.921ms
[2025-01-03T22:16:40.546+0000][4.960s][info ][gc,cpu      ] GC(13) User=0.03s Sys=0.00s Real=0.01s
[2025-01-03T22:16:40.546+0000][4.960s][info ][safepoint   ] Safepoint "G1CollectForAllocation", Time since last: 341488732 ns, Reaching safepoint: 236022 ns, Cleanup: 107142 ns, At safepoint: 5179582 ns, Total: 5522746 ns
[2025-01-03T22:16:40.874+0000][5.288s][debug][safepoint   ] Safepoint synchronization initiated using futex wait barrier. (15 threads)
[2025-01-03T22:16:40.874+0000][5.288s][info ][gc,start    ] GC(14) Pause Young (Normal) (G1 Evacuation Pause)
[2025-01-03T22:16:40.874+0000][5.288s][info ][gc,task     ] GC(14) Using 5 workers of 10 for evacuation
[2025-01-03T22:16:40.878+0000][5.292s][info ][gc,phases   ] GC(14)   Pre Evacuate Collection Set: 0.1ms
[2025-01-03T22:16:40.878+0000][5.292s][info ][gc,phases   ] GC(14)   Merge Heap Roots: 0.1ms
[2025-01-03T22:16:40.878+0000][5.292s][info ][gc,phases   ] GC(14)   Evacuate Collection Set: 2.6ms
[2025-01-03T22:16:40.878+0000][5.293s][info ][gc,phases   ] GC(14)   Post Evacuate Collection Set: 0.8ms
[2025-01-03T22:16:40.879+0000][5.293s][info ][gc,phases   ] GC(14)   Other: 0.3ms
[2025-01-03T22:16:40.879+0000][5.293s][info ][gc,heap     ] GC(14) Eden regions: 58->0(59)
[2025-01-03T22:16:40.879+0000][5.293s][info ][gc,heap     ] GC(14) Survivor regions: 4->4(8)
[2025-01-03T22:16:40.879+0000][5.293s][info ][gc,heap     ] GC(14) Old regions: 24->24
[2025-01-03T22:16:40.879+0000][5.293s][info ][gc,heap     ] GC(14) Archive regions: 2->2
[2025-01-03T22:16:40.879+0000][5.294s][info ][gc,heap     ] GC(14) Humongous regions: 0->0
[2025-01-03T22:16:40.880+0000][5.294s][info ][gc,metaspace] GC(14) Metaspace: 28125K(28416K)->28125K(28416K) NonClass: 24581K(24704K)->24581K(24704K) Class: 3544K(3712K)->3544K(3712K)
[2025-01-03T22:16:40.880+0000][5.294s][info ][gc          ] GC(14) Pause Young (Normal) (G1 Evacuation Pause) 171M->56M(218M) 5.669ms
[2025-01-03T22:16:40.880+0000][5.294s][info ][gc,cpu      ] GC(14) User=0.02s Sys=0.00s Real=0.00s
[2025-01-03T22:16:40.880+0000][5.294s][info ][safepoint   ] Safepoint "G1CollectForAllocation", Time since last: 327414773 ns, Reaching safepoint: 221013 ns, Cleanup: 79460 ns, At safepoint: 5989211 ns, Total: 6289684 ns
[2025-01-03T22:16:41.369+0000][5.783s][debug][safepoint   ] Safepoint synchronization initiated using futex wait barrier. (15 threads)
[2025-01-03T22:16:41.369+0000][5.783s][info ][gc,start    ] GC(15) Pause Young (Normal) (G1 Evacuation Pause)
[2025-01-03T22:16:41.369+0000][5.783s][info ][gc,task     ] GC(15) Using 5 workers of 10 for evacuation
[2025-01-03T22:16:41.374+0000][5.788s][info ][gc,phases   ] GC(15)   Pre Evacuate Collection Set: 0.1ms
[2025-01-03T22:16:41.374+0000][5.788s][info ][gc,phases   ] GC(15)   Merge Heap Roots: 0.1ms
[2025-01-03T22:16:41.374+0000][5.788s][info ][gc,phases   ] GC(15)   Evacuate Collection Set: 2.8ms
[2025-01-03T22:16:41.374+0000][5.788s][info ][gc,phases   ] GC(15)   Post Evacuate Collection Set: 1.3ms
[2025-01-03T22:16:41.374+0000][5.788s][info ][gc,phases   ] GC(15)   Other: 0.4ms
[2025-01-03T22:16:41.374+0000][5.789s][info ][gc,heap     ] GC(15) Eden regions: 59->0(89)
[2025-01-03T22:16:41.374+0000][5.789s][info ][gc,heap     ] GC(15) Survivor regions: 4->5(8)
[2025-01-03T22:16:41.375+0000][5.789s][info ][gc,heap     ] GC(15) Old regions: 24->24
[2025-01-03T22:16:41.375+0000][5.789s][info ][gc,heap     ] GC(15) Archive regions: 2->2
[2025-01-03T22:16:41.375+0000][5.789s][info ][gc,heap     ] GC(15) Humongous regions: 0->0
[2025-01-03T22:16:41.375+0000][5.789s][info ][gc,metaspace] GC(15) Metaspace: 33728K(34112K)->33728K(34112K) NonClass: 29562K(29760K)->29562K(29760K) Class: 4166K(4352K)->4166K(4352K)
[2025-01-03T22:16:41.375+0000][5.789s][info ][gc          ] GC(15) Pause Young (Normal) (G1 Evacuation Pause) 174M->57M(314M) 6.149ms
[2025-01-03T22:16:41.375+0000][5.789s][info ][gc,cpu      ] GC(15) User=0.03s Sys=0.00s Real=0.01s
[2025-01-03T22:16:41.375+0000][5.790s][info ][safepoint   ] Safepoint "G1CollectForAllocation", Time since last: 488593749 ns, Reaching safepoint: 228763 ns, Cleanup: 91575 ns, At safepoint: 6470822 ns, Total: 6791160 ns
[2025-01-03T22:16:41.796+0000][6.210s][debug][safepoint   ] Safepoint synchronization initiated using futex wait barrier. (15 threads)
[2025-01-03T22:16:41.796+0000][6.210s][debug][safepoint   ] ... found polling page loop exception at pc = 0x00007fe19d226c6d, stub =0x00007fe19cb10400
[2025-01-03T22:16:41.796+0000][6.211s][info ][safepoint   ] Safepoint "ICBufferFull", Time since last: 420583414 ns, Reaching safepoint: 388648 ns, Cleanup: 115670 ns, At safepoint: 23361 ns, Total: 527679 ns
[2025-01-03T22:16:41.990+0000][6.405s][debug][safepoint   ] Safepoint synchronization initiated using futex wait barrier. (15 threads)
[2025-01-03T22:16:41.991+0000][6.405s][info ][gc,start    ] GC(16) Pause Young (Concurrent Start) (Metadata GC Threshold)
[2025-01-03T22:16:41.991+0000][6.405s][info ][gc,task     ] GC(16) Using 7 workers of 10 for evacuation
[2025-01-03T22:16:41.995+0000][6.409s][info ][gc,phases   ] GC(16)   Pre Evacuate Collection Set: 0.2ms
[2025-01-03T22:16:41.995+0000][6.409s][info ][gc,phases   ] GC(16)   Merge Heap Roots: 0.1ms
[2025-01-03T22:16:41.995+0000][6.410s][info ][gc,phases   ] GC(16)   Evacuate Collection Set: 2.9ms
[2025-01-03T22:16:41.995+0000][6.410s][info ][gc,phases   ] GC(16)   Post Evacuate Collection Set: 0.7ms
[2025-01-03T22:16:41.996+0000][6.410s][info ][gc,phases   ] GC(16)   Other: 0.4ms
[2025-01-03T22:16:41.996+0000][6.410s][info ][gc,heap     ] GC(16) Eden regions: 81->0(89)
[2025-01-03T22:16:41.996+0000][6.410s][info ][gc,heap     ] GC(16) Survivor regions: 5->5(12)
[2025-01-03T22:16:41.996+0000][6.410s][info ][gc,heap     ] GC(16) Old regions: 24->24
[2025-01-03T22:16:41.996+0000][6.410s][info ][gc,heap     ] GC(16) Archive regions: 2->2
[2025-01-03T22:16:41.996+0000][6.410s][info ][gc,heap     ] GC(16) Humongous regions: 0->0
[2025-01-03T22:16:41.996+0000][6.410s][info ][gc,metaspace] GC(16) Metaspace: 36074K(36416K)->36074K(36416K) NonClass: 31600K(31744K)->31600K(31744K) Class: 4473K(4672K)->4473K(4672K)
[2025-01-03T22:16:41.996+0000][6.410s][info ][gc          ] GC(16) Pause Young (Concurrent Start) (Metadata GC Threshold) 218M->57M(314M) 5.495ms
[2025-01-03T22:16:41.996+0000][6.411s][info ][gc,cpu      ] GC(16) User=0.05s Sys=0.00s Real=0.01s
[2025-01-03T22:16:41.996+0000][6.411s][info ][gc          ] GC(17) Concurrent Mark Cycle
[2025-01-03T22:16:41.997+0000][6.411s][info ][gc,marking  ] GC(17) Concurrent Clear Claimed Marks
[2025-01-03T22:16:41.997+0000][6.411s][info ][safepoint   ] Safepoint "CollectForMetadataAllocation", Time since last: 193887623 ns, Reaching safepoint: 224558 ns, Cleanup: 125450 ns, At safepoint: 5792112 ns, Total: 6142120 ns
[2025-01-03T22:16:41.997+0000][6.411s][info ][gc,marking  ] GC(17) Concurrent Clear Claimed Marks 0.178ms
[2025-01-03T22:16:41.997+0000][6.411s][info ][gc,marking  ] GC(17) Concurrent Scan Root Regions
[2025-01-03T22:16:41.999+0000][6.414s][info ][gc,marking  ] GC(17) Concurrent Scan Root Regions 2.273ms
[2025-01-03T22:16:41.999+0000][6.414s][info ][gc,marking  ] GC(17) Concurrent Mark
[2025-01-03T22:16:42.000+0000][6.414s][info ][gc,marking  ] GC(17) Concurrent Mark From Roots
[2025-01-03T22:16:42.000+0000][6.414s][info ][gc,task     ] GC(17) Using 3 workers of 3 for marking
[2025-01-03T22:16:42.020+0000][6.434s][info ][gc,marking  ] GC(17) Concurrent Mark From Roots 20.703ms
[2025-01-03T22:16:42.020+0000][6.435s][info ][gc,marking  ] GC(17) Concurrent Preclean
[2025-01-03T22:16:42.021+0000][6.435s][info ][gc,marking  ] GC(17) Concurrent Preclean 0.355ms
[2025-01-03T22:16:42.021+0000][6.435s][debug][safepoint   ] Safepoint synchronization initiated using futex wait barrier. (15 threads)
[2025-01-03T22:16:42.021+0000][6.435s][info ][gc,start    ] GC(17) Pause Remark
[2025-01-03T22:16:42.024+0000][6.438s][info ][gc          ] GC(17) Pause Remark 63M->63M(228M) 2.351ms
[2025-01-03T22:16:42.024+0000][6.438s][info ][gc,cpu      ] GC(17) User=0.00s Sys=0.01s Real=0.01s
[2025-01-03T22:16:42.024+0000][6.438s][info ][safepoint   ] Safepoint "G1PauseRemark", Time since last: 24512093 ns, Reaching safepoint: 201910 ns, Cleanup: 11227 ns, At safepoint: 2642378 ns, Total: 2855515 ns
[2025-01-03T22:16:42.024+0000][6.438s][info ][gc,marking  ] GC(17) Concurrent Mark 24.558ms
[2025-01-03T22:16:42.024+0000][6.438s][info ][gc,marking  ] GC(17) Concurrent Rebuild Remembered Sets
[2025-01-03T22:16:42.032+0000][6.446s][info ][gc,marking  ] GC(17) Concurrent Rebuild Remembered Sets 7.987ms
[2025-01-03T22:16:42.032+0000][6.447s][debug][safepoint   ] Safepoint synchronization initiated using futex wait barrier. (15 threads)
[2025-01-03T22:16:42.033+0000][6.447s][info ][gc,start    ] GC(17) Pause Cleanup
[2025-01-03T22:16:42.033+0000][6.447s][info ][gc          ] GC(17) Pause Cleanup 65M->65M(228M) 0.201ms
[2025-01-03T22:16:42.033+0000][6.447s][info ][gc,cpu      ] GC(17) User=0.00s Sys=0.00s Real=0.00s
[2025-01-03T22:16:42.033+0000][6.447s][info ][safepoint   ] Safepoint "G1PauseCleanup", Time since last: 8508800 ns, Reaching safepoint: 130890 ns, Cleanup: 3086 ns, At safepoint: 460962 ns, Total: 594938 ns
[2025-01-03T22:16:42.033+0000][6.447s][info ][gc,marking  ] GC(17) Concurrent Cleanup for Next Mark
[2025-01-03T22:16:42.035+0000][6.449s][info ][gc,marking  ] GC(17) Concurrent Cleanup for Next Mark 1.593ms
[2025-01-03T22:16:42.035+0000][6.449s][info ][gc          ] GC(17) Concurrent Mark Cycle 38.379ms
[2025-01-03T22:16:42.383+0000][6.797s][debug][safepoint   ] Safepoint synchronization initiated using futex wait barrier. (15 threads)
[2025-01-03T22:16:42.383+0000][6.798s][info ][gc,start    ] GC(18) Pause Young (Prepare Mixed) (G1 Evacuation Pause)
[2025-01-03T22:16:42.383+0000][6.798s][info ][gc,task     ] GC(18) Using 6 workers of 10 for evacuation
[2025-01-03T22:16:42.389+0000][6.803s][info ][gc,phases   ] GC(18)   Pre Evacuate Collection Set: 0.1ms
[2025-01-03T22:16:42.389+0000][6.803s][info ][gc,phases   ] GC(18)   Merge Heap Roots: 0.1ms
[2025-01-03T22:16:42.389+0000][6.803s][info ][gc,phases   ] GC(18)   Evacuate Collection Set: 4.1ms
[2025-01-03T22:16:42.389+0000][6.803s][info ][gc,phases   ] GC(18)   Post Evacuate Collection Set: 0.7ms
[2025-01-03T22:16:42.389+0000][6.803s][info ][gc,phases   ] GC(18)   Other: 0.3ms
[2025-01-03T22:16:42.389+0000][6.804s][info ][gc,heap     ] GC(18) Eden regions: 63->0(1)
[2025-01-03T22:16:42.389+0000][6.804s][info ][gc,heap     ] GC(18) Survivor regions: 5->6(9)
[2025-01-03T22:16:42.390+0000][6.804s][info ][gc,heap     ] GC(18) Old regions: 24->24
[2025-01-03T22:16:42.390+0000][6.804s][info ][gc,heap     ] GC(18) Archive regions: 2->2
[2025-01-03T22:16:42.390+0000][6.804s][info ][gc,heap     ] GC(18) Humongous regions: 0->0
[2025-01-03T22:16:42.390+0000][6.804s][info ][gc,metaspace] GC(18) Metaspace: 38887K(39296K)->38887K(39296K) NonClass: 33987K(34176K)->33987K(34176K) Class: 4899K(5120K)->4899K(5120K)
[2025-01-03T22:16:42.390+0000][6.804s][info ][gc          ] GC(18) Pause Young (Prepare Mixed) (G1 Evacuation Pause) 183M->58M(228M) 6.720ms
[2025-01-03T22:16:42.390+0000][6.804s][info ][gc,cpu      ] GC(18) User=0.02s Sys=0.00s Real=0.00s
[2025-01-03T22:16:42.390+0000][6.805s][info ][safepoint   ] Safepoint "G1CollectForAllocation", Time since last: 350079797 ns, Reaching safepoint: 182948 ns, Cleanup: 72187 ns, At safepoint: 6992442 ns, Total: 7247577 ns
[2025-01-03T22:16:42.400+0000][6.814s][debug][safepoint   ] Safepoint synchronization initiated using futex wait barrier. (15 threads)
[2025-01-03T22:16:42.400+0000][6.814s][info ][gc,start    ] GC(19) Pause Young (Mixed) (G1 Evacuation Pause)
[2025-01-03T22:16:42.400+0000][6.814s][info ][gc,task     ] GC(19) Using 5 workers of 10 for evacuation
[2025-01-03T22:16:42.405+0000][6.819s][info ][gc,phases   ] GC(19)   Pre Evacuate Collection Set: 0.1ms
[2025-01-03T22:16:42.405+0000][6.819s][info ][gc,phases   ] GC(19)   Merge Heap Roots: 0.1ms
[2025-01-03T22:16:42.405+0000][6.819s][info ][gc,phases   ] GC(19)   Evacuate Collection Set: 3.9ms
[2025-01-03T22:16:42.405+0000][6.820s][info ][gc,phases   ] GC(19)   Post Evacuate Collection Set: 0.6ms
[2025-01-03T22:16:42.405+0000][6.820s][info ][gc,phases   ] GC(19)   Other: 0.3ms
[2025-01-03T22:16:42.406+0000][6.820s][info ][gc,heap     ] GC(19) Eden regions: 1->0(65)
[2025-01-03T22:16:42.406+0000][6.820s][info ][gc,heap     ] GC(19) Survivor regions: 6->1(1)
[2025-01-03T22:16:42.406+0000][6.820s][info ][gc,heap     ] GC(19) Old regions: 24->28
[2025-01-03T22:16:42.406+0000][6.820s][info ][gc,heap     ] GC(19) Archive regions: 2->2
[2025-01-03T22:16:42.406+0000][6.820s][info ][gc,heap     ] GC(19) Humongous regions: 0->0
[2025-01-03T22:16:42.406+0000][6.820s][info ][gc,metaspace] GC(19) Metaspace: 38971K(39360K)->38971K(39360K) NonClass: 34061K(34240K)->34061K(34240K) Class: 4909K(5120K)->4909K(5120K)
[2025-01-03T22:16:42.406+0000][6.820s][info ][gc          ] GC(19) Pause Young (Mixed) (G1 Evacuation Pause) 60M->59M(228M) 6.081ms
[2025-01-03T22:16:42.406+0000][6.821s][info ][gc,cpu      ] GC(19) User=0.04s Sys=0.00s Real=0.01s
[2025-01-03T22:16:42.406+0000][6.821s][info ][safepoint   ] Safepoint "G1CollectForAllocation", Time since last: 9576880 ns, Reaching safepoint: 194609 ns, Cleanup: 8237 ns, At safepoint: 6339342 ns, Total: 6542188 ns
[2025-01-03T22:16:43.088+0000][7.502s][debug][safepoint   ] Safepoint synchronization initiated using futex wait barrier. (15 threads)
[2025-01-03T22:16:43.088+0000][7.502s][info ][gc,start    ] GC(20) Pause Young (Normal) (G1 Evacuation Pause)
[2025-01-03T22:16:43.088+0000][7.503s][info ][gc,task     ] GC(20) Using 5 workers of 10 for evacuation
[2025-01-03T22:16:43.091+0000][7.505s][info ][gc,phases   ] GC(20)   Pre Evacuate Collection Set: 0.1ms
[2025-01-03T22:16:43.091+0000][7.505s][info ][gc,phases   ] GC(20)   Merge Heap Roots: 0.1ms
[2025-01-03T22:16:43.091+0000][7.505s][info ][gc,phases   ] GC(20)   Evacuate Collection Set: 1.6ms
[2025-01-03T22:16:43.091+0000][7.506s][info ][gc,phases   ] GC(20)   Post Evacuate Collection Set: 0.6ms
[2025-01-03T22:16:43.092+0000][7.506s][info ][gc,phases   ] GC(20)   Other: 0.4ms
[2025-01-03T22:16:43.092+0000][7.506s][info ][gc,heap     ] GC(20) Eden regions: 65->0(65)
[2025-01-03T22:16:43.092+0000][7.506s][info ][gc,heap     ] GC(20) Survivor regions: 1->2(9)
[2025-01-03T22:16:43.092+0000][7.506s][info ][gc,heap     ] GC(20) Old regions: 28->28
[2025-01-03T22:16:43.092+0000][7.506s][info ][gc,heap     ] GC(20) Archive regions: 2->2
[2025-01-03T22:16:43.092+0000][7.506s][info ][gc,heap     ] GC(20) Humongous regions: 0->0
[2025-01-03T22:16:43.092+0000][7.507s][info ][gc,metaspace] GC(20) Metaspace: 41782K(42240K)->41782K(42240K) NonClass: 36507K(36736K)->36507K(36736K) Class: 5275K(5504K)->5275K(5504K)
[2025-01-03T22:16:43.092+0000][7.507s][info ][gc          ] GC(20) Pause Young (Normal) (G1 Evacuation Pause) 189M->59M(228M) 4.229ms
[2025-01-03T22:16:43.093+0000][7.507s][info ][gc,cpu      ] GC(20) User=0.02s Sys=0.01s Real=0.01s
[2025-01-03T22:16:43.093+0000][7.507s][info ][safepoint   ] Safepoint "G1CollectForAllocation", Time since last: 681412903 ns, Reaching safepoint: 220868 ns, Cleanup: 131990 ns, At safepoint: 4554728 ns, Total: 4907586 ns
[2025-01-03T22:16:43.883+0000][8.297s][debug][safepoint   ] Safepoint synchronization initiated using futex wait barrier. (15 threads)
[2025-01-03T22:16:43.884+0000][8.298s][info ][safepoint   ] Safepoint "ICBufferFull", Time since last: 789963209 ns, Reaching safepoint: 949093 ns, Cleanup: 154386 ns, At safepoint: 15819 ns, Total: 1119298 ns
[2025-01-03T22:16:44.047+0000][8.461s][debug][safepoint   ] Safepoint synchronization initiated using futex wait barrier. (15 threads)
[2025-01-03T22:16:44.048+0000][8.462s][info ][gc,start    ] GC(21) Pause Young (Normal) (G1 Evacuation Pause)
[2025-01-03T22:16:44.048+0000][8.462s][info ][gc,task     ] GC(21) Using 5 workers of 10 for evacuation
[2025-01-03T22:16:44.052+0000][8.466s][info ][gc,phases   ] GC(21)   Pre Evacuate Collection Set: 0.1ms
[2025-01-03T22:16:44.052+0000][8.466s][info ][gc,phases   ] GC(21)   Merge Heap Roots: 0.1ms
[2025-01-03T22:16:44.052+0000][8.466s][info ][gc,phases   ] GC(21)   Evacuate Collection Set: 2.6ms
[2025-01-03T22:16:44.052+0000][8.467s][info ][gc,phases   ] GC(21)   Post Evacuate Collection Set: 0.8ms
[2025-01-03T22:16:44.053+0000][8.467s][info ][gc,phases   ] GC(21)   Other: 0.5ms
[2025-01-03T22:16:44.053+0000][8.467s][info ][gc,heap     ] GC(21) Eden regions: 65->0(65)
[2025-01-03T22:16:44.053+0000][8.467s][info ][gc,heap     ] GC(21) Survivor regions: 2->2(9)
[2025-01-03T22:16:44.053+0000][8.467s][info ][gc,heap     ] GC(21) Old regions: 28->28
[2025-01-03T22:16:44.053+0000][8.467s][info ][gc,heap     ] GC(21) Archive regions: 2->2
[2025-01-03T22:16:44.053+0000][8.468s][info ][gc,heap     ] GC(21) Humongous regions: 0->0
[2025-01-03T22:16:44.053+0000][8.468s][info ][gc,metaspace] GC(21) Metaspace: 44871K(45312K)->44871K(45312K) NonClass: 39158K(39424K)->39158K(39424K) Class: 5712K(5888K)->5712K(5888K)
[2025-01-03T22:16:44.054+0000][8.468s][info ][gc          ] GC(21) Pause Young (Normal) (G1 Evacuation Pause) 189M->61M(228M) 6.155ms
[2025-01-03T22:16:44.054+0000][8.468s][info ][gc,cpu      ] GC(21) User=0.02s Sys=0.00s Real=0.01s
[2025-01-03T22:16:44.054+0000][8.468s][info ][safepoint   ] Safepoint "G1CollectForAllocation", Time since last: 163358604 ns, Reaching safepoint: 243858 ns, Cleanup: 41418 ns, At safepoint: 6466645 ns, Total: 6751921 ns
[2025-01-03T22:16:45.042+0000][9.457s][debug][safepoint   ] Safepoint synchronization initiated using futex wait barrier. (15 threads)
[2025-01-03T22:16:45.045+0000][9.459s][info ][safepoint   ] Safepoint "ICBufferFull", Time since last: 988523930 ns, Reaching safepoint: 2431816 ns, Cleanup: 155236 ns, At safepoint: 15838 ns, Total: 2602890 ns
[2025-01-03T22:16:45.218+0000][9.632s][debug][safepoint   ] Safepoint synchronization initiated using futex wait barrier. (15 threads)
[2025-01-03T22:16:45.223+0000][9.638s][info ][gc,start    ] GC(22) Pause Young (Normal) (G1 Evacuation Pause)
[2025-01-03T22:16:45.234+0000][9.648s][info ][gc,task     ] GC(22) Using 5 workers of 10 for evacuation
[2025-01-03T22:16:45.244+0000][9.659s][info ][gc,phases   ] GC(22)   Pre Evacuate Collection Set: 0.1ms
[2025-01-03T22:16:45.253+0000][9.668s][info ][gc,phases   ] GC(22)   Merge Heap Roots: 0.2ms
[2025-01-03T22:16:45.254+0000][9.668s][info ][gc,phases   ] GC(22)   Evacuate Collection Set: 9.1ms
[2025-01-03T22:16:45.255+0000][9.669s][info ][gc,phases   ] GC(22)   Post Evacuate Collection Set: 1.0ms
[2025-01-03T22:16:45.257+0000][9.671s][info ][gc,phases   ] GC(22)   Other: 10.6ms
[2025-01-03T22:16:45.257+0000][9.671s][info ][gc,heap     ] GC(22) Eden regions: 65->0(63)
[2025-01-03T22:16:45.259+0000][9.673s][info ][gc,heap     ] GC(22) Survivor regions: 2->4(9)
[2025-01-03T22:16:45.259+0000][9.673s][info ][gc,heap     ] GC(22) Old regions: 28->28
[2025-01-03T22:16:45.259+0000][9.673s][info ][gc,heap     ] GC(22) Archive regions: 2->2
[2025-01-03T22:16:45.259+0000][9.673s][info ][gc,heap     ] GC(22) Humongous regions: 0->0
[2025-01-03T22:16:45.259+0000][9.674s][info ][gc,metaspace] GC(22) Metaspace: 49553K(49984K)->49553K(49984K) NonClass: 43208K(43392K)->43208K(43392K) Class: 6345K(6592K)->6345K(6592K)
[2025-01-03T22:16:45.260+0000][9.674s][info ][gc          ] GC(22) Pause Young (Normal) (G1 Evacuation Pause) 191M->64M(228M) 36.195ms
[2025-01-03T22:16:45.260+0000][9.674s][info ][gc,cpu      ] GC(22) User=0.14s Sys=0.00s Real=0.03s
[2025-01-03T22:16:45.260+0000][9.674s][info ][safepoint   ] Safepoint "G1CollectForAllocation", Time since last: 172872141 ns, Reaching safepoint: 5332893 ns, Cleanup: 76325 ns, At safepoint: 36568876 ns, Total: 41978094 ns
[2025-01-03T22:16:46.633+0000][11.047s][debug][safepoint   ] Safepoint synchronization initiated using futex wait barrier. (17 threads)
[2025-01-03T22:16:46.634+0000][11.048s][info ][safepoint   ] Safepoint "Cleanup", Time since last: 1373294728 ns, Reaching safepoint: 276025 ns, Cleanup: 192082 ns, At safepoint: 22580 ns, Total: 490687 ns
[2025-01-03T22:16:47.319+0000][11.734s][debug][safepoint   ] Safepoint synchronization initiated using futex wait barrier. (17 threads)
[2025-01-03T22:16:47.321+0000][11.735s][info ][safepoint   ] Safepoint "ICBufferFull", Time since last: 685617596 ns, Reaching safepoint: 1271910 ns, Cleanup: 174546 ns, At safepoint: 15693 ns, Total: 1462149 ns
[2025-01-03T22:16:47.404+0000][11.818s][debug][safepoint   ] Safepoint synchronization initiated using futex wait barrier. (17 threads)
[2025-01-03T22:16:47.404+0000][11.819s][info ][gc,start    ] GC(23) Pause Young (Normal) (G1 Evacuation Pause)
[2025-01-03T22:16:47.405+0000][11.819s][info ][gc,task     ] GC(23) Using 5 workers of 10 for evacuation
[2025-01-03T22:16:47.411+0000][11.825s][info ][gc,phases   ] GC(23)   Pre Evacuate Collection Set: 0.1ms
[2025-01-03T22:16:47.412+0000][11.826s][info ][gc,phases   ] GC(23)   Merge Heap Roots: 0.1ms
[2025-01-03T22:16:47.412+0000][11.826s][info ][gc,phases   ] GC(23)   Evacuate Collection Set: 4.9ms
[2025-01-03T22:16:47.412+0000][11.826s][info ][gc,phases   ] GC(23)   Post Evacuate Collection Set: 1.3ms
[2025-01-03T22:16:47.412+0000][11.826s][info ][gc,phases   ] GC(23)   Other: 0.4ms
[2025-01-03T22:16:47.412+0000][11.826s][info ][gc,heap     ] GC(23) Eden regions: 63->0(62)
[2025-01-03T22:16:47.412+0000][11.827s][info ][gc,heap     ] GC(23) Survivor regions: 4->5(9)
[2025-01-03T22:16:47.412+0000][11.827s][info ][gc,heap     ] GC(23) Old regions: 28->28
[2025-01-03T22:16:47.413+0000][11.827s][info ][gc,heap     ] GC(23) Archive regions: 2->2
[2025-01-03T22:16:47.413+0000][11.827s][info ][gc,heap     ] GC(23) Humongous regions: 0->0
[2025-01-03T22:16:47.413+0000][11.827s][info ][gc,metaspace] GC(23) Metaspace: 55207K(55680K)->55207K(55680K) NonClass: 48210K(48448K)->48210K(48448K) Class: 6997K(7232K)->6997K(7232K)
[2025-01-03T22:16:47.413+0000][11.827s][info ][gc          ] GC(23) Pause Young (Normal) (G1 Evacuation Pause) 190M->67M(228M) 8.631ms
[2025-01-03T22:16:47.413+0000][11.827s][info ][gc,cpu      ] GC(23) User=0.06s Sys=0.00s Real=0.01s
[2025-01-03T22:16:47.413+0000][11.828s][info ][safepoint   ] Safepoint "G1CollectForAllocation", Time since last: 83283624 ns, Reaching safepoint: 266164 ns, Cleanup: 14536 ns, At safepoint: 8960427 ns, Total: 9241127 ns
[2025-01-03T22:16:48.210+0000][12.624s][debug][safepoint   ] Safepoint synchronization initiated using futex wait barrier. (18 threads)
[2025-01-03T22:16:48.211+0000][12.625s][info ][gc,start    ] GC(24) Pause Young (Normal) (G1 Evacuation Pause)
[2025-01-03T22:16:48.211+0000][12.626s][info ][gc,task     ] GC(24) Using 5 workers of 10 for evacuation
[2025-01-03T22:16:48.223+0000][12.638s][info ][gc,phases   ] GC(24)   Pre Evacuate Collection Set: 0.1ms
[2025-01-03T22:16:48.225+0000][12.639s][info ][gc,phases   ] GC(24)   Merge Heap Roots: 0.1ms
[2025-01-03T22:16:48.225+0000][12.640s][info ][gc,phases   ] GC(24)   Evacuate Collection Set: 9.0ms
[2025-01-03T22:16:48.226+0000][12.640s][info ][gc,phases   ] GC(24)   Post Evacuate Collection Set: 2.3ms
[2025-01-03T22:16:48.226+0000][12.640s][info ][gc,phases   ] GC(24)   Other: 1.4ms
[2025-01-03T22:16:48.227+0000][12.641s][info ][gc,heap     ] GC(24) Eden regions: 62->0(61)
[2025-01-03T22:16:48.227+0000][12.641s][info ][gc,heap     ] GC(24) Survivor regions: 5->5(9)
[2025-01-03T22:16:48.227+0000][12.641s][info ][gc,heap     ] GC(24) Old regions: 28->29
[2025-01-03T22:16:48.227+0000][12.641s][info ][gc,heap     ] GC(24) Archive regions: 2->2
[2025-01-03T22:16:48.227+0000][12.641s][info ][gc,heap     ] GC(24) Humongous regions: 0->0
[2025-01-03T22:16:48.227+0000][12.641s][info ][gc,metaspace] GC(24) Metaspace: 58719K(59136K)->58719K(59136K) NonClass: 51210K(51456K)->51210K(51456K) Class: 7508K(7680K)->7508K(7680K)
[2025-01-03T22:16:48.227+0000][12.642s][info ][gc          ] GC(24) Pause Young (Normal) (G1 Evacuation Pause) 191M->67M(228M) 16.908ms
[2025-01-03T22:16:48.228+0000][12.642s][info ][gc,cpu      ] GC(24) User=0.08s Sys=0.00s Real=0.02s
[2025-01-03T22:16:48.228+0000][12.642s][info ][safepoint   ] Safepoint "G1CollectForAllocation", Time since last: 796720355 ns, Reaching safepoint: 426368 ns, Cleanup: 32424 ns, At safepoint: 17413472 ns, Total: 17872264 ns
[2025-01-03T22:16:49.267+0000][13.681s][debug][safepoint   ] Safepoint synchronization initiated using futex wait barrier. (18 threads)
[2025-01-03T22:16:49.267+0000][13.681s][info ][safepoint   ] Safepoint "Cleanup", Time since last: 1038662235 ns, Reaching safepoint: 547558 ns, Cleanup: 83473 ns, At safepoint: 5225 ns, Total: 636256 ns
[2025-01-03T22:16:49.553+0000][13.967s][debug][safepoint   ] Safepoint synchronization initiated using futex wait barrier. (16 threads)
[2025-01-03T22:16:49.553+0000][13.968s][info ][gc,start    ] GC(25) Pause Young (Concurrent Start) (Metadata GC Threshold)
[2025-01-03T22:16:49.553+0000][13.968s][info ][gc,task     ] GC(25) Using 5 workers of 10 for evacuation
[2025-01-03T22:16:49.560+0000][13.975s][info ][gc,phases   ] GC(25)   Pre Evacuate Collection Set: 0.1ms
[2025-01-03T22:16:49.561+0000][13.975s][info ][gc,phases   ] GC(25)   Merge Heap Roots: 0.1ms
[2025-01-03T22:16:49.561+0000][13.975s][info ][gc,phases   ] GC(25)   Evacuate Collection Set: 5.3ms
[2025-01-03T22:16:49.561+0000][13.975s][info ][gc,phases   ] GC(25)   Post Evacuate Collection Set: 1.1ms
[2025-01-03T22:16:49.561+0000][13.975s][info ][gc,phases   ] GC(25)   Other: 0.4ms
[2025-01-03T22:16:49.561+0000][13.975s][info ][gc,heap     ] GC(25) Eden regions: 26->0(61)
[2025-01-03T22:16:49.561+0000][13.976s][info ][gc,heap     ] GC(25) Survivor regions: 5->5(9)
[2025-01-03T22:16:49.562+0000][13.976s][info ][gc,heap     ] GC(25) Old regions: 29->29
[2025-01-03T22:16:49.562+0000][13.976s][info ][gc,heap     ] GC(25) Archive regions: 2->2
[2025-01-03T22:16:49.562+0000][13.976s][info ][gc,heap     ] GC(25) Humongous regions: 0->0
[2025-01-03T22:16:49.562+0000][13.976s][info ][gc,metaspace] GC(25) Metaspace: 60854K(61248K)->60854K(61248K) NonClass: 53064K(53248K)->53064K(53248K) Class: 7789K(8000K)->7789K(8000K)
[2025-01-03T22:16:49.562+0000][13.976s][info ][gc          ] GC(25) Pause Young (Concurrent Start) (Metadata GC Threshold) 118M->68M(228M) 8.897ms
[2025-01-03T22:16:49.562+0000][13.977s][info ][gc,cpu      ] GC(25) User=0.03s Sys=0.00s Real=0.01s
[2025-01-03T22:16:49.563+0000][13.977s][info ][gc          ] GC(26) Concurrent Mark Cycle
[2025-01-03T22:16:49.563+0000][13.977s][info ][gc,marking  ] GC(26) Concurrent Clear Claimed Marks
[2025-01-03T22:16:49.563+0000][13.977s][info ][safepoint   ] Safepoint "CollectForMetadataAllocation", Time since last: 285689794 ns, Reaching safepoint: 343957 ns, Cleanup: 35344 ns, At safepoint: 9280913 ns, Total: 9660214 ns
[2025-01-03T22:16:49.563+0000][13.977s][info ][gc,marking  ] GC(26) Concurrent Clear Claimed Marks 0.209ms
[2025-01-03T22:16:49.563+0000][13.977s][info ][gc,marking  ] GC(26) Concurrent Scan Root Regions
[2025-01-03T22:16:49.567+0000][13.981s][info ][gc,marking  ] GC(26) Concurrent Scan Root Regions 3.492ms
[2025-01-03T22:16:49.567+0000][13.981s][info ][gc,marking  ] GC(26) Concurrent Mark
[2025-01-03T22:16:49.567+0000][13.982s][info ][gc,marking  ] GC(26) Concurrent Mark From Roots
[2025-01-03T22:16:49.568+0000][13.982s][info ][gc,task     ] GC(26) Using 3 workers of 3 for marking
[2025-01-03T22:16:49.612+0000][14.026s][info ][gc,marking  ] GC(26) Concurrent Mark From Roots 44.368ms
[2025-01-03T22:16:49.612+0000][14.026s][info ][gc,marking  ] GC(26) Concurrent Preclean
[2025-01-03T22:16:49.613+0000][14.027s][info ][gc,marking  ] GC(26) Concurrent Preclean 0.638ms
[2025-01-03T22:16:49.615+0000][14.029s][debug][safepoint   ] Safepoint synchronization initiated using futex wait barrier. (16 threads)
[2025-01-03T22:16:49.616+0000][14.030s][info ][safepoint   ] Safepoint "CollectForMetadataAllocation", Time since last: 52104339 ns, Reaching safepoint: 813595 ns, Cleanup: 40040 ns, At safepoint: 264162 ns, Total: 1117797 ns
[2025-01-03T22:16:49.616+0000][14.030s][debug][safepoint   ] Safepoint synchronization initiated using futex wait barrier. (16 threads)
[2025-01-03T22:16:49.616+0000][14.031s][info ][gc,start    ] GC(26) Pause Remark
[2025-01-03T22:16:49.620+0000][14.035s][info ][gc          ] GC(26) Pause Remark 74M->74M(228M) 3.939ms
[2025-01-03T22:16:49.621+0000][14.035s][info ][gc,cpu      ] GC(26) User=0.01s Sys=0.00s Real=0.00s
[2025-01-03T22:16:49.621+0000][14.035s][info ][safepoint   ] Safepoint "G1PauseRemark", Time since last: 293553 ns, Reaching safepoint: 387934 ns, Cleanup: 6865 ns, At safepoint: 4262948 ns, Total: 4657747 ns
[2025-01-03T22:16:49.621+0000][14.035s][info ][gc,marking  ] GC(26) Concurrent Mark 53.832ms
[2025-01-03T22:16:49.621+0000][14.035s][info ][gc,marking  ] GC(26) Concurrent Rebuild Remembered Sets
[2025-01-03T22:16:49.636+0000][14.050s][info ][gc,marking  ] GC(26) Concurrent Rebuild Remembered Sets 14.510ms
[2025-01-03T22:16:49.637+0000][14.051s][debug][safepoint   ] Safepoint synchronization initiated using futex wait barrier. (16 threads)
[2025-01-03T22:16:49.638+0000][14.052s][info ][gc,start    ] GC(26) Pause Cleanup
[2025-01-03T22:16:49.638+0000][14.052s][info ][gc          ] GC(26) Pause Cleanup 75M->75M(228M) 0.321ms
[2025-01-03T22:16:49.638+0000][14.052s][info ][gc,cpu      ] GC(26) User=0.01s Sys=0.00s Real=0.00s
[2025-01-03T22:16:49.638+0000][14.052s][info ][safepoint   ] Safepoint "G1PauseCleanup", Time since last: 16086683 ns, Reaching safepoint: 680990 ns, Cleanup: 13884 ns, At safepoint: 722225 ns, Total: 1417099 ns
[2025-01-03T22:16:49.638+0000][14.053s][info ][gc,marking  ] GC(26) Concurrent Cleanup for Next Mark
[2025-01-03T22:16:49.646+0000][14.061s][info ][gc,marking  ] GC(26) Concurrent Cleanup for Next Mark 7.927ms
[2025-01-03T22:16:49.647+0000][14.061s][info ][gc          ] GC(26) Concurrent Mark Cycle 84.346ms
[2025-01-03T22:16:50.268+0000][14.682s][debug][safepoint   ] Safepoint synchronization initiated using futex wait barrier. (18 threads)
[2025-01-03T22:16:50.270+0000][14.684s][info ][gc,start    ] GC(27) Pause Young (Prepare Mixed) (G1 Evacuation Pause)
[2025-01-03T22:16:50.272+0000][14.686s][info ][gc,task     ] GC(27) Using 5 workers of 10 for evacuation
[2025-01-03T22:16:50.278+0000][14.692s][info ][gc,phases   ] GC(27)   Pre Evacuate Collection Set: 0.1ms
[2025-01-03T22:16:50.278+0000][14.692s][info ][gc,phases   ] GC(27)   Merge Heap Roots: 0.1ms
[2025-01-03T22:16:50.278+0000][14.692s][info ][gc,phases   ] GC(27)   Evacuate Collection Set: 4.4ms
[2025-01-03T22:16:50.279+0000][14.693s][info ][gc,phases   ] GC(27)   Post Evacuate Collection Set: 0.8ms
[2025-01-03T22:16:50.279+0000][14.693s][info ][gc,phases   ] GC(27)   Other: 2.0ms
[2025-01-03T22:16:50.279+0000][14.693s][info ][gc,heap     ] GC(27) Eden regions: 61->0(1)
[2025-01-03T22:16:50.279+0000][14.693s][info ][gc,heap     ] GC(27) Survivor regions: 5->5(9)
[2025-01-03T22:16:50.279+0000][14.694s][info ][gc,heap     ] GC(27) Old regions: 29->29
[2025-01-03T22:16:50.280+0000][14.694s][info ][gc,heap     ] GC(27) Archive regions: 2->2
[2025-01-03T22:16:50.280+0000][14.694s][info ][gc,heap     ] GC(27) Humongous regions: 0->0
[2025-01-03T22:16:50.280+0000][14.694s][info ][gc,metaspace] GC(27) Metaspace: 62661K(63104K)->62661K(63104K) NonClass: 54605K(54848K)->54605K(54848K) Class: 8055K(8256K)->8055K(8256K)
[2025-01-03T22:16:50.280+0000][14.694s][info ][gc          ] GC(27) Pause Young (Prepare Mixed) (G1 Evacuation Pause) 190M->67M(228M) 9.811ms
[2025-01-03T22:16:50.280+0000][14.694s][info ][gc,cpu      ] GC(27) User=0.03s Sys=0.00s Real=0.01s
[2025-01-03T22:16:50.280+0000][14.695s][info ][safepoint   ] Safepoint "G1CollectForAllocation", Time since last: 630013776 ns, Reaching safepoint: 238195 ns, Cleanup: 1676552 ns, At safepoint: 10155437 ns, Total: 12070184 ns
[2025-01-03T22:16:50.287+0000][14.701s][debug][safepoint   ] Safepoint synchronization initiated using futex wait barrier. (17 threads)
[2025-01-03T22:16:50.287+0000][14.701s][info ][gc,start    ] GC(28) Pause Young (Mixed) (G1 Evacuation Pause)
[2025-01-03T22:16:50.287+0000][14.702s][info ][gc,task     ] GC(28) Using 5 workers of 10 for evacuation
[2025-01-03T22:16:50.294+0000][14.708s][info ][gc,phases   ] GC(28)   Pre Evacuate Collection Set: 0.1ms
[2025-01-03T22:16:50.294+0000][14.708s][info ][gc,phases   ] GC(28)   Merge Heap Roots: 0.1ms
[2025-01-03T22:16:50.294+0000][14.708s][info ][gc,phases   ] GC(28)   Evacuate Collection Set: 5.1ms
[2025-01-03T22:16:50.294+0000][14.708s][info ][gc,phases   ] GC(28)   Post Evacuate Collection Set: 0.7ms
[2025-01-03T22:16:50.294+0000][14.709s][info ][gc,phases   ] GC(28)   Other: 0.5ms
[2025-01-03T22:16:50.295+0000][14.709s][info ][gc,heap     ] GC(28) Eden regions: 1->0(62)
[2025-01-03T22:16:50.295+0000][14.709s][info ][gc,heap     ] GC(28) Survivor regions: 5->1(1)
[2025-01-03T22:16:50.295+0000][14.709s][info ][gc,heap     ] GC(28) Old regions: 29->33
[2025-01-03T22:16:50.295+0000][14.709s][info ][gc,heap     ] GC(28) Archive regions: 2->2
[2025-01-03T22:16:50.295+0000][14.709s][info ][gc,heap     ] GC(28) Humongous regions: 0->0
[2025-01-03T22:16:50.295+0000][14.709s][info ][gc,metaspace] GC(28) Metaspace: 62696K(63104K)->62696K(63104K) NonClass: 54631K(54848K)->54631K(54848K) Class: 8065K(8256K)->8065K(8256K)
[2025-01-03T22:16:50.295+0000][14.710s][info ][gc          ] GC(28) Pause Young (Mixed) (G1 Evacuation Pause) 69M->68M(228M) 8.179ms
[2025-01-03T22:16:50.296+0000][14.710s][info ][gc,cpu      ] GC(28) User=0.03s Sys=0.00s Real=0.01s
[2025-01-03T22:16:50.296+0000][14.710s][info ][safepoint   ] Safepoint "G1CollectForAllocation", Time since last: 6611463 ns, Reaching safepoint: 288080 ns, Cleanup: 3153 ns, At safepoint: 8502353 ns, Total: 8793586 ns
[2025-01-03T22:16:50.810+0000][15.224s][debug][safepoint   ] Safepoint synchronization initiated using futex wait barrier. (17 threads)
[2025-01-03T22:16:50.810+0000][15.224s][info ][gc,start    ] GC(29) Pause Young (Concurrent Start) (G1 Evacuation Pause)
[2025-01-03T22:16:50.810+0000][15.225s][info ][gc,task     ] GC(29) Using 5 workers of 10 for evacuation
[2025-01-03T22:16:50.815+0000][15.229s][info ][gc,phases   ] GC(29)   Pre Evacuate Collection Set: 0.2ms
[2025-01-03T22:16:50.815+0000][15.229s][info ][gc,phases   ] GC(29)   Merge Heap Roots: 0.1ms
[2025-01-03T22:16:50.815+0000][15.229s][info ][gc,phases   ] GC(29)   Evacuate Collection Set: 1.7ms
[2025-01-03T22:16:50.815+0000][15.229s][info ][gc,phases   ] GC(29)   Post Evacuate Collection Set: 2.0ms
[2025-01-03T22:16:50.815+0000][15.229s][info ][gc,phases   ] GC(29)   Other: 0.4ms
[2025-01-03T22:16:50.815+0000][15.230s][info ][gc,heap     ] GC(29) Eden regions: 62->0(155)
[2025-01-03T22:16:50.816+0000][15.230s][info ][gc,heap     ] GC(29) Survivor regions: 1->2(8)
[2025-01-03T22:16:50.816+0000][15.230s][info ][gc,heap     ] GC(29) Old regions: 33->33
[2025-01-03T22:16:50.816+0000][15.230s][info ][gc,heap     ] GC(29) Archive regions: 2->2
[2025-01-03T22:16:50.816+0000][15.230s][info ][gc,heap     ] GC(29) Humongous regions: 0->0
[2025-01-03T22:16:50.816+0000][15.230s][info ][gc,metaspace] GC(29) Metaspace: 66413K(66880K)->66413K(66880K) NonClass: 57828K(58048K)->57828K(58048K) Class: 8585K(8832K)->8585K(8832K)
[2025-01-03T22:16:50.816+0000][15.230s][info ][gc          ] GC(29) Pause Young (Concurrent Start) (G1 Evacuation Pause) 192M->68M(524M) 6.022ms
[2025-01-03T22:16:50.816+0000][15.231s][info ][gc,cpu      ] GC(29) User=0.03s Sys=0.00s Real=0.01s
[2025-01-03T22:16:50.817+0000][15.231s][info ][gc          ] GC(30) Concurrent Mark Cycle
[2025-01-03T22:16:50.817+0000][15.231s][info ][gc,marking  ] GC(30) Concurrent Clear Claimed Marks
[2025-01-03T22:16:50.817+0000][15.231s][info ][safepoint   ] Safepoint "G1CollectForAllocation", Time since last: 514175644 ns, Reaching safepoint: 238232 ns, Cleanup: 90887 ns, At safepoint: 6355774 ns, Total: 6684893 ns
[2025-01-03T22:16:50.817+0000][15.231s][info ][gc,marking  ] GC(30) Concurrent Clear Claimed Marks 0.205ms
[2025-01-03T22:16:50.817+0000][15.231s][info ][gc,marking  ] GC(30) Concurrent Scan Root Regions
[2025-01-03T22:16:50.819+0000][15.233s][info ][gc,marking  ] GC(30) Concurrent Scan Root Regions 1.768ms
[2025-01-03T22:16:50.819+0000][15.233s][info ][gc,marking  ] GC(30) Concurrent Mark
[2025-01-03T22:16:50.819+0000][15.233s][info ][gc,marking  ] GC(30) Concurrent Mark From Roots
[2025-01-03T22:16:50.819+0000][15.234s][info ][gc,task     ] GC(30) Using 3 workers of 3 for marking
[2025-01-03T22:16:50.860+0000][15.274s][info ][gc,marking  ] GC(30) Concurrent Mark From Roots 40.426ms
[2025-01-03T22:16:50.860+0000][15.274s][info ][gc,marking  ] GC(30) Concurrent Preclean
[2025-01-03T22:16:50.860+0000][15.275s][info ][gc,marking  ] GC(30) Concurrent Preclean 0.439ms
[2025-01-03T22:16:50.861+0000][15.275s][debug][safepoint   ] Safepoint synchronization initiated using futex wait barrier. (17 threads)
[2025-01-03T22:16:50.861+0000][15.275s][info ][gc,start    ] GC(30) Pause Remark
[2025-01-03T22:16:50.865+0000][15.279s][info ][gc          ] GC(30) Pause Remark 74M->74M(268M) 4.238ms
[2025-01-03T22:16:50.865+0000][15.280s][info ][gc,cpu      ] GC(30) User=0.03s Sys=0.01s Real=0.01s
[2025-01-03T22:16:50.866+0000][15.280s][info ][safepoint   ] Safepoint "G1PauseRemark", Time since last: 44052177 ns, Reaching safepoint: 248235 ns, Cleanup: 16659 ns, At safepoint: 4615649 ns, Total: 4880543 ns
[2025-01-03T22:16:50.866+0000][15.280s][info ][gc,marking  ] GC(30) Concurrent Mark 46.603ms
[2025-01-03T22:16:50.866+0000][15.280s][info ][gc,marking  ] GC(30) Concurrent Rebuild Remembered Sets
[2025-01-03T22:16:50.882+0000][15.296s][info ][gc,marking  ] GC(30) Concurrent Rebuild Remembered Sets 15.844ms
[2025-01-03T22:16:50.882+0000][15.296s][debug][safepoint   ] Safepoint synchronization initiated using futex wait barrier. (17 threads)
[2025-01-03T22:16:50.882+0000][15.297s][info ][gc,start    ] GC(30) Pause Cleanup
[2025-01-03T22:16:50.883+0000][15.297s][info ][gc          ] GC(30) Pause Cleanup 77M->77M(268M) 0.328ms
[2025-01-03T22:16:50.883+0000][15.297s][info ][gc,cpu      ] GC(30) User=0.01s Sys=0.00s Real=0.00s
[2025-01-03T22:16:50.883+0000][15.297s][info ][safepoint   ] Safepoint "G1PauseCleanup", Time since last: 16439503 ns, Reaching safepoint: 343604 ns, Cleanup: 9690 ns, At safepoint: 639110 ns, Total: 992404 ns
[2025-01-03T22:16:50.883+0000][15.297s][info ][gc,marking  ] GC(30) Concurrent Cleanup for Next Mark
[2025-01-03T22:16:50.884+0000][15.298s][info ][gc,marking  ] GC(30) Concurrent Cleanup for Next Mark 0.484ms
[2025-01-03T22:16:50.884+0000][15.298s][info ][gc          ] GC(30) Concurrent Mark Cycle 67.250ms
[2025-01-03T22:16:51.305+0000][15.719s][debug][safepoint   ] Safepoint synchronization initiated using futex wait barrier. (17 threads)
[2025-01-03T22:16:51.306+0000][15.720s][info ][safepoint   ] Safepoint "ICBufferFull", Time since last: 422151489 ns, Reaching safepoint: 354287 ns, Cleanup: 157488 ns, At safepoint: 14838 ns, Total: 526613 ns
[2025-01-03T22:16:51.611+0000][16.025s][debug][safepoint   ] Safepoint synchronization initiated using futex wait barrier. (17 threads)
[2025-01-03T22:16:51.612+0000][16.026s][info ][safepoint   ] Safepoint "ICBufferFull", Time since last: 305627096 ns, Reaching safepoint: 342057 ns, Cleanup: 153323 ns, At safepoint: 30128 ns, Total: 525508 ns
[2025-01-03T22:16:51.794+0000][16.208s][debug][safepoint   ] Safepoint synchronization initiated using futex wait barrier. (18 threads)
[2025-01-03T22:16:51.794+0000][16.208s][info ][gc,start    ] GC(31) Pause Young (Prepare Mixed) (G1 Preventive Collection)
[2025-01-03T22:16:51.794+0000][16.208s][info ][gc,task     ] GC(31) Using 6 workers of 10 for evacuation
[2025-01-03T22:16:51.811+0000][16.225s][info ][gc,phases   ] GC(31)   Pre Evacuate Collection Set: 0.1ms
[2025-01-03T22:16:51.811+0000][16.225s][info ][gc,phases   ] GC(31)   Merge Heap Roots: 0.1ms
[2025-01-03T22:16:51.811+0000][16.225s][info ][gc,phases   ] GC(31)   Evacuate Collection Set: 15.1ms
[2025-01-03T22:16:51.811+0000][16.226s][info ][gc,phases   ] GC(31)   Post Evacuate Collection Set: 1.1ms
[2025-01-03T22:16:51.812+0000][16.226s][info ][gc,phases   ] GC(31)   Other: 0.4ms
[2025-01-03T22:16:51.812+0000][16.226s][info ][gc,heap     ] GC(31) Eden regions: 93->0(2)
[2025-01-03T22:16:51.812+0000][16.226s][info ][gc,heap     ] GC(31) Survivor regions: 2->4(20)
[2025-01-03T22:16:51.812+0000][16.226s][info ][gc,heap     ] GC(31) Old regions: 33->33
[2025-01-03T22:16:51.812+0000][16.226s][info ][gc,heap     ] GC(31) Archive regions: 2->2
[2025-01-03T22:16:51.813+0000][16.227s][info ][gc,heap     ] GC(31) Humongous regions: 0->0
[2025-01-03T22:16:51.813+0000][16.227s][info ][gc,metaspace] GC(31) Metaspace: 70862K(71296K)->70862K(71296K) NonClass: 61771K(62016K)->61771K(62016K) Class: 9090K(9280K)->9090K(9280K)
[2025-01-03T22:16:51.813+0000][16.227s][info ][gc          ] GC(31) Pause Young (Prepare Mixed) (G1 Preventive Collection) 254M->72M(268M) 18.752ms
[2025-01-03T22:16:51.813+0000][16.227s][info ][gc,cpu      ] GC(31) User=0.05s Sys=0.01s Real=0.02s
[2025-01-03T22:16:51.813+0000][16.227s][info ][safepoint   ] Safepoint "G1CollectForAllocation", Time since last: 181916541 ns, Reaching safepoint: 209666 ns, Cleanup: 148830 ns, At safepoint: 19071810 ns, Total: 19430306 ns
[2025-01-03T22:16:51.838+0000][16.252s][debug][safepoint   ] Safepoint synchronization initiated using futex wait barrier. (18 threads)
[2025-01-03T22:16:51.839+0000][16.253s][info ][gc,start    ] GC(32) Pause Young (Mixed) (G1 Evacuation Pause)
[2025-01-03T22:16:51.840+0000][16.254s][info ][gc,task     ] GC(32) Using 6 workers of 10 for evacuation
[2025-01-03T22:16:51.845+0000][16.259s][info ][gc,phases   ] GC(32)   Pre Evacuate Collection Set: 0.1ms
[2025-01-03T22:16:51.845+0000][16.259s][info ][gc,phases   ] GC(32)   Merge Heap Roots: 0.1ms
[2025-01-03T22:16:51.846+0000][16.260s][info ][gc,phases   ] GC(32)   Evacuate Collection Set: 3.7ms
[2025-01-03T22:16:51.846+0000][16.260s][info ][gc,phases   ] GC(32)   Post Evacuate Collection Set: 0.7ms
[2025-01-03T22:16:51.846+0000][16.261s][info ][gc,phases   ] GC(32)   Other: 1.4ms
[2025-01-03T22:16:51.847+0000][16.261s][info ][gc,heap     ] GC(32) Eden regions: 2->0(78)
[2025-01-03T22:16:51.847+0000][16.261s][info ][gc,heap     ] GC(32) Survivor regions: 4->1(1)
[2025-01-03T22:16:51.847+0000][16.261s][info ][gc,heap     ] GC(32) Old regions: 33->35
[2025-01-03T22:16:51.847+0000][16.261s][info ][gc,heap     ] GC(32) Archive regions: 2->2
[2025-01-03T22:16:51.847+0000][16.261s][info ][gc,heap     ] GC(32) Humongous regions: 0->0
[2025-01-03T22:16:51.847+0000][16.262s][info ][gc,metaspace] GC(32) Metaspace: 71045K(71488K)->71045K(71488K) NonClass: 61939K(62144K)->61939K(62144K) Class: 9106K(9344K)->9106K(9344K)
[2025-01-03T22:16:51.848+0000][16.262s][info ][gc          ] GC(32) Pause Young (Mixed) (G1 Evacuation Pause) 76M->72M(268M) 9.058ms
[2025-01-03T22:16:51.848+0000][16.262s][info ][gc,cpu      ] GC(32) User=0.04s Sys=0.00s Real=0.01s
[2025-01-03T22:16:51.848+0000][16.262s][info ][safepoint   ] Safepoint "G1CollectForAllocation", Time since last: 24700947 ns, Reaching safepoint: 719459 ns, Cleanup: 4532 ns, At safepoint: 9706320 ns, Total: 10430311 ns
[2025-01-03T22:16:52.297+0000][16.711s][debug][safepoint   ] Safepoint synchronization initiated using futex wait barrier. (18 threads)
[2025-01-03T22:16:52.297+0000][16.711s][info ][gc,start    ] GC(33) Pause Young (Normal) (G1 Evacuation Pause)
[2025-01-03T22:16:52.297+0000][16.711s][info ][gc,task     ] GC(33) Using 6 workers of 10 for evacuation
[2025-01-03T22:16:52.300+0000][16.714s][info ][gc,phases   ] GC(33)   Pre Evacuate Collection Set: 0.1ms
[2025-01-03T22:16:52.300+0000][16.714s][info ][gc,phases   ] GC(33)   Merge Heap Roots: 0.1ms
[2025-01-03T22:16:52.300+0000][16.714s][info ][gc,phases   ] GC(33)   Evacuate Collection Set: 1.3ms
[2025-01-03T22:16:52.300+0000][16.714s][info ][gc,phases   ] GC(33)   Post Evacuate Collection Set: 0.7ms
[2025-01-03T22:16:52.300+0000][16.715s][info ][gc,phases   ] GC(33)   Other: 0.3ms
[2025-01-03T22:16:52.300+0000][16.715s][info ][gc,heap     ] GC(33) Eden regions: 78->0(78)
[2025-01-03T22:16:52.301+0000][16.715s][info ][gc,heap     ] GC(33) Survivor regions: 1->1(10)
[2025-01-03T22:16:52.301+0000][16.715s][info ][gc,heap     ] GC(33) Old regions: 35->35
[2025-01-03T22:16:52.301+0000][16.715s][info ][gc,heap     ] GC(33) Archive regions: 2->2
[2025-01-03T22:16:52.301+0000][16.715s][info ][gc,heap     ] GC(33) Humongous regions: 0->0
[2025-01-03T22:16:52.301+0000][16.716s][info ][gc,metaspace] GC(33) Metaspace: 76099K(76608K)->76099K(76608K) NonClass: 66105K(66368K)->66105K(66368K) Class: 9994K(10240K)->9994K(10240K)
[2025-01-03T22:16:52.302+0000][16.716s][info ][gc          ] GC(33) Pause Young (Normal) (G1 Evacuation Pause) 228M->72M(268M) 4.416ms
[2025-01-03T22:16:52.302+0000][16.716s][info ][gc,cpu      ] GC(33) User=0.01s Sys=0.00s Real=0.00s
[2025-01-03T22:16:52.302+0000][16.716s][info ][safepoint   ] Safepoint "G1CollectForAllocation", Time since last: 448544087 ns, Reaching safepoint: 234525 ns, Cleanup: 54472 ns, At safepoint: 4795197 ns, Total: 5084194 ns
[2025-01-03T22:16:52.535+0000][16.949s][debug][safepoint   ] Safepoint synchronization initiated using futex wait barrier. (18 threads)
[2025-01-03T22:16:52.535+0000][16.949s][info ][safepoint   ] Safepoint "ICBufferFull", Time since last: 232722799 ns, Reaching safepoint: 334098 ns, Cleanup: 131823 ns, At safepoint: 25713 ns, Total: 491634 ns
[2025-01-03T22:16:52.596+0000][17.010s][debug][safepoint   ] Safepoint synchronization initiated using futex wait barrier. (18 threads)
[2025-01-03T22:16:52.596+0000][17.011s][info ][safepoint   ] Safepoint "ICBufferFull", Time since last: 60911097 ns, Reaching safepoint: 189829 ns, Cleanup: 89710 ns, At safepoint: 14684 ns, Total: 294223 ns
[2025-01-03T22:16:52.661+0000][17.076s][debug][safepoint   ] Safepoint synchronization initiated using futex wait barrier. (18 threads)
[2025-01-03T22:16:52.662+0000][17.076s][info ][safepoint   ] Safepoint "ICBufferFull", Time since last: 65080792 ns, Reaching safepoint: 231890 ns, Cleanup: 94975 ns, At safepoint: 14008 ns, Total: 340873 ns
[2025-01-03T22:16:52.764+0000][17.178s][debug][safepoint   ] Safepoint synchronization initiated using futex wait barrier. (18 threads)
[2025-01-03T22:16:52.765+0000][17.179s][info ][safepoint   ] Safepoint "ICBufferFull", Time since last: 102502821 ns, Reaching safepoint: 194148 ns, Cleanup: 93104 ns, At safepoint: 13469 ns, Total: 300721 ns
[2025-01-03T22:16:52.877+0000][17.291s][debug][safepoint   ] Safepoint synchronization initiated using futex wait barrier. (18 threads)
[2025-01-03T22:16:52.877+0000][17.292s][info ][safepoint   ] Safepoint "ICBufferFull", Time since last: 111964724 ns, Reaching safepoint: 794448 ns, Cleanup: 154682 ns, At safepoint: 36906 ns, Total: 986036 ns
[2025-01-03T22:16:53.023+0000][17.437s][debug][safepoint   ] Safepoint synchronization initiated using futex wait barrier. (18 threads)
[2025-01-03T22:16:53.023+0000][17.438s][info ][gc,start    ] GC(34) Pause Young (Normal) (G1 Evacuation Pause)
[2025-01-03T22:16:53.024+0000][17.438s][info ][gc,task     ] GC(34) Using 6 workers of 10 for evacuation
[2025-01-03T22:16:53.026+0000][17.440s][info ][gc,phases   ] GC(34)   Pre Evacuate Collection Set: 0.1ms
[2025-01-03T22:16:53.026+0000][17.440s][info ][gc,phases   ] GC(34)   Merge Heap Roots: 0.1ms
[2025-01-03T22:16:53.026+0000][17.440s][info ][gc,phases   ] GC(34)   Evacuate Collection Set: 1.4ms
[2025-01-03T22:16:53.026+0000][17.440s][info ][gc,phases   ] GC(34)   Post Evacuate Collection Set: 0.6ms
[2025-01-03T22:16:53.026+0000][17.441s][info ][gc,phases   ] GC(34)   Other: 0.3ms
[2025-01-03T22:16:53.027+0000][17.441s][info ][gc,heap     ] GC(34) Eden regions: 78->0(77)
[2025-01-03T22:16:53.027+0000][17.441s][info ][gc,heap     ] GC(34) Survivor regions: 1->2(10)
[2025-01-03T22:16:53.027+0000][17.441s][info ][gc,heap     ] GC(34) Old regions: 35->35
[2025-01-03T22:16:53.027+0000][17.441s][info ][gc,heap     ] GC(34) Archive regions: 2->2
[2025-01-03T22:16:53.027+0000][17.441s][info ][gc,heap     ] GC(34) Humongous regions: 0->0
[2025-01-03T22:16:53.027+0000][17.441s][info ][gc,metaspace] GC(34) Metaspace: 78942K(79424K)->78942K(79424K) NonClass: 68589K(68864K)->68589K(68864K) Class: 10353K(10560K)->10353K(10560K)
[2025-01-03T22:16:53.027+0000][17.441s][info ][gc          ] GC(34) Pause Young (Normal) (G1 Evacuation Pause) 228M->73M(268M) 3.756ms
[2025-01-03T22:16:53.027+0000][17.442s][info ][gc,cpu      ] GC(34) User=0.02s Sys=0.00s Real=0.00s
[2025-01-03T22:16:53.027+0000][17.442s][info ][safepoint   ] Safepoint "G1CollectForAllocation", Time since last: 145594550 ns, Reaching safepoint: 237220 ns, Cleanup: 91947 ns, At safepoint: 4086062 ns, Total: 4415229 ns
[2025-01-03T22:16:53.560+0000][17.974s][debug][safepoint   ] Safepoint synchronization initiated using futex wait barrier. (18 threads)
[2025-01-03T22:16:53.561+0000][17.975s][info ][safepoint   ] Safepoint "ICBufferFull", Time since last: 532553602 ns, Reaching safepoint: 954374 ns, Cleanup: 131948 ns, At safepoint: 33995 ns, Total: 1120317 ns
[2025-01-03T22:16:53.571+0000][17.985s][debug][safepoint   ] Safepoint synchronization initiated using futex wait barrier. (18 threads)
[2025-01-03T22:16:53.571+0000][17.985s][info ][gc,start    ] GC(35) Pause Young (Normal) (G1 Evacuation Pause)
[2025-01-03T22:16:53.571+0000][17.985s][info ][gc,task     ] GC(35) Using 6 workers of 10 for evacuation
[2025-01-03T22:16:53.579+0000][17.993s][info ][gc,phases   ] GC(35)   Pre Evacuate Collection Set: 0.4ms
[2025-01-03T22:16:53.579+0000][17.994s][info ][gc,phases   ] GC(35)   Merge Heap Roots: 0.3ms
[2025-01-03T22:16:53.580+0000][17.994s][info ][gc,phases   ] GC(35)   Evacuate Collection Set: 5.5ms
[2025-01-03T22:16:53.580+0000][17.994s][info ][gc,phases   ] GC(35)   Post Evacuate Collection Set: 1.3ms
[2025-01-03T22:16:53.580+0000][17.994s][info ][gc,phases   ] GC(35)   Other: 0.6ms
[2025-01-03T22:16:53.580+0000][17.995s][info ][gc,heap     ] GC(35) Eden regions: 77->0(76)
[2025-01-03T22:16:53.581+0000][17.995s][info ][gc,heap     ] GC(35) Survivor regions: 2->3(10)
[2025-01-03T22:16:53.581+0000][17.995s][info ][gc,heap     ] GC(35) Old regions: 35->35
[2025-01-03T22:16:53.581+0000][17.995s][info ][gc,heap     ] GC(35) Archive regions: 2->2
[2025-01-03T22:16:53.581+0000][17.995s][info ][gc,heap     ] GC(35) Humongous regions: 0->0
[2025-01-03T22:16:53.582+0000][17.996s][info ][gc,metaspace] GC(35) Metaspace: 82479K(83008K)->82479K(83008K) NonClass: 71655K(71936K)->71655K(71936K) Class: 10824K(11072K)->10824K(11072K)
[2025-01-03T22:16:53.582+0000][17.996s][info ][gc          ] GC(35) Pause Young (Normal) (G1 Evacuation Pause) 227M->76M(268M) 10.663ms
[2025-01-03T22:16:53.582+0000][17.996s][info ][gc,cpu      ] GC(35) User=0.04s Sys=0.01s Real=0.02s
[2025-01-03T22:16:53.583+0000][17.997s][info ][safepoint   ] Safepoint "G1CollectForAllocation", Time since last: 9405870 ns, Reaching safepoint: 458320 ns, Cleanup: 10480 ns, At safepoint: 11757415 ns, Total: 12226215 ns
[2025-01-03T22:16:53.973+0000][18.387s][debug][safepoint   ] Safepoint synchronization initiated using futex wait barrier. (18 threads)
[2025-01-03T22:16:53.973+0000][18.387s][info ][safepoint   ] Safepoint "ICBufferFull", Time since last: 389860391 ns, Reaching safepoint: 427432 ns, Cleanup: 165779 ns, At safepoint: 5033 ns, Total: 598244 ns
[2025-01-03T22:16:54.469+0000][18.884s][debug][safepoint   ] Safepoint synchronization initiated using futex wait barrier. (18 threads)
[2025-01-03T22:16:54.470+0000][18.884s][info ][safepoint   ] Safepoint "ICBufferFull", Time since last: 496181735 ns, Reaching safepoint: 373878 ns, Cleanup: 155849 ns, At safepoint: 17151 ns, Total: 546878 ns
[2025-01-03T22:16:54.705+0000][19.120s][debug][safepoint   ] Safepoint synchronization initiated using futex wait barrier. (18 threads)
[2025-01-03T22:16:54.706+0000][19.120s][info ][gc,start    ] GC(36) Pause Young (Normal) (G1 Evacuation Pause)
[2025-01-03T22:16:54.706+0000][19.120s][info ][gc,task     ] GC(36) Using 6 workers of 10 for evacuation
[2025-01-03T22:16:54.711+0000][19.125s][info ][gc,phases   ] GC(36)   Pre Evacuate Collection Set: 0.1ms
[2025-01-03T22:16:54.711+0000][19.126s][info ][gc,phases   ] GC(36)   Merge Heap Roots: 0.1ms
[2025-01-03T22:16:54.711+0000][19.126s][info ][gc,phases   ] GC(36)   Evacuate Collection Set: 4.0ms
[2025-01-03T22:16:54.712+0000][19.126s][info ][gc,phases   ] GC(36)   Post Evacuate Collection Set: 0.9ms
[2025-01-03T22:16:54.712+0000][19.126s][info ][gc,phases   ] GC(36)   Other: 0.4ms
[2025-01-03T22:16:54.712+0000][19.126s][info ][gc,heap     ] GC(36) Eden regions: 76->0(73)
[2025-01-03T22:16:54.712+0000][19.126s][info ][gc,heap     ] GC(36) Survivor regions: 3->5(10)
[2025-01-03T22:16:54.712+0000][19.126s][info ][gc,heap     ] GC(36) Old regions: 35->35
[2025-01-03T22:16:54.712+0000][19.126s][info ][gc,heap     ] GC(36) Archive regions: 2->2
[2025-01-03T22:16:54.712+0000][19.127s][info ][gc,heap     ] GC(36) Humongous regions: 0->0
[2025-01-03T22:16:54.713+0000][19.127s][info ][gc,metaspace] GC(36) Metaspace: 85278K(85824K)->85278K(85824K) NonClass: 74267K(74560K)->74267K(74560K) Class: 11011K(11264K)->11011K(11264K)
[2025-01-03T22:16:54.713+0000][19.127s][info ][gc          ] GC(36) Pause Young (Normal) (G1 Evacuation Pause) 228M->80M(268M) 7.173ms
[2025-01-03T22:16:54.713+0000][19.127s][info ][gc,cpu      ] GC(36) User=0.04s Sys=0.00s Real=0.01s
[2025-01-03T22:16:54.714+0000][19.128s][info ][safepoint   ] Safepoint "G1CollectForAllocation", Time since last: 235335404 ns, Reaching safepoint: 247796 ns, Cleanup: 66591 ns, At safepoint: 7926273 ns, Total: 8240660 ns
[2025-01-03T22:16:55.133+0000][19.547s][debug][safepoint   ] Safepoint synchronization initiated using futex wait barrier. (22 threads)
[2025-01-03T22:16:55.134+0000][19.548s][info ][safepoint   ] Safepoint "ICBufferFull", Time since last: 419557082 ns, Reaching safepoint: 301015 ns, Cleanup: 123291 ns, At safepoint: 4464 ns, Total: 428770 ns
[2025-01-03T22:16:55.633+0000][20.047s][debug][safepoint   ] Safepoint synchronization initiated using futex wait barrier. (22 threads)
[2025-01-03T22:16:55.633+0000][20.047s][info ][gc,start    ] GC(37) Pause Young (Normal) (G1 Evacuation Pause)
[2025-01-03T22:16:55.633+0000][20.048s][info ][gc,task     ] GC(37) Using 10 workers of 10 for evacuation
[2025-01-03T22:16:55.640+0000][20.054s][info ][gc,phases   ] GC(37)   Pre Evacuate Collection Set: 0.2ms
[2025-01-03T22:16:55.640+0000][20.054s][info ][gc,phases   ] GC(37)   Merge Heap Roots: 0.1ms
[2025-01-03T22:16:55.640+0000][20.054s][info ][gc,phases   ] GC(37)   Evacuate Collection Set: 4.7ms
[2025-01-03T22:16:55.640+0000][20.055s][info ][gc,phases   ] GC(37)   Post Evacuate Collection Set: 1.2ms
[2025-01-03T22:16:55.641+0000][20.055s][info ][gc,phases   ] GC(37)   Other: 0.4ms
[2025-01-03T22:16:55.641+0000][20.055s][info ][gc,heap     ] GC(37) Eden regions: 73->0(69)
[2025-01-03T22:16:55.641+0000][20.055s][info ][gc,heap     ] GC(37) Survivor regions: 5->7(10)
[2025-01-03T22:16:55.641+0000][20.055s][info ][gc,heap     ] GC(37) Old regions: 35->35
[2025-01-03T22:16:55.641+0000][20.055s][info ][gc,heap     ] GC(37) Archive regions: 2->2
[2025-01-03T22:16:55.641+0000][20.055s][info ][gc,heap     ] GC(37) Humongous regions: 0->0
[2025-01-03T22:16:55.641+0000][20.056s][info ][gc,metaspace] GC(37) Metaspace: 88060K(88576K)->88060K(88576K) NonClass: 76777K(77056K)->76777K(77056K) Class: 11282K(11520K)->11282K(11520K)
[2025-01-03T22:16:55.642+0000][20.056s][info ][gc          ] GC(37) Pause Young (Normal) (G1 Evacuation Pause) 226M->84M(268M) 8.295ms
[2025-01-03T22:16:55.642+0000][20.056s][info ][gc,cpu      ] GC(37) User=0.03s Sys=0.01s Real=0.00s
[2025-01-03T22:16:55.642+0000][20.056s][info ][safepoint   ] Safepoint "G1CollectForAllocation", Time since last: 499407151 ns, Reaching safepoint: 251064 ns, Cleanup: 31806 ns, At safepoint: 8626670 ns, Total: 8909540 ns
[2025-01-03T22:16:56.181+0000][20.595s][debug][safepoint   ] Safepoint synchronization initiated using futex wait barrier. (22 threads)
[2025-01-03T22:16:56.181+0000][20.595s][info ][safepoint   ] Safepoint "ICBufferFull", Time since last: 538875801 ns, Reaching safepoint: 252811 ns, Cleanup: 173515 ns, At safepoint: 13430 ns, Total: 439756 ns
[2025-01-03T22:16:56.267+0000][20.682s][debug][safepoint   ] Safepoint synchronization initiated using futex wait barrier. (22 threads)
[2025-01-03T22:16:56.268+0000][20.682s][info ][gc,start    ] GC(38) Pause Young (Normal) (G1 Evacuation Pause)
[2025-01-03T22:16:56.268+0000][20.682s][info ][gc,task     ] GC(38) Using 10 workers of 10 for evacuation
[2025-01-03T22:16:56.274+0000][20.688s][info ][gc,phases   ] GC(38)   Pre Evacuate Collection Set: 0.1ms
[2025-01-03T22:16:56.274+0000][20.688s][info ][gc,phases   ] GC(38)   Merge Heap Roots: 0.1ms
[2025-01-03T22:16:56.275+0000][20.689s][info ][gc,phases   ] GC(38)   Evacuate Collection Set: 4.5ms
[2025-01-03T22:16:56.275+0000][20.689s][info ][gc,phases   ] GC(38)   Post Evacuate Collection Set: 1.2ms
[2025-01-03T22:16:56.275+0000][20.689s][info ][gc,phases   ] GC(38)   Other: 0.3ms
[2025-01-03T22:16:56.275+0000][20.689s][info ][gc,heap     ] GC(38) Eden regions: 69->0(66)
[2025-01-03T22:16:56.275+0000][20.690s][info ][gc,heap     ] GC(38) Survivor regions: 7->7(10)
[2025-01-03T22:16:56.275+0000][20.690s][info ][gc,heap     ] GC(38) Old regions: 35->38
[2025-01-03T22:16:56.276+0000][20.690s][info ][gc,heap     ] GC(38) Archive regions: 2->2
[2025-01-03T22:16:56.276+0000][20.690s][info ][gc,heap     ] GC(38) Humongous regions: 0->0
[2025-01-03T22:16:56.276+0000][20.690s][info ][gc,metaspace] GC(38) Metaspace: 92801K(93440K)->92801K(93440K) NonClass: 80740K(81088K)->80740K(81088K) Class: 12060K(12352K)->12060K(12352K)
[2025-01-03T22:16:56.276+0000][20.690s][info ][gc          ] GC(38) Pause Young (Normal) (G1 Evacuation Pause) 222M->88M(268M) 8.291ms
[2025-01-03T22:16:56.276+0000][20.690s][info ][gc,cpu      ] GC(38) User=0.07s Sys=0.00s Real=0.01s
[2025-01-03T22:16:56.276+0000][20.691s][info ][safepoint   ] Safepoint "G1CollectForAllocation", Time since last: 86218007 ns, Reaching safepoint: 223691 ns, Cleanup: 68854 ns, At safepoint: 8644189 ns, Total: 8936734 ns
[2025-01-03T22:16:56.620+0000][21.034s][debug][safepoint   ] Safepoint synchronization initiated using futex wait barrier. (22 threads)
[2025-01-03T22:16:56.620+0000][21.034s][info ][gc,start    ] GC(39) Pause Young (Normal) (G1 Evacuation Pause)
[2025-01-03T22:16:56.620+0000][21.034s][info ][gc,task     ] GC(39) Using 10 workers of 10 for evacuation
[2025-01-03T22:16:56.627+0000][21.041s][info ][gc,phases   ] GC(39)   Pre Evacuate Collection Set: 0.2ms
[2025-01-03T22:16:56.627+0000][21.041s][info ][gc,phases   ] GC(39)   Merge Heap Roots: 0.1ms
[2025-01-03T22:16:56.627+0000][21.041s][info ][gc,phases   ] GC(39)   Evacuate Collection Set: 5.1ms
[2025-01-03T22:16:56.627+0000][21.041s][info ][gc,phases   ] GC(39)   Post Evacuate Collection Set: 1.1ms
[2025-01-03T22:16:56.627+0000][21.042s][info ][gc,phases   ] GC(39)   Other: 0.3ms
[2025-01-03T22:16:56.628+0000][21.042s][info ][gc,heap     ] GC(39) Eden regions: 66->0(66)
[2025-01-03T22:16:56.628+0000][21.042s][info ][gc,heap     ] GC(39) Survivor regions: 7->6(10)
[2025-01-03T22:16:56.628+0000][21.042s][info ][gc,heap     ] GC(39) Old regions: 38->40
[2025-01-03T22:16:56.628+0000][21.043s][info ][gc,heap     ] GC(39) Archive regions: 2->2
[2025-01-03T22:16:56.629+0000][21.043s][info ][gc,heap     ] GC(39) Humongous regions: 0->0
[2025-01-03T22:16:56.629+0000][21.043s][info ][gc,metaspace] GC(39) Metaspace: 94431K(95104K)->94431K(95104K) NonClass: 82022K(82368K)->82022K(82368K) Class: 12409K(12736K)->12409K(12736K)
[2025-01-03T22:16:56.629+0000][21.043s][info ][gc          ] GC(39) Pause Young (Normal) (G1 Evacuation Pause) 220M->91M(268M) 9.338ms
[2025-01-03T22:16:56.629+0000][21.044s][info ][gc,cpu      ] GC(39) User=0.08s Sys=0.00s Real=0.01s
[2025-01-03T22:16:56.630+0000][21.044s][info ][safepoint   ] Safepoint "G1CollectForAllocation", Time since last: 343179890 ns, Reaching safepoint: 221786 ns, Cleanup: 39537 ns, At safepoint: 9746716 ns, Total: 10008039 ns
[2025-01-03T22:16:57.698+0000][22.112s][debug][safepoint   ] Safepoint synchronization initiated using futex wait barrier. (21 threads)
[2025-01-03T22:16:57.698+0000][22.112s][info ][safepoint   ] Safepoint "Cleanup", Time since last: 1068492525 ns, Reaching safepoint: 203387 ns, Cleanup: 70667 ns, At safepoint: 3625 ns, Total: 277679 ns
[2025-01-03T22:16:57.908+0000][22.323s][info ][gc,heap,exit] Heap
[2025-01-03T22:16:57.909+0000][22.323s][info ][gc,heap,exit]  garbage-first heap   total 274432K, used 148640K [0x0000000706c00000, 0x0000000800000000)
[2025-01-03T22:16:57.909+0000][22.323s][info ][gc,heap,exit]   region size 2048K, 33 young (67584K), 6 survivors (12288K)
[2025-01-03T22:16:57.909+0000][22.323s][info ][gc,heap,exit]  Metaspace       used 96203K, committed 96832K, reserved 1179648K
[2025-01-03T22:16:57.909+0000][22.324s][info ][gc,heap,exit]   class space    used 12659K, committed 12992K, reserved 1048576K
[2025-01-03T22:16:57.910+0000][22.324s][debug][safepoint   ] Safepoint synchronization initiated using futex wait barrier. (14 threads)
