[2025-01-01T12:55:28.870+0000][0.026s][info][gc] Using G1
[2025-01-01T12:55:28.872+0000][0.028s][info][gc,init] Version: 17.0.12+7-Debian-2deb12u1 (release)
[2025-01-01T12:55:28.872+0000][0.028s][info][gc,init] CPUs: 12 total, 12 available
[2025-01-01T12:55:28.872+0000][0.028s][info][gc,init] Memory: 15951M
[2025-01-01T12:55:28.872+0000][0.028s][info][gc,init] Large Page Support: Disabled
[2025-01-01T12:55:28.872+0000][0.028s][info][gc,init] NUMA Support: Disabled
[2025-01-01T12:55:28.872+0000][0.029s][info][gc,init] Compressed Oops: Enabled (Zero based)
[2025-01-01T12:55:28.872+0000][0.029s][info][gc,init] Heap Region Size: 2M
[2025-01-01T12:55:28.873+0000][0.029s][info][gc,init] Heap Min Capacity: 8M
[2025-01-01T12:55:28.873+0000][0.029s][info][gc,init] Heap Initial Capacity: 250M
[2025-01-01T12:55:28.873+0000][0.029s][info][gc,init] Heap Max Capacity: 3988M
[2025-01-01T12:55:28.873+0000][0.029s][info][gc,init] Pre-touch: Disabled
[2025-01-01T12:55:28.873+0000][0.029s][info][gc,init] Parallel Workers: 10
[2025-01-01T12:55:28.873+0000][0.029s][info][gc,init] Concurrent Workers: 3
[2025-01-01T12:55:28.873+0000][0.030s][info][gc,init] Concurrent Refinement Workers: 10
[2025-01-01T12:55:28.873+0000][0.030s][info][gc,init] Periodic GC: Disabled
[2025-01-01T12:55:28.877+0000][0.034s][info][gc,metaspace] CDS archive(s) mapped at: [0x00007f946b000000-0x00007f946bbc4000-0x00007f946bbc4000), size 12337152, SharedBaseAddress: 0x00007f946b000000, ArchiveRelocationMode: 1.
[2025-01-01T12:55:28.877+0000][0.034s][info][gc,metaspace] Compressed class space mapped at: 0x00007f946c000000-0x00007f94ac000000, reserved size: 1073741824
[2025-01-01T12:55:28.878+0000][0.034s][info][gc,metaspace] Narrow klass base: 0x00007f946b000000, Narrow klass shift: 0, Narrow klass range: 0x100000000
[2025-01-01T12:55:28.882+0000][0.038s][info][cds,heap    ] initialize_from_archived_subgraph java.lang.Module$ArchivedData 0x00007f946b184780 (early)
[2025-01-01T12:55:28.882+0000][0.038s][info][cds,heap    ] initialize_from_archived_subgraph java.util.ImmutableCollections 0x00007f946b0722d8 (early)
[2025-01-01T12:55:28.884+0000][0.040s][info][cds,heap    ] initialize_from_archived_subgraph java.lang.Integer$IntegerCache 0x00007f946b037660 (early)
[2025-01-01T12:55:28.886+0000][0.042s][info][cds,heap    ] initialize_from_archived_subgraph java.lang.module.Configuration 0x00007f946b172700 (early)
[2025-01-01T12:55:28.886+0000][0.042s][info][cds,heap    ] initialize_from_archived_subgraph java.lang.ModuleLayer 0x00007f946b146b38 (early)
[2025-01-01T12:55:28.886+0000][0.043s][info][cds,heap    ] initialize_from_archived_subgraph jdk.internal.loader.ArchivedClassLoaders 0x00007f946b1adb70 (early)
[2025-01-01T12:55:28.887+0000][0.043s][info][cds,heap    ] initialize_from_archived_subgraph jdk.internal.module.ArchivedBootLayer 0x00007f946b179340 (early)
[2025-01-01T12:55:28.888+0000][0.044s][info][cds,heap    ] initialize_from_archived_subgraph sun.util.locale.BaseLocale 0x00007f946b26d048
[2025-01-01T12:55:28.893+0000][0.050s][info][cds,heap    ] initialize_from_archived_subgraph java.util.jar.Attributes$Name 0x00007f946b19f5e8
[2025-01-01T12:55:28.914+0000][0.070s][info][cds,heap    ] initialize_from_archived_subgraph java.lang.Long$LongCache 0x00007f946b020f98
[2025-01-01T12:55:28.973+0000][0.130s][info][cds,heap    ] initialize_from_archived_subgraph java.lang.Character$CharacterCache 0x00007f946b03a9e8
[2025-01-01T12:55:29.198+0000][0.354s][debug][safepoint   ] Safepoint synchronization initiated using futex wait barrier. (14 threads)
[2025-01-01T12:55:29.198+0000][0.354s][info ][safepoint   ] Safepoint "ICBufferFull", Time since last: 316383197 ns, Reaching safepoint: 159182 ns, Cleanup: 63812 ns, At safepoint: 1348 ns, Total: 224342 ns
[2025-01-01T12:55:29.251+0000][0.407s][debug][safepoint   ] Safepoint synchronization initiated using futex wait barrier. (14 threads)
[2025-01-01T12:55:29.251+0000][0.407s][info ][gc,start    ] GC(0) Pause Young (Normal) (G1 Evacuation Pause)
[2025-01-01T12:55:29.251+0000][0.408s][info ][gc,task     ] GC(0) Using 6 workers of 10 for evacuation
[2025-01-01T12:55:29.257+0000][0.413s][info ][gc,phases   ] GC(0)   Pre Evacuate Collection Set: 0.1ms
[2025-01-01T12:55:29.257+0000][0.413s][info ][gc,phases   ] GC(0)   Merge Heap Roots: 0.1ms
[2025-01-01T12:55:29.257+0000][0.413s][info ][gc,phases   ] GC(0)   Evacuate Collection Set: 4.3ms
[2025-01-01T12:55:29.257+0000][0.413s][info ][gc,phases   ] GC(0)   Post Evacuate Collection Set: 0.6ms
[2025-01-01T12:55:29.257+0000][0.414s][info ][gc,phases   ] GC(0)   Other: 0.8ms
[2025-01-01T12:55:29.257+0000][0.414s][info ][gc,heap     ] GC(0) Eden regions: 31->0(53)
[2025-01-01T12:55:29.257+0000][0.414s][info ][gc,heap     ] GC(0) Survivor regions: 0->4(4)
[2025-01-01T12:55:29.257+0000][0.414s][info ][gc,heap     ] GC(0) Old regions: 0->1
[2025-01-01T12:55:29.258+0000][0.414s][info ][gc,heap     ] GC(0) Archive regions: 2->2
[2025-01-01T12:55:29.258+0000][0.414s][info ][gc,heap     ] GC(0) Humongous regions: 0->0
[2025-01-01T12:55:29.258+0000][0.414s][info ][gc,metaspace] GC(0) Metaspace: 2498K(2688K)->2498K(2688K) NonClass: 2261K(2368K)->2261K(2368K) Class: 237K(320K)->237K(320K)
[2025-01-01T12:55:29.258+0000][0.414s][info ][gc          ] GC(0) Pause Young (Normal) (G1 Evacuation Pause) 63M->10M(254M) 6.928ms
[2025-01-01T12:55:29.258+0000][0.414s][info ][gc,cpu      ] GC(0) User=0.03s Sys=0.00s Real=0.00s
[2025-01-01T12:55:29.258+0000][0.414s][info ][safepoint   ] Safepoint "G1CollectForAllocation", Time since last: 52877566 ns, Reaching safepoint: 160742 ns, Cleanup: 17191 ns, At safepoint: 7173328 ns, Total: 7351261 ns
[2025-01-01T12:55:29.732+0000][0.888s][debug][safepoint   ] Safepoint synchronization initiated using futex wait barrier. (15 threads)
[2025-01-01T12:55:29.732+0000][0.888s][info ][gc,start    ] GC(1) Pause Young (Normal) (G1 Evacuation Pause)
[2025-01-01T12:55:29.732+0000][0.888s][info ][gc,task     ] GC(1) Using 6 workers of 10 for evacuation
[2025-01-01T12:55:29.737+0000][0.893s][info ][gc,phases   ] GC(1)   Pre Evacuate Collection Set: 0.1ms
[2025-01-01T12:55:29.737+0000][0.893s][info ][gc,phases   ] GC(1)   Merge Heap Roots: 0.1ms
[2025-01-01T12:55:29.737+0000][0.893s][info ][gc,phases   ] GC(1)   Evacuate Collection Set: 3.3ms
[2025-01-01T12:55:29.737+0000][0.893s][info ][gc,phases   ] GC(1)   Post Evacuate Collection Set: 0.9ms
[2025-01-01T12:55:29.737+0000][0.893s][info ][gc,phases   ] GC(1)   Other: 0.3ms
[2025-01-01T12:55:29.737+0000][0.893s][info ][gc,heap     ] GC(1) Eden regions: 53->0(69)
[2025-01-01T12:55:29.737+0000][0.893s][info ][gc,heap     ] GC(1) Survivor regions: 4->6(8)
[2025-01-01T12:55:29.737+0000][0.894s][info ][gc,heap     ] GC(1) Old regions: 1->1
[2025-01-01T12:55:29.737+0000][0.894s][info ][gc,heap     ] GC(1) Archive regions: 2->2
[2025-01-01T12:55:29.737+0000][0.894s][info ][gc,heap     ] GC(1) Humongous regions: 0->0
[2025-01-01T12:55:29.738+0000][0.894s][info ][gc,metaspace] GC(1) Metaspace: 6883K(7232K)->6883K(7232K) NonClass: 6033K(6208K)->6033K(6208K) Class: 850K(1024K)->850K(1024K)
[2025-01-01T12:55:29.738+0000][0.894s][info ][gc          ] GC(1) Pause Young (Normal) (G1 Evacuation Pause) 116M->14M(254M) 5.725ms
[2025-01-01T12:55:29.738+0000][0.894s][info ][gc,cpu      ] GC(1) User=0.04s Sys=0.01s Real=0.00s
[2025-01-01T12:55:29.738+0000][0.894s][info ][safepoint   ] Safepoint "G1CollectForAllocation", Time since last: 473549814 ns, Reaching safepoint: 183148 ns, Cleanup: 140489 ns, At safepoint: 5991086 ns, Total: 6314723 ns
[2025-01-01T12:55:30.160+0000][1.316s][debug][safepoint   ] Safepoint synchronization initiated using futex wait barrier. (15 threads)
[2025-01-01T12:55:30.160+0000][1.317s][info ][safepoint   ] Safepoint "ICBufferFull", Time since last: 421874000 ns, Reaching safepoint: 307935 ns, Cleanup: 139450 ns, At safepoint: 31919 ns, Total: 479304 ns
[2025-01-01T12:55:30.252+0000][1.408s][debug][safepoint   ] Safepoint synchronization initiated using futex wait barrier. (15 threads)
[2025-01-01T12:55:30.252+0000][1.408s][info ][safepoint   ] Safepoint "ICBufferFull", Time since last: 91632808 ns, Reaching safepoint: 190037 ns, Cleanup: 113653 ns, At safepoint: 20056 ns, Total: 323746 ns
[2025-01-01T12:55:30.316+0000][1.472s][debug][safepoint   ] Safepoint synchronization initiated using futex wait barrier. (16 threads)
[2025-01-01T12:55:30.316+0000][1.473s][info ][gc,start    ] GC(2) Pause Young (Normal) (G1 Evacuation Pause)
[2025-01-01T12:55:30.316+0000][1.473s][info ][gc,task     ] GC(2) Using 6 workers of 10 for evacuation
[2025-01-01T12:55:30.324+0000][1.480s][info ][gc,phases   ] GC(2)   Pre Evacuate Collection Set: 0.1ms
[2025-01-01T12:55:30.324+0000][1.480s][info ][gc,phases   ] GC(2)   Merge Heap Roots: 0.1ms
[2025-01-01T12:55:30.324+0000][1.480s][info ][gc,phases   ] GC(2)   Evacuate Collection Set: 5.9ms
[2025-01-01T12:55:30.324+0000][1.480s][info ][gc,phases   ] GC(2)   Post Evacuate Collection Set: 0.9ms
[2025-01-01T12:55:30.324+0000][1.480s][info ][gc,phases   ] GC(2)   Other: 0.3ms
[2025-01-01T12:55:30.324+0000][1.481s][info ][gc,heap     ] GC(2) Eden regions: 69->0(71)
[2025-01-01T12:55:30.324+0000][1.481s][info ][gc,heap     ] GC(2) Survivor regions: 6->4(10)
[2025-01-01T12:55:30.324+0000][1.481s][info ][gc,heap     ] GC(2) Old regions: 1->5
[2025-01-01T12:55:30.325+0000][1.481s][info ][gc,heap     ] GC(2) Archive regions: 2->2
[2025-01-01T12:55:30.325+0000][1.481s][info ][gc,heap     ] GC(2) Humongous regions: 0->0
[2025-01-01T12:55:30.325+0000][1.481s][info ][gc,metaspace] GC(2) Metaspace: 12375K(12608K)->12375K(12608K) NonClass: 10773K(10880K)->10773K(10880K) Class: 1602K(1728K)->1602K(1728K)
[2025-01-01T12:55:30.325+0000][1.481s][info ][gc          ] GC(2) Pause Young (Normal) (G1 Evacuation Pause) 152M->17M(254M) 8.507ms
[2025-01-01T12:55:30.325+0000][1.481s][info ][gc,cpu      ] GC(2) User=0.03s Sys=0.04s Real=0.01s
[2025-01-01T12:55:30.325+0000][1.481s][info ][safepoint   ] Safepoint "G1CollectForAllocation", Time since last: 63734696 ns, Reaching safepoint: 308711 ns, Cleanup: 46602 ns, At safepoint: 8747179 ns, Total: 9102492 ns
[2025-01-01T12:55:30.672+0000][1.828s][debug][safepoint   ] ... found polling page loop exception at pc = 0x00007f94d5176bdd, stub =0x00007f94d4b10400
[2025-01-01T12:55:30.680+0000][1.837s][info ][cds,heap    ] initialize_from_archived_subgraph java.lang.Byte$ByteCache 0x00007f946b03abf8
[2025-01-01T12:55:30.680+0000][1.837s][info ][cds,heap    ] initialize_from_archived_subgraph java.lang.Short$ShortCache 0x00007f946b0412e8
[2025-01-01T12:55:30.721+0000][1.877s][debug][safepoint   ] Safepoint synchronization initiated using futex wait barrier. (16 threads)
[2025-01-01T12:55:30.721+0000][1.877s][info ][gc,start    ] GC(3) Pause Young (Normal) (G1 Evacuation Pause)
[2025-01-01T12:55:30.721+0000][1.878s][info ][gc,task     ] GC(3) Using 6 workers of 10 for evacuation
[2025-01-01T12:55:30.724+0000][1.881s][info ][gc,phases   ] GC(3)   Pre Evacuate Collection Set: 0.1ms
[2025-01-01T12:55:30.725+0000][1.881s][info ][gc,phases   ] GC(3)   Merge Heap Roots: 0.1ms
[2025-01-01T12:55:30.725+0000][1.881s][info ][gc,phases   ] GC(3)   Evacuate Collection Set: 2.3ms
[2025-01-01T12:55:30.725+0000][1.881s][info ][gc,phases   ] GC(3)   Post Evacuate Collection Set: 0.6ms
[2025-01-01T12:55:30.725+0000][1.881s][info ][gc,phases   ] GC(3)   Other: 0.3ms
[2025-01-01T12:55:30.725+0000][1.881s][info ][gc,heap     ] GC(3) Eden regions: 71->0(71)
[2025-01-01T12:55:30.725+0000][1.881s][info ][gc,heap     ] GC(3) Survivor regions: 4->4(10)
[2025-01-01T12:55:30.725+0000][1.882s][info ][gc,heap     ] GC(3) Old regions: 5->5
[2025-01-01T12:55:30.725+0000][1.882s][info ][gc,heap     ] GC(3) Archive regions: 2->2
[2025-01-01T12:55:30.725+0000][1.882s][info ][gc,heap     ] GC(3) Humongous regions: 0->0
[2025-01-01T12:55:30.725+0000][1.882s][info ][gc,metaspace] GC(3) Metaspace: 17044K(17344K)->17044K(17344K) NonClass: 14729K(14912K)->14729K(14912K) Class: 2314K(2432K)->2314K(2432K)
[2025-01-01T12:55:30.726+0000][1.882s][info ][gc          ] GC(3) Pause Young (Normal) (G1 Evacuation Pause) 159M->17M(254M) 4.457ms
[2025-01-01T12:55:30.726+0000][1.882s][info ][gc,cpu      ] GC(3) User=0.01s Sys=0.00s Real=0.00s
[2025-01-01T12:55:30.726+0000][1.882s][info ][safepoint   ] Safepoint "G1CollectForAllocation", Time since last: 395767009 ns, Reaching safepoint: 258059 ns, Cleanup: 68255 ns, At safepoint: 4707440 ns, Total: 5033754 ns
[2025-01-01T12:55:31.410+0000][2.138s][debug][safepoint   ] Safepoint synchronization initiated using futex wait barrier. (16 threads)
[2025-01-01T12:55:31.414+0000][2.142s][info ][gc,start    ] GC(4) Pause Young (Concurrent Start) (Metadata GC Threshold)
[2025-01-01T12:55:31.415+0000][2.142s][info ][gc,task     ] GC(4) Using 6 workers of 10 for evacuation
[2025-01-01T12:55:31.419+0000][2.147s][info ][gc,phases   ] GC(4)   Pre Evacuate Collection Set: 0.2ms
[2025-01-01T12:55:31.419+0000][2.147s][info ][gc,phases   ] GC(4)   Merge Heap Roots: 0.1ms
[2025-01-01T12:55:31.420+0000][2.147s][info ][gc,phases   ] GC(4)   Evacuate Collection Set: 3.3ms
[2025-01-01T12:55:31.420+0000][2.148s][info ][gc,phases   ] GC(4)   Post Evacuate Collection Set: 0.8ms
[2025-01-01T12:55:31.420+0000][2.148s][info ][gc,phases   ] GC(4)   Other: 0.5ms
[2025-01-01T12:55:31.420+0000][2.148s][info ][gc,heap     ] GC(4) Eden regions: 42->0(70)
[2025-01-01T12:55:31.420+0000][2.148s][info ][gc,heap     ] GC(4) Survivor regions: 4->5(10)
[2025-01-01T12:55:31.420+0000][2.148s][info ][gc,heap     ] GC(4) Old regions: 5->5
[2025-01-01T12:55:31.420+0000][2.148s][info ][gc,heap     ] GC(4) Archive regions: 2->2
[2025-01-01T12:55:31.421+0000][2.148s][info ][gc,heap     ] GC(4) Humongous regions: 0->0
[2025-01-01T12:55:31.421+0000][2.149s][info ][gc,metaspace] GC(4) Metaspace: 21272K(21504K)->21272K(21504K) NonClass: 18498K(18624K)->18498K(18624K) Class: 2774K(2880K)->2774K(2880K)
[2025-01-01T12:55:31.421+0000][2.149s][info ][gc          ] GC(4) Pause Young (Concurrent Start) (Metadata GC Threshold) 100M->20M(254M) 6.834ms
[2025-01-01T12:55:31.421+0000][2.149s][info ][gc,cpu      ] GC(4) User=0.04s Sys=0.00s Real=0.01s
[2025-01-01T12:55:31.422+0000][2.149s][info ][gc          ] GC(5) Concurrent Mark Cycle
[2025-01-01T12:55:31.422+0000][2.150s][info ][gc,marking  ] GC(5) Concurrent Clear Claimed Marks
[2025-01-01T12:55:31.422+0000][2.150s][info ][gc,marking  ] GC(5) Concurrent Clear Claimed Marks 0.344ms
[2025-01-01T12:55:31.422+0000][2.149s][info ][safepoint   ] Safepoint "CollectForMetadataAllocation", Time since last: 255757561 ns, Reaching safepoint: 4253748 ns, Cleanup: 70407 ns, At safepoint: 7220878 ns, Total: 11545033 ns
[2025-01-01T12:55:31.422+0000][2.150s][info ][gc,marking  ] GC(5) Concurrent Scan Root Regions
[2025-01-01T12:55:31.428+0000][2.156s][info ][gc,marking  ] GC(5) Concurrent Scan Root Regions 5.689ms
[2025-01-01T12:55:31.428+0000][2.156s][info ][gc,marking  ] GC(5) Concurrent Mark
[2025-01-01T12:55:31.428+0000][2.156s][info ][gc,marking  ] GC(5) Concurrent Mark From Roots
[2025-01-01T12:55:31.429+0000][2.156s][info ][gc,task     ] GC(5) Using 3 workers of 3 for marking
[2025-01-01T12:55:31.433+0000][2.161s][info ][gc,marking  ] GC(5) Concurrent Mark From Roots 4.880ms
[2025-01-01T12:55:31.434+0000][2.162s][info ][gc,marking  ] GC(5) Concurrent Preclean
[2025-01-01T12:55:31.435+0000][2.162s][info ][gc,marking  ] GC(5) Concurrent Preclean 0.576ms
[2025-01-01T12:55:31.435+0000][2.163s][debug][safepoint   ] Safepoint synchronization initiated using futex wait barrier. (16 threads)
[2025-01-01T12:55:31.436+0000][2.163s][info ][gc,start    ] GC(5) Pause Remark
[2025-01-01T12:55:31.438+0000][2.166s][info ][gc          ] GC(5) Pause Remark 23M->23M(94M) 2.815ms
[2025-01-01T12:55:31.442+0000][2.170s][info ][gc,cpu      ] GC(5) User=0.02s Sys=0.00s Real=0.01s
[2025-01-01T12:55:31.442+0000][2.170s][info ][safepoint   ] Safepoint "G1PauseRemark", Time since last: 13256749 ns, Reaching safepoint: 719888 ns, Cleanup: 3011 ns, At safepoint: 6698301 ns, Total: 7421200 ns
[2025-01-01T12:55:31.444+0000][2.172s][info ][gc,marking  ] GC(5) Concurrent Mark 15.635ms
[2025-01-01T12:55:31.445+0000][2.173s][info ][gc,marking  ] GC(5) Concurrent Rebuild Remembered Sets
[2025-01-01T12:55:31.450+0000][2.178s][info ][gc,marking  ] GC(5) Concurrent Rebuild Remembered Sets 4.773ms
[2025-01-01T12:55:31.451+0000][2.178s][debug][safepoint   ] Safepoint synchronization initiated using futex wait barrier. (16 threads)
[2025-01-01T12:55:31.451+0000][2.179s][debug][safepoint   ] ... found polling page loop exception at pc = 0x00007f94d517371c, stub =0x00007f94d4b10400
[2025-01-01T12:55:31.451+0000][2.179s][info ][gc,start    ] GC(5) Pause Cleanup
[2025-01-01T12:55:31.452+0000][2.180s][info ][gc          ] GC(5) Pause Cleanup 24M->24M(94M) 0.714ms
[2025-01-01T12:55:31.452+0000][2.180s][info ][gc,cpu      ] GC(5) User=0.00s Sys=0.00s Real=0.00s
[2025-01-01T12:55:31.452+0000][2.180s][info ][safepoint   ] Safepoint "G1PauseCleanup", Time since last: 8291622 ns, Reaching safepoint: 396001 ns, Cleanup: 2731 ns, At safepoint: 1084038 ns, Total: 1482770 ns
[2025-01-01T12:55:31.452+0000][2.180s][info ][gc,marking  ] GC(5) Concurrent Cleanup for Next Mark
[2025-01-01T12:55:31.453+0000][2.181s][info ][gc,marking  ] GC(5) Concurrent Cleanup for Next Mark 0.670ms
[2025-01-01T12:55:31.453+0000][2.181s][info ][gc          ] GC(5) Concurrent Mark Cycle 31.708ms
[2025-01-01T12:55:33.328+0000][2.374s][debug][safepoint   ] Safepoint synchronization initiated using futex wait barrier. (16 threads)
[2025-01-01T12:55:33.328+0000][2.374s][info ][gc,start    ] GC(6) Pause Young (Prepare Mixed) (G1 Preventive Collection)
[2025-01-01T12:55:33.328+0000][2.374s][info ][gc,task     ] GC(6) Using 5 workers of 10 for evacuation
[2025-01-01T12:55:33.334+0000][2.380s][info ][gc,phases   ] GC(6)   Pre Evacuate Collection Set: 0.1ms
[2025-01-01T12:55:33.334+0000][2.380s][info ][gc,phases   ] GC(6)   Merge Heap Roots: 0.1ms
[2025-01-01T12:55:33.334+0000][2.380s][info ][gc,phases   ] GC(6)   Evacuate Collection Set: 4.7ms
[2025-01-01T12:55:33.334+0000][2.380s][info ][gc,phases   ] GC(6)   Post Evacuate Collection Set: 0.7ms
[2025-01-01T12:55:33.334+0000][2.380s][info ][gc,phases   ] GC(6)   Other: 0.3ms
[2025-01-01T12:55:33.334+0000][2.380s][info ][gc,heap     ] GC(6) Eden regions: 27->0(1)
[2025-01-01T12:55:33.334+0000][2.381s][info ][gc,heap     ] GC(6) Survivor regions: 5->6(10)
[2025-01-01T12:55:33.335+0000][2.381s][info ][gc,heap     ] GC(6) Old regions: 5->5
[2025-01-01T12:55:33.335+0000][2.381s][info ][gc,heap     ] GC(6) Archive regions: 2->2
[2025-01-01T12:55:33.335+0000][2.381s][info ][gc,heap     ] GC(6) Humongous regions: 0->0
[2025-01-01T12:55:33.335+0000][2.381s][info ][gc,metaspace] GC(6) Metaspace: 23487K(23872K)->23487K(23872K) NonClass: 20417K(20608K)->20417K(20608K) Class: 3069K(3264K)->3069K(3264K)
[2025-01-01T12:55:33.335+0000][2.381s][info ][gc          ] GC(6) Pause Young (Prepare Mixed) (G1 Preventive Collection) 74M->22M(94M) 7.140ms
[2025-01-01T12:55:33.335+0000][2.381s][info ][gc,cpu      ] GC(6) User=0.05s Sys=0.01s Real=0.01s
[2025-01-01T12:55:33.335+0000][2.381s][info ][safepoint   ] Safepoint "G1CollectForAllocation", Time since last: 193734920 ns, Reaching safepoint: 297770 ns, Cleanup: 57247 ns, At safepoint: 7405343 ns, Total: 7760360 ns
[2025-01-01T12:55:33.344+0000][2.390s][debug][safepoint   ] Safepoint synchronization initiated using futex wait barrier. (16 threads)
[2025-01-01T12:55:33.345+0000][2.391s][info ][gc,start    ] GC(7) Pause Young (Mixed) (G1 Evacuation Pause)
[2025-01-01T12:55:33.345+0000][2.391s][info ][gc,task     ] GC(7) Using 4 workers of 10 for evacuation
[2025-01-01T12:55:33.350+0000][2.396s][info ][gc,phases   ] GC(7)   Pre Evacuate Collection Set: 0.1ms
[2025-01-01T12:55:33.350+0000][2.396s][info ][gc,phases   ] GC(7)   Merge Heap Roots: 0.0ms
[2025-01-01T12:55:33.350+0000][2.397s][info ][gc,phases   ] GC(7)   Evacuate Collection Set: 4.6ms
[2025-01-01T12:55:33.351+0000][2.397s][info ][gc,phases   ] GC(7)   Post Evacuate Collection Set: 0.6ms
[2025-01-01T12:55:33.351+0000][2.397s][info ][gc,phases   ] GC(7)   Other: 0.3ms
[2025-01-01T12:55:33.351+0000][2.397s][info ][gc,heap     ] GC(7) Eden regions: 1->0(32)
[2025-01-01T12:55:33.351+0000][2.397s][info ][gc,heap     ] GC(7) Survivor regions: 6->1(1)
[2025-01-01T12:55:33.351+0000][2.397s][info ][gc,heap     ] GC(7) Old regions: 5->10
[2025-01-01T12:55:33.351+0000][2.397s][info ][gc,heap     ] GC(7) Archive regions: 2->2
[2025-01-01T12:55:33.351+0000][2.397s][info ][gc,heap     ] GC(7) Humongous regions: 0->0
[2025-01-01T12:55:33.351+0000][2.397s][info ][gc,metaspace] GC(7) Metaspace: 23772K(24128K)->23772K(24128K) NonClass: 20668K(20864K)->20668K(20864K) Class: 3104K(3264K)->3104K(3264K)
[2025-01-01T12:55:33.351+0000][2.398s][info ][gc          ] GC(7) Pause Young (Mixed) (G1 Evacuation Pause) 24M->23M(114M) 6.868ms
[2025-01-01T12:55:33.352+0000][2.398s][info ][gc,cpu      ] GC(7) User=0.04s Sys=0.00s Real=0.01s
[2025-01-01T12:55:33.352+0000][2.398s][info ][safepoint   ] Safepoint "G1CollectForAllocation", Time since last: 9058422 ns, Reaching safepoint: 194856 ns, Cleanup: 7428 ns, At safepoint: 7156762 ns, Total: 7359046 ns
[2025-01-01T12:55:33.543+0000][2.589s][debug][safepoint   ] Safepoint synchronization initiated using futex wait barrier. (15 threads)
[2025-01-01T12:55:33.543+0000][2.589s][info ][gc,start    ] GC(8) Pause Young (Normal) (G1 Evacuation Pause)
[2025-01-01T12:55:33.543+0000][2.589s][info ][gc,task     ] GC(8) Using 3 workers of 10 for evacuation
[2025-01-01T12:55:33.547+0000][2.593s][info ][gc,phases   ] GC(8)   Pre Evacuate Collection Set: 0.1ms
[2025-01-01T12:55:33.547+0000][2.593s][info ][gc,phases   ] GC(8)   Merge Heap Roots: 0.1ms
[2025-01-01T12:55:33.547+0000][2.594s][info ][gc,phases   ] GC(8)   Evacuate Collection Set: 3.1ms
[2025-01-01T12:55:33.548+0000][2.594s][info ][gc,phases   ] GC(8)   Post Evacuate Collection Set: 0.5ms
[2025-01-01T12:55:33.548+0000][2.594s][info ][gc,phases   ] GC(8)   Other: 0.3ms
[2025-01-01T12:55:33.548+0000][2.594s][info ][gc,heap     ] GC(8) Eden regions: 32->0(30)
[2025-01-01T12:55:33.548+0000][2.594s][info ][gc,heap     ] GC(8) Survivor regions: 1->3(5)
[2025-01-01T12:55:33.548+0000][2.594s][info ][gc,heap     ] GC(8) Old regions: 10->10
[2025-01-01T12:55:33.548+0000][2.594s][info ][gc,heap     ] GC(8) Archive regions: 2->2
[2025-01-01T12:55:33.548+0000][2.594s][info ][gc,heap     ] GC(8) Humongous regions: 0->0
[2025-01-01T12:55:33.548+0000][2.594s][info ][gc,metaspace] GC(8) Metaspace: 24462K(24896K)->24462K(24896K) NonClass: 21280K(21504K)->21280K(21504K) Class: 3182K(3392K)->3182K(3392K)
[2025-01-01T12:55:33.549+0000][2.595s][info ][gc          ] GC(8) Pause Young (Normal) (G1 Evacuation Pause) 87M->27M(114M) 5.413ms
[2025-01-01T12:55:33.549+0000][2.595s][info ][gc,cpu      ] GC(8) User=0.02s Sys=0.00s Real=0.00s
[2025-01-01T12:55:33.549+0000][2.595s][info ][safepoint   ] Safepoint "G1CollectForAllocation", Time since last: 191085756 ns, Reaching safepoint: 191162 ns, Cleanup: 61087 ns, At safepoint: 5710698 ns, Total: 5962947 ns
[2025-01-01T12:55:33.646+0000][2.692s][debug][safepoint   ] Safepoint synchronization initiated using futex wait barrier. (15 threads)
[2025-01-01T12:55:33.646+0000][2.692s][info ][gc,start    ] GC(9) Pause Young (Normal) (G1 Evacuation Pause)
[2025-01-01T12:55:33.646+0000][2.692s][info ][gc,task     ] GC(9) Using 2 workers of 10 for evacuation
[2025-01-01T12:55:33.657+0000][2.703s][info ][gc,phases   ] GC(9)   Pre Evacuate Collection Set: 0.1ms
[2025-01-01T12:55:33.657+0000][2.703s][info ][gc,phases   ] GC(9)   Merge Heap Roots: 0.1ms
[2025-01-01T12:55:33.657+0000][2.703s][info ][gc,phases   ] GC(9)   Evacuate Collection Set: 10.1ms
[2025-01-01T12:55:33.657+0000][2.704s][info ][gc,phases   ] GC(9)   Post Evacuate Collection Set: 0.6ms
[2025-01-01T12:55:33.658+0000][2.704s][info ][gc,phases   ] GC(9)   Other: 0.3ms
[2025-01-01T12:55:33.658+0000][2.704s][info ][gc,heap     ] GC(9) Eden regions: 30->0(25)
[2025-01-01T12:55:33.658+0000][2.704s][info ][gc,heap     ] GC(9) Survivor regions: 3->4(5)
[2025-01-01T12:55:33.658+0000][2.704s][info ][gc,heap     ] GC(9) Old regions: 10->13
[2025-01-01T12:55:33.658+0000][2.704s][info ][gc,heap     ] GC(9) Archive regions: 2->2
[2025-01-01T12:55:33.658+0000][2.704s][info ][gc,heap     ] GC(9) Humongous regions: 0->0
[2025-01-01T12:55:33.658+0000][2.704s][info ][gc,metaspace] GC(9) Metaspace: 24478K(24896K)->24478K(24896K) NonClass: 21291K(21504K)->21291K(21504K) Class: 3186K(3392K)->3186K(3392K)
[2025-01-01T12:55:33.658+0000][2.704s][info ][gc          ] GC(9) Pause Young (Normal) (G1 Evacuation Pause) 87M->35M(114M) 12.258ms
[2025-01-01T12:55:33.658+0000][2.704s][info ][gc,cpu      ] GC(9) User=0.07s Sys=0.00s Real=0.01s
[2025-01-01T12:55:33.658+0000][2.704s][info ][safepoint   ] Safepoint "G1CollectForAllocation", Time since last: 96896758 ns, Reaching safepoint: 207756 ns, Cleanup: 16888 ns, At safepoint: 12510060 ns, Total: 12734704 ns
[2025-01-01T12:55:33.746+0000][2.792s][debug][safepoint   ] Safepoint synchronization initiated using futex wait barrier. (15 threads)
[2025-01-01T12:55:33.746+0000][2.792s][info ][gc,start    ] GC(10) Pause Young (Normal) (G1 Evacuation Pause)
[2025-01-01T12:55:33.746+0000][2.793s][info ][gc,task     ] GC(10) Using 2 workers of 10 for evacuation
[2025-01-01T12:55:33.757+0000][2.803s][info ][gc,phases   ] GC(10)   Pre Evacuate Collection Set: 0.1ms
[2025-01-01T12:55:33.757+0000][2.803s][info ][gc,phases   ] GC(10)   Merge Heap Roots: 0.1ms
[2025-01-01T12:55:33.757+0000][2.803s][info ][gc,phases   ] GC(10)   Evacuate Collection Set: 9.4ms
[2025-01-01T12:55:33.757+0000][2.803s][info ][gc,phases   ] GC(10)   Post Evacuate Collection Set: 0.7ms
[2025-01-01T12:55:33.758+0000][2.804s][info ][gc,phases   ] GC(10)   Other: 0.3ms
[2025-01-01T12:55:33.758+0000][2.804s][info ][gc,heap     ] GC(10) Eden regions: 25->0(23)
[2025-01-01T12:55:33.758+0000][2.804s][info ][gc,heap     ] GC(10) Survivor regions: 4->3(4)
[2025-01-01T12:55:33.758+0000][2.804s][info ][gc,heap     ] GC(10) Old regions: 13->17
[2025-01-01T12:55:33.758+0000][2.804s][info ][gc,heap     ] GC(10) Archive regions: 2->2
[2025-01-01T12:55:33.758+0000][2.804s][info ][gc,heap     ] GC(10) Humongous regions: 0->0
[2025-01-01T12:55:33.758+0000][2.804s][info ][gc,metaspace] GC(10) Metaspace: 24619K(24960K)->24619K(24960K) NonClass: 21406K(21568K)->21406K(21568K) Class: 3212K(3392K)->3212K(3392K)
[2025-01-01T12:55:33.758+0000][2.804s][info ][gc          ] GC(10) Pause Young (Normal) (G1 Evacuation Pause) 85M->40M(114M) 11.893ms
[2025-01-01T12:55:33.758+0000][2.804s][info ][gc,cpu      ] GC(10) User=0.05s Sys=0.00s Real=0.01s
[2025-01-01T12:55:33.759+0000][2.805s][info ][safepoint   ] Safepoint "G1CollectForAllocation", Time since last: 87688382 ns, Reaching safepoint: 207113 ns, Cleanup: 28800 ns, At safepoint: 12146816 ns, Total: 12382729 ns
[2025-01-01T12:55:33.834+0000][2.880s][debug][safepoint   ] Safepoint synchronization initiated using futex wait barrier. (15 threads)
[2025-01-01T12:55:33.835+0000][2.881s][info ][gc,start    ] GC(11) Pause Young (Normal) (G1 Evacuation Pause)
[2025-01-01T12:55:33.835+0000][2.881s][info ][gc,task     ] GC(11) Using 2 workers of 10 for evacuation
[2025-01-01T12:55:33.843+0000][2.889s][info ][gc,phases   ] GC(11)   Pre Evacuate Collection Set: 0.1ms
[2025-01-01T12:55:33.843+0000][2.889s][info ][gc,phases   ] GC(11)   Merge Heap Roots: 0.1ms
[2025-01-01T12:55:33.843+0000][2.890s][info ][gc,phases   ] GC(11)   Evacuate Collection Set: 7.1ms
[2025-01-01T12:55:33.844+0000][2.890s][info ][gc,phases   ] GC(11)   Post Evacuate Collection Set: 0.9ms
[2025-01-01T12:55:33.844+0000][2.890s][info ][gc,phases   ] GC(11)   Other: 0.4ms
[2025-01-01T12:55:33.844+0000][2.890s][info ][gc,heap     ] GC(11) Eden regions: 23->0(65)
[2025-01-01T12:55:33.844+0000][2.890s][info ][gc,heap     ] GC(11) Survivor regions: 3->3(4)
[2025-01-01T12:55:33.844+0000][2.890s][info ][gc,heap     ] GC(11) Old regions: 17->20
[2025-01-01T12:55:33.844+0000][2.890s][info ][gc,heap     ] GC(11) Archive regions: 2->2
[2025-01-01T12:55:33.844+0000][2.890s][info ][gc,heap     ] GC(11) Humongous regions: 0->0
[2025-01-01T12:55:33.844+0000][2.890s][info ][gc,metaspace] GC(11) Metaspace: 24756K(25088K)->24756K(25088K) NonClass: 21525K(21696K)->21525K(21696K) Class: 3230K(3392K)->3230K(3392K)
[2025-01-01T12:55:33.844+0000][2.890s][info ][gc          ] GC(11) Pause Young (Normal) (G1 Evacuation Pause) 86M->45M(238M) 9.868ms
[2025-01-01T12:55:33.844+0000][2.891s][info ][gc,cpu      ] GC(11) User=0.03s Sys=0.00s Real=0.01s
[2025-01-01T12:55:33.845+0000][2.891s][info ][safepoint   ] Safepoint "G1CollectForAllocation", Time since last: 75705840 ns, Reaching safepoint: 246483 ns, Cleanup: 25753 ns, At safepoint: 10209887 ns, Total: 10482123 ns
[2025-01-01T12:55:34.031+0000][3.078s][debug][safepoint   ] Safepoint synchronization initiated using futex wait barrier. (15 threads)
[2025-01-01T12:55:34.032+0000][3.078s][info ][safepoint   ] Safepoint "ICBufferFull", Time since last: 186801800 ns, Reaching safepoint: 295285 ns, Cleanup: 114643 ns, At safepoint: 10924 ns, Total: 420852 ns
[2025-01-01T12:55:34.165+0000][3.211s][debug][safepoint   ] Safepoint synchronization initiated using futex wait barrier. (15 threads)
[2025-01-01T12:55:34.165+0000][3.211s][info ][gc,start    ] GC(12) Pause Young (Normal) (G1 Evacuation Pause)
[2025-01-01T12:55:34.165+0000][3.211s][info ][gc,task     ] GC(12) Using 5 workers of 10 for evacuation
[2025-01-01T12:55:34.170+0000][3.216s][info ][gc,phases   ] GC(12)   Pre Evacuate Collection Set: 0.1ms
[2025-01-01T12:55:34.170+0000][3.216s][info ][gc,phases   ] GC(12)   Merge Heap Roots: 0.1ms
[2025-01-01T12:55:34.170+0000][3.216s][info ][gc,phases   ] GC(12)   Evacuate Collection Set: 4.4ms
[2025-01-01T12:55:34.170+0000][3.216s][info ][gc,phases   ] GC(12)   Post Evacuate Collection Set: 0.5ms
[2025-01-01T12:55:34.170+0000][3.217s][info ][gc,phases   ] GC(12)   Other: 0.2ms
[2025-01-01T12:55:34.171+0000][3.217s][info ][gc,heap     ] GC(12) Eden regions: 65->0(64)
[2025-01-01T12:55:34.171+0000][3.217s][info ][gc,heap     ] GC(12) Survivor regions: 3->6(9)
[2025-01-01T12:55:34.171+0000][3.217s][info ][gc,heap     ] GC(12) Old regions: 20->20
[2025-01-01T12:55:34.171+0000][3.217s][info ][gc,heap     ] GC(12) Archive regions: 2->2
[2025-01-01T12:55:34.171+0000][3.217s][info ][gc,heap     ] GC(12) Humongous regions: 0->0
[2025-01-01T12:55:34.171+0000][3.217s][info ][gc,metaspace] GC(12) Metaspace: 25160K(25536K)->25160K(25536K) NonClass: 21901K(22080K)->21901K(22080K) Class: 3258K(3456K)->3258K(3456K)
[2025-01-01T12:55:34.171+0000][3.217s][info ][gc          ] GC(12) Pause Young (Normal) (G1 Evacuation Pause) 175M->52M(238M) 6.184ms
[2025-01-01T12:55:34.171+0000][3.217s][info ][gc,cpu      ] GC(12) User=0.05s Sys=0.00s Real=0.01s
[2025-01-01T12:55:34.171+0000][3.217s][info ][safepoint   ] Safepoint "G1CollectForAllocation", Time since last: 132594011 ns, Reaching safepoint: 198846 ns, Cleanup: 58887 ns, At safepoint: 6379198 ns, Total: 6636931 ns
[2025-01-01T12:55:34.320+0000][3.366s][debug][safepoint   ] Safepoint synchronization initiated using futex wait barrier. (15 threads)
[2025-01-01T12:55:34.320+0000][3.366s][info ][safepoint   ] Safepoint "ICBufferFull", Time since last: 148487335 ns, Reaching safepoint: 190821 ns, Cleanup: 75469 ns, At safepoint: 1967 ns, Total: 268257 ns
[2025-01-01T12:55:34.402+0000][3.448s][debug][safepoint   ] Safepoint synchronization initiated using futex wait barrier. (16 threads)
[2025-01-01T12:55:34.402+0000][3.448s][info ][gc,start    ] GC(13) Pause Young (Normal) (G1 Evacuation Pause)
[2025-01-01T12:55:34.402+0000][3.448s][info ][gc,task     ] GC(13) Using 5 workers of 10 for evacuation
[2025-01-01T12:55:34.407+0000][3.453s][info ][gc,phases   ] GC(13)   Pre Evacuate Collection Set: 0.1ms
[2025-01-01T12:55:34.407+0000][3.453s][info ][gc,phases   ] GC(13)   Merge Heap Roots: 0.1ms
[2025-01-01T12:55:34.407+0000][3.453s][info ][gc,phases   ] GC(13)   Evacuate Collection Set: 3.7ms
[2025-01-01T12:55:34.407+0000][3.453s][info ][gc,phases   ] GC(13)   Post Evacuate Collection Set: 0.6ms
[2025-01-01T12:55:34.407+0000][3.453s][info ][gc,phases   ] GC(13)   Other: 0.2ms
[2025-01-01T12:55:34.407+0000][3.453s][info ][gc,heap     ] GC(13) Eden regions: 64->0(64)
[2025-01-01T12:55:34.407+0000][3.453s][info ][gc,heap     ] GC(13) Survivor regions: 6->6(9)
[2025-01-01T12:55:34.407+0000][3.453s][info ][gc,heap     ] GC(13) Old regions: 20->22
[2025-01-01T12:55:34.407+0000][3.454s][info ][gc,heap     ] GC(13) Archive regions: 2->2
[2025-01-01T12:55:34.408+0000][3.454s][info ][gc,heap     ] GC(13) Humongous regions: 0->0
[2025-01-01T12:55:34.408+0000][3.454s][info ][gc,metaspace] GC(13) Metaspace: 26259K(26624K)->26259K(26624K) NonClass: 22910K(23104K)->22910K(23104K) Class: 3348K(3520K)->3348K(3520K)
[2025-01-01T12:55:34.408+0000][3.454s][info ][gc          ] GC(13) Pause Young (Normal) (G1 Evacuation Pause) 180M->56M(238M) 5.697ms
[2025-01-01T12:55:34.408+0000][3.454s][info ][gc,cpu      ] GC(13) User=0.02s Sys=0.00s Real=0.00s
[2025-01-01T12:55:34.408+0000][3.454s][info ][safepoint   ] Safepoint "G1CollectForAllocation", Time since last: 81964228 ns, Reaching safepoint: 181910 ns, Cleanup: 7838 ns, At safepoint: 5887828 ns, Total: 6077576 ns
[2025-01-01T12:55:34.639+0000][3.685s][debug][safepoint   ] Safepoint synchronization initiated using futex wait barrier. (15 threads)
[2025-01-01T12:55:34.640+0000][3.686s][info ][gc,start    ] GC(14) Pause Young (Normal) (G1 Evacuation Pause)
[2025-01-01T12:55:34.640+0000][3.686s][info ][gc,task     ] GC(14) Using 5 workers of 10 for evacuation
[2025-01-01T12:55:34.644+0000][3.690s][info ][gc,phases   ] GC(14)   Pre Evacuate Collection Set: 0.1ms
[2025-01-01T12:55:34.644+0000][3.690s][info ][gc,phases   ] GC(14)   Merge Heap Roots: 0.1ms
[2025-01-01T12:55:34.645+0000][3.691s][info ][gc,phases   ] GC(14)   Evacuate Collection Set: 3.4ms
[2025-01-01T12:55:34.645+0000][3.691s][info ][gc,phases   ] GC(14)   Post Evacuate Collection Set: 0.8ms
[2025-01-01T12:55:34.645+0000][3.691s][info ][gc,phases   ] GC(14)   Other: 0.3ms
[2025-01-01T12:55:34.645+0000][3.691s][info ][gc,heap     ] GC(14) Eden regions: 64->0(66)
[2025-01-01T12:55:34.645+0000][3.691s][info ][gc,heap     ] GC(14) Survivor regions: 6->3(9)
[2025-01-01T12:55:34.645+0000][3.691s][info ][gc,heap     ] GC(14) Old regions: 22->25
[2025-01-01T12:55:34.645+0000][3.691s][info ][gc,heap     ] GC(14) Archive regions: 2->2
[2025-01-01T12:55:34.645+0000][3.691s][info ][gc,heap     ] GC(14) Humongous regions: 0->0
[2025-01-01T12:55:34.646+0000][3.692s][info ][gc,metaspace] GC(14) Metaspace: 27107K(27456K)->27107K(27456K) NonClass: 23678K(23808K)->23678K(23808K) Class: 3428K(3648K)->3428K(3648K)
[2025-01-01T12:55:34.646+0000][3.692s][info ][gc          ] GC(14) Pause Young (Normal) (G1 Evacuation Pause) 184M->57M(238M) 6.086ms
[2025-01-01T12:55:34.646+0000][3.692s][info ][gc,cpu      ] GC(14) User=0.02s Sys=0.00s Real=0.00s
[2025-01-01T12:55:34.646+0000][3.692s][info ][safepoint   ] Safepoint "G1CollectForAllocation", Time since last: 231353302 ns, Reaching safepoint: 234708 ns, Cleanup: 45997 ns, At safepoint: 6386198 ns, Total: 6666903 ns
[2025-01-01T12:55:35.119+0000][4.165s][debug][safepoint   ] Safepoint synchronization initiated using futex wait barrier. (15 threads)
[2025-01-01T12:55:35.119+0000][4.165s][info ][gc,start    ] GC(15) Pause Young (Normal) (G1 Evacuation Pause)
[2025-01-01T12:55:35.119+0000][4.165s][info ][gc,task     ] GC(15) Using 5 workers of 10 for evacuation
[2025-01-01T12:55:35.123+0000][4.169s][info ][gc,phases   ] GC(15)   Pre Evacuate Collection Set: 0.1ms
[2025-01-01T12:55:35.123+0000][4.169s][info ][gc,phases   ] GC(15)   Merge Heap Roots: 0.1ms
[2025-01-01T12:55:35.123+0000][4.169s][info ][gc,phases   ] GC(15)   Evacuate Collection Set: 2.3ms
[2025-01-01T12:55:35.123+0000][4.169s][info ][gc,phases   ] GC(15)   Post Evacuate Collection Set: 0.9ms
[2025-01-01T12:55:35.123+0000][4.169s][info ][gc,phases   ] GC(15)   Other: 0.3ms
[2025-01-01T12:55:35.123+0000][4.169s][info ][gc,heap     ] GC(15) Eden regions: 66->0(92)
[2025-01-01T12:55:35.124+0000][4.170s][info ][gc,heap     ] GC(15) Survivor regions: 3->4(9)
[2025-01-01T12:55:35.124+0000][4.170s][info ][gc,heap     ] GC(15) Old regions: 25->25
[2025-01-01T12:55:35.124+0000][4.170s][info ][gc,heap     ] GC(15) Archive regions: 2->2
[2025-01-01T12:55:35.124+0000][4.170s][info ][gc,heap     ] GC(15) Humongous regions: 0->0
[2025-01-01T12:55:35.124+0000][4.170s][info ][gc,metaspace] GC(15) Metaspace: 33857K(34304K)->33857K(34304K) NonClass: 29667K(29888K)->29667K(29888K) Class: 4189K(4416K)->4189K(4416K)
[2025-01-01T12:55:35.124+0000][4.170s][info ][gc          ] GC(15) Pause Young (Normal) (G1 Evacuation Pause) 189M->58M(322M) 4.779ms
[2025-01-01T12:55:35.124+0000][4.170s][info ][gc,cpu      ] GC(15) User=0.03s Sys=0.01s Real=0.01s
[2025-01-01T12:55:35.124+0000][4.170s][info ][safepoint   ] Safepoint "G1CollectForAllocation", Time since last: 472953858 ns, Reaching safepoint: 203765 ns, Cleanup: 98108 ns, At safepoint: 4990869 ns, Total: 5292742 ns
[2025-01-01T12:55:35.622+0000][4.668s][debug][safepoint   ] Safepoint synchronization initiated using futex wait barrier. (15 threads)
[2025-01-01T12:55:35.625+0000][4.671s][info ][safepoint   ] Safepoint "ICBufferFull", Time since last: 497634924 ns, Reaching safepoint: 2946486 ns, Cleanup: 155467 ns, At safepoint: 3057 ns, Total: 3105010 ns
[2025-01-01T12:55:35.761+0000][4.807s][debug][safepoint   ] Safepoint synchronization initiated using futex wait barrier. (15 threads)
[2025-01-01T12:55:35.766+0000][4.812s][info ][gc,start    ] GC(16) Pause Young (Concurrent Start) (Metadata GC Threshold)
[2025-01-01T12:55:35.766+0000][4.812s][info ][gc,task     ] GC(16) Using 7 workers of 10 for evacuation
[2025-01-01T12:55:35.770+0000][4.816s][info ][gc,phases   ] GC(16)   Pre Evacuate Collection Set: 0.2ms
[2025-01-01T12:55:35.770+0000][4.816s][info ][gc,phases   ] GC(16)   Merge Heap Roots: 0.1ms
[2025-01-01T12:55:35.770+0000][4.816s][info ][gc,phases   ] GC(16)   Evacuate Collection Set: 2.6ms
[2025-01-01T12:55:35.770+0000][4.816s][info ][gc,phases   ] GC(16)   Post Evacuate Collection Set: 0.8ms
[2025-01-01T12:55:35.770+0000][4.816s][info ][gc,phases   ] GC(16)   Other: 0.5ms
[2025-01-01T12:55:35.771+0000][4.817s][info ][gc,heap     ] GC(16) Eden regions: 75->0(92)
[2025-01-01T12:55:35.771+0000][4.817s][info ][gc,heap     ] GC(16) Survivor regions: 4->4(12)
[2025-01-01T12:55:35.771+0000][4.817s][info ][gc,heap     ] GC(16) Old regions: 25->25
[2025-01-01T12:55:35.771+0000][4.817s][info ][gc,heap     ] GC(16) Archive regions: 2->2
[2025-01-01T12:55:35.771+0000][4.817s][info ][gc,heap     ] GC(16) Humongous regions: 0->0
[2025-01-01T12:55:35.771+0000][4.817s][info ][gc,metaspace] GC(16) Metaspace: 35755K(36160K)->35755K(36160K) NonClass: 31316K(31488K)->31316K(31488K) Class: 4438K(4672K)->4438K(4672K)
[2025-01-01T12:55:35.771+0000][4.817s][info ][gc          ] GC(16) Pause Young (Concurrent Start) (Metadata GC Threshold) 208M->59M(322M) 5.749ms
[2025-01-01T12:55:35.772+0000][4.818s][info ][gc,cpu      ] GC(16) User=0.03s Sys=0.01s Real=0.01s
[2025-01-01T12:55:35.772+0000][4.818s][info ][gc          ] GC(17) Concurrent Mark Cycle
[2025-01-01T12:55:35.772+0000][4.818s][info ][safepoint   ] Safepoint "CollectForMetadataAllocation", Time since last: 136393064 ns, Reaching safepoint: 4186063 ns, Cleanup: 68394 ns, At safepoint: 6158528 ns, Total: 10412985 ns
[2025-01-01T12:55:35.772+0000][4.818s][info ][gc,marking  ] GC(17) Concurrent Clear Claimed Marks
[2025-01-01T12:55:35.778+0000][4.824s][info ][gc,marking  ] GC(17) Concurrent Clear Claimed Marks 5.527ms
[2025-01-01T12:55:35.787+0000][4.833s][info ][gc,marking  ] GC(17) Concurrent Scan Root Regions
[2025-01-01T12:55:35.793+0000][4.839s][info ][gc,marking  ] GC(17) Concurrent Scan Root Regions 5.834ms
[2025-01-01T12:55:35.803+0000][4.849s][info ][gc,marking  ] GC(17) Concurrent Mark
[2025-01-01T12:55:35.811+0000][4.857s][info ][gc,marking  ] GC(17) Concurrent Mark From Roots
[2025-01-01T12:55:35.811+0000][4.857s][info ][gc,task     ] GC(17) Using 3 workers of 3 for marking
[2025-01-01T12:55:35.829+0000][4.875s][debug][safepoint   ] Safepoint synchronization initiated using futex wait barrier. (15 threads)
[2025-01-01T12:55:35.829+0000][4.875s][info ][safepoint   ] Safepoint "CollectForMetadataAllocation", Time since last: 57330032 ns, Reaching safepoint: 266590 ns, Cleanup: 31690 ns, At safepoint: 54647 ns, Total: 352927 ns
[2025-01-01T12:55:35.842+0000][4.888s][info ][gc,marking  ] GC(17) Concurrent Mark From Roots 30.990ms
[2025-01-01T12:55:35.844+0000][4.890s][info ][gc,marking  ] GC(17) Concurrent Preclean
[2025-01-01T12:55:35.845+0000][4.891s][info ][gc,marking  ] GC(17) Concurrent Preclean 0.977ms
[2025-01-01T12:55:35.846+0000][4.892s][debug][safepoint   ] Safepoint synchronization initiated using futex wait barrier. (15 threads)
[2025-01-01T12:55:35.847+0000][4.893s][info ][gc,start    ] GC(17) Pause Remark
[2025-01-01T12:55:35.850+0000][4.896s][info ][gc          ] GC(17) Pause Remark 70M->70M(248M) 3.170ms
[2025-01-01T12:55:35.851+0000][4.897s][info ][gc,cpu      ] GC(17) User=0.02s Sys=0.01s Real=0.01s
[2025-01-01T12:55:35.851+0000][4.897s][info ][safepoint   ] Safepoint "G1PauseRemark", Time since last: 16824531 ns, Reaching safepoint: 881969 ns, Cleanup: 52363 ns, At safepoint: 3645436 ns, Total: 4579768 ns
[2025-01-01T12:55:35.855+0000][4.901s][info ][gc,marking  ] GC(17) Concurrent Mark 51.616ms
[2025-01-01T12:55:35.855+0000][4.901s][info ][gc,marking  ] GC(17) Concurrent Rebuild Remembered Sets
[2025-01-01T12:55:35.870+0000][4.916s][info ][gc,marking  ] GC(17) Concurrent Rebuild Remembered Sets 14.879ms
[2025-01-01T12:55:35.870+0000][4.916s][debug][safepoint   ] Safepoint synchronization initiated using futex wait barrier. (15 threads)
[2025-01-01T12:55:35.871+0000][4.917s][info ][gc,start    ] GC(17) Pause Cleanup
[2025-01-01T12:55:35.871+0000][4.917s][info ][gc          ] GC(17) Pause Cleanup 73M->73M(248M) 0.385ms
[2025-01-01T12:55:35.871+0000][4.917s][info ][gc,cpu      ] GC(17) User=0.00s Sys=0.00s Real=0.00s
[2025-01-01T12:55:35.871+0000][4.917s][info ][safepoint   ] Safepoint "G1PauseCleanup", Time since last: 19127747 ns, Reaching safepoint: 713512 ns, Cleanup: 2918 ns, At safepoint: 697188 ns, Total: 1413618 ns
[2025-01-01T12:55:35.872+0000][4.918s][info ][gc,marking  ] GC(17) Concurrent Cleanup for Next Mark
[2025-01-01T12:55:35.873+0000][4.919s][info ][gc,marking  ] GC(17) Concurrent Cleanup for Next Mark 1.447ms
[2025-01-01T12:55:35.873+0000][4.919s][info ][gc          ] GC(17) Concurrent Mark Cycle 101.517ms
[2025-01-01T12:55:36.295+0000][5.341s][debug][safepoint   ] Safepoint synchronization initiated using futex wait barrier. (15 threads)
[2025-01-01T12:55:36.296+0000][5.342s][info ][gc,start    ] GC(18) Pause Young (Prepare Mixed) (G1 Evacuation Pause)
[2025-01-01T12:55:36.296+0000][5.342s][info ][gc,task     ] GC(18) Using 6 workers of 10 for evacuation
[2025-01-01T12:55:36.300+0000][5.346s][info ][gc,phases   ] GC(18)   Pre Evacuate Collection Set: 0.1ms
[2025-01-01T12:55:36.300+0000][5.346s][info ][gc,phases   ] GC(18)   Merge Heap Roots: 0.1ms
[2025-01-01T12:55:36.300+0000][5.346s][info ][gc,phases   ] GC(18)   Evacuate Collection Set: 3.0ms
[2025-01-01T12:55:36.300+0000][5.346s][info ][gc,phases   ] GC(18)   Post Evacuate Collection Set: 0.7ms
[2025-01-01T12:55:36.301+0000][5.347s][info ][gc,phases   ] GC(18)   Other: 0.4ms
[2025-01-01T12:55:36.301+0000][5.347s][info ][gc,heap     ] GC(18) Eden regions: 70->0(1)
[2025-01-01T12:55:36.301+0000][5.347s][info ][gc,heap     ] GC(18) Survivor regions: 4->5(10)
[2025-01-01T12:55:36.301+0000][5.347s][info ][gc,heap     ] GC(18) Old regions: 25->25
[2025-01-01T12:55:36.301+0000][5.347s][info ][gc,heap     ] GC(18) Archive regions: 2->2
[2025-01-01T12:55:36.301+0000][5.347s][info ][gc,heap     ] GC(18) Humongous regions: 0->0
[2025-01-01T12:55:36.301+0000][5.347s][info ][gc,metaspace] GC(18) Metaspace: 39479K(39872K)->39479K(39872K) NonClass: 34519K(34688K)->34519K(34688K) Class: 4960K(5184K)->4960K(5184K)
[2025-01-01T12:55:36.301+0000][5.347s][info ][gc          ] GC(18) Pause Young (Prepare Mixed) (G1 Evacuation Pause) 199M->60M(248M) 5.647ms
[2025-01-01T12:55:36.301+0000][5.348s][info ][gc,cpu      ] GC(18) User=0.01s Sys=0.01s Real=0.01s
[2025-01-01T12:55:36.302+0000][5.348s][info ][safepoint   ] Safepoint "G1CollectForAllocation", Time since last: 423910488 ns, Reaching safepoint: 249600 ns, Cleanup: 125959 ns, At safepoint: 5934634 ns, Total: 6310193 ns
[2025-01-01T12:55:36.312+0000][5.359s][debug][safepoint   ] Safepoint synchronization initiated using futex wait barrier. (15 threads)
[2025-01-01T12:55:36.313+0000][5.359s][info ][gc,start    ] GC(19) Pause Young (Mixed) (G1 Evacuation Pause)
[2025-01-01T12:55:36.313+0000][5.359s][info ][gc,task     ] GC(19) Using 5 workers of 10 for evacuation
[2025-01-01T12:55:36.317+0000][5.363s][info ][gc,phases   ] GC(19)   Pre Evacuate Collection Set: 0.1ms
[2025-01-01T12:55:36.317+0000][5.363s][info ][gc,phases   ] GC(19)   Merge Heap Roots: 0.1ms
[2025-01-01T12:55:36.317+0000][5.363s][info ][gc,phases   ] GC(19)   Evacuate Collection Set: 3.4ms
[2025-01-01T12:55:36.317+0000][5.363s][info ][gc,phases   ] GC(19)   Post Evacuate Collection Set: 0.4ms
[2025-01-01T12:55:36.317+0000][5.363s][info ][gc,phases   ] GC(19)   Other: 0.3ms
[2025-01-01T12:55:36.318+0000][5.364s][info ][gc,heap     ] GC(19) Eden regions: 1->0(71)
[2025-01-01T12:55:36.318+0000][5.364s][info ][gc,heap     ] GC(19) Survivor regions: 5->1(1)
[2025-01-01T12:55:36.318+0000][5.364s][info ][gc,heap     ] GC(19) Old regions: 25->29
[2025-01-01T12:55:36.318+0000][5.364s][info ][gc,heap     ] GC(19) Archive regions: 2->2
[2025-01-01T12:55:36.318+0000][5.364s][info ][gc,heap     ] GC(19) Humongous regions: 0->0
[2025-01-01T12:55:36.318+0000][5.364s][info ][gc,metaspace] GC(19) Metaspace: 39562K(39936K)->39562K(39936K) NonClass: 34590K(34752K)->34590K(34752K) Class: 4971K(5184K)->4971K(5184K)
[2025-01-01T12:55:36.318+0000][5.364s][info ][gc          ] GC(19) Pause Young (Mixed) (G1 Evacuation Pause) 62M->60M(248M) 5.452ms
[2025-01-01T12:55:36.318+0000][5.364s][info ][gc,cpu      ] GC(19) User=0.03s Sys=0.00s Real=0.00s
[2025-01-01T12:55:36.318+0000][5.364s][info ][safepoint   ] Safepoint "G1CollectForAllocation", Time since last: 10876919 ns, Reaching safepoint: 196552 ns, Cleanup: 12294 ns, At safepoint: 5747099 ns, Total: 5955945 ns
[2025-01-01T12:55:36.807+0000][5.853s][debug][safepoint   ] Safepoint synchronization initiated using futex wait barrier. (15 threads)
[2025-01-01T12:55:36.807+0000][5.853s][info ][safepoint   ] Safepoint "ICBufferFull", Time since last: 488438933 ns, Reaching safepoint: 295033 ns, Cleanup: 113842 ns, At safepoint: 10290 ns, Total: 419165 ns
[2025-01-01T12:55:36.942+0000][5.988s][debug][safepoint   ] Safepoint synchronization initiated using futex wait barrier. (15 threads)
[2025-01-01T12:55:36.942+0000][5.988s][info ][gc,start    ] GC(20) Pause Young (Concurrent Start) (G1 Evacuation Pause)
[2025-01-01T12:55:36.942+0000][5.988s][info ][gc,task     ] GC(20) Using 5 workers of 10 for evacuation
[2025-01-01T12:55:36.944+0000][5.990s][info ][gc,phases   ] GC(20)   Pre Evacuate Collection Set: 0.1ms
[2025-01-01T12:55:36.945+0000][5.991s][info ][gc,phases   ] GC(20)   Merge Heap Roots: 0.1ms
[2025-01-01T12:55:36.945+0000][5.991s][info ][gc,phases   ] GC(20)   Evacuate Collection Set: 1.3ms
[2025-01-01T12:55:36.945+0000][5.991s][info ][gc,phases   ] GC(20)   Post Evacuate Collection Set: 0.5ms
[2025-01-01T12:55:36.945+0000][5.991s][info ][gc,phases   ] GC(20)   Other: 0.3ms
[2025-01-01T12:55:36.945+0000][5.991s][info ][gc,heap     ] GC(20) Eden regions: 71->0(72)
[2025-01-01T12:55:36.945+0000][5.991s][info ][gc,heap     ] GC(20) Survivor regions: 1->1(9)
[2025-01-01T12:55:36.945+0000][5.991s][info ][gc,heap     ] GC(20) Old regions: 29->29
[2025-01-01T12:55:36.945+0000][5.992s][info ][gc,heap     ] GC(20) Archive regions: 2->2
[2025-01-01T12:55:36.946+0000][5.992s][info ][gc,heap     ] GC(20) Humongous regions: 0->0
[2025-01-01T12:55:36.946+0000][5.992s][info ][gc,metaspace] GC(20) Metaspace: 41993K(42432K)->41993K(42432K) NonClass: 36676K(36928K)->36676K(36928K) Class: 5316K(5504K)->5316K(5504K)
[2025-01-01T12:55:36.946+0000][5.992s][info ][gc          ] GC(20) Pause Young (Concurrent Start) (G1 Evacuation Pause) 202M->60M(248M) 3.744ms
[2025-01-01T12:55:36.946+0000][5.992s][info ][gc,cpu      ] GC(20) User=0.01s Sys=0.00s Real=0.00s
[2025-01-01T12:55:36.946+0000][5.992s][info ][gc          ] GC(21) Concurrent Mark Cycle
[2025-01-01T12:55:36.946+0000][5.992s][info ][gc,marking  ] GC(21) Concurrent Clear Claimed Marks
[2025-01-01T12:55:36.946+0000][5.992s][info ][safepoint   ] Safepoint "G1CollectForAllocation", Time since last: 134559835 ns, Reaching safepoint: 209107 ns, Cleanup: 27794 ns, At safepoint: 4048757 ns, Total: 4285658 ns
[2025-01-01T12:55:36.946+0000][5.993s][info ][gc,marking  ] GC(21) Concurrent Clear Claimed Marks 0.153ms
[2025-01-01T12:55:36.947+0000][5.993s][info ][gc,marking  ] GC(21) Concurrent Scan Root Regions
[2025-01-01T12:55:36.949+0000][5.995s][info ][gc,marking  ] GC(21) Concurrent Scan Root Regions 2.260ms
[2025-01-01T12:55:36.949+0000][5.995s][info ][gc,marking  ] GC(21) Concurrent Mark
[2025-01-01T12:55:36.949+0000][5.995s][info ][gc,marking  ] GC(21) Concurrent Mark From Roots
[2025-01-01T12:55:36.950+0000][5.996s][info ][gc,task     ] GC(21) Using 3 workers of 3 for marking
[2025-01-01T12:55:36.979+0000][6.025s][info ][gc,marking  ] GC(21) Concurrent Mark From Roots 29.397ms
[2025-01-01T12:55:36.979+0000][6.025s][info ][gc,marking  ] GC(21) Concurrent Preclean
[2025-01-01T12:55:36.979+0000][6.025s][info ][gc,marking  ] GC(21) Concurrent Preclean 0.382ms
[2025-01-01T12:55:36.980+0000][6.026s][debug][safepoint   ] Safepoint synchronization initiated using futex wait barrier. (15 threads)
[2025-01-01T12:55:36.980+0000][6.026s][info ][gc,start    ] GC(21) Pause Remark
[2025-01-01T12:55:36.982+0000][6.028s][info ][gc          ] GC(21) Pause Remark 67M->67M(240M) 1.984ms
[2025-01-01T12:55:36.982+0000][6.028s][info ][gc,cpu      ] GC(21) User=0.00s Sys=0.00s Real=0.00s
[2025-01-01T12:55:36.982+0000][6.028s][info ][safepoint   ] Safepoint "G1PauseRemark", Time since last: 33469587 ns, Reaching safepoint: 218741 ns, Cleanup: 11446 ns, At safepoint: 2322077 ns, Total: 2552264 ns
[2025-01-01T12:55:36.982+0000][6.028s][info ][gc,marking  ] GC(21) Concurrent Mark 33.071ms
[2025-01-01T12:55:36.982+0000][6.029s][info ][gc,marking  ] GC(21) Concurrent Rebuild Remembered Sets
[2025-01-01T12:55:36.994+0000][6.040s][info ][gc,marking  ] GC(21) Concurrent Rebuild Remembered Sets 11.902ms
[2025-01-01T12:55:36.995+0000][6.041s][debug][safepoint   ] Safepoint synchronization initiated using futex wait barrier. (15 threads)
[2025-01-01T12:55:36.995+0000][6.041s][info ][gc,start    ] GC(21) Pause Cleanup
[2025-01-01T12:55:36.995+0000][6.041s][info ][gc          ] GC(21) Pause Cleanup 69M->69M(240M) 0.192ms
[2025-01-01T12:55:36.995+0000][6.041s][info ][gc,cpu      ] GC(21) User=0.00s Sys=0.00s Real=0.00s
[2025-01-01T12:55:36.995+0000][6.041s][info ][safepoint   ] Safepoint "G1PauseCleanup", Time since last: 12444582 ns, Reaching safepoint: 216540 ns, Cleanup: 5341 ns, At safepoint: 447928 ns, Total: 669809 ns
[2025-01-01T12:55:36.995+0000][6.041s][info ][gc,marking  ] GC(21) Concurrent Cleanup for Next Mark
[2025-01-01T12:55:36.996+0000][6.042s][info ][gc,marking  ] GC(21) Concurrent Cleanup for Next Mark 0.533ms
[2025-01-01T12:55:36.996+0000][6.042s][info ][gc          ] GC(21) Concurrent Mark Cycle 49.994ms
[2025-01-01T12:55:37.367+0000][6.413s][debug][safepoint   ] Safepoint synchronization initiated using futex wait barrier. (15 threads)
[2025-01-01T12:55:37.367+0000][6.413s][info ][safepoint   ] Safepoint "ICBufferFull", Time since last: 371499595 ns, Reaching safepoint: 168656 ns, Cleanup: 112592 ns, At safepoint: 1473 ns, Total: 282721 ns
[2025-01-01T12:55:37.536+0000][6.582s][debug][safepoint   ] Safepoint synchronization initiated using futex wait barrier. (15 threads)
[2025-01-01T12:55:37.536+0000][6.582s][info ][gc,start    ] GC(22) Pause Young (Prepare Mixed) (G1 Evacuation Pause)
[2025-01-01T12:55:37.536+0000][6.582s][info ][gc,task     ] GC(22) Using 5 workers of 10 for evacuation
[2025-01-01T12:55:37.540+0000][6.586s][info ][gc,phases   ] GC(22)   Pre Evacuate Collection Set: 0.1ms
[2025-01-01T12:55:37.540+0000][6.587s][info ][gc,phases   ] GC(22)   Merge Heap Roots: 0.1ms
[2025-01-01T12:55:37.541+0000][6.587s][info ][gc,phases   ] GC(22)   Evacuate Collection Set: 3.0ms
[2025-01-01T12:55:37.541+0000][6.587s][info ][gc,phases   ] GC(22)   Post Evacuate Collection Set: 0.6ms
[2025-01-01T12:55:37.541+0000][6.587s][info ][gc,phases   ] GC(22)   Other: 0.3ms
[2025-01-01T12:55:37.541+0000][6.587s][info ][gc,heap     ] GC(22) Eden regions: 72->0(3)
[2025-01-01T12:55:37.541+0000][6.587s][info ][gc,heap     ] GC(22) Survivor regions: 1->3(10)
[2025-01-01T12:55:37.541+0000][6.587s][info ][gc,heap     ] GC(22) Old regions: 29->29
[2025-01-01T12:55:37.541+0000][6.587s][info ][gc,heap     ] GC(22) Archive regions: 2->2
[2025-01-01T12:55:37.541+0000][6.587s][info ][gc,heap     ] GC(22) Humongous regions: 0->0
[2025-01-01T12:55:37.541+0000][6.587s][info ][gc,metaspace] GC(22) Metaspace: 45794K(46208K)->45794K(46208K) NonClass: 39923K(40128K)->39923K(40128K) Class: 5871K(6080K)->5871K(6080K)
[2025-01-01T12:55:37.542+0000][6.588s][info ][gc          ] GC(22) Pause Young (Prepare Mixed) (G1 Evacuation Pause) 204M->64M(240M) 5.233ms
[2025-01-01T12:55:37.542+0000][6.588s][info ][gc,cpu      ] GC(22) User=0.04s Sys=0.00s Real=0.01s
[2025-01-01T12:55:37.542+0000][6.588s][info ][safepoint   ] Safepoint "G1CollectForAllocation", Time since last: 168861221 ns, Reaching safepoint: 301028 ns, Cleanup: 59121 ns, At safepoint: 5454245 ns, Total: 5814394 ns
[2025-01-01T12:55:37.564+0000][6.610s][debug][safepoint   ] Safepoint synchronization initiated using futex wait barrier. (15 threads)
[2025-01-01T12:55:37.564+0000][6.610s][info ][gc,start    ] GC(23) Pause Young (Mixed) (G1 Evacuation Pause)
[2025-01-01T12:55:37.564+0000][6.610s][info ][gc,task     ] GC(23) Using 5 workers of 10 for evacuation
[2025-01-01T12:55:37.568+0000][6.614s][info ][gc,phases   ] GC(23)   Pre Evacuate Collection Set: 0.1ms
[2025-01-01T12:55:37.568+0000][6.614s][info ][gc,phases   ] GC(23)   Merge Heap Roots: 0.1ms
[2025-01-01T12:55:37.568+0000][6.614s][info ][gc,phases   ] GC(23)   Evacuate Collection Set: 2.8ms
[2025-01-01T12:55:37.568+0000][6.615s][info ][gc,phases   ] GC(23)   Post Evacuate Collection Set: 0.5ms
[2025-01-01T12:55:37.569+0000][6.615s][info ][gc,phases   ] GC(23)   Other: 0.3ms
[2025-01-01T12:55:37.569+0000][6.615s][info ][gc,heap     ] GC(23) Eden regions: 3->0(67)
[2025-01-01T12:55:37.569+0000][6.615s][info ][gc,heap     ] GC(23) Survivor regions: 3->1(1)
[2025-01-01T12:55:37.569+0000][6.615s][info ][gc,heap     ] GC(23) Old regions: 29->32
[2025-01-01T12:55:37.569+0000][6.615s][info ][gc,heap     ] GC(23) Archive regions: 2->2
[2025-01-01T12:55:37.569+0000][6.615s][info ][gc,heap     ] GC(23) Humongous regions: 0->0
[2025-01-01T12:55:37.569+0000][6.615s][info ][gc,metaspace] GC(23) Metaspace: 45933K(46336K)->45933K(46336K) NonClass: 40037K(40256K)->40037K(40256K) Class: 5895K(6080K)->5895K(6080K)
[2025-01-01T12:55:37.570+0000][6.616s][info ][gc          ] GC(23) Pause Young (Mixed) (G1 Evacuation Pause) 70M->64M(240M) 5.450ms
[2025-01-01T12:55:37.570+0000][6.616s][info ][gc,cpu      ] GC(23) User=0.04s Sys=0.00s Real=0.01s
[2025-01-01T12:55:37.570+0000][6.616s][info ][safepoint   ] Safepoint "G1CollectForAllocation", Time since last: 22193256 ns, Reaching safepoint: 177668 ns, Cleanup: 13235 ns, At safepoint: 5741993 ns, Total: 5932896 ns
[2025-01-01T12:55:38.030+0000][7.076s][debug][safepoint   ] Safepoint synchronization initiated using futex wait barrier. (16 threads)
[2025-01-01T12:55:38.030+0000][7.076s][info ][safepoint   ] Safepoint "ICBufferFull", Time since last: 460156512 ns, Reaching safepoint: 259857 ns, Cleanup: 100411 ns, At safepoint: 22798 ns, Total: 383066 ns
[2025-01-01T12:55:38.060+0000][7.106s][debug][safepoint   ] Safepoint synchronization initiated using futex wait barrier. (17 threads)
[2025-01-01T12:55:38.060+0000][7.106s][info ][gc,start    ] GC(24) Pause Young (Normal) (G1 Evacuation Pause)
[2025-01-01T12:55:38.060+0000][7.106s][info ][gc,task     ] GC(24) Using 5 workers of 10 for evacuation
[2025-01-01T12:55:38.063+0000][7.109s][info ][gc,phases   ] GC(24)   Pre Evacuate Collection Set: 0.1ms
[2025-01-01T12:55:38.063+0000][7.109s][info ][gc,phases   ] GC(24)   Merge Heap Roots: 0.1ms
[2025-01-01T12:55:38.063+0000][7.109s][info ][gc,phases   ] GC(24)   Evacuate Collection Set: 1.6ms
[2025-01-01T12:55:38.063+0000][7.109s][info ][gc,phases   ] GC(24)   Post Evacuate Collection Set: 0.5ms
[2025-01-01T12:55:38.063+0000][7.109s][info ][gc,phases   ] GC(24)   Other: 0.3ms
[2025-01-01T12:55:38.063+0000][7.109s][info ][gc,heap     ] GC(24) Eden regions: 67->0(66)
[2025-01-01T12:55:38.063+0000][7.110s][info ][gc,heap     ] GC(24) Survivor regions: 1->2(9)
[2025-01-01T12:55:38.064+0000][7.110s][info ][gc,heap     ] GC(24) Old regions: 32->32
[2025-01-01T12:55:38.064+0000][7.110s][info ][gc,heap     ] GC(24) Archive regions: 2->2
[2025-01-01T12:55:38.064+0000][7.110s][info ][gc,heap     ] GC(24) Humongous regions: 0->0
[2025-01-01T12:55:38.064+0000][7.110s][info ][gc,metaspace] GC(24) Metaspace: 52929K(53440K)->52929K(53440K) NonClass: 46217K(46464K)->46217K(46464K) Class: 6712K(6976K)->6712K(6976K)
[2025-01-01T12:55:38.064+0000][7.110s][info ][gc          ] GC(24) Pause Young (Normal) (G1 Evacuation Pause) 198M->65M(240M) 3.710ms
[2025-01-01T12:55:38.064+0000][7.110s][info ][gc,cpu      ] GC(24) User=0.01s Sys=0.00s Real=0.00s
[2025-01-01T12:55:38.064+0000][7.110s][info ][safepoint   ] Safepoint "G1CollectForAllocation", Time since last: 29457789 ns, Reaching safepoint: 301778 ns, Cleanup: 48644 ns, At safepoint: 3949337 ns, Total: 4299759 ns
[2025-01-01T12:55:39.076+0000][8.122s][debug][safepoint   ] Safepoint synchronization initiated using futex wait barrier. (17 threads)
[2025-01-01T12:55:39.076+0000][8.122s][info ][safepoint   ] Safepoint "Cleanup", Time since last: 1011826009 ns, Reaching safepoint: 218598 ns, Cleanup: 36359 ns, At safepoint: 12680 ns, Total: 267637 ns
[2025-01-01T12:55:39.542+0000][8.589s][debug][safepoint   ] Safepoint synchronization initiated using futex wait barrier. (17 threads)
[2025-01-01T12:55:39.543+0000][8.589s][info ][safepoint   ] Safepoint "ICBufferFull", Time since last: 466203855 ns, Reaching safepoint: 224027 ns, Cleanup: 133389 ns, At safepoint: 2200 ns, Total: 359616 ns
[2025-01-01T12:55:39.764+0000][8.811s][debug][safepoint   ] Safepoint synchronization initiated using futex wait barrier. (17 threads)
[2025-01-01T12:55:39.765+0000][8.811s][info ][gc,start    ] GC(25) Pause Young (Normal) (G1 Evacuation Pause)
[2025-01-01T12:55:39.765+0000][8.811s][info ][gc,task     ] GC(25) Using 5 workers of 10 for evacuation
[2025-01-01T12:55:39.769+0000][8.815s][info ][gc,phases   ] GC(25)   Pre Evacuate Collection Set: 0.1ms
[2025-01-01T12:55:39.770+0000][8.816s][info ][gc,phases   ] GC(25)   Merge Heap Roots: 0.1ms
[2025-01-01T12:55:39.770+0000][8.816s][info ][gc,phases   ] GC(25)   Evacuate Collection Set: 3.2ms
[2025-01-01T12:55:39.770+0000][8.816s][info ][gc,phases   ] GC(25)   Post Evacuate Collection Set: 0.8ms
[2025-01-01T12:55:39.770+0000][8.816s][info ][gc,phases   ] GC(25)   Other: 0.3ms
[2025-01-01T12:55:39.770+0000][8.816s][info ][gc,heap     ] GC(25) Eden regions: 66->0(66)
[2025-01-01T12:55:39.770+0000][8.816s][info ][gc,heap     ] GC(25) Survivor regions: 2->3(9)
[2025-01-01T12:55:39.770+0000][8.816s][info ][gc,heap     ] GC(25) Old regions: 32->32
[2025-01-01T12:55:39.771+0000][8.817s][info ][gc,heap     ] GC(25) Archive regions: 2->2
[2025-01-01T12:55:39.771+0000][8.817s][info ][gc,heap     ] GC(25) Humongous regions: 0->0
[2025-01-01T12:55:39.771+0000][8.817s][info ][gc,metaspace] GC(25) Metaspace: 56597K(57088K)->56597K(57088K) NonClass: 49419K(49664K)->49419K(49664K) Class: 7178K(7424K)->7178K(7424K)
[2025-01-01T12:55:39.771+0000][8.817s][info ][gc          ] GC(25) Pause Young (Normal) (G1 Evacuation Pause) 197M->67M(240M) 5.999ms
[2025-01-01T12:55:39.771+0000][8.817s][info ][gc,cpu      ] GC(25) User=0.05s Sys=0.00s Real=0.01s
[2025-01-01T12:55:39.771+0000][8.817s][info ][safepoint   ] Safepoint "G1CollectForAllocation", Time since last: 221671975 ns, Reaching safepoint: 309963 ns, Cleanup: 34519 ns, At safepoint: 6249443 ns, Total: 6593925 ns
[2025-01-01T12:55:40.175+0000][9.221s][debug][safepoint   ] Safepoint synchronization initiated using futex wait barrier. (20 threads)
[2025-01-01T12:55:40.175+0000][9.221s][info ][gc,start    ] GC(26) Pause Young (Normal) (G1 Evacuation Pause)
[2025-01-01T12:55:40.176+0000][9.222s][info ][gc,task     ] GC(26) Using 5 workers of 10 for evacuation
[2025-01-01T12:55:40.179+0000][9.225s][info ][gc,phases   ] GC(26)   Pre Evacuate Collection Set: 0.1ms
[2025-01-01T12:55:40.179+0000][9.225s][info ][gc,phases   ] GC(26)   Merge Heap Roots: 0.1ms
[2025-01-01T12:55:40.179+0000][9.225s][info ][gc,phases   ] GC(26)   Evacuate Collection Set: 2.3ms
[2025-01-01T12:55:40.179+0000][9.225s][info ][gc,phases   ] GC(26)   Post Evacuate Collection Set: 0.5ms
[2025-01-01T12:55:40.179+0000][9.225s][info ][gc,phases   ] GC(26)   Other: 0.3ms
[2025-01-01T12:55:40.179+0000][9.225s][info ][gc,heap     ] GC(26) Eden regions: 66->0(66)
[2025-01-01T12:55:40.179+0000][9.225s][info ][gc,heap     ] GC(26) Survivor regions: 3->3(9)
[2025-01-01T12:55:40.179+0000][9.226s][info ][gc,heap     ] GC(26) Old regions: 32->32
[2025-01-01T12:55:40.180+0000][9.226s][info ][gc,heap     ] GC(26) Archive regions: 2->2
[2025-01-01T12:55:40.180+0000][9.226s][info ][gc,heap     ] GC(26) Humongous regions: 0->0
[2025-01-01T12:55:40.180+0000][9.226s][info ][gc,metaspace] GC(26) Metaspace: 61905K(62336K)->61905K(62336K) NonClass: 54006K(54208K)->54006K(54208K) Class: 7898K(8128K)->7898K(8128K)
[2025-01-01T12:55:40.180+0000][9.226s][info ][gc          ] GC(26) Pause Young (Normal) (G1 Evacuation Pause) 199M->68M(240M) 4.495ms
[2025-01-01T12:55:40.180+0000][9.226s][info ][gc,cpu      ] GC(26) User=0.00s Sys=0.01s Real=0.01s
[2025-01-01T12:55:40.180+0000][9.226s][info ][safepoint   ] Safepoint "G1CollectForAllocation", Time since last: 404158595 ns, Reaching safepoint: 123279 ns, Cleanup: 44240 ns, At safepoint: 4727703 ns, Total: 4895222 ns
[2025-01-01T12:55:40.583+0000][9.629s][debug][safepoint   ] Safepoint synchronization initiated using futex wait barrier. (20 threads)
[2025-01-01T12:55:40.584+0000][9.630s][info ][gc,start    ] GC(27) Pause Young (Normal) (G1 Evacuation Pause)
[2025-01-01T12:55:40.585+0000][9.631s][info ][gc,task     ] GC(27) Using 5 workers of 10 for evacuation
[2025-01-01T12:55:40.588+0000][9.634s][info ][gc,phases   ] GC(27)   Pre Evacuate Collection Set: 0.1ms
[2025-01-01T12:55:40.588+0000][9.634s][info ][gc,phases   ] GC(27)   Merge Heap Roots: 0.1ms
[2025-01-01T12:55:40.588+0000][9.634s][info ][gc,phases   ] GC(27)   Evacuate Collection Set: 2.3ms
[2025-01-01T12:55:40.588+0000][9.634s][info ][gc,phases   ] GC(27)   Post Evacuate Collection Set: 0.5ms
[2025-01-01T12:55:40.588+0000][9.634s][info ][gc,phases   ] GC(27)   Other: 0.3ms
[2025-01-01T12:55:40.588+0000][9.634s][info ][gc,heap     ] GC(27) Eden regions: 66->0(66)
[2025-01-01T12:55:40.588+0000][9.634s][info ][gc,heap     ] GC(27) Survivor regions: 3->4(9)
[2025-01-01T12:55:40.588+0000][9.634s][info ][gc,heap     ] GC(27) Old regions: 32->32
[2025-01-01T12:55:40.589+0000][9.635s][info ][gc,heap     ] GC(27) Archive regions: 2->2
[2025-01-01T12:55:40.589+0000][9.635s][info ][gc,heap     ] GC(27) Humongous regions: 0->0
[2025-01-01T12:55:40.589+0000][9.635s][info ][gc,metaspace] GC(27) Metaspace: 64182K(64704K)->64182K(64704K) NonClass: 55978K(56256K)->55978K(56256K) Class: 8203K(8448K)->8203K(8448K)
[2025-01-01T12:55:40.589+0000][9.635s][info ][gc          ] GC(27) Pause Young (Normal) (G1 Evacuation Pause) 200M->69M(240M) 4.425ms
[2025-01-01T12:55:40.589+0000][9.635s][info ][gc,cpu      ] GC(27) User=0.01s Sys=0.01s Real=0.00s
[2025-01-01T12:55:40.589+0000][9.635s][info ][safepoint   ] Safepoint "G1CollectForAllocation", Time since last: 403118762 ns, Reaching safepoint: 188378 ns, Cleanup: 938569 ns, At safepoint: 4670845 ns, Total: 5797792 ns
[2025-01-01T12:55:40.893+0000][9.940s][debug][safepoint   ] Safepoint synchronization initiated using futex wait barrier. (20 threads)
[2025-01-01T12:55:40.894+0000][9.940s][info ][safepoint   ] Safepoint "ICBufferFull", Time since last: 304418716 ns, Reaching safepoint: 188137 ns, Cleanup: 89251 ns, At safepoint: 1823 ns, Total: 279211 ns
[2025-01-01T12:55:40.940+0000][9.986s][debug][safepoint   ] Safepoint synchronization initiated using futex wait barrier. (20 threads)
[2025-01-01T12:55:40.941+0000][9.987s][info ][gc,start    ] GC(28) Pause Young (Normal) (G1 Evacuation Pause)
[2025-01-01T12:55:40.941+0000][9.987s][info ][gc,task     ] GC(28) Using 5 workers of 10 for evacuation
[2025-01-01T12:55:40.944+0000][9.990s][info ][gc,phases   ] GC(28)   Pre Evacuate Collection Set: 0.1ms
[2025-01-01T12:55:40.945+0000][9.991s][info ][gc,phases   ] GC(28)   Merge Heap Roots: 0.0ms
[2025-01-01T12:55:40.945+0000][9.991s][info ][gc,phases   ] GC(28)   Evacuate Collection Set: 2.9ms
[2025-01-01T12:55:40.945+0000][9.991s][info ][gc,phases   ] GC(28)   Post Evacuate Collection Set: 0.6ms
[2025-01-01T12:55:40.945+0000][9.991s][info ][gc,phases   ] GC(28)   Other: 0.3ms
[2025-01-01T12:55:40.945+0000][9.991s][info ][gc,heap     ] GC(28) Eden regions: 66->0(64)
[2025-01-01T12:55:40.945+0000][9.991s][info ][gc,heap     ] GC(28) Survivor regions: 4->5(9)
[2025-01-01T12:55:40.945+0000][9.991s][info ][gc,heap     ] GC(28) Old regions: 32->32
[2025-01-01T12:55:40.945+0000][9.992s][info ][gc,heap     ] GC(28) Archive regions: 2->2
[2025-01-01T12:55:40.946+0000][9.992s][info ][gc,heap     ] GC(28) Humongous regions: 0->0
[2025-01-01T12:55:40.946+0000][9.992s][info ][gc,metaspace] GC(28) Metaspace: 68003K(68480K)->68003K(68480K) NonClass: 59276K(59520K)->59276K(59520K) Class: 8726K(8960K)->8726K(8960K)
[2025-01-01T12:55:40.946+0000][9.992s][info ][gc          ] GC(28) Pause Young (Normal) (G1 Evacuation Pause) 201M->71M(240M) 5.305ms
[2025-01-01T12:55:40.946+0000][9.992s][info ][gc,cpu      ] GC(28) User=0.02s Sys=0.00s Real=0.00s
[2025-01-01T12:55:40.946+0000][9.992s][info ][safepoint   ] Safepoint "G1CollectForAllocation", Time since last: 46594524 ns, Reaching safepoint: 190665 ns, Cleanup: 19801 ns, At safepoint: 5597352 ns, Total: 5807818 ns
[2025-01-01T12:55:41.102+0000][10.148s][debug][safepoint   ] Safepoint synchronization initiated using futex wait barrier. (20 threads)
[2025-01-01T12:55:41.102+0000][10.148s][info ][safepoint   ] Safepoint "ICBufferFull", Time since last: 155536366 ns, Reaching safepoint: 295477 ns, Cleanup: 108959 ns, At safepoint: 13553 ns, Total: 417989 ns
[2025-01-01T12:55:41.209+0000][10.255s][debug][safepoint   ] Safepoint synchronization initiated using futex wait barrier. (20 threads)
[2025-01-01T12:55:41.209+0000][10.255s][info ][gc,start    ] GC(29) Pause Young (Concurrent Start) (Metadata GC Threshold)
[2025-01-01T12:55:41.209+0000][10.255s][info ][gc,task     ] GC(29) Using 5 workers of 10 for evacuation
[2025-01-01T12:55:41.214+0000][10.260s][info ][gc,phases   ] GC(29)   Pre Evacuate Collection Set: 0.1ms
[2025-01-01T12:55:41.215+0000][10.261s][info ][gc,phases   ] GC(29)   Merge Heap Roots: 0.1ms
[2025-01-01T12:55:41.215+0000][10.261s][info ][gc,phases   ] GC(29)   Evacuate Collection Set: 4.3ms
[2025-01-01T12:55:41.215+0000][10.261s][info ][gc,phases   ] GC(29)   Post Evacuate Collection Set: 0.7ms
[2025-01-01T12:55:41.215+0000][10.261s][info ][gc,phases   ] GC(29)   Other: 0.3ms
[2025-01-01T12:55:41.215+0000][10.261s][info ][gc,heap     ] GC(29) Eden regions: 47->0(62)
[2025-01-01T12:55:41.215+0000][10.261s][info ][gc,heap     ] GC(29) Survivor regions: 5->6(9)
[2025-01-01T12:55:41.215+0000][10.261s][info ][gc,heap     ] GC(29) Old regions: 32->32
[2025-01-01T12:55:41.215+0000][10.261s][info ][gc,heap     ] GC(29) Archive regions: 2->2
[2025-01-01T12:55:41.215+0000][10.261s][info ][gc,heap     ] GC(29) Humongous regions: 0->0
[2025-01-01T12:55:41.216+0000][10.262s][info ][gc,metaspace] GC(29) Metaspace: 70257K(70720K)->70257K(70720K) NonClass: 61265K(61504K)->61265K(61504K) Class: 8991K(9216K)->8991K(9216K)
[2025-01-01T12:55:41.216+0000][10.262s][info ][gc          ] GC(29) Pause Young (Concurrent Start) (Metadata GC Threshold) 164M->74M(240M) 6.782ms
[2025-01-01T12:55:41.216+0000][10.262s][info ][gc,cpu      ] GC(29) User=0.03s Sys=0.00s Real=0.01s
[2025-01-01T12:55:41.216+0000][10.262s][info ][gc          ] GC(30) Concurrent Mark Cycle
[2025-01-01T12:55:41.216+0000][10.262s][info ][gc,marking  ] GC(30) Concurrent Clear Claimed Marks
[2025-01-01T12:55:41.216+0000][10.262s][info ][safepoint   ] Safepoint "CollectForMetadataAllocation", Time since last: 106524918 ns, Reaching safepoint: 190451 ns, Cleanup: 60025 ns, At safepoint: 7088177 ns, Total: 7338653 ns
[2025-01-01T12:55:41.216+0000][10.262s][info ][gc,marking  ] GC(30) Concurrent Clear Claimed Marks 0.170ms
[2025-01-01T12:55:41.217+0000][10.263s][info ][gc,marking  ] GC(30) Concurrent Scan Root Regions
[2025-01-01T12:55:41.219+0000][10.265s][info ][gc,marking  ] GC(30) Concurrent Scan Root Regions 2.340ms
[2025-01-01T12:55:41.219+0000][10.265s][info ][gc,marking  ] GC(30) Concurrent Mark
[2025-01-01T12:55:41.219+0000][10.265s][info ][gc,marking  ] GC(30) Concurrent Mark From Roots
[2025-01-01T12:55:41.219+0000][10.265s][info ][gc,task     ] GC(30) Using 3 workers of 3 for marking
[2025-01-01T12:55:41.239+0000][10.286s][debug][safepoint   ] Safepoint synchronization initiated using futex wait barrier. (20 threads)
[2025-01-01T12:55:41.240+0000][10.286s][info ][safepoint   ] Safepoint "CollectForMetadataAllocation", Time since last: 23466234 ns, Reaching safepoint: 229563 ns, Cleanup: 8304 ns, At safepoint: 49055 ns, Total: 286922 ns
[2025-01-01T12:55:41.244+0000][10.290s][info ][gc,marking  ] GC(30) Concurrent Mark From Roots 24.698ms
[2025-01-01T12:55:41.244+0000][10.290s][info ][gc,marking  ] GC(30) Concurrent Preclean
[2025-01-01T12:55:41.244+0000][10.290s][info ][gc,marking  ] GC(30) Concurrent Preclean 0.284ms
[2025-01-01T12:55:41.244+0000][10.290s][debug][safepoint   ] Safepoint synchronization initiated using futex wait barrier. (20 threads)
[2025-01-01T12:55:41.245+0000][10.291s][info ][gc,start    ] GC(30) Pause Remark
[2025-01-01T12:55:41.247+0000][10.293s][info ][gc          ] GC(30) Pause Remark 86M->86M(240M) 2.782ms
[2025-01-01T12:55:41.248+0000][10.294s][info ][gc,cpu      ] GC(30) User=0.01s Sys=0.00s Real=0.00s
[2025-01-01T12:55:41.248+0000][10.294s][info ][safepoint   ] Safepoint "G1PauseRemark", Time since last: 4730232 ns, Reaching safepoint: 200152 ns, Cleanup: 2490 ns, At safepoint: 3069080 ns, Total: 3271722 ns
[2025-01-01T12:55:41.248+0000][10.294s][info ][gc,marking  ] GC(30) Concurrent Mark 28.838ms
[2025-01-01T12:55:41.248+0000][10.294s][info ][gc,marking  ] GC(30) Concurrent Rebuild Remembered Sets
[2025-01-01T12:55:41.258+0000][10.304s][info ][gc,marking  ] GC(30) Concurrent Rebuild Remembered Sets 10.277ms
[2025-01-01T12:55:41.258+0000][10.305s][debug][safepoint   ] Safepoint synchronization initiated using futex wait barrier. (20 threads)
[2025-01-01T12:55:41.259+0000][10.305s][info ][gc,start    ] GC(30) Pause Cleanup
[2025-01-01T12:55:41.259+0000][10.305s][info ][gc          ] GC(30) Pause Cleanup 91M->91M(240M) 0.183ms
[2025-01-01T12:55:41.259+0000][10.305s][info ][gc,cpu      ] GC(30) User=0.00s Sys=0.00s Real=0.00s
[2025-01-01T12:55:41.259+0000][10.305s][info ][safepoint   ] Safepoint "G1PauseCleanup", Time since last: 10740119 ns, Reaching safepoint: 201144 ns, Cleanup: 2778 ns, At safepoint: 423210 ns, Total: 627132 ns
[2025-01-01T12:55:41.259+0000][10.305s][info ][gc,marking  ] GC(30) Concurrent Cleanup for Next Mark
[2025-01-01T12:55:41.260+0000][10.306s][info ][gc,marking  ] GC(30) Concurrent Cleanup for Next Mark 0.369ms
[2025-01-01T12:55:41.260+0000][10.306s][info ][gc          ] GC(30) Concurrent Mark Cycle 43.769ms
[2025-01-01T12:55:41.377+0000][10.423s][debug][safepoint   ] Safepoint synchronization initiated using futex wait barrier. (20 threads)
[2025-01-01T12:55:41.378+0000][10.424s][info ][safepoint   ] Safepoint "ICBufferFull", Time since last: 118161372 ns, Reaching safepoint: 225250 ns, Cleanup: 110459 ns, At safepoint: 4694 ns, Total: 340403 ns
[2025-01-01T12:55:41.569+0000][10.615s][debug][safepoint   ] Safepoint synchronization initiated using futex wait barrier. (20 threads)
[2025-01-01T12:55:41.569+0000][10.615s][info ][gc,start    ] GC(31) Pause Young (Prepare Mixed) (G1 Evacuation Pause)
[2025-01-01T12:55:41.569+0000][10.615s][info ][gc,task     ] GC(31) Using 5 workers of 10 for evacuation
[2025-01-01T12:55:41.574+0000][10.620s][info ][gc,phases   ] GC(31)   Pre Evacuate Collection Set: 0.1ms
[2025-01-01T12:55:41.574+0000][10.620s][info ][gc,phases   ] GC(31)   Merge Heap Roots: 0.1ms
[2025-01-01T12:55:41.574+0000][10.620s][info ][gc,phases   ] GC(31)   Evacuate Collection Set: 3.9ms
[2025-01-01T12:55:41.574+0000][10.620s][info ][gc,phases   ] GC(31)   Post Evacuate Collection Set: 0.5ms
[2025-01-01T12:55:41.574+0000][10.620s][info ][gc,phases   ] GC(31)   Other: 0.2ms
[2025-01-01T12:55:41.575+0000][10.621s][info ][gc,heap     ] GC(31) Eden regions: 62->0(1)
[2025-01-01T12:55:41.575+0000][10.621s][info ][gc,heap     ] GC(31) Survivor regions: 6->6(9)
[2025-01-01T12:55:41.575+0000][10.621s][info ][gc,heap     ] GC(31) Old regions: 32->32
[2025-01-01T12:55:41.575+0000][10.621s][info ][gc,heap     ] GC(31) Archive regions: 2->2
[2025-01-01T12:55:41.575+0000][10.621s][info ][gc,heap     ] GC(31) Humongous regions: 0->0
[2025-01-01T12:55:41.575+0000][10.621s][info ][gc,metaspace] GC(31) Metaspace: 74089K(74560K)->74089K(74560K) NonClass: 64610K(64832K)->64610K(64832K) Class: 9478K(9728K)->9478K(9728K)
[2025-01-01T12:55:41.575+0000][10.621s][info ][gc          ] GC(31) Pause Young (Prepare Mixed) (G1 Evacuation Pause) 198M->76M(240M) 5.805ms
[2025-01-01T12:55:41.575+0000][10.621s][info ][gc,cpu      ] GC(31) User=0.02s Sys=0.00s Real=0.01s
[2025-01-01T12:55:41.575+0000][10.621s][info ][safepoint   ] Safepoint "G1CollectForAllocation", Time since last: 191332731 ns, Reaching safepoint: 182611 ns, Cleanup: 77660 ns, At safepoint: 5991253 ns, Total: 6251524 ns
[2025-01-01T12:55:41.585+0000][10.631s][debug][safepoint   ] Safepoint synchronization initiated using futex wait barrier. (20 threads)
[2025-01-01T12:55:41.585+0000][10.631s][info ][gc,start    ] GC(32) Pause Young (Mixed) (G1 Evacuation Pause)
[2025-01-01T12:55:41.585+0000][10.631s][info ][gc,task     ] GC(32) Using 5 workers of 10 for evacuation
[2025-01-01T12:55:41.590+0000][10.636s][info ][gc,phases   ] GC(32)   Pre Evacuate Collection Set: 0.1ms
[2025-01-01T12:55:41.590+0000][10.636s][info ][gc,phases   ] GC(32)   Merge Heap Roots: 0.1ms
[2025-01-01T12:55:41.590+0000][10.636s][info ][gc,phases   ] GC(32)   Evacuate Collection Set: 3.7ms
[2025-01-01T12:55:41.590+0000][10.636s][info ][gc,phases   ] GC(32)   Post Evacuate Collection Set: 0.5ms
[2025-01-01T12:55:41.590+0000][10.636s][info ][gc,phases   ] GC(32)   Other: 0.2ms
[2025-01-01T12:55:41.590+0000][10.636s][info ][gc,heap     ] GC(32) Eden regions: 1->0(84)
[2025-01-01T12:55:41.590+0000][10.636s][info ][gc,heap     ] GC(32) Survivor regions: 6->1(1)
[2025-01-01T12:55:41.590+0000][10.637s][info ][gc,heap     ] GC(32) Old regions: 32->37
[2025-01-01T12:55:41.591+0000][10.637s][info ][gc,heap     ] GC(32) Archive regions: 2->2
[2025-01-01T12:55:41.591+0000][10.637s][info ][gc,heap     ] GC(32) Humongous regions: 0->0
[2025-01-01T12:55:41.591+0000][10.637s][info ][gc,metaspace] GC(32) Metaspace: 74396K(74880K)->74396K(74880K) NonClass: 64766K(65024K)->64766K(65024K) Class: 9630K(9856K)->9630K(9856K)
[2025-01-01T12:55:41.591+0000][10.637s][info ][gc          ] GC(32) Pause Young (Mixed) (G1 Evacuation Pause) 78M->76M(288M) 5.540ms
[2025-01-01T12:55:41.591+0000][10.637s][info ][gc,cpu      ] GC(32) User=0.02s Sys=0.00s Real=0.01s
[2025-01-01T12:55:41.591+0000][10.637s][info ][safepoint   ] Safepoint "G1CollectForAllocation", Time since last: 9926701 ns, Reaching safepoint: 159866 ns, Cleanup: 1935 ns, At safepoint: 5803421 ns, Total: 5965222 ns
[2025-01-01T12:55:41.931+0000][10.977s][debug][safepoint   ] Safepoint synchronization initiated using futex wait barrier. (19 threads)
[2025-01-01T12:55:41.932+0000][10.978s][info ][gc,start    ] GC(33) Pause Young (Concurrent Start) (G1 Evacuation Pause)
[2025-01-01T12:55:41.932+0000][10.978s][info ][gc,task     ] GC(33) Using 6 workers of 10 for evacuation
[2025-01-01T12:55:41.934+0000][10.980s][info ][gc,phases   ] GC(33)   Pre Evacuate Collection Set: 0.1ms
[2025-01-01T12:55:41.934+0000][10.980s][info ][gc,phases   ] GC(33)   Merge Heap Roots: 0.1ms
[2025-01-01T12:55:41.934+0000][10.980s][info ][gc,phases   ] GC(33)   Evacuate Collection Set: 1.1ms
[2025-01-01T12:55:41.934+0000][10.980s][info ][gc,phases   ] GC(33)   Post Evacuate Collection Set: 0.5ms
[2025-01-01T12:55:41.934+0000][10.980s][info ][gc,phases   ] GC(33)   Other: 0.3ms
[2025-01-01T12:55:41.934+0000][10.980s][info ][gc,heap     ] GC(33) Eden regions: 84->0(85)
[2025-01-01T12:55:41.934+0000][10.980s][info ][gc,heap     ] GC(33) Survivor regions: 1->1(11)
[2025-01-01T12:55:41.934+0000][10.980s][info ][gc,heap     ] GC(33) Old regions: 37->37
[2025-01-01T12:55:41.934+0000][10.980s][info ][gc,heap     ] GC(33) Archive regions: 2->2
[2025-01-01T12:55:41.934+0000][10.981s][info ][gc,heap     ] GC(33) Humongous regions: 0->0
[2025-01-01T12:55:41.935+0000][10.981s][info ][gc,metaspace] GC(33) Metaspace: 78230K(78656K)->78230K(78656K) NonClass: 67954K(68160K)->67954K(68160K) Class: 10275K(10496K)->10275K(10496K)
[2025-01-01T12:55:41.935+0000][10.981s][info ][gc          ] GC(33) Pause Young (Concurrent Start) (G1 Evacuation Pause) 244M->75M(288M) 2.939ms
[2025-01-01T12:55:41.935+0000][10.981s][info ][gc,cpu      ] GC(33) User=0.00s Sys=0.00s Real=0.00s
[2025-01-01T12:55:41.935+0000][10.981s][info ][safepoint   ] Safepoint "G1CollectForAllocation", Time since last: 340352761 ns, Reaching safepoint: 173455 ns, Cleanup: 68486 ns, At safepoint: 3123003 ns, Total: 3364944 ns
[2025-01-01T12:55:41.935+0000][10.981s][info ][gc          ] GC(34) Concurrent Mark Cycle
[2025-01-01T12:55:41.935+0000][10.981s][info ][gc,marking  ] GC(34) Concurrent Clear Claimed Marks
[2025-01-01T12:55:41.935+0000][10.981s][info ][gc,marking  ] GC(34) Concurrent Clear Claimed Marks 0.108ms
[2025-01-01T12:55:41.935+0000][10.981s][info ][gc,marking  ] GC(34) Concurrent Scan Root Regions
[2025-01-01T12:55:41.937+0000][10.983s][info ][gc,marking  ] GC(34) Concurrent Scan Root Regions 1.952ms
[2025-01-01T12:55:41.937+0000][10.983s][info ][gc,marking  ] GC(34) Concurrent Mark
[2025-01-01T12:55:41.937+0000][10.983s][info ][gc,marking  ] GC(34) Concurrent Mark From Roots
[2025-01-01T12:55:41.938+0000][10.984s][info ][gc,task     ] GC(34) Using 3 workers of 3 for marking
[2025-01-01T12:55:41.966+0000][11.012s][info ][gc,marking  ] GC(34) Concurrent Mark From Roots 28.791ms
[2025-01-01T12:55:41.966+0000][11.012s][info ][gc,marking  ] GC(34) Concurrent Preclean
[2025-01-01T12:55:41.967+0000][11.013s][info ][gc,marking  ] GC(34) Concurrent Preclean 0.418ms
[2025-01-01T12:55:41.967+0000][11.013s][debug][safepoint   ] Safepoint synchronization initiated using futex wait barrier. (19 threads)
[2025-01-01T12:55:41.967+0000][11.013s][info ][gc,start    ] GC(34) Pause Remark
[2025-01-01T12:55:41.971+0000][11.017s][info ][gc          ] GC(34) Pause Remark 87M->87M(288M) 3.268ms
[2025-01-01T12:55:41.971+0000][11.017s][info ][gc,cpu      ] GC(34) User=0.01s Sys=0.00s Real=0.01s
[2025-01-01T12:55:41.971+0000][11.017s][info ][safepoint   ] Safepoint "G1PauseRemark", Time since last: 32195804 ns, Reaching safepoint: 237994 ns, Cleanup: 25754 ns, At safepoint: 3648192 ns, Total: 3911940 ns
[2025-01-01T12:55:41.971+0000][11.017s][info ][gc,marking  ] GC(34) Concurrent Mark 33.754ms
[2025-01-01T12:55:41.971+0000][11.017s][info ][gc,marking  ] GC(34) Concurrent Rebuild Remembered Sets
[2025-01-01T12:55:41.982+0000][11.028s][info ][gc,marking  ] GC(34) Concurrent Rebuild Remembered Sets 11.250ms
[2025-01-01T12:55:41.983+0000][11.029s][debug][safepoint   ] Safepoint synchronization initiated using futex wait barrier. (19 threads)
[2025-01-01T12:55:41.983+0000][11.029s][info ][gc,start    ] GC(34) Pause Cleanup
[2025-01-01T12:55:41.983+0000][11.029s][info ][gc          ] GC(34) Pause Cleanup 90M->90M(288M) 0.216ms
[2025-01-01T12:55:41.983+0000][11.029s][info ][gc,cpu      ] GC(34) User=0.00s Sys=0.00s Real=0.00s
[2025-01-01T12:55:41.983+0000][11.030s][info ][safepoint   ] Safepoint "G1PauseCleanup", Time since last: 11784189 ns, Reaching safepoint: 206056 ns, Cleanup: 6517 ns, At safepoint: 595637 ns, Total: 808210 ns
[2025-01-01T12:55:41.984+0000][11.030s][info ][gc,marking  ] GC(34) Concurrent Cleanup for Next Mark
[2025-01-01T12:55:41.984+0000][11.030s][info ][gc,marking  ] GC(34) Concurrent Cleanup for Next Mark 0.416ms
[2025-01-01T12:55:41.984+0000][11.030s][info ][gc          ] GC(34) Concurrent Mark Cycle 49.385ms
[2025-01-01T12:55:42.036+0000][11.082s][debug][safepoint   ] Safepoint synchronization initiated using futex wait barrier. (20 threads)
[2025-01-01T12:55:42.036+0000][11.082s][info ][safepoint   ] Safepoint "ICBufferFull", Time since last: 52122602 ns, Reaching safepoint: 230897 ns, Cleanup: 87010 ns, At safepoint: 26615 ns, Total: 344522 ns
[2025-01-01T12:55:42.073+0000][11.119s][debug][safepoint   ] Safepoint synchronization initiated using futex wait barrier. (20 threads)
[2025-01-01T12:55:42.073+0000][11.119s][info ][safepoint   ] Safepoint "ICBufferFull", Time since last: 36629683 ns, Reaching safepoint: 206717 ns, Cleanup: 79206 ns, At safepoint: 21172 ns, Total: 307095 ns
[2025-01-01T12:55:42.148+0000][11.194s][debug][safepoint   ] Safepoint synchronization initiated using futex wait barrier. (20 threads)
[2025-01-01T12:55:42.148+0000][11.194s][info ][safepoint   ] Safepoint "ICBufferFull", Time since last: 74792728 ns, Reaching safepoint: 204125 ns, Cleanup: 113190 ns, At safepoint: 1870 ns, Total: 319185 ns
[2025-01-01T12:55:42.201+0000][11.247s][debug][safepoint   ] Safepoint synchronization initiated using futex wait barrier. (20 threads)
[2025-01-01T12:55:42.202+0000][11.248s][info ][safepoint   ] Safepoint "ICBufferFull", Time since last: 53198366 ns, Reaching safepoint: 244062 ns, Cleanup: 105580 ns, At safepoint: 2416 ns, Total: 352058 ns
[2025-01-01T12:55:42.301+0000][11.347s][debug][safepoint   ] Safepoint synchronization initiated using futex wait barrier. (20 threads)
[2025-01-01T12:55:42.301+0000][11.347s][info ][safepoint   ] Safepoint "ICBufferFull", Time since last: 99206537 ns, Reaching safepoint: 220209 ns, Cleanup: 102498 ns, At safepoint: 2185 ns, Total: 324892 ns
[2025-01-01T12:55:42.567+0000][11.613s][debug][safepoint   ] Safepoint synchronization initiated using futex wait barrier. (21 threads)
[2025-01-01T12:55:42.568+0000][11.614s][info ][gc,start    ] GC(35) Pause Young (Prepare Mixed) (G1 Evacuation Pause)
[2025-01-01T12:55:42.568+0000][11.614s][info ][gc,task     ] GC(35) Using 6 workers of 10 for evacuation
[2025-01-01T12:55:42.571+0000][11.617s][info ][gc,phases   ] GC(35)   Pre Evacuate Collection Set: 0.1ms
[2025-01-01T12:55:42.571+0000][11.617s][info ][gc,phases   ] GC(35)   Merge Heap Roots: 0.1ms
[2025-01-01T12:55:42.571+0000][11.617s][info ][gc,phases   ] GC(35)   Evacuate Collection Set: 2.2ms
[2025-01-01T12:55:42.571+0000][11.617s][info ][gc,phases   ] GC(35)   Post Evacuate Collection Set: 0.7ms
[2025-01-01T12:55:42.571+0000][11.617s][info ][gc,phases   ] GC(35)   Other: 0.3ms
[2025-01-01T12:55:42.571+0000][11.617s][info ][gc,heap     ] GC(35) Eden regions: 85->0(5)
[2025-01-01T12:55:42.571+0000][11.618s][info ][gc,heap     ] GC(35) Survivor regions: 1->2(11)
[2025-01-01T12:55:42.572+0000][11.618s][info ][gc,heap     ] GC(35) Old regions: 37->37
[2025-01-01T12:55:42.572+0000][11.618s][info ][gc,heap     ] GC(35) Archive regions: 2->2
[2025-01-01T12:55:42.572+0000][11.618s][info ][gc,heap     ] GC(35) Humongous regions: 0->0
[2025-01-01T12:55:42.572+0000][11.618s][info ][gc,metaspace] GC(35) Metaspace: 82523K(83072K)->82523K(83072K) NonClass: 71667K(71936K)->71667K(71936K) Class: 10855K(11136K)->10855K(11136K)
[2025-01-01T12:55:42.572+0000][11.618s][info ][gc          ] GC(35) Pause Young (Prepare Mixed) (G1 Evacuation Pause) 245M->78M(288M) 4.410ms
[2025-01-01T12:55:42.572+0000][11.618s][info ][gc,cpu      ] GC(35) User=0.02s Sys=0.00s Real=0.01s
[2025-01-01T12:55:42.572+0000][11.618s][info ][safepoint   ] Safepoint "G1CollectForAllocation", Time since last: 266075753 ns, Reaching safepoint: 287699 ns, Cleanup: 77410 ns, At safepoint: 4617107 ns, Total: 4982216 ns
[2025-01-01T12:55:42.596+0000][11.642s][debug][safepoint   ] Safepoint synchronization initiated using futex wait barrier. (21 threads)
[2025-01-01T12:55:42.596+0000][11.642s][info ][gc,start    ] GC(36) Pause Young (Mixed) (G1 Evacuation Pause)
[2025-01-01T12:55:42.596+0000][11.642s][info ][gc,task     ] GC(36) Using 6 workers of 10 for evacuation
[2025-01-01T12:55:42.599+0000][11.645s][info ][gc,phases   ] GC(36)   Pre Evacuate Collection Set: 0.1ms
[2025-01-01T12:55:42.599+0000][11.645s][info ][gc,phases   ] GC(36)   Merge Heap Roots: 0.1ms
[2025-01-01T12:55:42.599+0000][11.645s][info ][gc,phases   ] GC(36)   Evacuate Collection Set: 1.9ms
[2025-01-01T12:55:42.599+0000][11.645s][info ][gc,phases   ] GC(36)   Post Evacuate Collection Set: 0.6ms
[2025-01-01T12:55:42.599+0000][11.646s][info ][gc,phases   ] GC(36)   Other: 0.3ms
[2025-01-01T12:55:42.600+0000][11.646s][info ][gc,heap     ] GC(36) Eden regions: 5->0(83)
[2025-01-01T12:55:42.600+0000][11.646s][info ][gc,heap     ] GC(36) Survivor regions: 2->1(1)
[2025-01-01T12:55:42.600+0000][11.646s][info ][gc,heap     ] GC(36) Old regions: 37->38
[2025-01-01T12:55:42.600+0000][11.646s][info ][gc,heap     ] GC(36) Archive regions: 2->2
[2025-01-01T12:55:42.600+0000][11.646s][info ][gc,heap     ] GC(36) Humongous regions: 0->0
[2025-01-01T12:55:42.600+0000][11.646s][info ][gc,metaspace] GC(36) Metaspace: 82834K(83392K)->82834K(83392K) NonClass: 71924K(72192K)->71924K(72192K) Class: 10909K(11200K)->10909K(11200K)
[2025-01-01T12:55:42.600+0000][11.646s][info ][gc          ] GC(36) Pause Young (Mixed) (G1 Evacuation Pause) 88M->77M(288M) 4.287ms
[2025-01-01T12:55:42.600+0000][11.647s][info ][gc,cpu      ] GC(36) User=0.02s Sys=0.00s Real=0.01s
[2025-01-01T12:55:42.601+0000][11.647s][info ][safepoint   ] Safepoint "G1CollectForAllocation", Time since last: 23719374 ns, Reaching safepoint: 191101 ns, Cleanup: 7443 ns, At safepoint: 4538742 ns, Total: 4737286 ns
[2025-01-01T12:55:42.932+0000][11.978s][debug][safepoint   ] Safepoint synchronization initiated using futex wait barrier. (21 threads)
[2025-01-01T12:55:42.935+0000][11.982s][info ][safepoint   ] Safepoint "ICBufferFull", Time since last: 330922146 ns, Reaching safepoint: 3780712 ns, Cleanup: 153524 ns, At safepoint: 15886 ns, Total: 3950122 ns
[2025-01-01T12:55:42.936+0000][11.982s][debug][safepoint   ] Safepoint synchronization initiated using futex wait barrier. (21 threads)
[2025-01-01T12:55:42.937+0000][11.983s][info ][safepoint   ] Safepoint "ICBufferFull", Time since last: 607006 ns, Reaching safepoint: 591852 ns, Cleanup: 6535 ns, At safepoint: 28726 ns, Total: 627113 ns
[2025-01-01T12:55:43.212+0000][12.258s][debug][safepoint   ] Safepoint synchronization initiated using futex wait barrier. (21 threads)
[2025-01-01T12:55:43.214+0000][12.260s][info ][gc,start    ] GC(37) Pause Young (Normal) (G1 Evacuation Pause)
[2025-01-01T12:55:43.214+0000][12.260s][info ][gc,task     ] GC(37) Using 6 workers of 10 for evacuation
[2025-01-01T12:55:43.217+0000][12.263s][info ][gc,phases   ] GC(37)   Pre Evacuate Collection Set: 0.1ms
[2025-01-01T12:55:43.217+0000][12.263s][info ][gc,phases   ] GC(37)   Merge Heap Roots: 0.1ms
[2025-01-01T12:55:43.217+0000][12.263s][info ][gc,phases   ] GC(37)   Evacuate Collection Set: 1.8ms
[2025-01-01T12:55:43.217+0000][12.263s][info ][gc,phases   ] GC(37)   Post Evacuate Collection Set: 0.7ms
[2025-01-01T12:55:43.217+0000][12.263s][info ][gc,phases   ] GC(37)   Other: 0.3ms
[2025-01-01T12:55:43.217+0000][12.263s][info ][gc,heap     ] GC(37) Eden regions: 83->0(82)
[2025-01-01T12:55:43.217+0000][12.263s][info ][gc,heap     ] GC(37) Survivor regions: 1->2(11)
[2025-01-01T12:55:43.217+0000][12.263s][info ][gc,heap     ] GC(37) Old regions: 38->38
[2025-01-01T12:55:43.217+0000][12.264s][info ][gc,heap     ] GC(37) Archive regions: 2->2
[2025-01-01T12:55:43.218+0000][12.264s][info ][gc,heap     ] GC(37) Humongous regions: 0->0
[2025-01-01T12:55:43.218+0000][12.264s][info ][gc,metaspace] GC(37) Metaspace: 85123K(85632K)->85123K(85632K) NonClass: 74050K(74304K)->74050K(74304K) Class: 11073K(11328K)->11073K(11328K)
[2025-01-01T12:55:43.218+0000][12.264s][info ][gc          ] GC(37) Pause Young (Normal) (G1 Evacuation Pause) 243M->80M(288M) 4.315ms
[2025-01-01T12:55:43.218+0000][12.264s][info ][gc,cpu      ] GC(37) User=0.02s Sys=0.00s Real=0.00s
[2025-01-01T12:55:43.218+0000][12.264s][info ][safepoint   ] Safepoint "G1CollectForAllocation", Time since last: 275515637 ns, Reaching safepoint: 1211698 ns, Cleanup: 108682 ns, At safepoint: 4592087 ns, Total: 5912467 ns
[2025-01-01T12:55:43.706+0000][12.752s][debug][safepoint   ] Safepoint synchronization initiated using futex wait barrier. (25 threads)
[2025-01-01T12:55:43.706+0000][12.752s][info ][safepoint   ] Safepoint "ICBufferFull", Time since last: 487729945 ns, Reaching safepoint: 231102 ns, Cleanup: 130825 ns, At safepoint: 3287 ns, Total: 365214 ns
[2025-01-01T12:55:43.866+0000][12.912s][debug][safepoint   ] Safepoint synchronization initiated using futex wait barrier. (25 threads)
[2025-01-01T12:55:43.866+0000][12.912s][info ][gc,start    ] GC(38) Pause Young (Normal) (G1 Evacuation Pause)
[2025-01-01T12:55:43.867+0000][12.913s][info ][gc,task     ] GC(38) Using 10 workers of 10 for evacuation
[2025-01-01T12:55:43.870+0000][12.916s][info ][gc,phases   ] GC(38)   Pre Evacuate Collection Set: 0.1ms
[2025-01-01T12:55:43.870+0000][12.916s][info ][gc,phases   ] GC(38)   Merge Heap Roots: 0.1ms
[2025-01-01T12:55:43.870+0000][12.917s][info ][gc,phases   ] GC(38)   Evacuate Collection Set: 2.3ms
[2025-01-01T12:55:43.871+0000][12.917s][info ][gc,phases   ] GC(38)   Post Evacuate Collection Set: 0.8ms
[2025-01-01T12:55:43.871+0000][12.917s][info ][gc,phases   ] GC(38)   Other: 0.4ms
[2025-01-01T12:55:43.871+0000][12.917s][info ][gc,heap     ] GC(38) Eden regions: 82->0(80)
[2025-01-01T12:55:43.871+0000][12.917s][info ][gc,heap     ] GC(38) Survivor regions: 2->4(11)
[2025-01-01T12:55:43.871+0000][12.917s][info ][gc,heap     ] GC(38) Old regions: 38->38
[2025-01-01T12:55:43.871+0000][12.917s][info ][gc,heap     ] GC(38) Archive regions: 2->2
[2025-01-01T12:55:43.871+0000][12.917s][info ][gc,heap     ] GC(38) Humongous regions: 0->0
[2025-01-01T12:55:43.871+0000][12.917s][info ][gc,metaspace] GC(38) Metaspace: 88129K(88704K)->88129K(88704K) NonClass: 76816K(77120K)->76816K(77120K) Class: 11312K(11584K)->11312K(11584K)
[2025-01-01T12:55:43.871+0000][12.917s][info ][gc          ] GC(38) Pause Young (Normal) (G1 Evacuation Pause) 244M->84M(288M) 4.984ms
[2025-01-01T12:55:43.871+0000][12.918s][info ][gc,cpu      ] GC(38) User=0.06s Sys=0.00s Real=0.01s
[2025-01-01T12:55:43.872+0000][12.918s][info ][safepoint   ] Safepoint "G1CollectForAllocation", Time since last: 159885599 ns, Reaching safepoint: 223131 ns, Cleanup: 42482 ns, At safepoint: 5194165 ns, Total: 5459778 ns
[2025-01-01T12:55:44.345+0000][13.391s][debug][safepoint   ] Safepoint synchronization initiated using futex wait barrier. (25 threads)
[2025-01-01T12:55:44.345+0000][13.391s][info ][safepoint   ] Safepoint "ICBufferFull", Time since last: 473079350 ns, Reaching safepoint: 219871 ns, Cleanup: 119911 ns, At safepoint: 16923 ns, Total: 356705 ns
[2025-01-01T12:55:44.444+0000][13.490s][debug][safepoint   ] Safepoint synchronization initiated using futex wait barrier. (25 threads)
[2025-01-01T12:55:44.444+0000][13.490s][info ][gc,start    ] GC(39) Pause Young (Normal) (G1 Evacuation Pause)
[2025-01-01T12:55:44.444+0000][13.490s][info ][gc,task     ] GC(39) Using 10 workers of 10 for evacuation
[2025-01-01T12:55:44.448+0000][13.494s][info ][gc,phases   ] GC(39)   Pre Evacuate Collection Set: 0.1ms
[2025-01-01T12:55:44.448+0000][13.494s][info ][gc,phases   ] GC(39)   Merge Heap Roots: 0.1ms
[2025-01-01T12:55:44.448+0000][13.494s][info ][gc,phases   ] GC(39)   Evacuate Collection Set: 2.7ms
[2025-01-01T12:55:44.448+0000][13.494s][info ][gc,phases   ] GC(39)   Post Evacuate Collection Set: 0.9ms
[2025-01-01T12:55:44.448+0000][13.494s][info ][gc,phases   ] GC(39)   Other: 0.2ms
[2025-01-01T12:55:44.449+0000][13.495s][info ][gc,heap     ] GC(39) Eden regions: 80->0(77)
[2025-01-01T12:55:44.449+0000][13.495s][info ][gc,heap     ] GC(39) Survivor regions: 4->6(11)
[2025-01-01T12:55:44.449+0000][13.495s][info ][gc,heap     ] GC(39) Old regions: 38->38
[2025-01-01T12:55:44.449+0000][13.495s][info ][gc,heap     ] GC(39) Archive regions: 2->2
[2025-01-01T12:55:44.449+0000][13.495s][info ][gc,heap     ] GC(39) Humongous regions: 0->0
[2025-01-01T12:55:44.449+0000][13.495s][info ][gc,metaspace] GC(39) Metaspace: 93176K(93760K)->93176K(93760K) NonClass: 81113K(81408K)->81113K(81408K) Class: 12062K(12352K)->12062K(12352K)
[2025-01-01T12:55:44.449+0000][13.495s][info ][gc          ] GC(39) Pause Young (Normal) (G1 Evacuation Pause) 244M->87M(288M) 5.255ms
[2025-01-01T12:55:44.449+0000][13.495s][info ][gc,cpu      ] GC(39) User=0.02s Sys=0.00s Real=0.00s
[2025-01-01T12:55:44.449+0000][13.495s][info ][safepoint   ] Safepoint "G1CollectForAllocation", Time since last: 98620590 ns, Reaching safepoint: 186545 ns, Cleanup: 33577 ns, At safepoint: 5477951 ns, Total: 5698073 ns
[2025-01-01T12:55:44.816+0000][13.862s][debug][safepoint   ] Safepoint synchronization initiated using futex wait barrier. (25 threads)
[2025-01-01T12:55:44.816+0000][13.862s][info ][gc,start    ] GC(40) Pause Young (Normal) (G1 Evacuation Pause)
[2025-01-01T12:55:44.816+0000][13.862s][info ][gc,task     ] GC(40) Using 10 workers of 10 for evacuation
[2025-01-01T12:55:44.822+0000][13.868s][info ][gc,phases   ] GC(40)   Pre Evacuate Collection Set: 0.1ms
[2025-01-01T12:55:44.822+0000][13.868s][info ][gc,phases   ] GC(40)   Merge Heap Roots: 0.1ms
[2025-01-01T12:55:44.822+0000][13.868s][info ][gc,phases   ] GC(40)   Evacuate Collection Set: 4.7ms
[2025-01-01T12:55:44.822+0000][13.868s][info ][gc,phases   ] GC(40)   Post Evacuate Collection Set: 0.7ms
[2025-01-01T12:55:44.822+0000][13.868s][info ][gc,phases   ] GC(40)   Other: 0.3ms
[2025-01-01T12:55:44.823+0000][13.869s][info ][gc,heap     ] GC(40) Eden regions: 77->0(69)
[2025-01-01T12:55:44.823+0000][13.869s][info ][gc,heap     ] GC(40) Survivor regions: 6->10(11)
[2025-01-01T12:55:44.823+0000][13.869s][info ][gc,heap     ] GC(40) Old regions: 38->38
[2025-01-01T12:55:44.823+0000][13.869s][info ][gc,heap     ] GC(40) Archive regions: 2->2
[2025-01-01T12:55:44.823+0000][13.869s][info ][gc,heap     ] GC(40) Humongous regions: 0->0
[2025-01-01T12:55:44.823+0000][13.869s][info ][gc,metaspace] GC(40) Metaspace: 95452K(96000K)->95452K(96000K) NonClass: 82916K(83200K)->82916K(83200K) Class: 12535K(12800K)->12535K(12800K)
[2025-01-01T12:55:44.823+0000][13.869s][info ][gc          ] GC(40) Pause Young (Normal) (G1 Evacuation Pause) 241M->97M(288M) 7.216ms
[2025-01-01T12:55:44.823+0000][13.869s][info ][gc,cpu      ] GC(40) User=0.08s Sys=0.00s Real=0.01s
[2025-01-01T12:55:44.823+0000][13.869s][info ][safepoint   ] Safepoint "G1CollectForAllocation", Time since last: 366301336 ns, Reaching safepoint: 208786 ns, Cleanup: 85011 ns, At safepoint: 7489188 ns, Total: 7782985 ns
[2025-01-01T12:55:46.119+0000][15.165s][debug][safepoint   ] Safepoint synchronization initiated using futex wait barrier. (25 threads)
[2025-01-01T12:55:46.119+0000][15.166s][info ][safepoint   ] Safepoint "Cleanup", Time since last: 1295762170 ns, Reaching safepoint: 226462 ns, Cleanup: 68922 ns, At safepoint: 3554 ns, Total: 298938 ns
[2025-01-01T12:55:53.120+0000][22.166s][debug][safepoint   ] Safepoint synchronization initiated using futex wait barrier. (24 threads)
[2025-01-01T12:55:53.120+0000][22.166s][info ][safepoint   ] Safepoint "Cleanup", Time since last: 7000478054 ns, Reaching safepoint: 250991 ns, Cleanup: 11709 ns, At safepoint: 3167 ns, Total: 265867 ns
[2025-01-01T12:55:53.206+0000][22.252s][info ][gc,heap,exit] Heap
[2025-01-01T12:55:53.206+0000][22.252s][info ][gc,heap,exit]  garbage-first heap   total 294912K, used 225162K [0x0000000706c00000, 0x0000000800000000)
[2025-01-01T12:55:53.207+0000][22.253s][info ][gc,heap,exit]   region size 2048K, 72 young (147456K), 10 survivors (20480K)
[2025-01-01T12:55:53.207+0000][22.253s][info ][gc,heap,exit]  Metaspace       used 100702K, committed 101248K, reserved 1179648K
[2025-01-01T12:55:53.207+0000][22.253s][info ][gc,heap,exit]   class space    used 13244K, committed 13504K, reserved 1048576K
[2025-01-01T12:55:53.207+0000][22.253s][debug][safepoint   ] Safepoint synchronization initiated using futex wait barrier. (15 threads)
