[2024-12-08T18:51:35.897+0000][0.025s][info][gc] Using G1
[2024-12-08T18:51:35.899+0000][0.028s][info][gc,init] Version: 17.0.12+7-Debian-2deb12u1 (release)
[2024-12-08T18:51:35.899+0000][0.028s][info][gc,init] CPUs: 12 total, 12 available
[2024-12-08T18:51:35.899+0000][0.028s][info][gc,init] Memory: 15951M
[2024-12-08T18:51:35.899+0000][0.028s][info][gc,init] Large Page Support: Disabled
[2024-12-08T18:51:35.900+0000][0.028s][info][gc,init] NUMA Support: Disabled
[2024-12-08T18:51:35.900+0000][0.028s][info][gc,init] Compressed Oops: Enabled (Zero based)
[2024-12-08T18:51:35.900+0000][0.028s][info][gc,init] Heap Region Size: 2M
[2024-12-08T18:51:35.901+0000][0.029s][info][gc,init] Heap Min Capacity: 8M
[2024-12-08T18:51:35.901+0000][0.029s][info][gc,init] Heap Initial Capacity: 250M
[2024-12-08T18:51:35.901+0000][0.029s][info][gc,init] Heap Max Capacity: 3988M
[2024-12-08T18:51:35.901+0000][0.029s][info][gc,init] Pre-touch: Disabled
[2024-12-08T18:51:35.901+0000][0.030s][info][gc,init] Parallel Workers: 10
[2024-12-08T18:51:35.901+0000][0.030s][info][gc,init] Concurrent Workers: 3
[2024-12-08T18:51:35.901+0000][0.030s][info][gc,init] Concurrent Refinement Workers: 10
[2024-12-08T18:51:35.901+0000][0.030s][info][gc,init] Periodic GC: Disabled
[2024-12-08T18:51:35.907+0000][0.035s][info][gc,metaspace] CDS archive(s) mapped at: [0x00007fc4f3000000-0x00007fc4f3bc4000-0x00007fc4f3bc4000), size 12337152, SharedBaseAddress: 0x00007fc4f3000000, ArchiveRelocationMode: 1.
[2024-12-08T18:51:35.907+0000][0.035s][info][gc,metaspace] Compressed class space mapped at: 0x00007fc4f4000000-0x00007fc534000000, reserved size: 1073741824
[2024-12-08T18:51:35.907+0000][0.035s][info][gc,metaspace] Narrow klass base: 0x00007fc4f3000000, Narrow klass shift: 0, Narrow klass range: 0x100000000
[2024-12-08T18:51:35.912+0000][0.040s][info][cds,heap    ] initialize_from_archived_subgraph java.lang.Module$ArchivedData 0x00007fc4f3184780 (early)
[2024-12-08T18:51:35.912+0000][0.041s][info][cds,heap    ] initialize_from_archived_subgraph java.util.ImmutableCollections 0x00007fc4f30722d8 (early)
[2024-12-08T18:51:35.914+0000][0.042s][info][cds,heap    ] initialize_from_archived_subgraph java.lang.Integer$IntegerCache 0x00007fc4f3037660 (early)
[2024-12-08T18:51:35.917+0000][0.045s][info][cds,heap    ] initialize_from_archived_subgraph java.lang.module.Configuration 0x00007fc4f3172700 (early)
[2024-12-08T18:51:35.917+0000][0.045s][info][cds,heap    ] initialize_from_archived_subgraph java.lang.ModuleLayer 0x00007fc4f3146b38 (early)
[2024-12-08T18:51:35.917+0000][0.046s][info][cds,heap    ] initialize_from_archived_subgraph jdk.internal.loader.ArchivedClassLoaders 0x00007fc4f31adb70 (early)
[2024-12-08T18:51:35.917+0000][0.046s][info][cds,heap    ] initialize_from_archived_subgraph jdk.internal.module.ArchivedBootLayer 0x00007fc4f3179340 (early)
[2024-12-08T18:51:35.919+0000][0.048s][info][cds,heap    ] initialize_from_archived_subgraph sun.util.locale.BaseLocale 0x00007fc4f326d048
[2024-12-08T18:51:35.926+0000][0.055s][info][cds,heap    ] initialize_from_archived_subgraph java.util.jar.Attributes$Name 0x00007fc4f319f5e8
[2024-12-08T18:51:35.949+0000][0.078s][info][cds,heap    ] initialize_from_archived_subgraph java.lang.Long$LongCache 0x00007fc4f3020f98
[2024-12-08T18:51:36.023+0000][0.151s][info][cds,heap    ] initialize_from_archived_subgraph java.lang.Character$CharacterCache 0x00007fc4f303a9e8
[2024-12-08T18:51:36.461+0000][0.589s][debug][safepoint   ] Safepoint synchronization initiated using futex wait barrier. (14 threads)
[2024-12-08T18:51:36.461+0000][0.590s][info ][safepoint   ] Safepoint "ICBufferFull", Time since last: 549630037 ns, Reaching safepoint: 254008 ns, Cleanup: 99278 ns, At safepoint: 14751 ns, Total: 368037 ns
[2024-12-08T18:51:36.488+0000][0.616s][debug][safepoint   ] Safepoint synchronization initiated using futex wait barrier. (14 threads)
[2024-12-08T18:51:36.488+0000][0.617s][info ][gc,start    ] GC(0) Pause Young (Normal) (G1 Evacuation Pause)
[2024-12-08T18:51:36.491+0000][0.620s][info ][gc,task     ] GC(0) Using 6 workers of 10 for evacuation
[2024-12-08T18:51:36.499+0000][0.627s][info ][gc,phases   ] GC(0)   Pre Evacuate Collection Set: 0.1ms
[2024-12-08T18:51:36.499+0000][0.627s][info ][gc,phases   ] GC(0)   Merge Heap Roots: 0.2ms
[2024-12-08T18:51:36.499+0000][0.628s][info ][gc,phases   ] GC(0)   Evacuate Collection Set: 6.1ms
[2024-12-08T18:51:36.499+0000][0.628s][info ][gc,phases   ] GC(0)   Post Evacuate Collection Set: 0.9ms
[2024-12-08T18:51:36.499+0000][0.628s][info ][gc,phases   ] GC(0)   Other: 3.1ms
[2024-12-08T18:51:36.499+0000][0.628s][info ][gc,heap     ] GC(0) Eden regions: 31->0(53)
[2024-12-08T18:51:36.500+0000][0.628s][info ][gc,heap     ] GC(0) Survivor regions: 0->4(4)
[2024-12-08T18:51:36.500+0000][0.628s][info ][gc,heap     ] GC(0) Old regions: 0->1
[2024-12-08T18:51:36.500+0000][0.628s][info ][gc,heap     ] GC(0) Archive regions: 2->2
[2024-12-08T18:51:36.500+0000][0.628s][info ][gc,heap     ] GC(0) Humongous regions: 0->0
[2024-12-08T18:51:36.500+0000][0.629s][info ][gc,metaspace] GC(0) Metaspace: 2503K(2752K)->2503K(2752K) NonClass: 2266K(2432K)->2266K(2432K) Class: 237K(320K)->237K(320K)
[2024-12-08T18:51:36.500+0000][0.629s][info ][gc          ] GC(0) Pause Young (Normal) (G1 Evacuation Pause) 63M->10M(254M) 11.949ms
[2024-12-08T18:51:36.500+0000][0.629s][info ][gc,cpu      ] GC(0) User=0.00s Sys=0.06s Real=0.01s
[2024-12-08T18:51:36.501+0000][0.629s][info ][safepoint   ] Safepoint "G1CollectForAllocation", Time since last: 26429267 ns, Reaching safepoint: 629794 ns, Cleanup: 8073 ns, At safepoint: 12314414 ns, Total: 12952281 ns
[2024-12-08T18:51:37.152+0000][1.280s][debug][safepoint   ] Safepoint synchronization initiated using futex wait barrier. (15 threads)
[2024-12-08T18:51:37.152+0000][1.280s][info ][gc,start    ] GC(1) Pause Young (Normal) (G1 Evacuation Pause)
[2024-12-08T18:51:37.152+0000][1.281s][info ][gc,task     ] GC(1) Using 6 workers of 10 for evacuation
[2024-12-08T18:51:37.159+0000][1.287s][info ][gc,phases   ] GC(1)   Pre Evacuate Collection Set: 0.1ms
[2024-12-08T18:51:37.159+0000][1.287s][info ][gc,phases   ] GC(1)   Merge Heap Roots: 0.1ms
[2024-12-08T18:51:37.159+0000][1.287s][info ][gc,phases   ] GC(1)   Evacuate Collection Set: 4.9ms
[2024-12-08T18:51:37.159+0000][1.287s][info ][gc,phases   ] GC(1)   Post Evacuate Collection Set: 1.1ms
[2024-12-08T18:51:37.159+0000][1.287s][info ][gc,phases   ] GC(1)   Other: 0.3ms
[2024-12-08T18:51:37.159+0000][1.287s][info ][gc,heap     ] GC(1) Eden regions: 53->0(69)
[2024-12-08T18:51:37.159+0000][1.288s][info ][gc,heap     ] GC(1) Survivor regions: 4->6(8)
[2024-12-08T18:51:37.159+0000][1.288s][info ][gc,heap     ] GC(1) Old regions: 1->1
[2024-12-08T18:51:37.159+0000][1.288s][info ][gc,heap     ] GC(1) Archive regions: 2->2
[2024-12-08T18:51:37.159+0000][1.288s][info ][gc,heap     ] GC(1) Humongous regions: 0->0
[2024-12-08T18:51:37.159+0000][1.288s][info ][gc,metaspace] GC(1) Metaspace: 6892K(7232K)->6892K(7232K) NonClass: 6041K(6208K)->6041K(6208K) Class: 850K(1024K)->850K(1024K)
[2024-12-08T18:51:37.160+0000][1.288s][info ][gc          ] GC(1) Pause Young (Normal) (G1 Evacuation Pause) 116M->14M(254M) 7.509ms
[2024-12-08T18:51:37.160+0000][1.288s][info ][gc,cpu      ] GC(1) User=0.00s Sys=0.06s Real=0.01s
[2024-12-08T18:51:37.160+0000][1.288s][info ][safepoint   ] Safepoint "G1CollectForAllocation", Time since last: 650999441 ns, Reaching safepoint: 263315 ns, Cleanup: 155793 ns, At safepoint: 7711311 ns, Total: 8130419 ns
[2024-12-08T18:51:37.470+0000][1.598s][debug][safepoint   ] Safepoint synchronization initiated using futex wait barrier. (15 threads)
[2024-12-08T18:51:37.470+0000][1.598s][info ][safepoint   ] Safepoint "ICBufferFull", Time since last: 309816456 ns, Reaching safepoint: 166723 ns, Cleanup: 89306 ns, At safepoint: 2304 ns, Total: 258333 ns
[2024-12-08T18:51:37.534+0000][1.662s][debug][safepoint   ] Safepoint synchronization initiated using futex wait barrier. (15 threads)
[2024-12-08T18:51:37.534+0000][1.662s][info ][safepoint   ] Safepoint "ICBufferFull", Time since last: 63831772 ns, Reaching safepoint: 239063 ns, Cleanup: 82790 ns, At safepoint: 17874 ns, Total: 339727 ns
[2024-12-08T18:51:37.623+0000][1.751s][debug][safepoint   ] Safepoint synchronization initiated using futex wait barrier. (16 threads)
[2024-12-08T18:51:37.623+0000][1.751s][info ][gc,start    ] GC(2) Pause Young (Normal) (G1 Evacuation Pause)
[2024-12-08T18:51:37.623+0000][1.752s][info ][gc,task     ] GC(2) Using 6 workers of 10 for evacuation
[2024-12-08T18:51:37.630+0000][1.758s][info ][gc,phases   ] GC(2)   Pre Evacuate Collection Set: 0.1ms
[2024-12-08T18:51:37.630+0000][1.758s][info ][gc,phases   ] GC(2)   Merge Heap Roots: 0.1ms
[2024-12-08T18:51:37.630+0000][1.758s][info ][gc,phases   ] GC(2)   Evacuate Collection Set: 5.2ms
[2024-12-08T18:51:37.630+0000][1.758s][info ][gc,phases   ] GC(2)   Post Evacuate Collection Set: 1.0ms
[2024-12-08T18:51:37.630+0000][1.759s][info ][gc,phases   ] GC(2)   Other: 0.3ms
[2024-12-08T18:51:37.630+0000][1.759s][info ][gc,heap     ] GC(2) Eden regions: 69->0(71)
[2024-12-08T18:51:37.630+0000][1.759s][info ][gc,heap     ] GC(2) Survivor regions: 6->4(10)
[2024-12-08T18:51:37.630+0000][1.759s][info ][gc,heap     ] GC(2) Old regions: 1->5
[2024-12-08T18:51:37.630+0000][1.759s][info ][gc,heap     ] GC(2) Archive regions: 2->2
[2024-12-08T18:51:37.630+0000][1.759s][info ][gc,heap     ] GC(2) Humongous regions: 0->0
[2024-12-08T18:51:37.631+0000][1.759s][info ][gc,metaspace] GC(2) Metaspace: 12373K(12672K)->12373K(12672K) NonClass: 10771K(10944K)->10771K(10944K) Class: 1602K(1728K)->1602K(1728K)
[2024-12-08T18:51:37.631+0000][1.759s][info ][gc          ] GC(2) Pause Young (Normal) (G1 Evacuation Pause) 152M->17M(254M) 7.662ms
[2024-12-08T18:51:37.631+0000][1.759s][info ][gc,cpu      ] GC(2) User=0.07s Sys=0.00s Real=0.01s
[2024-12-08T18:51:37.631+0000][1.759s][info ][safepoint   ] Safepoint "G1CollectForAllocation", Time since last: 88524561 ns, Reaching safepoint: 345069 ns, Cleanup: 70784 ns, At safepoint: 7828340 ns, Total: 8244193 ns
[2024-12-08T18:51:37.908+0000][2.036s][info ][cds,heap    ] initialize_from_archived_subgraph java.lang.Byte$ByteCache 0x00007fc4f303abf8
[2024-12-08T18:51:37.908+0000][2.036s][info ][cds,heap    ] initialize_from_archived_subgraph java.lang.Short$ShortCache 0x00007fc4f30412e8
[2024-12-08T18:51:37.938+0000][2.066s][debug][safepoint   ] ... found polling page loop exception at pc = 0x00007fc5610f2f8a, stub =0x00007fc560b10400
[2024-12-08T18:51:37.941+0000][2.069s][debug][safepoint   ] Safepoint synchronization initiated using futex wait barrier. (16 threads)
[2024-12-08T18:51:37.941+0000][2.070s][info ][gc,start    ] GC(3) Pause Young (Normal) (G1 Evacuation Pause)
[2024-12-08T18:51:37.941+0000][2.070s][info ][gc,task     ] GC(3) Using 6 workers of 10 for evacuation
[2024-12-08T18:51:37.944+0000][2.073s][info ][gc,phases   ] GC(3)   Pre Evacuate Collection Set: 0.1ms
[2024-12-08T18:51:37.944+0000][2.073s][info ][gc,phases   ] GC(3)   Merge Heap Roots: 0.1ms
[2024-12-08T18:51:37.944+0000][2.073s][info ][gc,phases   ] GC(3)   Evacuate Collection Set: 2.0ms
[2024-12-08T18:51:37.945+0000][2.073s][info ][gc,phases   ] GC(3)   Post Evacuate Collection Set: 0.5ms
[2024-12-08T18:51:37.945+0000][2.073s][info ][gc,phases   ] GC(3)   Other: 0.2ms
[2024-12-08T18:51:37.945+0000][2.073s][info ][gc,heap     ] GC(3) Eden regions: 71->0(71)
[2024-12-08T18:51:37.945+0000][2.073s][info ][gc,heap     ] GC(3) Survivor regions: 4->4(10)
[2024-12-08T18:51:37.945+0000][2.073s][info ][gc,heap     ] GC(3) Old regions: 5->5
[2024-12-08T18:51:37.945+0000][2.074s][info ][gc,heap     ] GC(3) Archive regions: 2->2
[2024-12-08T18:51:37.945+0000][2.074s][info ][gc,heap     ] GC(3) Humongous regions: 0->0
[2024-12-08T18:51:37.945+0000][2.074s][info ][gc,metaspace] GC(3) Metaspace: 17026K(17280K)->17026K(17280K) NonClass: 14712K(14848K)->14712K(14848K) Class: 2313K(2432K)->2313K(2432K)
[2024-12-08T18:51:37.945+0000][2.074s][info ][gc          ] GC(3) Pause Young (Normal) (G1 Evacuation Pause) 159M->17M(254M) 4.257ms
[2024-12-08T18:51:37.946+0000][2.074s][info ][gc,cpu      ] GC(3) User=0.03s Sys=0.00s Real=0.01s
[2024-12-08T18:51:37.946+0000][2.074s][info ][safepoint   ] Safepoint "G1CollectForAllocation", Time since last: 310267409 ns, Reaching safepoint: 119276 ns, Cleanup: 66887 ns, At safepoint: 4482086 ns, Total: 4668249 ns
[2024-12-08T18:51:38.157+0000][2.286s][debug][safepoint   ] Safepoint synchronization initiated using futex wait barrier. (16 threads)
[2024-12-08T18:51:38.157+0000][2.286s][info ][gc,start    ] GC(4) Pause Young (Concurrent Start) (Metadata GC Threshold)
[2024-12-08T18:51:38.157+0000][2.286s][info ][gc,task     ] GC(4) Using 6 workers of 10 for evacuation
[2024-12-08T18:51:38.161+0000][2.289s][info ][gc,phases   ] GC(4)   Pre Evacuate Collection Set: 0.1ms
[2024-12-08T18:51:38.161+0000][2.290s][info ][gc,phases   ] GC(4)   Merge Heap Roots: 0.1ms
[2024-12-08T18:51:38.161+0000][2.290s][info ][gc,phases   ] GC(4)   Evacuate Collection Set: 2.6ms
[2024-12-08T18:51:38.161+0000][2.290s][info ][gc,phases   ] GC(4)   Post Evacuate Collection Set: 0.6ms
[2024-12-08T18:51:38.162+0000][2.290s][info ][gc,phases   ] GC(4)   Other: 0.3ms
[2024-12-08T18:51:38.162+0000][2.290s][info ][gc,heap     ] GC(4) Eden regions: 42->0(70)
[2024-12-08T18:51:38.162+0000][2.290s][info ][gc,heap     ] GC(4) Survivor regions: 4->5(10)
[2024-12-08T18:51:38.162+0000][2.290s][info ][gc,heap     ] GC(4) Old regions: 5->5
[2024-12-08T18:51:38.162+0000][2.290s][info ][gc,heap     ] GC(4) Archive regions: 2->2
[2024-12-08T18:51:38.162+0000][2.290s][info ][gc,heap     ] GC(4) Humongous regions: 0->0
[2024-12-08T18:51:38.162+0000][2.291s][info ][gc,metaspace] GC(4) Metaspace: 21248K(21504K)->21248K(21504K) NonClass: 18470K(18624K)->18470K(18624K) Class: 2777K(2880K)->2777K(2880K)
[2024-12-08T18:51:38.162+0000][2.291s][info ][gc          ] GC(4) Pause Young (Concurrent Start) (Metadata GC Threshold) 100M->20M(254M) 4.923ms
[2024-12-08T18:51:38.162+0000][2.291s][info ][gc,cpu      ] GC(4) User=0.02s Sys=0.00s Real=0.00s
[2024-12-08T18:51:38.162+0000][2.291s][info ][gc          ] GC(5) Concurrent Mark Cycle
[2024-12-08T18:51:38.163+0000][2.291s][info ][gc,marking  ] GC(5) Concurrent Clear Claimed Marks
[2024-12-08T18:51:38.162+0000][2.291s][info ][safepoint   ] Safepoint "CollectForMetadataAllocation", Time since last: 211367782 ns, Reaching safepoint: 168710 ns, Cleanup: 45206 ns, At safepoint: 5141845 ns, Total: 5355761 ns
[2024-12-08T18:51:38.163+0000][2.291s][info ][gc,marking  ] GC(5) Concurrent Clear Claimed Marks 0.132ms
[2024-12-08T18:51:38.163+0000][2.291s][info ][gc,marking  ] GC(5) Concurrent Scan Root Regions
[2024-12-08T18:51:38.165+0000][2.293s][info ][gc,marking  ] GC(5) Concurrent Scan Root Regions 1.869ms
[2024-12-08T18:51:38.165+0000][2.293s][info ][gc,marking  ] GC(5) Concurrent Mark
[2024-12-08T18:51:38.165+0000][2.293s][info ][gc,marking  ] GC(5) Concurrent Mark From Roots
[2024-12-08T18:51:38.165+0000][2.294s][info ][gc,task     ] GC(5) Using 3 workers of 3 for marking
[2024-12-08T18:51:38.168+0000][2.297s][info ][gc,marking  ] GC(5) Concurrent Mark From Roots 3.402ms
[2024-12-08T18:51:38.168+0000][2.297s][info ][gc,marking  ] GC(5) Concurrent Preclean
[2024-12-08T18:51:38.169+0000][2.297s][info ][gc,marking  ] GC(5) Concurrent Preclean 0.234ms
[2024-12-08T18:51:38.169+0000][2.297s][debug][safepoint   ] Safepoint synchronization initiated using futex wait barrier. (16 threads)
[2024-12-08T18:51:38.169+0000][2.298s][info ][gc,start    ] GC(5) Pause Remark
[2024-12-08T18:51:38.171+0000][2.299s][info ][gc          ] GC(5) Pause Remark 23M->23M(94M) 1.442ms
[2024-12-08T18:51:38.171+0000][2.299s][info ][gc,cpu      ] GC(5) User=0.00s Sys=0.00s Real=0.00s
[2024-12-08T18:51:38.171+0000][2.299s][info ][safepoint   ] Safepoint "G1PauseRemark", Time since last: 6467610 ns, Reaching safepoint: 182347 ns, Cleanup: 2223 ns, At safepoint: 1683036 ns, Total: 1867606 ns
[2024-12-08T18:51:38.171+0000][2.299s][info ][gc,marking  ] GC(5) Concurrent Mark 6.034ms
[2024-12-08T18:51:38.171+0000][2.299s][info ][gc,marking  ] GC(5) Concurrent Rebuild Remembered Sets
[2024-12-08T18:51:38.172+0000][2.301s][info ][gc,marking  ] GC(5) Concurrent Rebuild Remembered Sets 1.302ms
[2024-12-08T18:51:38.172+0000][2.301s][debug][safepoint   ] Safepoint synchronization initiated using futex wait barrier. (16 threads)
[2024-12-08T18:51:38.173+0000][2.301s][info ][gc,start    ] GC(5) Pause Cleanup
[2024-12-08T18:51:38.173+0000][2.301s][info ][gc          ] GC(5) Pause Cleanup 23M->23M(94M) 0.162ms
[2024-12-08T18:51:38.173+0000][2.301s][info ][gc,cpu      ] GC(5) User=0.00s Sys=0.00s Real=0.00s
[2024-12-08T18:51:38.173+0000][2.302s][info ][safepoint   ] Safepoint "G1PauseCleanup", Time since last: 1723225 ns, Reaching safepoint: 236076 ns, Cleanup: 1611 ns, At safepoint: 377705 ns, Total: 615392 ns
[2024-12-08T18:51:38.173+0000][2.302s][info ][gc,marking  ] GC(5) Concurrent Cleanup for Next Mark
[2024-12-08T18:51:38.174+0000][2.302s][info ][gc,marking  ] GC(5) Concurrent Cleanup for Next Mark 0.558ms
[2024-12-08T18:51:38.174+0000][2.302s][info ][gc          ] GC(5) Concurrent Mark Cycle 11.502ms
[2024-12-08T18:51:38.352+0000][2.481s][debug][safepoint   ] Safepoint synchronization initiated using futex wait barrier. (16 threads)
[2024-12-08T18:51:38.353+0000][2.481s][info ][gc,start    ] GC(6) Pause Young (Prepare Mixed) (G1 Preventive Collection)
[2024-12-08T18:51:38.353+0000][2.481s][info ][gc,task     ] GC(6) Using 5 workers of 10 for evacuation
[2024-12-08T18:51:38.360+0000][2.488s][info ][gc,phases   ] GC(6)   Pre Evacuate Collection Set: 0.1ms
[2024-12-08T18:51:38.360+0000][2.488s][info ][gc,phases   ] GC(6)   Merge Heap Roots: 0.1ms
[2024-12-08T18:51:38.360+0000][2.488s][info ][gc,phases   ] GC(6)   Evacuate Collection Set: 5.8ms
[2024-12-08T18:51:38.360+0000][2.489s][info ][gc,phases   ] GC(6)   Post Evacuate Collection Set: 0.8ms
[2024-12-08T18:51:38.360+0000][2.489s][info ][gc,phases   ] GC(6)   Other: 0.3ms
[2024-12-08T18:51:38.360+0000][2.489s][info ][gc,heap     ] GC(6) Eden regions: 27->0(1)
[2024-12-08T18:51:38.361+0000][2.489s][info ][gc,heap     ] GC(6) Survivor regions: 5->6(10)
[2024-12-08T18:51:38.361+0000][2.489s][info ][gc,heap     ] GC(6) Old regions: 5->5
[2024-12-08T18:51:38.361+0000][2.489s][info ][gc,heap     ] GC(6) Archive regions: 2->2
[2024-12-08T18:51:38.361+0000][2.489s][info ][gc,heap     ] GC(6) Humongous regions: 0->0
[2024-12-08T18:51:38.361+0000][2.489s][info ][gc,metaspace] GC(6) Metaspace: 23469K(23872K)->23469K(23872K) NonClass: 20401K(20608K)->20401K(20608K) Class: 3068K(3264K)->3068K(3264K)
[2024-12-08T18:51:38.361+0000][2.490s][info ][gc          ] GC(6) Pause Young (Prepare Mixed) (G1 Preventive Collection) 74M->22M(94M) 8.445ms
[2024-12-08T18:51:38.361+0000][2.490s][info ][gc,cpu      ] GC(6) User=0.02s Sys=0.04s Real=0.01s
[2024-12-08T18:51:38.361+0000][2.490s][info ][safepoint   ] Safepoint "G1CollectForAllocation", Time since last: 179241988 ns, Reaching safepoint: 291601 ns, Cleanup: 44585 ns, At safepoint: 8763260 ns, Total: 9099446 ns
[2024-12-08T18:51:38.374+0000][2.503s][debug][safepoint   ] Safepoint synchronization initiated using futex wait barrier. (16 threads)
[2024-12-08T18:51:38.374+0000][2.503s][info ][gc,start    ] GC(7) Pause Young (Mixed) (G1 Evacuation Pause)
[2024-12-08T18:51:38.375+0000][2.503s][info ][gc,task     ] GC(7) Using 4 workers of 10 for evacuation
[2024-12-08T18:51:38.382+0000][2.510s][info ][gc,phases   ] GC(7)   Pre Evacuate Collection Set: 0.1ms
[2024-12-08T18:51:38.382+0000][2.510s][info ][gc,phases   ] GC(7)   Merge Heap Roots: 0.1ms
[2024-12-08T18:51:38.382+0000][2.511s][info ][gc,phases   ] GC(7)   Evacuate Collection Set: 6.2ms
[2024-12-08T18:51:38.382+0000][2.511s][info ][gc,phases   ] GC(7)   Post Evacuate Collection Set: 0.8ms
[2024-12-08T18:51:38.382+0000][2.511s][info ][gc,phases   ] GC(7)   Other: 0.3ms
[2024-12-08T18:51:38.382+0000][2.511s][info ][gc,heap     ] GC(7) Eden regions: 1->0(32)
[2024-12-08T18:51:38.383+0000][2.511s][info ][gc,heap     ] GC(7) Survivor regions: 6->1(1)
[2024-12-08T18:51:38.383+0000][2.511s][info ][gc,heap     ] GC(7) Old regions: 5->10
[2024-12-08T18:51:38.383+0000][2.511s][info ][gc,heap     ] GC(7) Archive regions: 2->2
[2024-12-08T18:51:38.383+0000][2.511s][info ][gc,heap     ] GC(7) Humongous regions: 0->0
[2024-12-08T18:51:38.383+0000][2.512s][info ][gc,metaspace] GC(7) Metaspace: 23782K(24128K)->23782K(24128K) NonClass: 20675K(20864K)->20675K(20864K) Class: 3106K(3264K)->3106K(3264K)
[2024-12-08T18:51:38.383+0000][2.512s][info ][gc          ] GC(7) Pause Young (Mixed) (G1 Evacuation Pause) 24M->23M(114M) 8.785ms
[2024-12-08T18:51:38.383+0000][2.512s][info ][gc,cpu      ] GC(7) User=0.06s Sys=0.00s Real=0.01s
[2024-12-08T18:51:38.383+0000][2.512s][info ][safepoint   ] Safepoint "G1CollectForAllocation", Time since last: 12620559 ns, Reaching safepoint: 287544 ns, Cleanup: 11178 ns, At safepoint: 9082046 ns, Total: 9380768 ns
[2024-12-08T18:51:38.541+0000][2.670s][debug][safepoint   ] Safepoint synchronization initiated using futex wait barrier. (15 threads)
[2024-12-08T18:51:38.542+0000][2.670s][info ][gc,start    ] GC(8) Pause Young (Normal) (G1 Evacuation Pause)
[2024-12-08T18:51:38.542+0000][2.670s][info ][gc,task     ] GC(8) Using 3 workers of 10 for evacuation
[2024-12-08T18:51:38.546+0000][2.674s][info ][gc,phases   ] GC(8)   Pre Evacuate Collection Set: 0.1ms
[2024-12-08T18:51:38.546+0000][2.674s][info ][gc,phases   ] GC(8)   Merge Heap Roots: 0.1ms
[2024-12-08T18:51:38.546+0000][2.674s][info ][gc,phases   ] GC(8)   Evacuate Collection Set: 3.2ms
[2024-12-08T18:51:38.546+0000][2.674s][info ][gc,phases   ] GC(8)   Post Evacuate Collection Set: 0.4ms
[2024-12-08T18:51:38.546+0000][2.675s][info ][gc,phases   ] GC(8)   Other: 0.3ms
[2024-12-08T18:51:38.546+0000][2.675s][info ][gc,heap     ] GC(8) Eden regions: 32->0(30)
[2024-12-08T18:51:38.546+0000][2.675s][info ][gc,heap     ] GC(8) Survivor regions: 1->3(5)
[2024-12-08T18:51:38.546+0000][2.675s][info ][gc,heap     ] GC(8) Old regions: 10->10
[2024-12-08T18:51:38.546+0000][2.675s][info ][gc,heap     ] GC(8) Archive regions: 2->2
[2024-12-08T18:51:38.546+0000][2.675s][info ][gc,heap     ] GC(8) Humongous regions: 0->0
[2024-12-08T18:51:38.547+0000][2.675s][info ][gc,metaspace] GC(8) Metaspace: 24421K(24768K)->24421K(24768K) NonClass: 21241K(21440K)->21241K(21440K) Class: 3180K(3328K)->3180K(3328K)
[2024-12-08T18:51:38.547+0000][2.675s][info ][gc          ] GC(8) Pause Young (Normal) (G1 Evacuation Pause) 87M->27M(114M) 5.100ms
[2024-12-08T18:51:38.547+0000][2.675s][info ][gc,cpu      ] GC(8) User=0.04s Sys=0.00s Real=0.01s
[2024-12-08T18:51:38.547+0000][2.675s][info ][safepoint   ] Safepoint "G1CollectForAllocation", Time since last: 157800047 ns, Reaching safepoint: 249871 ns, Cleanup: 71252 ns, At safepoint: 5371832 ns, Total: 5692955 ns
[2024-12-08T18:51:38.617+0000][2.746s][debug][safepoint   ] Safepoint synchronization initiated using futex wait barrier. (15 threads)
[2024-12-08T18:51:38.617+0000][2.746s][info ][gc,start    ] GC(9) Pause Young (Normal) (G1 Evacuation Pause)
[2024-12-08T18:51:38.618+0000][2.746s][info ][gc,task     ] GC(9) Using 2 workers of 10 for evacuation
[2024-12-08T18:51:38.627+0000][2.755s][info ][gc,phases   ] GC(9)   Pre Evacuate Collection Set: 0.1ms
[2024-12-08T18:51:38.627+0000][2.756s][info ][gc,phases   ] GC(9)   Merge Heap Roots: 0.1ms
[2024-12-08T18:51:38.627+0000][2.756s][info ][gc,phases   ] GC(9)   Evacuate Collection Set: 8.0ms
[2024-12-08T18:51:38.627+0000][2.756s][info ][gc,phases   ] GC(9)   Post Evacuate Collection Set: 0.9ms
[2024-12-08T18:51:38.628+0000][2.756s][info ][gc,phases   ] GC(9)   Other: 0.3ms
[2024-12-08T18:51:38.628+0000][2.756s][info ][gc,heap     ] GC(9) Eden regions: 30->0(25)
[2024-12-08T18:51:38.628+0000][2.756s][info ][gc,heap     ] GC(9) Survivor regions: 3->4(5)
[2024-12-08T18:51:38.628+0000][2.756s][info ][gc,heap     ] GC(9) Old regions: 10->13
[2024-12-08T18:51:38.628+0000][2.757s][info ][gc,heap     ] GC(9) Archive regions: 2->2
[2024-12-08T18:51:38.628+0000][2.757s][info ][gc,heap     ] GC(9) Humongous regions: 0->0
[2024-12-08T18:51:38.628+0000][2.757s][info ][gc,metaspace] GC(9) Metaspace: 24437K(24832K)->24437K(24832K) NonClass: 21252K(21440K)->21252K(21440K) Class: 3184K(3392K)->3184K(3392K)
[2024-12-08T18:51:38.628+0000][2.757s][info ][gc          ] GC(9) Pause Young (Normal) (G1 Evacuation Pause) 87M->35M(114M) 10.978ms
[2024-12-08T18:51:38.629+0000][2.757s][info ][gc,cpu      ] GC(9) User=0.04s Sys=0.00s Real=0.01s
[2024-12-08T18:51:38.629+0000][2.757s][info ][safepoint   ] Safepoint "G1CollectForAllocation", Time since last: 70200533 ns, Reaching safepoint: 286576 ns, Cleanup: 16137 ns, At safepoint: 11264726 ns, Total: 11567439 ns
[2024-12-08T18:51:38.707+0000][2.836s][debug][safepoint   ] Safepoint synchronization initiated using futex wait barrier. (15 threads)
[2024-12-08T18:51:38.708+0000][2.836s][info ][gc,start    ] GC(10) Pause Young (Normal) (G1 Evacuation Pause)
[2024-12-08T18:51:38.708+0000][2.836s][info ][gc,task     ] GC(10) Using 2 workers of 10 for evacuation
[2024-12-08T18:51:38.721+0000][2.849s][info ][gc,phases   ] GC(10)   Pre Evacuate Collection Set: 0.1ms
[2024-12-08T18:51:38.721+0000][2.849s][info ][gc,phases   ] GC(10)   Merge Heap Roots: 0.1ms
[2024-12-08T18:51:38.721+0000][2.849s][info ][gc,phases   ] GC(10)   Evacuate Collection Set: 11.3ms
[2024-12-08T18:51:38.721+0000][2.849s][info ][gc,phases   ] GC(10)   Post Evacuate Collection Set: 1.1ms
[2024-12-08T18:51:38.721+0000][2.850s][info ][gc,phases   ] GC(10)   Other: 0.4ms
[2024-12-08T18:51:38.721+0000][2.850s][info ][gc,heap     ] GC(10) Eden regions: 25->0(23)
[2024-12-08T18:51:38.721+0000][2.850s][info ][gc,heap     ] GC(10) Survivor regions: 4->3(4)
[2024-12-08T18:51:38.721+0000][2.850s][info ][gc,heap     ] GC(10) Old regions: 13->17
[2024-12-08T18:51:38.722+0000][2.850s][info ][gc,heap     ] GC(10) Archive regions: 2->2
[2024-12-08T18:51:38.722+0000][2.850s][info ][gc,heap     ] GC(10) Humongous regions: 0->0
[2024-12-08T18:51:38.722+0000][2.850s][info ][gc,metaspace] GC(10) Metaspace: 24573K(24960K)->24573K(24960K) NonClass: 21363K(21568K)->21363K(21568K) Class: 3210K(3392K)->3210K(3392K)
[2024-12-08T18:51:38.722+0000][2.850s][info ][gc          ] GC(10) Pause Young (Normal) (G1 Evacuation Pause) 85M->40M(114M) 14.414ms
[2024-12-08T18:51:38.722+0000][2.851s][info ][gc,cpu      ] GC(10) User=0.06s Sys=0.00s Real=0.01s
[2024-12-08T18:51:38.722+0000][2.851s][info ][safepoint   ] Safepoint "G1CollectForAllocation", Time since last: 78662798 ns, Reaching safepoint: 210040 ns, Cleanup: 25028 ns, At safepoint: 14649742 ns, Total: 14884810 ns
[2024-12-08T18:51:38.812+0000][2.940s][debug][safepoint   ] Safepoint synchronization initiated using futex wait barrier. (15 threads)
[2024-12-08T18:51:38.812+0000][2.941s][info ][gc,start    ] GC(11) Pause Young (Normal) (G1 Evacuation Pause)
[2024-12-08T18:51:38.812+0000][2.941s][info ][gc,task     ] GC(11) Using 2 workers of 10 for evacuation
[2024-12-08T18:51:38.819+0000][2.948s][info ][gc,phases   ] GC(11)   Pre Evacuate Collection Set: 0.1ms
[2024-12-08T18:51:38.820+0000][2.948s][info ][gc,phases   ] GC(11)   Merge Heap Roots: 0.1ms
[2024-12-08T18:51:38.820+0000][2.948s][info ][gc,phases   ] GC(11)   Evacuate Collection Set: 6.1ms
[2024-12-08T18:51:38.820+0000][2.948s][info ][gc,phases   ] GC(11)   Post Evacuate Collection Set: 0.7ms
[2024-12-08T18:51:38.820+0000][2.948s][info ][gc,phases   ] GC(11)   Other: 0.3ms
[2024-12-08T18:51:38.820+0000][2.948s][info ][gc,heap     ] GC(11) Eden regions: 23->0(67)
[2024-12-08T18:51:38.820+0000][2.948s][info ][gc,heap     ] GC(11) Survivor regions: 3->3(4)
[2024-12-08T18:51:38.820+0000][2.949s][info ][gc,heap     ] GC(11) Old regions: 17->20
[2024-12-08T18:51:38.820+0000][2.949s][info ][gc,heap     ] GC(11) Archive regions: 2->2
[2024-12-08T18:51:38.820+0000][2.949s][info ][gc,heap     ] GC(11) Humongous regions: 0->0
[2024-12-08T18:51:38.820+0000][2.949s][info ][gc,metaspace] GC(11) Metaspace: 24725K(25088K)->24725K(25088K) NonClass: 21496K(21696K)->21496K(21696K) Class: 3228K(3392K)->3228K(3392K)
[2024-12-08T18:51:38.821+0000][2.949s][info ][gc          ] GC(11) Pause Young (Normal) (G1 Evacuation Pause) 86M->46M(246M) 8.555ms
[2024-12-08T18:51:38.821+0000][2.949s][info ][gc,cpu      ] GC(11) User=0.04s Sys=0.00s Real=0.01s
[2024-12-08T18:51:38.821+0000][2.949s][info ][safepoint   ] Safepoint "G1CollectForAllocation", Time since last: 89601785 ns, Reaching safepoint: 208679 ns, Cleanup: 7974 ns, At safepoint: 8844885 ns, Total: 9061538 ns
[2024-12-08T18:51:38.965+0000][3.094s][debug][safepoint   ] Safepoint synchronization initiated using futex wait barrier. (15 threads)
[2024-12-08T18:51:38.966+0000][3.094s][info ][safepoint   ] Safepoint "ICBufferFull", Time since last: 144554396 ns, Reaching safepoint: 208402 ns, Cleanup: 111842 ns, At safepoint: 2133 ns, Total: 322377 ns
[2024-12-08T18:51:39.188+0000][3.317s][debug][safepoint   ] Safepoint synchronization initiated using futex wait barrier. (15 threads)
[2024-12-08T18:51:39.189+0000][3.317s][info ][gc,start    ] GC(12) Pause Young (Normal) (G1 Evacuation Pause)
[2024-12-08T18:51:39.189+0000][3.317s][info ][gc,task     ] GC(12) Using 5 workers of 10 for evacuation
[2024-12-08T18:51:39.195+0000][3.323s][info ][gc,phases   ] GC(12)   Pre Evacuate Collection Set: 0.1ms
[2024-12-08T18:51:39.195+0000][3.324s][info ][gc,phases   ] GC(12)   Merge Heap Roots: 0.1ms
[2024-12-08T18:51:39.195+0000][3.324s][info ][gc,phases   ] GC(12)   Evacuate Collection Set: 5.3ms
[2024-12-08T18:51:39.195+0000][3.324s][info ][gc,phases   ] GC(12)   Post Evacuate Collection Set: 0.7ms
[2024-12-08T18:51:39.196+0000][3.324s][info ][gc,phases   ] GC(12)   Other: 0.3ms
[2024-12-08T18:51:39.196+0000][3.324s][info ][gc,heap     ] GC(12) Eden regions: 67->0(66)
[2024-12-08T18:51:39.196+0000][3.324s][info ][gc,heap     ] GC(12) Survivor regions: 3->6(9)
[2024-12-08T18:51:39.196+0000][3.324s][info ][gc,heap     ] GC(12) Old regions: 20->20
[2024-12-08T18:51:39.196+0000][3.324s][info ][gc,heap     ] GC(12) Archive regions: 2->2
[2024-12-08T18:51:39.196+0000][3.325s][info ][gc,heap     ] GC(12) Humongous regions: 0->0
[2024-12-08T18:51:39.196+0000][3.325s][info ][gc,metaspace] GC(12) Metaspace: 25141K(25472K)->25141K(25472K) NonClass: 21885K(22016K)->21885K(22016K) Class: 3256K(3456K)->3256K(3456K)
[2024-12-08T18:51:39.196+0000][3.325s][info ][gc          ] GC(12) Pause Young (Normal) (G1 Evacuation Pause) 180M->52M(246M) 7.737ms
[2024-12-08T18:51:39.196+0000][3.325s][info ][gc,cpu      ] GC(12) User=0.04s Sys=0.01s Real=0.01s
[2024-12-08T18:51:39.197+0000][3.325s][info ][safepoint   ] Safepoint "G1CollectForAllocation", Time since last: 222544143 ns, Reaching safepoint: 215224 ns, Cleanup: 58265 ns, At safepoint: 8044885 ns, Total: 8318374 ns
[2024-12-08T18:51:39.480+0000][3.608s][debug][safepoint   ] Safepoint synchronization initiated using futex wait barrier. (16 threads)
[2024-12-08T18:51:39.480+0000][3.608s][info ][gc,start    ] GC(13) Pause Young (Normal) (G1 Evacuation Pause)
[2024-12-08T18:51:39.480+0000][3.609s][info ][gc,task     ] GC(13) Using 5 workers of 10 for evacuation
[2024-12-08T18:51:39.486+0000][3.614s][info ][gc,phases   ] GC(13)   Pre Evacuate Collection Set: 0.1ms
[2024-12-08T18:51:39.486+0000][3.615s][info ][gc,phases   ] GC(13)   Merge Heap Roots: 0.1ms
[2024-12-08T18:51:39.486+0000][3.615s][info ][gc,phases   ] GC(13)   Evacuate Collection Set: 4.7ms
[2024-12-08T18:51:39.487+0000][3.615s][info ][gc,phases   ] GC(13)   Post Evacuate Collection Set: 0.8ms
[2024-12-08T18:51:39.487+0000][3.615s][info ][gc,phases   ] GC(13)   Other: 0.3ms
[2024-12-08T18:51:39.487+0000][3.615s][info ][gc,heap     ] GC(13) Eden regions: 66->0(66)
[2024-12-08T18:51:39.487+0000][3.615s][info ][gc,heap     ] GC(13) Survivor regions: 6->6(9)
[2024-12-08T18:51:39.487+0000][3.616s][info ][gc,heap     ] GC(13) Old regions: 20->22
[2024-12-08T18:51:39.487+0000][3.616s][info ][gc,heap     ] GC(13) Archive regions: 2->2
[2024-12-08T18:51:39.487+0000][3.616s][info ][gc,heap     ] GC(13) Humongous regions: 0->0
[2024-12-08T18:51:39.487+0000][3.616s][info ][gc,metaspace] GC(13) Metaspace: 26490K(26944K)->26490K(26944K) NonClass: 23127K(23360K)->23127K(23360K) Class: 3362K(3584K)->3362K(3584K)
[2024-12-08T18:51:39.488+0000][3.616s][info ][gc          ] GC(13) Pause Young (Normal) (G1 Evacuation Pause) 184M->56M(246M) 7.532ms
[2024-12-08T18:51:39.488+0000][3.616s][info ][gc,cpu      ] GC(13) User=0.06s Sys=0.00s Real=0.01s
[2024-12-08T18:51:39.488+0000][3.616s][info ][safepoint   ] Safepoint "G1CollectForAllocation", Time since last: 283029566 ns, Reaching safepoint: 235129 ns, Cleanup: 110240 ns, At safepoint: 7801059 ns, Total: 8146428 ns
[2024-12-08T18:51:43.084+0000][3.878s][debug][safepoint   ] Safepoint synchronization initiated using futex wait barrier. (15 threads)
[2024-12-08T18:51:43.084+0000][3.878s][info ][gc,start    ] GC(14) Pause Young (Normal) (G1 Evacuation Pause)
[2024-12-08T18:51:43.084+0000][3.878s][info ][gc,task     ] GC(14) Using 5 workers of 10 for evacuation
[2024-12-08T18:51:43.089+0000][3.883s][info ][gc,phases   ] GC(14)   Pre Evacuate Collection Set: 0.1ms
[2024-12-08T18:51:43.089+0000][3.883s][info ][gc,phases   ] GC(14)   Merge Heap Roots: 0.1ms
[2024-12-08T18:51:43.089+0000][3.883s][info ][gc,phases   ] GC(14)   Evacuate Collection Set: 3.4ms
[2024-12-08T18:51:43.089+0000][3.883s][info ][gc,phases   ] GC(14)   Post Evacuate Collection Set: 0.9ms
[2024-12-08T18:51:43.089+0000][3.883s][info ][gc,phases   ] GC(14)   Other: 0.3ms
[2024-12-08T18:51:43.089+0000][3.883s][info ][gc,heap     ] GC(14) Eden regions: 66->0(67)
[2024-12-08T18:51:43.089+0000][3.884s][info ][gc,heap     ] GC(14) Survivor regions: 6->3(9)
[2024-12-08T18:51:43.089+0000][3.884s][info ][gc,heap     ] GC(14) Old regions: 22->26
[2024-12-08T18:51:43.090+0000][3.884s][info ][gc,heap     ] GC(14) Archive regions: 2->2
[2024-12-08T18:51:43.090+0000][3.884s][info ][gc,heap     ] GC(14) Humongous regions: 0->0
[2024-12-08T18:51:43.090+0000][3.884s][info ][gc,metaspace] GC(14) Metaspace: 28651K(29056K)->28651K(29056K) NonClass: 25032K(25216K)->25032K(25216K) Class: 3619K(3840K)->3619K(3840K)
[2024-12-08T18:51:43.090+0000][3.884s][info ][gc          ] GC(14) Pause Young (Normal) (G1 Evacuation Pause) 188M->58M(246M) 5.866ms
[2024-12-08T18:51:43.090+0000][3.884s][info ][gc,cpu      ] GC(14) User=0.04s Sys=0.00s Real=0.01s
[2024-12-08T18:51:43.090+0000][3.884s][info ][safepoint   ] Safepoint "G1CollectForAllocation", Time since last: 261661619 ns, Reaching safepoint: 180816 ns, Cleanup: 48501 ns, At safepoint: 6107369 ns, Total: 6336686 ns
[2024-12-08T18:51:43.397+0000][4.191s][debug][safepoint   ] Safepoint synchronization initiated using futex wait barrier. (15 threads)
[2024-12-08T18:51:43.397+0000][4.191s][info ][safepoint   ] Safepoint "ICBufferFull", Time since last: 306830184 ns, Reaching safepoint: 174256 ns, Cleanup: 81899 ns, At safepoint: 15768 ns, Total: 271923 ns
[2024-12-08T18:51:43.431+0000][4.225s][debug][safepoint   ] Safepoint synchronization initiated using futex wait barrier. (15 threads)
[2024-12-08T18:51:43.431+0000][4.225s][info ][gc,start    ] GC(15) Pause Young (Normal) (G1 Evacuation Pause)
[2024-12-08T18:51:43.431+0000][4.225s][info ][gc,task     ] GC(15) Using 5 workers of 10 for evacuation
[2024-12-08T18:51:43.435+0000][4.229s][info ][gc,phases   ] GC(15)   Pre Evacuate Collection Set: 0.1ms
[2024-12-08T18:51:43.435+0000][4.229s][info ][gc,phases   ] GC(15)   Merge Heap Roots: 0.1ms
[2024-12-08T18:51:43.435+0000][4.229s][info ][gc,phases   ] GC(15)   Evacuate Collection Set: 2.6ms
[2024-12-08T18:51:43.435+0000][4.229s][info ][gc,phases   ] GC(15)   Post Evacuate Collection Set: 1.0ms
[2024-12-08T18:51:43.435+0000][4.229s][info ][gc,phases   ] GC(15)   Other: 0.3ms
[2024-12-08T18:51:43.435+0000][4.230s][info ][gc,heap     ] GC(15) Eden regions: 67->0(90)
[2024-12-08T18:51:43.435+0000][4.230s][info ][gc,heap     ] GC(15) Survivor regions: 3->4(9)
[2024-12-08T18:51:43.436+0000][4.230s][info ][gc,heap     ] GC(15) Old regions: 26->26
[2024-12-08T18:51:43.436+0000][4.230s][info ][gc,heap     ] GC(15) Archive regions: 2->2
[2024-12-08T18:51:43.436+0000][4.230s][info ][gc,heap     ] GC(15) Humongous regions: 0->0
[2024-12-08T18:51:43.436+0000][4.230s][info ][gc,metaspace] GC(15) Metaspace: 34065K(34496K)->34065K(34496K) NonClass: 29844K(30080K)->29844K(30080K) Class: 4221K(4416K)->4221K(4416K)
[2024-12-08T18:51:43.436+0000][4.230s][info ][gc          ] GC(15) Pause Young (Normal) (G1 Evacuation Pause) 192M->59M(314M) 4.974ms
[2024-12-08T18:51:43.436+0000][4.230s][info ][gc,cpu      ] GC(15) User=0.03s Sys=0.00s Real=0.00s
[2024-12-08T18:51:43.436+0000][4.230s][info ][safepoint   ] Safepoint "G1CollectForAllocation", Time since last: 33488543 ns, Reaching safepoint: 195315 ns, Cleanup: 15084 ns, At safepoint: 5221960 ns, Total: 5432359 ns
[2024-12-08T18:51:43.691+0000][4.486s][debug][safepoint   ] Safepoint synchronization initiated using futex wait barrier. (15 threads)
[2024-12-08T18:51:43.692+0000][4.486s][info ][safepoint   ] Safepoint "ICBufferFull", Time since last: 255264018 ns, Reaching safepoint: 190024 ns, Cleanup: 122317 ns, At safepoint: 15273 ns, Total: 327614 ns
[2024-12-08T18:51:43.728+0000][4.523s][debug][safepoint   ] Safepoint synchronization initiated using futex wait barrier. (15 threads)
[2024-12-08T18:51:43.729+0000][4.523s][info ][gc,start    ] GC(16) Pause Young (Concurrent Start) (Metadata GC Threshold)
[2024-12-08T18:51:43.729+0000][4.523s][info ][gc,task     ] GC(16) Using 7 workers of 10 for evacuation
[2024-12-08T18:51:43.732+0000][4.526s][info ][gc,phases   ] GC(16)   Pre Evacuate Collection Set: 0.1ms
[2024-12-08T18:51:43.732+0000][4.526s][info ][gc,phases   ] GC(16)   Merge Heap Roots: 0.1ms
[2024-12-08T18:51:43.732+0000][4.527s][info ][gc,phases   ] GC(16)   Evacuate Collection Set: 2.3ms
[2024-12-08T18:51:43.732+0000][4.527s][info ][gc,phases   ] GC(16)   Post Evacuate Collection Set: 0.7ms
[2024-12-08T18:51:43.733+0000][4.527s][info ][gc,phases   ] GC(16)   Other: 0.3ms
[2024-12-08T18:51:43.733+0000][4.527s][info ][gc,heap     ] GC(16) Eden regions: 67->0(90)
[2024-12-08T18:51:43.733+0000][4.527s][info ][gc,heap     ] GC(16) Survivor regions: 4->4(12)
[2024-12-08T18:51:43.733+0000][4.527s][info ][gc,heap     ] GC(16) Old regions: 26->26
[2024-12-08T18:51:43.733+0000][4.527s][info ][gc,heap     ] GC(16) Archive regions: 2->2
[2024-12-08T18:51:43.733+0000][4.527s][info ][gc,heap     ] GC(16) Humongous regions: 0->0
[2024-12-08T18:51:43.733+0000][4.527s][info ][gc,metaspace] GC(16) Metaspace: 35753K(36160K)->35753K(36160K) NonClass: 31319K(31552K)->31319K(31552K) Class: 4434K(4608K)->4434K(4608K)
[2024-12-08T18:51:43.733+0000][4.527s][info ][gc          ] GC(16) Pause Young (Concurrent Start) (Metadata GC Threshold) 193M->60M(314M) 4.513ms
[2024-12-08T18:51:43.733+0000][4.527s][info ][gc,cpu      ] GC(16) User=0.04s Sys=0.00s Real=0.01s
[2024-12-08T18:51:43.733+0000][4.527s][info ][gc          ] GC(17) Concurrent Mark Cycle
[2024-12-08T18:51:43.733+0000][4.528s][info ][gc,marking  ] GC(17) Concurrent Clear Claimed Marks
[2024-12-08T18:51:43.733+0000][4.528s][info ][safepoint   ] Safepoint "CollectForMetadataAllocation", Time since last: 36677053 ns, Reaching safepoint: 178971 ns, Cleanup: 13743 ns, At safepoint: 4788350 ns, Total: 4981064 ns
[2024-12-08T18:51:43.734+0000][4.528s][info ][gc,marking  ] GC(17) Concurrent Clear Claimed Marks 0.142ms
[2024-12-08T18:51:43.734+0000][4.528s][info ][gc,marking  ] GC(17) Concurrent Scan Root Regions
[2024-12-08T18:51:43.735+0000][4.529s][info ][gc,marking  ] GC(17) Concurrent Scan Root Regions 1.489ms
[2024-12-08T18:51:43.735+0000][4.530s][info ][gc,marking  ] GC(17) Concurrent Mark
[2024-12-08T18:51:43.736+0000][4.530s][info ][gc,marking  ] GC(17) Concurrent Mark From Roots
[2024-12-08T18:51:43.736+0000][4.530s][info ][gc,task     ] GC(17) Using 3 workers of 3 for marking
[2024-12-08T18:51:43.757+0000][4.551s][info ][gc,marking  ] GC(17) Concurrent Mark From Roots 21.361ms
[2024-12-08T18:51:43.757+0000][4.551s][info ][gc,marking  ] GC(17) Concurrent Preclean
[2024-12-08T18:51:43.758+0000][4.552s][info ][gc,marking  ] GC(17) Concurrent Preclean 0.406ms
[2024-12-08T18:51:43.758+0000][4.552s][debug][safepoint   ] Safepoint synchronization initiated using futex wait barrier. (15 threads)
[2024-12-08T18:51:43.758+0000][4.552s][info ][gc,start    ] GC(17) Pause Remark
[2024-12-08T18:51:43.760+0000][4.555s][info ][gc          ] GC(17) Pause Remark 65M->65M(234M) 2.360ms
[2024-12-08T18:51:43.761+0000][4.555s][info ][gc,cpu      ] GC(17) User=0.02s Sys=0.01s Real=0.01s
[2024-12-08T18:51:43.761+0000][4.555s][info ][safepoint   ] Safepoint "G1PauseRemark", Time since last: 24413129 ns, Reaching safepoint: 299156 ns, Cleanup: 14777 ns, At safepoint: 2621080 ns, Total: 2935013 ns
[2024-12-08T18:51:43.761+0000][4.555s][info ][gc,marking  ] GC(17) Concurrent Mark 25.458ms
[2024-12-08T18:51:43.761+0000][4.556s][info ][gc,marking  ] GC(17) Concurrent Rebuild Remembered Sets
[2024-12-08T18:51:43.770+0000][4.564s][info ][gc,marking  ] GC(17) Concurrent Rebuild Remembered Sets 8.781ms
[2024-12-08T18:51:43.770+0000][4.565s][debug][safepoint   ] Safepoint synchronization initiated using futex wait barrier. (15 threads)
[2024-12-08T18:51:43.771+0000][4.565s][info ][gc,start    ] GC(17) Pause Cleanup
[2024-12-08T18:51:43.771+0000][4.565s][info ][gc          ] GC(17) Pause Cleanup 67M->67M(234M) 0.252ms
[2024-12-08T18:51:43.771+0000][4.565s][info ][gc,cpu      ] GC(17) User=0.00s Sys=0.00s Real=0.00s
[2024-12-08T18:51:43.771+0000][4.565s][info ][safepoint   ] Safepoint "G1PauseCleanup", Time since last: 9759434 ns, Reaching safepoint: 124442 ns, Cleanup: 8532 ns, At safepoint: 594243 ns, Total: 727217 ns
[2024-12-08T18:51:43.771+0000][4.566s][info ][gc,marking  ] GC(17) Concurrent Cleanup for Next Mark
[2024-12-08T18:51:43.772+0000][4.566s][info ][gc,marking  ] GC(17) Concurrent Cleanup for Next Mark 0.910ms
[2024-12-08T18:51:43.772+0000][4.567s][info ][gc          ] GC(17) Concurrent Mark Cycle 39.081ms
[2024-12-08T18:51:44.062+0000][4.856s][debug][safepoint   ] Safepoint synchronization initiated using futex wait barrier. (15 threads)
[2024-12-08T18:51:44.062+0000][4.856s][info ][gc,start    ] GC(18) Pause Young (Prepare Mixed) (G1 Evacuation Pause)
[2024-12-08T18:51:44.062+0000][4.857s][info ][gc,task     ] GC(18) Using 6 workers of 10 for evacuation
[2024-12-08T18:51:44.066+0000][4.861s][info ][gc,phases   ] GC(18)   Pre Evacuate Collection Set: 0.1ms
[2024-12-08T18:51:44.067+0000][4.861s][info ][gc,phases   ] GC(18)   Merge Heap Roots: 0.1ms
[2024-12-08T18:51:44.067+0000][4.861s][info ][gc,phases   ] GC(18)   Evacuate Collection Set: 3.0ms
[2024-12-08T18:51:44.067+0000][4.861s][info ][gc,phases   ] GC(18)   Post Evacuate Collection Set: 0.6ms
[2024-12-08T18:51:44.067+0000][4.861s][info ][gc,phases   ] GC(18)   Other: 0.3ms
[2024-12-08T18:51:44.067+0000][4.861s][info ][gc,heap     ] GC(18) Eden regions: 66->0(1)
[2024-12-08T18:51:44.067+0000][4.861s][info ][gc,heap     ] GC(18) Survivor regions: 4->5(9)
[2024-12-08T18:51:44.067+0000][4.861s][info ][gc,heap     ] GC(18) Old regions: 26->26
[2024-12-08T18:51:44.067+0000][4.861s][info ][gc,heap     ] GC(18) Archive regions: 2->2
[2024-12-08T18:51:44.067+0000][4.861s][info ][gc,heap     ] GC(18) Humongous regions: 0->0
[2024-12-08T18:51:44.067+0000][4.862s][info ][gc,metaspace] GC(18) Metaspace: 38907K(39360K)->38907K(39360K) NonClass: 34005K(34240K)->34005K(34240K) Class: 4902K(5120K)->4902K(5120K)
[2024-12-08T18:51:44.067+0000][4.862s][info ][gc          ] GC(18) Pause Young (Prepare Mixed) (G1 Evacuation Pause) 192M->61M(234M) 5.155ms
[2024-12-08T18:51:44.068+0000][4.862s][info ][gc,cpu      ] GC(18) User=0.04s Sys=0.00s Real=0.00s
[2024-12-08T18:51:44.068+0000][4.862s][info ][safepoint   ] Safepoint "G1CollectForAllocation", Time since last: 290707065 ns, Reaching safepoint: 269187 ns, Cleanup: 117376 ns, At safepoint: 5372038 ns, Total: 5758601 ns
[2024-12-08T18:51:44.074+0000][4.868s][debug][safepoint   ] Safepoint synchronization initiated using futex wait barrier. (15 threads)
[2024-12-08T18:51:44.074+0000][4.868s][info ][gc,start    ] GC(19) Pause Young (Mixed) (G1 Evacuation Pause)
[2024-12-08T18:51:44.074+0000][4.868s][info ][gc,task     ] GC(19) Using 5 workers of 10 for evacuation
[2024-12-08T18:51:44.078+0000][4.872s][info ][gc,phases   ] GC(19)   Pre Evacuate Collection Set: 0.1ms
[2024-12-08T18:51:44.078+0000][4.873s][info ][gc,phases   ] GC(19)   Merge Heap Roots: 0.1ms
[2024-12-08T18:51:44.079+0000][4.873s][info ][gc,phases   ] GC(19)   Evacuate Collection Set: 3.2ms
[2024-12-08T18:51:44.079+0000][4.873s][info ][gc,phases   ] GC(19)   Post Evacuate Collection Set: 0.5ms
[2024-12-08T18:51:44.079+0000][4.873s][info ][gc,phases   ] GC(19)   Other: 0.3ms
[2024-12-08T18:51:44.079+0000][4.873s][info ][gc,heap     ] GC(19) Eden regions: 1->0(66)
[2024-12-08T18:51:44.079+0000][4.873s][info ][gc,heap     ] GC(19) Survivor regions: 5->1(1)
[2024-12-08T18:51:44.079+0000][4.873s][info ][gc,heap     ] GC(19) Old regions: 26->29
[2024-12-08T18:51:44.079+0000][4.874s][info ][gc,heap     ] GC(19) Archive regions: 2->2
[2024-12-08T18:51:44.079+0000][4.874s][info ][gc,heap     ] GC(19) Humongous regions: 0->0
[2024-12-08T18:51:44.080+0000][4.874s][info ][gc,metaspace] GC(19) Metaspace: 38993K(39424K)->38993K(39424K) NonClass: 34078K(34304K)->34078K(34304K) Class: 4914K(5120K)->4914K(5120K)
[2024-12-08T18:51:44.080+0000][4.874s][info ][gc          ] GC(19) Pause Young (Mixed) (G1 Evacuation Pause) 63M->61M(234M) 5.647ms
[2024-12-08T18:51:44.080+0000][4.874s][info ][gc,cpu      ] GC(19) User=0.04s Sys=0.00s Real=0.01s
[2024-12-08T18:51:44.080+0000][4.874s][info ][safepoint   ] Safepoint "G1CollectForAllocation", Time since last: 6165187 ns, Reaching safepoint: 149101 ns, Cleanup: 8298 ns, At safepoint: 5894310 ns, Total: 6051709 ns
[2024-12-08T18:51:44.432+0000][5.227s][debug][safepoint   ] Safepoint synchronization initiated using futex wait barrier. (15 threads)
[2024-12-08T18:51:44.433+0000][5.227s][info ][gc,start    ] GC(20) Pause Young (Normal) (G1 Evacuation Pause)
[2024-12-08T18:51:44.433+0000][5.227s][info ][gc,task     ] GC(20) Using 5 workers of 10 for evacuation
[2024-12-08T18:51:44.435+0000][5.229s][info ][gc,phases   ] GC(20)   Pre Evacuate Collection Set: 0.1ms
[2024-12-08T18:51:44.435+0000][5.229s][info ][gc,phases   ] GC(20)   Merge Heap Roots: 0.1ms
[2024-12-08T18:51:44.435+0000][5.229s][info ][gc,phases   ] GC(20)   Evacuate Collection Set: 1.2ms
[2024-12-08T18:51:44.435+0000][5.229s][info ][gc,phases   ] GC(20)   Post Evacuate Collection Set: 0.6ms
[2024-12-08T18:51:44.435+0000][5.229s][info ][gc,phases   ] GC(20)   Other: 0.3ms
[2024-12-08T18:51:44.435+0000][5.230s][info ][gc,heap     ] GC(20) Eden regions: 66->0(66)
[2024-12-08T18:51:44.436+0000][5.230s][info ][gc,heap     ] GC(20) Survivor regions: 1->2(9)
[2024-12-08T18:51:44.436+0000][5.230s][info ][gc,heap     ] GC(20) Old regions: 29->29
[2024-12-08T18:51:44.436+0000][5.230s][info ][gc,heap     ] GC(20) Archive regions: 2->2
[2024-12-08T18:51:44.436+0000][5.230s][info ][gc,heap     ] GC(20) Humongous regions: 0->0
[2024-12-08T18:51:44.436+0000][5.230s][info ][gc,metaspace] GC(20) Metaspace: 41813K(42176K)->41813K(42176K) NonClass: 36530K(36672K)->36530K(36672K) Class: 5282K(5504K)->5282K(5504K)
[2024-12-08T18:51:44.436+0000][5.230s][info ][gc          ] GC(20) Pause Young (Normal) (G1 Evacuation Pause) 193M->61M(234M) 3.449ms
[2024-12-08T18:51:44.436+0000][5.230s][info ][gc,cpu      ] GC(20) User=0.02s Sys=0.00s Real=0.00s
[2024-12-08T18:51:44.436+0000][5.231s][info ][safepoint   ] Safepoint "G1CollectForAllocation", Time since last: 352458400 ns, Reaching safepoint: 215439 ns, Cleanup: 101843 ns, At safepoint: 3741331 ns, Total: 4058613 ns
[2024-12-08T18:51:44.804+0000][5.598s][debug][safepoint   ] Safepoint synchronization initiated using futex wait barrier. (15 threads)
[2024-12-08T18:51:44.804+0000][5.599s][info ][safepoint   ] Safepoint "ICBufferFull", Time since last: 367751516 ns, Reaching safepoint: 204065 ns, Cleanup: 105308 ns, At safepoint: 1782 ns, Total: 311155 ns
[2024-12-08T18:51:44.880+0000][5.674s][debug][safepoint   ] Safepoint synchronization initiated using futex wait barrier. (15 threads)
[2024-12-08T18:51:44.880+0000][5.674s][info ][gc,start    ] GC(21) Pause Young (Normal) (G1 Evacuation Pause)
[2024-12-08T18:51:44.880+0000][5.675s][info ][gc,task     ] GC(21) Using 5 workers of 10 for evacuation
[2024-12-08T18:51:44.883+0000][5.677s][info ][gc,phases   ] GC(21)   Pre Evacuate Collection Set: 0.1ms
[2024-12-08T18:51:44.883+0000][5.678s][info ][gc,phases   ] GC(21)   Merge Heap Roots: 0.1ms
[2024-12-08T18:51:44.883+0000][5.678s][info ][gc,phases   ] GC(21)   Evacuate Collection Set: 2.0ms
[2024-12-08T18:51:44.884+0000][5.678s][info ][gc,phases   ] GC(21)   Post Evacuate Collection Set: 0.5ms
[2024-12-08T18:51:44.884+0000][5.678s][info ][gc,phases   ] GC(21)   Other: 0.3ms
[2024-12-08T18:51:44.884+0000][5.678s][info ][gc,heap     ] GC(21) Eden regions: 66->0(65)
[2024-12-08T18:51:44.884+0000][5.678s][info ][gc,heap     ] GC(21) Survivor regions: 2->3(9)
[2024-12-08T18:51:44.884+0000][5.678s][info ][gc,heap     ] GC(21) Old regions: 29->29
[2024-12-08T18:51:44.884+0000][5.678s][info ][gc,heap     ] GC(21) Archive regions: 2->2
[2024-12-08T18:51:44.884+0000][5.678s][info ][gc,heap     ] GC(21) Humongous regions: 0->0
[2024-12-08T18:51:44.884+0000][5.678s][info ][gc,metaspace] GC(21) Metaspace: 45042K(45504K)->45042K(45504K) NonClass: 39302K(39552K)->39302K(39552K) Class: 5739K(5952K)->5739K(5952K)
[2024-12-08T18:51:44.884+0000][5.679s][info ][gc          ] GC(21) Pause Young (Normal) (G1 Evacuation Pause) 193M->64M(234M) 4.145ms
[2024-12-08T18:51:44.884+0000][5.679s][info ][gc,cpu      ] GC(21) User=0.02s Sys=0.00s Real=0.00s
[2024-12-08T18:51:44.885+0000][5.679s][info ][safepoint   ] Safepoint "G1CollectForAllocation", Time since last: 75478982 ns, Reaching safepoint: 223372 ns, Cleanup: 39024 ns, At safepoint: 4348216 ns, Total: 4610612 ns
[2024-12-08T18:51:45.365+0000][6.160s][debug][safepoint   ] Safepoint synchronization initiated using futex wait barrier. (15 threads)
[2024-12-08T18:51:45.366+0000][6.160s][info ][safepoint   ] Safepoint "ICBufferFull", Time since last: 480880094 ns, Reaching safepoint: 222630 ns, Cleanup: 120031 ns, At safepoint: 10800 ns, Total: 353461 ns
[2024-12-08T18:51:45.380+0000][6.174s][debug][safepoint   ] Safepoint synchronization initiated using futex wait barrier. (15 threads)
[2024-12-08T18:51:45.380+0000][6.174s][info ][gc,start    ] GC(22) Pause Young (Normal) (G1 Evacuation Pause)
[2024-12-08T18:51:45.380+0000][6.174s][info ][gc,task     ] GC(22) Using 5 workers of 10 for evacuation
[2024-12-08T18:51:45.385+0000][6.179s][info ][gc,phases   ] GC(22)   Pre Evacuate Collection Set: 0.1ms
[2024-12-08T18:51:45.385+0000][6.179s][info ][gc,phases   ] GC(22)   Merge Heap Roots: 0.1ms
[2024-12-08T18:51:45.385+0000][6.179s][info ][gc,phases   ] GC(22)   Evacuate Collection Set: 3.2ms
[2024-12-08T18:51:45.385+0000][6.180s][info ][gc,phases   ] GC(22)   Post Evacuate Collection Set: 1.0ms
[2024-12-08T18:51:45.386+0000][6.180s][info ][gc,phases   ] GC(22)   Other: 0.3ms
[2024-12-08T18:51:45.386+0000][6.180s][info ][gc,heap     ] GC(22) Eden regions: 65->0(64)
[2024-12-08T18:51:45.386+0000][6.180s][info ][gc,heap     ] GC(22) Survivor regions: 3->4(9)
[2024-12-08T18:51:45.386+0000][6.180s][info ][gc,heap     ] GC(22) Old regions: 29->29
[2024-12-08T18:51:45.386+0000][6.180s][info ][gc,heap     ] GC(22) Archive regions: 2->2
[2024-12-08T18:51:45.386+0000][6.180s][info ][gc,heap     ] GC(22) Humongous regions: 0->0
[2024-12-08T18:51:45.386+0000][6.181s][info ][gc,metaspace] GC(22) Metaspace: 49704K(50176K)->49704K(50176K) NonClass: 43341K(43584K)->43341K(43584K) Class: 6363K(6592K)->6363K(6592K)
[2024-12-08T18:51:45.387+0000][6.181s][info ][gc          ] GC(22) Pause Young (Normal) (G1 Evacuation Pause) 194M->66M(234M) 6.421ms
[2024-12-08T18:51:45.387+0000][6.181s][info ][gc,cpu      ] GC(22) User=0.03s Sys=0.00s Real=0.00s
[2024-12-08T18:51:45.387+0000][6.181s][info ][safepoint   ] Safepoint "G1CollectForAllocation", Time since last: 14158309 ns, Reaching safepoint: 199267 ns, Cleanup: 10251 ns, At safepoint: 6716718 ns, Total: 6926236 ns
[2024-12-08T18:51:46.585+0000][7.380s][debug][safepoint   ] Safepoint synchronization initiated using futex wait barrier. (17 threads)
[2024-12-08T18:51:46.586+0000][7.380s][info ][safepoint   ] Safepoint "Cleanup", Time since last: 1198544977 ns, Reaching safepoint: 356575 ns, Cleanup: 77138 ns, At safepoint: 20403 ns, Total: 454116 ns
[2024-12-08T18:51:46.664+0000][7.458s][debug][safepoint   ] Safepoint synchronization initiated using futex wait barrier. (17 threads)
[2024-12-08T18:51:46.664+0000][7.458s][info ][safepoint   ] Safepoint "ICBufferFull", Time since last: 77958857 ns, Reaching safepoint: 203219 ns, Cleanup: 106271 ns, At safepoint: 2232 ns, Total: 311722 ns
[2024-12-08T18:51:46.967+0000][7.761s][debug][safepoint   ] Safepoint synchronization initiated using futex wait barrier. (17 threads)
[2024-12-08T18:51:46.967+0000][7.761s][info ][gc,start    ] GC(23) Pause Young (Normal) (G1 Evacuation Pause)
[2024-12-08T18:51:46.967+0000][7.762s][info ][gc,task     ] GC(23) Using 5 workers of 10 for evacuation
[2024-12-08T18:51:46.973+0000][7.767s][info ][gc,phases   ] GC(23)   Pre Evacuate Collection Set: 0.1ms
[2024-12-08T18:51:46.973+0000][7.767s][info ][gc,phases   ] GC(23)   Merge Heap Roots: 0.1ms
[2024-12-08T18:51:46.973+0000][7.767s][info ][gc,phases   ] GC(23)   Evacuate Collection Set: 4.1ms
[2024-12-08T18:51:46.973+0000][7.767s][info ][gc,phases   ] GC(23)   Post Evacuate Collection Set: 0.7ms
[2024-12-08T18:51:46.973+0000][7.767s][info ][gc,phases   ] GC(23)   Other: 0.4ms
[2024-12-08T18:51:46.973+0000][7.767s][info ][gc,heap     ] GC(23) Eden regions: 64->0(64)
[2024-12-08T18:51:46.973+0000][7.767s][info ][gc,heap     ] GC(23) Survivor regions: 4->5(9)
[2024-12-08T18:51:46.973+0000][7.768s][info ][gc,heap     ] GC(23) Old regions: 29->29
[2024-12-08T18:51:46.973+0000][7.768s][info ][gc,heap     ] GC(23) Archive regions: 2->2
[2024-12-08T18:51:46.974+0000][7.768s][info ][gc,heap     ] GC(23) Humongous regions: 0->0
[2024-12-08T18:51:46.974+0000][7.768s][info ][gc,metaspace] GC(23) Metaspace: 55759K(56192K)->55759K(56192K) NonClass: 48718K(48960K)->48718K(48960K) Class: 7041K(7232K)->7041K(7232K)
[2024-12-08T18:51:46.974+0000][7.768s][info ][gc          ] GC(23) Pause Young (Normal) (G1 Evacuation Pause) 194M->69M(234M) 6.496ms
[2024-12-08T18:51:46.974+0000][7.768s][info ][gc,cpu      ] GC(23) User=0.06s Sys=0.00s Real=0.01s
[2024-12-08T18:51:46.974+0000][7.768s][info ][safepoint   ] Safepoint "G1CollectForAllocation", Time since last: 302716154 ns, Reaching safepoint: 267823 ns, Cleanup: 124721 ns, At safepoint: 6723579 ns, Total: 7116123 ns
[2024-12-08T18:51:47.491+0000][8.285s][debug][safepoint   ] Safepoint synchronization initiated using futex wait barrier. (17 threads)
[2024-12-08T18:51:47.491+0000][8.286s][info ][gc,start    ] GC(24) Pause Young (Normal) (G1 Evacuation Pause)
[2024-12-08T18:51:47.492+0000][8.286s][info ][gc,task     ] GC(24) Using 5 workers of 10 for evacuation
[2024-12-08T18:51:47.497+0000][8.291s][info ][gc,phases   ] GC(24)   Pre Evacuate Collection Set: 0.1ms
[2024-12-08T18:51:47.498+0000][8.292s][info ][gc,phases   ] GC(24)   Merge Heap Roots: 0.1ms
[2024-12-08T18:51:47.498+0000][8.292s][info ][gc,phases   ] GC(24)   Evacuate Collection Set: 4.3ms
[2024-12-08T18:51:47.498+0000][8.292s][info ][gc,phases   ] GC(24)   Post Evacuate Collection Set: 0.9ms
[2024-12-08T18:51:47.498+0000][8.292s][info ][gc,phases   ] GC(24)   Other: 0.5ms
[2024-12-08T18:51:47.503+0000][8.297s][info ][gc,heap     ] GC(24) Eden regions: 64->0(63)
[2024-12-08T18:51:47.504+0000][8.298s][info ][gc,heap     ] GC(24) Survivor regions: 5->5(9)
[2024-12-08T18:51:47.504+0000][8.298s][info ][gc,heap     ] GC(24) Old regions: 29->30
[2024-12-08T18:51:47.504+0000][8.298s][info ][gc,heap     ] GC(24) Archive regions: 2->2
[2024-12-08T18:51:47.504+0000][8.298s][info ][gc,heap     ] GC(24) Humongous regions: 0->0
[2024-12-08T18:51:47.504+0000][8.299s][info ][gc,metaspace] GC(24) Metaspace: 59959K(60416K)->59959K(60416K) NonClass: 52300K(52544K)->52300K(52544K) Class: 7658K(7872K)->7658K(7872K)
[2024-12-08T18:51:47.505+0000][8.299s][info ][gc          ] GC(24) Pause Young (Normal) (G1 Evacuation Pause) 197M->70M(234M) 13.412ms
[2024-12-08T18:51:47.505+0000][8.299s][info ][gc,cpu      ] GC(24) User=0.04s Sys=0.01s Real=0.01s
[2024-12-08T18:51:47.505+0000][8.299s][info ][safepoint   ] Safepoint "G1CollectForAllocation", Time since last: 517175764 ns, Reaching safepoint: 231986 ns, Cleanup: 37178 ns, At safepoint: 13786849 ns, Total: 14056013 ns
[2024-12-08T18:51:47.539+0000][8.334s][debug][safepoint   ] Safepoint synchronization initiated using futex wait barrier. (18 threads)
[2024-12-08T18:51:47.540+0000][8.334s][info ][gc,start    ] GC(25) Pause Young (Concurrent Start) (Metadata GC Threshold)
[2024-12-08T18:51:47.540+0000][8.334s][info ][gc,task     ] GC(25) Using 5 workers of 10 for evacuation
[2024-12-08T18:51:47.545+0000][8.339s][info ][gc,phases   ] GC(25)   Pre Evacuate Collection Set: 0.1ms
[2024-12-08T18:51:47.545+0000][8.340s][info ][gc,phases   ] GC(25)   Merge Heap Roots: 0.1ms
[2024-12-08T18:51:47.545+0000][8.340s][info ][gc,phases   ] GC(25)   Evacuate Collection Set: 3.6ms
[2024-12-08T18:51:47.546+0000][8.340s][info ][gc,phases   ] GC(25)   Post Evacuate Collection Set: 1.3ms
[2024-12-08T18:51:47.546+0000][8.340s][info ][gc,phases   ] GC(25)   Other: 0.4ms
[2024-12-08T18:51:47.546+0000][8.340s][info ][gc,heap     ] GC(25) Eden regions: 3->0(135)
[2024-12-08T18:51:47.546+0000][8.340s][info ][gc,heap     ] GC(25) Survivor regions: 5->5(9)
[2024-12-08T18:51:47.546+0000][8.340s][info ][gc,heap     ] GC(25) Old regions: 30->30
[2024-12-08T18:51:47.546+0000][8.341s][info ][gc,heap     ] GC(25) Archive regions: 2->2
[2024-12-08T18:51:47.547+0000][8.341s][info ][gc,heap     ] GC(25) Humongous regions: 0->0
[2024-12-08T18:51:47.547+0000][8.341s][info ][gc,metaspace] GC(25) Metaspace: 60334K(60736K)->60334K(60736K) NonClass: 52641K(52864K)->52641K(52864K) Class: 7692K(7872K)->7692K(7872K)
[2024-12-08T18:51:47.547+0000][8.341s][info ][gc          ] GC(25) Pause Young (Concurrent Start) (Metadata GC Threshold) 76M->70M(468M) 7.426ms
[2024-12-08T18:51:47.547+0000][8.341s][info ][gc,cpu      ] GC(25) User=0.03s Sys=0.00s Real=0.00s
[2024-12-08T18:51:47.547+0000][8.341s][info ][gc          ] GC(26) Concurrent Mark Cycle
[2024-12-08T18:51:47.547+0000][8.342s][info ][gc,marking  ] GC(26) Concurrent Clear Claimed Marks
[2024-12-08T18:51:47.547+0000][8.342s][info ][safepoint   ] Safepoint "CollectForMetadataAllocation", Time since last: 34140240 ns, Reaching safepoint: 186148 ns, Cleanup: 14580 ns, At safepoint: 7792533 ns, Total: 7993261 ns
[2024-12-08T18:51:47.548+0000][8.342s][info ][gc,marking  ] GC(26) Concurrent Clear Claimed Marks 0.183ms
[2024-12-08T18:51:47.548+0000][8.342s][info ][gc,marking  ] GC(26) Concurrent Scan Root Regions
[2024-12-08T18:51:47.551+0000][8.345s][info ][gc,marking  ] GC(26) Concurrent Scan Root Regions 3.107ms
[2024-12-08T18:51:47.551+0000][8.345s][info ][gc,marking  ] GC(26) Concurrent Mark
[2024-12-08T18:51:47.551+0000][8.345s][info ][gc,marking  ] GC(26) Concurrent Mark From Roots
[2024-12-08T18:51:47.551+0000][8.346s][info ][gc,task     ] GC(26) Using 3 workers of 3 for marking
[2024-12-08T18:51:47.564+0000][8.358s][debug][safepoint   ] Safepoint synchronization initiated using futex wait barrier. (19 threads)
[2024-12-08T18:51:47.564+0000][8.358s][info ][safepoint   ] Safepoint "CollectForMetadataAllocation", Time since last: 16459016 ns, Reaching safepoint: 292708 ns, Cleanup: 7254 ns, At safepoint: 58373 ns, Total: 358335 ns
[2024-12-08T18:51:47.583+0000][8.377s][info ][gc,marking  ] GC(26) Concurrent Mark From Roots 31.402ms
[2024-12-08T18:51:47.583+0000][8.377s][info ][gc,marking  ] GC(26) Concurrent Preclean
[2024-12-08T18:51:47.584+0000][8.378s][info ][gc,marking  ] GC(26) Concurrent Preclean 0.843ms
[2024-12-08T18:51:47.584+0000][8.378s][debug][safepoint   ] Safepoint synchronization initiated using futex wait barrier. (19 threads)
[2024-12-08T18:51:47.584+0000][8.378s][info ][gc,start    ] GC(26) Pause Remark
[2024-12-08T18:51:47.588+0000][8.382s][info ][gc          ] GC(26) Pause Remark 74M->74M(260M) 4.248ms
[2024-12-08T18:51:47.588+0000][8.383s][info ][gc,cpu      ] GC(26) User=0.01s Sys=0.00s Real=0.00s
[2024-12-08T18:51:47.589+0000][8.383s][info ][safepoint   ] Safepoint "G1PauseRemark", Time since last: 19712268 ns, Reaching safepoint: 123199 ns, Cleanup: 10539 ns, At safepoint: 4582867 ns, Total: 4716605 ns
[2024-12-08T18:51:47.589+0000][8.383s][info ][gc,marking  ] GC(26) Concurrent Mark 37.590ms
[2024-12-08T18:51:47.589+0000][8.383s][info ][gc,marking  ] GC(26) Concurrent Rebuild Remembered Sets
[2024-12-08T18:51:47.602+0000][8.396s][info ][gc,marking  ] GC(26) Concurrent Rebuild Remembered Sets 12.941ms
[2024-12-08T18:51:47.603+0000][8.397s][debug][safepoint   ] Safepoint synchronization initiated using futex wait barrier. (19 threads)
[2024-12-08T18:51:47.603+0000][8.397s][debug][safepoint   ] ... found polling page loop exception at pc = 0x00007fc56115e10d, stub =0x00007fc560b10400
[2024-12-08T18:51:47.603+0000][8.397s][info ][gc,start    ] GC(26) Pause Cleanup
[2024-12-08T18:51:47.603+0000][8.398s][info ][gc          ] GC(26) Pause Cleanup 75M->75M(260M) 0.236ms
[2024-12-08T18:51:47.603+0000][8.398s][info ][gc,cpu      ] GC(26) User=0.00s Sys=0.00s Real=0.00s
[2024-12-08T18:51:47.609+0000][8.403s][info ][safepoint   ] Safepoint "G1PauseCleanup", Time since last: 14129627 ns, Reaching safepoint: 376411 ns, Cleanup: 2979 ns, At safepoint: 6167123 ns, Total: 6546513 ns
[2024-12-08T18:51:47.610+0000][8.404s][info ][gc,marking  ] GC(26) Concurrent Cleanup for Next Mark
[2024-12-08T18:51:47.611+0000][8.405s][info ][gc,marking  ] GC(26) Concurrent Cleanup for Next Mark 0.709ms
[2024-12-08T18:51:47.613+0000][8.407s][info ][gc          ] GC(26) Concurrent Mark Cycle 65.403ms
[2024-12-08T18:51:48.116+0000][8.911s][debug][safepoint   ] Safepoint synchronization initiated using futex wait barrier. (20 threads)
[2024-12-08T18:51:48.119+0000][8.913s][info ][gc,start    ] GC(27) Pause Young (Prepare Mixed) (G1 Evacuation Pause)
[2024-12-08T18:51:48.119+0000][8.913s][info ][gc,task     ] GC(27) Using 6 workers of 10 for evacuation
[2024-12-08T18:51:48.124+0000][8.918s][info ][gc,phases   ] GC(27)   Pre Evacuate Collection Set: 0.1ms
[2024-12-08T18:51:48.124+0000][8.918s][info ][gc,phases   ] GC(27)   Merge Heap Roots: 0.1ms
[2024-12-08T18:51:48.124+0000][8.918s][info ][gc,phases   ] GC(27)   Evacuate Collection Set: 3.8ms
[2024-12-08T18:51:48.124+0000][8.918s][info ][gc,phases   ] GC(27)   Post Evacuate Collection Set: 0.7ms
[2024-12-08T18:51:48.124+0000][8.918s][info ][gc,phases   ] GC(27)   Other: 0.4ms
[2024-12-08T18:51:48.124+0000][8.918s][info ][gc,heap     ] GC(27) Eden regions: 73->0(1)
[2024-12-08T18:51:48.124+0000][8.919s][info ][gc,heap     ] GC(27) Survivor regions: 5->6(10)
[2024-12-08T18:51:48.124+0000][8.919s][info ][gc,heap     ] GC(27) Old regions: 30->30
[2024-12-08T18:51:48.125+0000][8.919s][info ][gc,heap     ] GC(27) Archive regions: 2->2
[2024-12-08T18:51:48.125+0000][8.919s][info ][gc,heap     ] GC(27) Humongous regions: 0->0
[2024-12-08T18:51:48.125+0000][8.919s][info ][gc,metaspace] GC(27) Metaspace: 63668K(64128K)->63668K(64128K) NonClass: 55542K(55744K)->55542K(55744K) Class: 8125K(8384K)->8125K(8384K)
[2024-12-08T18:51:48.125+0000][8.919s][info ][gc          ] GC(27) Pause Young (Prepare Mixed) (G1 Evacuation Pause) 216M->71M(260M) 6.312ms
[2024-12-08T18:51:48.125+0000][8.919s][info ][gc,cpu      ] GC(27) User=0.03s Sys=0.01s Real=0.01s
[2024-12-08T18:51:48.125+0000][8.919s][info ][safepoint   ] Safepoint "G1CollectForAllocation", Time since last: 507083863 ns, Reaching safepoint: 375430 ns, Cleanup: 1862524 ns, At safepoint: 6562549 ns, Total: 8800503 ns
[2024-12-08T18:51:48.129+0000][8.923s][debug][safepoint   ] Safepoint synchronization initiated using futex wait barrier. (20 threads)
[2024-12-08T18:51:48.129+0000][8.923s][info ][gc,start    ] GC(28) Pause Young (Mixed) (G1 Evacuation Pause)
[2024-12-08T18:51:48.129+0000][8.923s][info ][gc,task     ] GC(28) Using 6 workers of 10 for evacuation
[2024-12-08T18:51:48.135+0000][8.929s][info ][gc,phases   ] GC(28)   Pre Evacuate Collection Set: 0.1ms
[2024-12-08T18:51:48.135+0000][8.930s][info ][gc,phases   ] GC(28)   Merge Heap Roots: 0.1ms
[2024-12-08T18:51:48.136+0000][8.930s][info ][gc,phases   ] GC(28)   Evacuate Collection Set: 5.2ms
[2024-12-08T18:51:48.136+0000][8.930s][info ][gc,phases   ] GC(28)   Post Evacuate Collection Set: 0.6ms
[2024-12-08T18:51:48.136+0000][8.930s][info ][gc,phases   ] GC(28)   Other: 0.2ms
[2024-12-08T18:51:48.136+0000][8.930s][info ][gc,heap     ] GC(28) Eden regions: 1->0(75)
[2024-12-08T18:51:48.136+0000][8.930s][info ][gc,heap     ] GC(28) Survivor regions: 6->1(1)
[2024-12-08T18:51:48.136+0000][8.930s][info ][gc,heap     ] GC(28) Old regions: 30->34
[2024-12-08T18:51:48.136+0000][8.930s][info ][gc,heap     ] GC(28) Archive regions: 2->2
[2024-12-08T18:51:48.136+0000][8.931s][info ][gc,heap     ] GC(28) Humongous regions: 0->0
[2024-12-08T18:51:48.137+0000][8.931s][info ][gc,metaspace] GC(28) Metaspace: 63693K(64128K)->63693K(64128K) NonClass: 55563K(55744K)->55563K(55744K) Class: 8129K(8384K)->8129K(8384K)
[2024-12-08T18:51:48.137+0000][8.931s][info ][gc          ] GC(28) Pause Young (Mixed) (G1 Evacuation Pause) 73M->69M(260M) 7.651ms
[2024-12-08T18:51:48.137+0000][8.931s][info ][gc,cpu      ] GC(28) User=0.04s Sys=0.00s Real=0.00s
[2024-12-08T18:51:48.137+0000][8.931s][info ][safepoint   ] Safepoint "G1CollectForAllocation", Time since last: 3771861 ns, Reaching safepoint: 112964 ns, Cleanup: 1899 ns, At safepoint: 7929976 ns, Total: 8044839 ns
[2024-12-08T18:51:48.471+0000][9.265s][debug][safepoint   ] Safepoint synchronization initiated using futex wait barrier. (20 threads)
[2024-12-08T18:51:48.471+0000][9.266s][info ][safepoint   ] Safepoint "ICBufferFull", Time since last: 334176503 ns, Reaching safepoint: 225933 ns, Cleanup: 80504 ns, At safepoint: 14508 ns, Total: 320945 ns
[2024-12-08T18:51:48.501+0000][9.295s][debug][safepoint   ] Safepoint synchronization initiated using futex wait barrier. (20 threads)
[2024-12-08T18:51:48.501+0000][9.295s][info ][gc,start    ] GC(29) Pause Young (Concurrent Start) (G1 Evacuation Pause)
[2024-12-08T18:51:48.501+0000][9.295s][info ][gc,task     ] GC(29) Using 6 workers of 10 for evacuation
[2024-12-08T18:51:48.503+0000][9.297s][info ][gc,phases   ] GC(29)   Pre Evacuate Collection Set: 0.1ms
[2024-12-08T18:51:48.503+0000][9.297s][info ][gc,phases   ] GC(29)   Merge Heap Roots: 0.1ms
[2024-12-08T18:51:48.503+0000][9.297s][info ][gc,phases   ] GC(29)   Evacuate Collection Set: 1.0ms
[2024-12-08T18:51:48.503+0000][9.297s][info ][gc,phases   ] GC(29)   Post Evacuate Collection Set: 0.5ms
[2024-12-08T18:51:48.503+0000][9.298s][info ][gc,phases   ] GC(29)   Other: 0.3ms
[2024-12-08T18:51:48.503+0000][9.298s][info ][gc,heap     ] GC(29) Eden regions: 75->0(76)
[2024-12-08T18:51:48.504+0000][9.298s][info ][gc,heap     ] GC(29) Survivor regions: 1->1(10)
[2024-12-08T18:51:48.504+0000][9.298s][info ][gc,heap     ] GC(29) Old regions: 34->34
[2024-12-08T18:51:48.504+0000][9.298s][info ][gc,heap     ] GC(29) Archive regions: 2->2
[2024-12-08T18:51:48.504+0000][9.298s][info ][gc,heap     ] GC(29) Humongous regions: 0->0
[2024-12-08T18:51:48.504+0000][9.298s][info ][gc,metaspace] GC(29) Metaspace: 67762K(68224K)->67762K(68224K) NonClass: 59043K(59264K)->59043K(59264K) Class: 8718K(8960K)->8718K(8960K)
[2024-12-08T18:51:48.504+0000][9.298s][info ][gc          ] GC(29) Pause Young (Concurrent Start) (G1 Evacuation Pause) 219M->70M(260M) 2.988ms
[2024-12-08T18:51:48.504+0000][9.298s][info ][gc,cpu      ] GC(29) User=0.01s Sys=0.00s Real=0.00s
[2024-12-08T18:51:48.504+0000][9.298s][info ][gc          ] GC(30) Concurrent Mark Cycle
[2024-12-08T18:51:48.504+0000][9.298s][info ][gc,marking  ] GC(30) Concurrent Clear Claimed Marks
[2024-12-08T18:51:48.504+0000][9.298s][info ][safepoint   ] Safepoint "G1CollectForAllocation", Time since last: 29320133 ns, Reaching safepoint: 186737 ns, Cleanup: 17018 ns, At safepoint: 3242182 ns, Total: 3445937 ns
[2024-12-08T18:51:48.504+0000][9.299s][info ][gc,marking  ] GC(30) Concurrent Clear Claimed Marks 0.123ms
[2024-12-08T18:51:48.505+0000][9.299s][info ][gc,marking  ] GC(30) Concurrent Scan Root Regions
[2024-12-08T18:51:48.506+0000][9.300s][info ][gc,marking  ] GC(30) Concurrent Scan Root Regions 1.332ms
[2024-12-08T18:51:48.506+0000][9.300s][info ][gc,marking  ] GC(30) Concurrent Mark
[2024-12-08T18:51:48.506+0000][9.300s][info ][gc,marking  ] GC(30) Concurrent Mark From Roots
[2024-12-08T18:51:48.506+0000][9.301s][info ][gc,task     ] GC(30) Using 3 workers of 3 for marking
[2024-12-08T18:51:48.535+0000][9.329s][info ][gc,marking  ] GC(30) Concurrent Mark From Roots 28.612ms
[2024-12-08T18:51:48.535+0000][9.329s][info ][gc,marking  ] GC(30) Concurrent Preclean
[2024-12-08T18:51:48.535+0000][9.330s][info ][gc,marking  ] GC(30) Concurrent Preclean 0.315ms
[2024-12-08T18:51:48.535+0000][9.330s][debug][safepoint   ] Safepoint synchronization initiated using futex wait barrier. (20 threads)
[2024-12-08T18:51:48.536+0000][9.330s][info ][gc,start    ] GC(30) Pause Remark
[2024-12-08T18:51:48.539+0000][9.333s][info ][gc          ] GC(30) Pause Remark 79M->79M(260M) 2.988ms
[2024-12-08T18:51:48.539+0000][9.333s][info ][gc,cpu      ] GC(30) User=0.01s Sys=0.00s Real=0.01s
[2024-12-08T18:51:48.539+0000][9.333s][info ][safepoint   ] Safepoint "G1PauseRemark", Time since last: 31261281 ns, Reaching safepoint: 184217 ns, Cleanup: 19467 ns, At safepoint: 3293426 ns, Total: 3497110 ns
[2024-12-08T18:51:48.539+0000][9.333s][info ][gc,marking  ] GC(30) Concurrent Mark 32.969ms
[2024-12-08T18:51:48.539+0000][9.333s][info ][gc,marking  ] GC(30) Concurrent Rebuild Remembered Sets
[2024-12-08T18:51:48.550+0000][9.344s][info ][gc,marking  ] GC(30) Concurrent Rebuild Remembered Sets 10.813ms
[2024-12-08T18:51:48.550+0000][9.344s][debug][safepoint   ] Safepoint synchronization initiated using futex wait barrier. (20 threads)
[2024-12-08T18:51:48.550+0000][9.345s][info ][gc,start    ] GC(30) Pause Cleanup
[2024-12-08T18:51:48.551+0000][9.345s][info ][gc          ] GC(30) Pause Cleanup 82M->82M(260M) 0.202ms
[2024-12-08T18:51:48.551+0000][9.345s][info ][gc,cpu      ] GC(30) User=0.00s Sys=0.00s Real=0.00s
[2024-12-08T18:51:48.551+0000][9.345s][info ][safepoint   ] Safepoint "G1PauseCleanup", Time since last: 11281833 ns, Reaching safepoint: 206655 ns, Cleanup: 6291 ns, At safepoint: 521486 ns, Total: 734432 ns
[2024-12-08T18:51:48.551+0000][9.345s][info ][gc,marking  ] GC(30) Concurrent Cleanup for Next Mark
[2024-12-08T18:51:48.552+0000][9.346s][info ][gc,marking  ] GC(30) Concurrent Cleanup for Next Mark 0.443ms
[2024-12-08T18:51:48.552+0000][9.346s][info ][gc          ] GC(30) Concurrent Mark Cycle 47.513ms
[2024-12-08T18:51:48.923+0000][9.717s][debug][safepoint   ] Safepoint synchronization initiated using futex wait barrier. (20 threads)
[2024-12-08T18:51:48.923+0000][9.717s][info ][safepoint   ] Safepoint "ICBufferFull", Time since last: 371627522 ns, Reaching safepoint: 195747 ns, Cleanup: 107305 ns, At safepoint: 1863 ns, Total: 304915 ns
[2024-12-08T18:51:48.963+0000][9.757s][debug][safepoint   ] Safepoint synchronization initiated using futex wait barrier. (20 threads)
[2024-12-08T18:51:48.963+0000][9.757s][info ][gc,start    ] GC(31) Pause Young (Prepare Mixed) (G1 Evacuation Pause)
[2024-12-08T18:51:48.963+0000][9.757s][info ][gc,task     ] GC(31) Using 6 workers of 10 for evacuation
[2024-12-08T18:51:48.966+0000][9.760s][info ][gc,phases   ] GC(31)   Pre Evacuate Collection Set: 0.1ms
[2024-12-08T18:51:48.966+0000][9.760s][info ][gc,phases   ] GC(31)   Merge Heap Roots: 0.1ms
[2024-12-08T18:51:48.966+0000][9.760s][info ][gc,phases   ] GC(31)   Evacuate Collection Set: 2.1ms
[2024-12-08T18:51:48.966+0000][9.760s][info ][gc,phases   ] GC(31)   Post Evacuate Collection Set: 0.6ms
[2024-12-08T18:51:48.966+0000][9.761s][info ][gc,phases   ] GC(31)   Other: 0.3ms
[2024-12-08T18:51:48.966+0000][9.761s][info ][gc,heap     ] GC(31) Eden regions: 76->0(3)
[2024-12-08T18:51:48.967+0000][9.761s][info ][gc,heap     ] GC(31) Survivor regions: 1->3(10)
[2024-12-08T18:51:48.967+0000][9.761s][info ][gc,heap     ] GC(31) Old regions: 34->34
[2024-12-08T18:51:48.967+0000][9.761s][info ][gc,heap     ] GC(31) Archive regions: 2->2
[2024-12-08T18:51:48.967+0000][9.761s][info ][gc,heap     ] GC(31) Humongous regions: 0->0
[2024-12-08T18:51:48.967+0000][9.761s][info ][gc,metaspace] GC(31) Metaspace: 71469K(71936K)->71469K(71936K) NonClass: 62291K(62528K)->62291K(62528K) Class: 9177K(9408K)->9177K(9408K)
[2024-12-08T18:51:48.967+0000][9.761s][info ][gc          ] GC(31) Pause Young (Prepare Mixed) (G1 Evacuation Pause) 222M->73M(260M) 4.166ms
[2024-12-08T18:51:48.967+0000][9.761s][info ][gc,cpu      ] GC(31) User=0.01s Sys=0.00s Real=0.00s
[2024-12-08T18:51:48.967+0000][9.761s][info ][safepoint   ] Safepoint "G1CollectForAllocation", Time since last: 39624870 ns, Reaching safepoint: 187206 ns, Cleanup: 32562 ns, At safepoint: 4366652 ns, Total: 4586420 ns
[2024-12-08T18:51:49.033+0000][9.828s][debug][safepoint   ] Safepoint synchronization initiated using futex wait barrier. (20 threads)
[2024-12-08T18:51:49.034+0000][9.828s][info ][gc,start    ] GC(32) Pause Young (Mixed) (G1 Evacuation Pause)
[2024-12-08T18:51:49.035+0000][9.829s][info ][gc,task     ] GC(32) Using 6 workers of 10 for evacuation
[2024-12-08T18:51:49.040+0000][9.834s][info ][gc,phases   ] GC(32)   Pre Evacuate Collection Set: 0.1ms
[2024-12-08T18:51:49.041+0000][9.835s][info ][gc,phases   ] GC(32)   Merge Heap Roots: 0.1ms
[2024-12-08T18:51:49.041+0000][9.836s][info ][gc,phases   ] GC(32)   Evacuate Collection Set: 4.0ms
[2024-12-08T18:51:49.042+0000][9.836s][info ][gc,phases   ] GC(32)   Post Evacuate Collection Set: 0.8ms
[2024-12-08T18:51:49.042+0000][9.837s][info ][gc,phases   ] GC(32)   Other: 1.3ms
[2024-12-08T18:51:49.043+0000][9.837s][info ][gc,heap     ] GC(32) Eden regions: 3->0(73)
[2024-12-08T18:51:49.043+0000][9.837s][info ][gc,heap     ] GC(32) Survivor regions: 3->1(1)
[2024-12-08T18:51:49.043+0000][9.838s][info ][gc,heap     ] GC(32) Old regions: 34->36
[2024-12-08T18:51:49.044+0000][9.838s][info ][gc,heap     ] GC(32) Archive regions: 2->2
[2024-12-08T18:51:49.044+0000][9.838s][info ][gc,heap     ] GC(32) Humongous regions: 0->0
[2024-12-08T18:51:49.044+0000][9.838s][info ][gc,metaspace] GC(32) Metaspace: 71666K(72128K)->71666K(72128K) NonClass: 62481K(62720K)->62481K(62720K) Class: 9185K(9408K)->9185K(9408K)
[2024-12-08T18:51:49.044+0000][9.839s][info ][gc          ] GC(32) Pause Young (Mixed) (G1 Evacuation Pause) 79M->73M(260M) 10.537ms
[2024-12-08T18:51:49.045+0000][9.839s][info ][gc,cpu      ] GC(32) User=0.03s Sys=0.00s Real=0.01s
[2024-12-08T18:51:49.045+0000][9.839s][info ][safepoint   ] Safepoint "G1CollectForAllocation", Time since last: 66362005 ns, Reaching safepoint: 263660 ns, Cleanup: 112058 ns, At safepoint: 11220204 ns, Total: 11595922 ns
[2024-12-08T18:51:49.678+0000][10.472s][debug][safepoint   ] Safepoint synchronization initiated using futex wait barrier. (19 threads)
[2024-12-08T18:51:49.679+0000][10.473s][info ][gc,start    ] GC(33) Pause Young (Normal) (G1 Evacuation Pause)
[2024-12-08T18:51:49.679+0000][10.473s][info ][gc,task     ] GC(33) Using 6 workers of 10 for evacuation
[2024-12-08T18:51:49.683+0000][10.477s][info ][gc,phases   ] GC(33)   Pre Evacuate Collection Set: 0.2ms
[2024-12-08T18:51:49.683+0000][10.477s][info ][gc,phases   ] GC(33)   Merge Heap Roots: 0.2ms
[2024-12-08T18:51:49.683+0000][10.477s][info ][gc,phases   ] GC(33)   Evacuate Collection Set: 1.9ms
[2024-12-08T18:51:49.683+0000][10.477s][info ][gc,phases   ] GC(33)   Post Evacuate Collection Set: 1.1ms
[2024-12-08T18:51:49.684+0000][10.478s][info ][gc,phases   ] GC(33)   Other: 0.6ms
[2024-12-08T18:51:49.684+0000][10.478s][info ][gc,heap     ] GC(33) Eden regions: 73->0(74)
[2024-12-08T18:51:49.684+0000][10.478s][info ][gc,heap     ] GC(33) Survivor regions: 1->1(10)
[2024-12-08T18:51:49.684+0000][10.478s][info ][gc,heap     ] GC(33) Old regions: 36->36
[2024-12-08T18:51:49.684+0000][10.478s][info ][gc,heap     ] GC(33) Archive regions: 2->2
[2024-12-08T18:51:49.684+0000][10.478s][info ][gc,heap     ] GC(33) Humongous regions: 0->0
[2024-12-08T18:51:49.684+0000][10.479s][info ][gc,metaspace] GC(33) Metaspace: 76763K(77248K)->76763K(77248K) NonClass: 66764K(67008K)->66764K(67008K) Class: 9998K(10240K)->9998K(10240K)
[2024-12-08T18:51:49.684+0000][10.479s][info ][gc          ] GC(33) Pause Young (Normal) (G1 Evacuation Pause) 219M->74M(260M) 5.770ms
[2024-12-08T18:51:49.685+0000][10.479s][info ][gc,cpu      ] GC(33) User=0.02s Sys=0.00s Real=0.00s
[2024-12-08T18:51:49.685+0000][10.479s][info ][safepoint   ] Safepoint "G1CollectForAllocation", Time since last: 633162896 ns, Reaching safepoint: 293216 ns, Cleanup: 128131 ns, At safepoint: 6085998 ns, Total: 6507345 ns
[2024-12-08T18:51:50.000+0000][10.795s][debug][safepoint   ] Safepoint synchronization initiated using futex wait barrier. (19 threads)
[2024-12-08T18:51:50.001+0000][10.795s][info ][safepoint   ] Safepoint "ICBufferFull", Time since last: 315598438 ns, Reaching safepoint: 191011 ns, Cleanup: 98828 ns, At safepoint: 2133 ns, Total: 291972 ns
[2024-12-08T18:51:50.092+0000][10.886s][debug][safepoint   ] Safepoint synchronization initiated using futex wait barrier. (20 threads)
[2024-12-08T18:51:50.092+0000][10.886s][info ][safepoint   ] Safepoint "ICBufferFull", Time since last: 90897695 ns, Reaching safepoint: 240288 ns, Cleanup: 86282 ns, At safepoint: 15579 ns, Total: 342149 ns
[2024-12-08T18:51:50.143+0000][10.938s][debug][safepoint   ] Safepoint synchronization initiated using futex wait barrier. (20 threads)
[2024-12-08T18:51:50.144+0000][10.938s][info ][safepoint   ] Safepoint "ICBufferFull", Time since last: 51608214 ns, Reaching safepoint: 248540 ns, Cleanup: 79559 ns, At safepoint: 18612 ns, Total: 346711 ns
[2024-12-08T18:51:50.197+0000][10.991s][debug][safepoint   ] Safepoint synchronization initiated using futex wait barrier. (20 threads)
[2024-12-08T18:51:50.198+0000][10.992s][info ][safepoint   ] Safepoint "ICBufferFull", Time since last: 53418544 ns, Reaching safepoint: 205414 ns, Cleanup: 79748 ns, At safepoint: 14291 ns, Total: 299453 ns
[2024-12-08T18:51:50.266+0000][11.060s][debug][safepoint   ] Safepoint synchronization initiated using futex wait barrier. (20 threads)
[2024-12-08T18:51:50.266+0000][11.060s][info ][gc,start    ] GC(34) Pause Young (Normal) (G1 Evacuation Pause)
[2024-12-08T18:51:50.266+0000][11.060s][info ][gc,task     ] GC(34) Using 6 workers of 10 for evacuation
[2024-12-08T18:51:50.268+0000][11.063s][info ][gc,phases   ] GC(34)   Pre Evacuate Collection Set: 0.1ms
[2024-12-08T18:51:50.268+0000][11.063s][info ][gc,phases   ] GC(34)   Merge Heap Roots: 0.1ms
[2024-12-08T18:51:50.269+0000][11.063s][info ][gc,phases   ] GC(34)   Evacuate Collection Set: 1.3ms
[2024-12-08T18:51:50.269+0000][11.063s][info ][gc,phases   ] GC(34)   Post Evacuate Collection Set: 0.6ms
[2024-12-08T18:51:50.269+0000][11.063s][info ][gc,phases   ] GC(34)   Other: 0.3ms
[2024-12-08T18:51:50.269+0000][11.063s][info ][gc,heap     ] GC(34) Eden regions: 74->0(73)
[2024-12-08T18:51:50.269+0000][11.063s][info ][gc,heap     ] GC(34) Survivor regions: 1->2(10)
[2024-12-08T18:51:50.269+0000][11.064s][info ][gc,heap     ] GC(34) Old regions: 36->36
[2024-12-08T18:51:50.269+0000][11.064s][info ][gc,heap     ] GC(34) Archive regions: 2->2
[2024-12-08T18:51:50.270+0000][11.064s][info ][gc,heap     ] GC(34) Humongous regions: 0->0
[2024-12-08T18:51:50.270+0000][11.064s][info ][gc,metaspace] GC(34) Metaspace: 79679K(80192K)->79679K(80192K) NonClass: 69254K(69504K)->69254K(69504K) Class: 10424K(10688K)->10424K(10688K)
[2024-12-08T18:51:50.270+0000][11.064s][info ][gc          ] GC(34) Pause Young (Normal) (G1 Evacuation Pause) 222M->75M(260M) 4.007ms
[2024-12-08T18:51:50.270+0000][11.064s][info ][gc,cpu      ] GC(34) User=0.04s Sys=0.00s Real=0.01s
[2024-12-08T18:51:50.270+0000][11.064s][info ][safepoint   ] Safepoint "G1CollectForAllocation", Time since last: 67967269 ns, Reaching safepoint: 227013 ns, Cleanup: 79514 ns, At safepoint: 4296461 ns, Total: 4602988 ns
[2024-12-08T18:51:50.347+0000][11.141s][debug][safepoint   ] Safepoint synchronization initiated using futex wait barrier. (20 threads)
[2024-12-08T18:51:50.347+0000][11.141s][info ][safepoint   ] Safepoint "ICBufferFull", Time since last: 76776766 ns, Reaching safepoint: 261329 ns, Cleanup: 87263 ns, At safepoint: 1989 ns, Total: 350581 ns
[2024-12-08T18:51:50.668+0000][11.463s][debug][safepoint   ] Safepoint synchronization initiated using futex wait barrier. (20 threads)
[2024-12-08T18:51:50.669+0000][11.463s][info ][safepoint   ] Safepoint "ICBufferFull", Time since last: 321203666 ns, Reaching safepoint: 212848 ns, Cleanup: 118474 ns, At safepoint: 2070 ns, Total: 333392 ns
[2024-12-08T18:51:50.676+0000][11.470s][debug][safepoint   ] Safepoint synchronization initiated using futex wait barrier. (20 threads)
[2024-12-08T18:51:50.676+0000][11.470s][info ][gc,start    ] GC(35) Pause Young (Normal) (G1 Evacuation Pause)
[2024-12-08T18:51:50.676+0000][11.470s][info ][gc,task     ] GC(35) Using 6 workers of 10 for evacuation
[2024-12-08T18:51:50.680+0000][11.474s][info ][gc,phases   ] GC(35)   Pre Evacuate Collection Set: 0.1ms
[2024-12-08T18:51:50.680+0000][11.474s][info ][gc,phases   ] GC(35)   Merge Heap Roots: 0.1ms
[2024-12-08T18:51:50.680+0000][11.474s][info ][gc,phases   ] GC(35)   Evacuate Collection Set: 2.5ms
[2024-12-08T18:51:50.680+0000][11.474s][info ][gc,phases   ] GC(35)   Post Evacuate Collection Set: 0.7ms
[2024-12-08T18:51:50.680+0000][11.474s][info ][gc,phases   ] GC(35)   Other: 0.3ms
[2024-12-08T18:51:50.680+0000][11.475s][info ][gc,heap     ] GC(35) Eden regions: 73->0(72)
[2024-12-08T18:51:50.681+0000][11.475s][info ][gc,heap     ] GC(35) Survivor regions: 2->3(10)
[2024-12-08T18:51:50.681+0000][11.475s][info ][gc,heap     ] GC(35) Old regions: 36->36
[2024-12-08T18:51:50.681+0000][11.475s][info ][gc,heap     ] GC(35) Archive regions: 2->2
[2024-12-08T18:51:50.681+0000][11.475s][info ][gc,heap     ] GC(35) Humongous regions: 0->0
[2024-12-08T18:51:50.681+0000][11.475s][info ][gc,metaspace] GC(35) Metaspace: 83077K(83648K)->83077K(83648K) NonClass: 72160K(72448K)->72160K(72448K) Class: 10916K(11200K)->10916K(11200K)
[2024-12-08T18:51:50.681+0000][11.475s][info ][gc          ] GC(35) Pause Young (Normal) (G1 Evacuation Pause) 221M->77M(260M) 5.033ms
[2024-12-08T18:51:50.681+0000][11.475s][info ][gc,cpu      ] GC(35) User=0.02s Sys=0.00s Real=0.01s
[2024-12-08T18:51:50.681+0000][11.476s][info ][safepoint   ] Safepoint "G1CollectForAllocation", Time since last: 7106257 ns, Reaching safepoint: 158362 ns, Cleanup: 4113 ns, At safepoint: 5289838 ns, Total: 5452313 ns
[2024-12-08T18:51:50.878+0000][11.673s][debug][safepoint   ] Safepoint synchronization initiated using futex wait barrier. (20 threads)
[2024-12-08T18:51:50.879+0000][11.673s][info ][safepoint   ] Safepoint "ICBufferFull", Time since last: 197094798 ns, Reaching safepoint: 315248 ns, Cleanup: 112588 ns, At safepoint: 10521 ns, Total: 438357 ns
[2024-12-08T18:51:51.182+0000][11.976s][debug][safepoint   ] Safepoint synchronization initiated using futex wait barrier. (21 threads)
[2024-12-08T18:51:51.182+0000][11.976s][info ][gc,start    ] GC(36) Pause Young (Normal) (G1 Evacuation Pause)
[2024-12-08T18:51:51.182+0000][11.976s][info ][gc,task     ] GC(36) Using 6 workers of 10 for evacuation
[2024-12-08T18:51:51.187+0000][11.981s][info ][gc,phases   ] GC(36)   Pre Evacuate Collection Set: 0.1ms
[2024-12-08T18:51:51.187+0000][11.981s][info ][gc,phases   ] GC(36)   Merge Heap Roots: 0.1ms
[2024-12-08T18:51:51.187+0000][11.981s][info ][gc,phases   ] GC(36)   Evacuate Collection Set: 3.2ms
[2024-12-08T18:51:51.187+0000][11.981s][info ][gc,phases   ] GC(36)   Post Evacuate Collection Set: 0.7ms
[2024-12-08T18:51:51.187+0000][11.981s][info ][gc,phases   ] GC(36)   Other: 0.3ms
[2024-12-08T18:51:51.187+0000][11.981s][info ][gc,heap     ] GC(36) Eden regions: 72->0(71)
[2024-12-08T18:51:51.187+0000][11.982s][info ][gc,heap     ] GC(36) Survivor regions: 3->4(10)
[2024-12-08T18:51:51.187+0000][11.982s][info ][gc,heap     ] GC(36) Old regions: 36->36
[2024-12-08T18:51:51.187+0000][11.982s][info ][gc,heap     ] GC(36) Archive regions: 2->2
[2024-12-08T18:51:51.188+0000][11.982s][info ][gc,heap     ] GC(36) Humongous regions: 0->0
[2024-12-08T18:51:51.188+0000][11.982s][info ][gc,metaspace] GC(36) Metaspace: 85326K(85824K)->85326K(85824K) NonClass: 74252K(74496K)->74252K(74496K) Class: 11073K(11328K)->11073K(11328K)
[2024-12-08T18:51:51.188+0000][11.982s][info ][gc          ] GC(36) Pause Young (Normal) (G1 Evacuation Pause) 221M->80M(260M) 5.669ms
[2024-12-08T18:51:51.188+0000][11.982s][info ][gc,cpu      ] GC(36) User=0.02s Sys=0.01s Real=0.00s
[2024-12-08T18:51:51.188+0000][11.982s][info ][safepoint   ] Safepoint "G1CollectForAllocation", Time since last: 302807657 ns, Reaching safepoint: 286223 ns, Cleanup: 92105 ns, At safepoint: 5898440 ns, Total: 6276768 ns
[2024-12-08T18:51:51.478+0000][12.273s][debug][safepoint   ] Safepoint synchronization initiated using futex wait barrier. (21 threads)
[2024-12-08T18:51:51.479+0000][12.273s][info ][safepoint   ] Safepoint "ICBufferFull", Time since last: 290383833 ns, Reaching safepoint: 473556 ns, Cleanup: 182724 ns, At safepoint: 2907 ns, Total: 659187 ns
[2024-12-08T18:51:51.986+0000][12.780s][debug][safepoint   ] Safepoint synchronization initiated using futex wait barrier. (25 threads)
[2024-12-08T18:51:51.986+0000][12.781s][info ][gc,start    ] GC(37) Pause Young (Normal) (G1 Evacuation Pause)
[2024-12-08T18:51:51.987+0000][12.781s][info ][gc,task     ] GC(37) Using 10 workers of 10 for evacuation
[2024-12-08T18:51:51.992+0000][12.786s][info ][gc,phases   ] GC(37)   Pre Evacuate Collection Set: 0.2ms
[2024-12-08T18:51:51.992+0000][12.786s][info ][gc,phases   ] GC(37)   Merge Heap Roots: 0.1ms
[2024-12-08T18:51:51.992+0000][12.786s][info ][gc,phases   ] GC(37)   Evacuate Collection Set: 3.5ms
[2024-12-08T18:51:51.992+0000][12.787s][info ][gc,phases   ] GC(37)   Post Evacuate Collection Set: 1.1ms
[2024-12-08T18:51:51.993+0000][12.787s][info ][gc,phases   ] GC(37)   Other: 0.4ms
[2024-12-08T18:51:51.993+0000][12.787s][info ][gc,heap     ] GC(37) Eden regions: 71->0(67)
[2024-12-08T18:51:51.993+0000][12.787s][info ][gc,heap     ] GC(37) Survivor regions: 4->6(10)
[2024-12-08T18:51:51.993+0000][12.787s][info ][gc,heap     ] GC(37) Old regions: 36->36
[2024-12-08T18:51:51.993+0000][12.787s][info ][gc,heap     ] GC(37) Archive regions: 2->2
[2024-12-08T18:51:51.993+0000][12.788s][info ][gc,heap     ] GC(37) Humongous regions: 0->0
[2024-12-08T18:51:51.993+0000][12.788s][info ][gc,metaspace] GC(37) Metaspace: 87961K(88576K)->87961K(88576K) NonClass: 76674K(76992K)->76674K(76992K) Class: 11286K(11584K)->11286K(11584K)
[2024-12-08T18:51:51.994+0000][12.788s][info ][gc          ] GC(37) Pause Young (Normal) (G1 Evacuation Pause) 222M->84M(260M) 7.179ms
[2024-12-08T18:51:51.994+0000][12.788s][info ][gc,cpu      ] GC(37) User=0.08s Sys=0.00s Real=0.01s
[2024-12-08T18:51:51.994+0000][12.788s][info ][safepoint   ] Safepoint "G1CollectForAllocation", Time since last: 507046068 ns, Reaching safepoint: 255894 ns, Cleanup: 123298 ns, At safepoint: 7569720 ns, Total: 7948912 ns
[2024-12-08T18:51:52.887+0000][13.682s][debug][safepoint   ] Safepoint synchronization initiated using futex wait barrier. (25 threads)
[2024-12-08T18:51:52.888+0000][13.682s][info ][safepoint   ] Safepoint "ICBufferFull", Time since last: 893464367 ns, Reaching safepoint: 327407 ns, Cleanup: 160054 ns, At safepoint: 21627 ns, Total: 509088 ns
[2024-12-08T18:51:52.892+0000][13.686s][debug][safepoint   ] Safepoint synchronization initiated using futex wait barrier. (25 threads)
[2024-12-08T18:51:52.892+0000][13.686s][info ][safepoint   ] Safepoint "ICBufferFull", Time since last: 3518440 ns, Reaching safepoint: 753234 ns, Cleanup: 9333 ns, At safepoint: 29655 ns, Total: 792222 ns
[2024-12-08T18:51:52.934+0000][13.728s][debug][safepoint   ] Safepoint synchronization initiated using futex wait barrier. (25 threads)
[2024-12-08T18:51:52.934+0000][13.729s][info ][gc,start    ] GC(38) Pause Young (Normal) (G1 Evacuation Pause)
[2024-12-08T18:51:52.935+0000][13.729s][info ][gc,task     ] GC(38) Using 10 workers of 10 for evacuation
[2024-12-08T18:51:52.941+0000][13.735s][info ][gc,phases   ] GC(38)   Pre Evacuate Collection Set: 0.1ms
[2024-12-08T18:51:52.941+0000][13.735s][info ][gc,phases   ] GC(38)   Merge Heap Roots: 0.1ms
[2024-12-08T18:51:52.941+0000][13.735s][info ][gc,phases   ] GC(38)   Evacuate Collection Set: 4.7ms
[2024-12-08T18:51:52.941+0000][13.736s][info ][gc,phases   ] GC(38)   Post Evacuate Collection Set: 1.2ms
[2024-12-08T18:51:52.942+0000][13.736s][info ][gc,phases   ] GC(38)   Other: 0.3ms
[2024-12-08T18:51:52.942+0000][13.736s][info ][gc,heap     ] GC(38) Eden regions: 67->0(64)
[2024-12-08T18:51:52.942+0000][13.736s][info ][gc,heap     ] GC(38) Survivor regions: 6->7(10)
[2024-12-08T18:51:52.942+0000][13.736s][info ][gc,heap     ] GC(38) Old regions: 36->37
[2024-12-08T18:51:52.942+0000][13.736s][info ][gc,heap     ] GC(38) Archive regions: 2->2
[2024-12-08T18:51:52.942+0000][13.737s][info ][gc,heap     ] GC(38) Humongous regions: 0->0
[2024-12-08T18:51:52.942+0000][13.737s][info ][gc,metaspace] GC(38) Metaspace: 91534K(92160K)->91534K(92160K) NonClass: 79786K(80128K)->79786K(80128K) Class: 11748K(12032K)->11748K(12032K)
[2024-12-08T18:51:52.943+0000][13.737s][info ][gc          ] GC(38) Pause Young (Normal) (G1 Evacuation Pause) 218M->87M(260M) 8.259ms
[2024-12-08T18:51:52.943+0000][13.737s][info ][gc,cpu      ] GC(38) User=0.07s Sys=0.00s Real=0.01s
[2024-12-08T18:51:52.944+0000][13.738s][info ][safepoint   ] Safepoint "G1CollectForAllocation", Time since last: 41801536 ns, Reaching safepoint: 236248 ns, Cleanup: 20816 ns, At safepoint: 9755123 ns, Total: 10012187 ns
[2024-12-08T18:51:53.421+0000][14.215s][debug][safepoint   ] Safepoint synchronization initiated using futex wait barrier. (24 threads)
[2024-12-08T18:51:53.422+0000][14.216s][info ][safepoint   ] Safepoint "ICBufferFull", Time since last: 477181688 ns, Reaching safepoint: 243240 ns, Cleanup: 137374 ns, At safepoint: 21924 ns, Total: 402538 ns
[2024-12-08T18:51:53.633+0000][14.427s][debug][safepoint   ] Safepoint synchronization initiated using futex wait barrier. (24 threads)
[2024-12-08T18:51:53.633+0000][14.427s][info ][gc,start    ] GC(39) Pause Young (Normal) (G1 Evacuation Pause)
[2024-12-08T18:51:53.633+0000][14.427s][info ][gc,task     ] GC(39) Using 10 workers of 10 for evacuation
[2024-12-08T18:51:53.639+0000][14.433s][info ][gc,phases   ] GC(39)   Pre Evacuate Collection Set: 0.1ms
[2024-12-08T18:51:53.639+0000][14.434s][info ][gc,phases   ] GC(39)   Merge Heap Roots: 0.1ms
[2024-12-08T18:51:53.639+0000][14.434s][info ][gc,phases   ] GC(39)   Evacuate Collection Set: 4.4ms
[2024-12-08T18:51:53.640+0000][14.434s][info ][gc,phases   ] GC(39)   Post Evacuate Collection Set: 1.0ms
[2024-12-08T18:51:53.640+0000][14.434s][info ][gc,phases   ] GC(39)   Other: 0.3ms
[2024-12-08T18:51:53.640+0000][14.434s][info ][gc,heap     ] GC(39) Eden regions: 64->0(65)
[2024-12-08T18:51:53.640+0000][14.434s][info ][gc,heap     ] GC(39) Survivor regions: 7->5(9)
[2024-12-08T18:51:53.640+0000][14.434s][info ][gc,heap     ] GC(39) Old regions: 37->40
[2024-12-08T18:51:53.640+0000][14.434s][info ][gc,heap     ] GC(39) Archive regions: 2->2
[2024-12-08T18:51:53.640+0000][14.435s][info ][gc,heap     ] GC(39) Humongous regions: 0->0
[2024-12-08T18:51:53.641+0000][14.435s][info ][gc,metaspace] GC(39) Metaspace: 95368K(95936K)->95368K(95936K) NonClass: 82896K(83200K)->82896K(83200K) Class: 12472K(12736K)->12472K(12736K)
[2024-12-08T18:51:53.641+0000][14.435s][info ][gc          ] GC(39) Pause Young (Normal) (G1 Evacuation Pause) 215M->90M(260M) 7.518ms
[2024-12-08T18:51:53.641+0000][14.435s][info ][gc,cpu      ] GC(39) User=0.07s Sys=0.00s Real=0.01s
[2024-12-08T18:51:53.641+0000][14.435s][info ][safepoint   ] Safepoint "G1CollectForAllocation", Time since last: 211143707 ns, Reaching safepoint: 233367 ns, Cleanup: 60534 ns, At safepoint: 7890293 ns, Total: 8184194 ns
[2024-12-08T18:51:54.089+0000][14.883s][debug][safepoint   ] Safepoint synchronization initiated using futex wait barrier. (24 threads)
[2024-12-08T18:51:54.090+0000][14.884s][info ][gc,start    ] GC(40) Pause Young (Normal) (G1 Evacuation Pause)
[2024-12-08T18:51:54.090+0000][14.884s][info ][gc,task     ] GC(40) Using 10 workers of 10 for evacuation
[2024-12-08T18:51:54.094+0000][14.888s][info ][gc,phases   ] GC(40)   Pre Evacuate Collection Set: 0.2ms
[2024-12-08T18:51:54.094+0000][14.889s][info ][gc,phases   ] GC(40)   Merge Heap Roots: 0.1ms
[2024-12-08T18:51:54.095+0000][14.889s][info ][gc,phases   ] GC(40)   Evacuate Collection Set: 3.2ms
[2024-12-08T18:51:54.095+0000][14.889s][info ][gc,phases   ] GC(40)   Post Evacuate Collection Set: 0.9ms
[2024-12-08T18:51:54.095+0000][14.889s][info ][gc,phases   ] GC(40)   Other: 0.3ms
[2024-12-08T18:51:54.095+0000][14.889s][info ][gc,heap     ] GC(40) Eden regions: 65->0(63)
[2024-12-08T18:51:54.095+0000][14.890s][info ][gc,heap     ] GC(40) Survivor regions: 5->6(9)
[2024-12-08T18:51:54.096+0000][14.890s][info ][gc,heap     ] GC(40) Old regions: 40->40
[2024-12-08T18:51:54.096+0000][14.890s][info ][gc,heap     ] GC(40) Archive regions: 2->2
[2024-12-08T18:51:54.096+0000][14.890s][info ][gc,heap     ] GC(40) Humongous regions: 0->0
[2024-12-08T18:51:54.096+0000][14.890s][info ][gc,metaspace] GC(40) Metaspace: 97972K(98496K)->97972K(98496K) NonClass: 85124K(85376K)->85124K(85376K) Class: 12848K(13120K)->12848K(13120K)
[2024-12-08T18:51:54.096+0000][14.890s][info ][gc          ] GC(40) Pause Young (Normal) (G1 Evacuation Pause) 220M->92M(260M) 6.575ms
[2024-12-08T18:51:54.096+0000][14.890s][info ][gc,cpu      ] GC(40) User=0.04s Sys=0.00s Real=0.00s
[2024-12-08T18:51:54.096+0000][14.891s][info ][safepoint   ] Safepoint "G1CollectForAllocation", Time since last: 448218828 ns, Reaching safepoint: 213333 ns, Cleanup: 50580 ns, At safepoint: 6904204 ns, Total: 7168117 ns
[2024-12-08T18:51:54.757+0000][15.551s][debug][safepoint   ] Safepoint synchronization initiated using futex wait barrier. (67 threads)
[2024-12-08T18:51:54.757+0000][15.551s][info ][gc,start    ] GC(41) Pause Young (Normal) (G1 Evacuation Pause)
[2024-12-08T18:51:54.757+0000][15.551s][info ][gc,task     ] GC(41) Using 10 workers of 10 for evacuation
[2024-12-08T18:51:54.764+0000][15.558s][info ][gc,phases   ] GC(41)   Pre Evacuate Collection Set: 0.2ms
[2024-12-08T18:51:54.764+0000][15.558s][info ][gc,phases   ] GC(41)   Merge Heap Roots: 0.1ms
[2024-12-08T18:51:54.764+0000][15.558s][info ][gc,phases   ] GC(41)   Evacuate Collection Set: 5.0ms
[2024-12-08T18:51:54.764+0000][15.558s][info ][gc,phases   ] GC(41)   Post Evacuate Collection Set: 1.0ms
[2024-12-08T18:51:54.764+0000][15.559s][info ][gc,phases   ] GC(41)   Other: 0.3ms
[2024-12-08T18:51:54.765+0000][15.559s][info ][gc,heap     ] GC(41) Eden regions: 63->0(61)
[2024-12-08T18:51:54.765+0000][15.559s][info ][gc,heap     ] GC(41) Survivor regions: 6->6(9)
[2024-12-08T18:51:54.765+0000][15.559s][info ][gc,heap     ] GC(41) Old regions: 40->42
[2024-12-08T18:51:54.765+0000][15.559s][info ][gc,heap     ] GC(41) Archive regions: 2->2
[2024-12-08T18:51:54.765+0000][15.559s][info ][gc,heap     ] GC(41) Humongous regions: 0->0
[2024-12-08T18:51:54.765+0000][15.559s][info ][gc,metaspace] GC(41) Metaspace: 102338K(102912K)->102338K(102912K) NonClass: 88890K(89152K)->88890K(89152K) Class: 13447K(13760K)->13447K(13760K)
[2024-12-08T18:51:54.765+0000][15.560s][info ][gc          ] GC(41) Pause Young (Normal) (G1 Evacuation Pause) 218M->94M(260M) 8.314ms
[2024-12-08T18:51:54.765+0000][15.560s][info ][gc,cpu      ] GC(41) User=0.07s Sys=0.00s Real=0.01s
[2024-12-08T18:51:54.766+0000][15.560s][info ][safepoint   ] Safepoint "G1CollectForAllocation", Time since last: 660265471 ns, Reaching safepoint: 235266 ns, Cleanup: 110761 ns, At safepoint: 8564646 ns, Total: 8910673 ns
[2024-12-08T18:51:55.095+0000][15.890s][debug][safepoint   ] Safepoint synchronization initiated using futex wait barrier. (75 threads)
[2024-12-08T18:51:55.096+0000][15.890s][info ][safepoint   ] Safepoint "ICBufferFull", Time since last: 329777560 ns, Reaching safepoint: 209841 ns, Cleanup: 124306 ns, At safepoint: 16587 ns, Total: 350734 ns
[2024-12-08T18:51:55.336+0000][16.130s][debug][safepoint   ] Safepoint synchronization initiated using futex wait barrier. (75 threads)
[2024-12-08T18:51:55.337+0000][16.131s][info ][gc,start    ] GC(42) Pause Young (Normal) (G1 Evacuation Pause)
[2024-12-08T18:51:55.337+0000][16.131s][info ][gc,task     ] GC(42) Using 10 workers of 10 for evacuation
[2024-12-08T18:51:55.355+0000][16.149s][info ][gc,phases   ] GC(42)   Pre Evacuate Collection Set: 0.2ms
[2024-12-08T18:51:55.357+0000][16.151s][info ][gc,phases   ] GC(42)   Merge Heap Roots: 0.1ms
[2024-12-08T18:51:55.357+0000][16.151s][info ][gc,phases   ] GC(42)   Evacuate Collection Set: 16.7ms
[2024-12-08T18:51:55.357+0000][16.151s][info ][gc,phases   ] GC(42)   Post Evacuate Collection Set: 1.2ms
[2024-12-08T18:51:55.357+0000][16.152s][info ][gc,phases   ] GC(42)   Other: 0.4ms
[2024-12-08T18:51:55.358+0000][16.152s][info ][gc,heap     ] GC(42) Eden regions: 61->0(62)
[2024-12-08T18:51:55.365+0000][16.159s][info ][gc,heap     ] GC(42) Survivor regions: 6->5(9)
[2024-12-08T18:51:55.369+0000][16.163s][info ][gc,heap     ] GC(42) Old regions: 42->43
[2024-12-08T18:51:55.369+0000][16.163s][info ][gc,heap     ] GC(42) Archive regions: 2->2
[2024-12-08T18:51:55.369+0000][16.164s][info ][gc,heap     ] GC(42) Humongous regions: 0->0
[2024-12-08T18:51:55.369+0000][16.164s][info ][gc,metaspace] GC(42) Metaspace: 105467K(106112K)->105467K(106112K) NonClass: 91604K(91968K)->91604K(91968K) Class: 13862K(14144K)->13862K(14144K)
[2024-12-08T18:51:55.370+0000][16.164s][info ][gc          ] GC(42) Pause Young (Normal) (G1 Evacuation Pause) 216M->96M(260M) 33.109ms
[2024-12-08T18:51:55.370+0000][16.164s][info ][gc,cpu      ] GC(42) User=0.10s Sys=0.00s Real=0.04s
[2024-12-08T18:51:55.371+0000][16.165s][info ][safepoint   ] Safepoint "G1CollectForAllocation", Time since last: 240528019 ns, Reaching safepoint: 261294 ns, Cleanup: 34316 ns, At safepoint: 34202293 ns, Total: 34497903 ns
[2024-12-08T18:51:55.987+0000][16.781s][debug][safepoint   ] Safepoint synchronization initiated using futex wait barrier. (80 threads)
[2024-12-08T18:51:55.988+0000][16.782s][info ][gc,start    ] GC(43) Pause Young (Normal) (G1 Evacuation Pause)
[2024-12-08T18:51:55.988+0000][16.782s][info ][gc,task     ] GC(43) Using 10 workers of 10 for evacuation
[2024-12-08T18:51:55.993+0000][16.787s][info ][gc,phases   ] GC(43)   Pre Evacuate Collection Set: 0.2ms
[2024-12-08T18:51:55.993+0000][16.787s][info ][gc,phases   ] GC(43)   Merge Heap Roots: 0.1ms
[2024-12-08T18:51:55.993+0000][16.788s][info ][gc,phases   ] GC(43)   Evacuate Collection Set: 3.8ms
[2024-12-08T18:51:55.993+0000][16.788s][info ][gc,phases   ] GC(43)   Post Evacuate Collection Set: 1.0ms
[2024-12-08T18:51:55.994+0000][16.788s][info ][gc,phases   ] GC(43)   Other: 0.4ms
[2024-12-08T18:51:55.994+0000][16.788s][info ][gc,heap     ] GC(43) Eden regions: 62->0(59)
[2024-12-08T18:51:55.994+0000][16.788s][info ][gc,heap     ] GC(43) Survivor regions: 5->6(9)
[2024-12-08T18:51:55.994+0000][16.788s][info ][gc,heap     ] GC(43) Old regions: 43->44
[2024-12-08T18:51:55.994+0000][16.788s][info ][gc,heap     ] GC(43) Archive regions: 2->2
[2024-12-08T18:51:55.994+0000][16.788s][info ][gc,heap     ] GC(43) Humongous regions: 0->0
[2024-12-08T18:51:55.994+0000][16.789s][info ][gc,metaspace] GC(43) Metaspace: 107657K(108288K)->107657K(108288K) NonClass: 93578K(93888K)->93578K(93888K) Class: 14079K(14400K)->14079K(14400K)
[2024-12-08T18:51:55.995+0000][16.789s][info ][gc          ] GC(43) Pause Young (Normal) (G1 Evacuation Pause) 220M->99M(260M) 6.977ms
[2024-12-08T18:51:55.995+0000][16.789s][info ][gc,cpu      ] GC(43) User=0.08s Sys=0.00s Real=0.01s
[2024-12-08T18:51:55.995+0000][16.789s][info ][safepoint   ] Safepoint "G1CollectForAllocation", Time since last: 616363579 ns, Reaching safepoint: 368412 ns, Cleanup: 89792 ns, At safepoint: 7315989 ns, Total: 7774193 ns
[2024-12-08T18:51:56.460+0000][17.255s][debug][safepoint   ] Safepoint synchronization initiated using futex wait barrier. (86 threads)
[2024-12-08T18:51:56.461+0000][17.255s][info ][gc,start    ] GC(44) Pause Young (Normal) (G1 Evacuation Pause)
[2024-12-08T18:51:56.461+0000][17.255s][info ][gc,task     ] GC(44) Using 10 workers of 10 for evacuation
[2024-12-08T18:51:56.466+0000][17.260s][info ][gc,phases   ] GC(44)   Pre Evacuate Collection Set: 0.2ms
[2024-12-08T18:51:56.466+0000][17.260s][info ][gc,phases   ] GC(44)   Merge Heap Roots: 0.1ms
[2024-12-08T18:51:56.466+0000][17.261s][info ][gc,phases   ] GC(44)   Evacuate Collection Set: 3.3ms
[2024-12-08T18:51:56.467+0000][17.261s][info ][gc,phases   ] GC(44)   Post Evacuate Collection Set: 1.2ms
[2024-12-08T18:51:56.467+0000][17.261s][info ][gc,phases   ] GC(44)   Other: 0.4ms
[2024-12-08T18:51:56.467+0000][17.262s][info ][gc,heap     ] GC(44) Eden regions: 59->0(57)
[2024-12-08T18:51:56.468+0000][17.262s][info ][gc,heap     ] GC(44) Survivor regions: 6->6(9)
[2024-12-08T18:51:56.468+0000][17.262s][info ][gc,heap     ] GC(44) Old regions: 44->46
[2024-12-08T18:51:56.468+0000][17.262s][info ][gc,heap     ] GC(44) Archive regions: 2->2
[2024-12-08T18:51:56.468+0000][17.262s][info ][gc,heap     ] GC(44) Humongous regions: 0->0
[2024-12-08T18:51:56.468+0000][17.262s][info ][gc,metaspace] GC(44) Metaspace: 109925K(110592K)->109925K(110592K) NonClass: 95606K(95936K)->95606K(95936K) Class: 14319K(14656K)->14319K(14656K)
[2024-12-08T18:51:56.468+0000][17.263s][info ][gc          ] GC(44) Pause Young (Normal) (G1 Evacuation Pause) 217M->102M(260M) 7.591ms
[2024-12-08T18:51:56.468+0000][17.263s][info ][gc,cpu      ] GC(44) User=0.04s Sys=0.00s Real=0.00s
[2024-12-08T18:51:56.469+0000][17.263s][info ][safepoint   ] Safepoint "G1CollectForAllocation", Time since last: 465524333 ns, Reaching safepoint: 224043 ns, Cleanup: 79405 ns, At safepoint: 8007491 ns, Total: 8310939 ns
[2024-12-08T18:51:56.857+0000][17.651s][debug][safepoint   ] Safepoint synchronization initiated using futex wait barrier. (90 threads)
[2024-12-08T18:51:56.857+0000][17.652s][info ][gc,start    ] GC(45) Pause Young (Normal) (G1 Evacuation Pause)
[2024-12-08T18:51:56.858+0000][17.652s][info ][gc,task     ] GC(45) Using 10 workers of 10 for evacuation
[2024-12-08T18:51:56.862+0000][17.656s][info ][gc,phases   ] GC(45)   Pre Evacuate Collection Set: 0.1ms
[2024-12-08T18:51:56.862+0000][17.656s][info ][gc,phases   ] GC(45)   Merge Heap Roots: 0.1ms
[2024-12-08T18:51:56.862+0000][17.656s][info ][gc,phases   ] GC(45)   Evacuate Collection Set: 3.2ms
[2024-12-08T18:51:56.862+0000][17.656s][info ][gc,phases   ] GC(45)   Post Evacuate Collection Set: 0.8ms
[2024-12-08T18:51:56.862+0000][17.657s][info ][gc,phases   ] GC(45)   Other: 0.3ms
[2024-12-08T18:51:56.862+0000][17.657s][info ][gc,heap     ] GC(45) Eden regions: 57->0(56)
[2024-12-08T18:51:56.863+0000][17.657s][info ][gc,heap     ] GC(45) Survivor regions: 6->6(8)
[2024-12-08T18:51:56.863+0000][17.657s][info ][gc,heap     ] GC(45) Old regions: 46->47
[2024-12-08T18:51:56.863+0000][17.657s][info ][gc,heap     ] GC(45) Archive regions: 2->2
[2024-12-08T18:51:56.863+0000][17.657s][info ][gc,heap     ] GC(45) Humongous regions: 0->0
[2024-12-08T18:51:56.863+0000][17.657s][info ][gc,metaspace] GC(45) Metaspace: 112748K(113408K)->112748K(113408K) NonClass: 98141K(98496K)->98141K(98496K) Class: 14606K(14912K)->14606K(14912K)
[2024-12-08T18:51:56.863+0000][17.657s][info ][gc          ] GC(45) Pause Young (Normal) (G1 Evacuation Pause) 216M->105M(260M) 5.495ms
[2024-12-08T18:51:56.863+0000][17.657s][info ][gc,cpu      ] GC(45) User=0.05s Sys=0.00s Real=0.01s
[2024-12-08T18:51:56.863+0000][17.657s][info ][safepoint   ] Safepoint "G1CollectForAllocation", Time since last: 388320208 ns, Reaching safepoint: 273614 ns, Cleanup: 103634 ns, At safepoint: 5755369 ns, Total: 6132617 ns
[2024-12-08T18:51:56.986+0000][17.780s][debug][safepoint   ] Safepoint synchronization initiated using futex wait barrier. (90 threads)
[2024-12-08T18:51:56.986+0000][17.780s][info ][gc,start    ] GC(46) Pause Young (Concurrent Start) (Metadata GC Threshold)
[2024-12-08T18:51:56.986+0000][17.781s][info ][gc,task     ] GC(46) Using 10 workers of 10 for evacuation
[2024-12-08T18:51:56.991+0000][17.785s][info ][gc,phases   ] GC(46)   Pre Evacuate Collection Set: 0.2ms
[2024-12-08T18:51:56.991+0000][17.785s][info ][gc,phases   ] GC(46)   Merge Heap Roots: 0.1ms
[2024-12-08T18:51:56.991+0000][17.785s][info ][gc,phases   ] GC(46)   Evacuate Collection Set: 3.1ms
[2024-12-08T18:51:56.991+0000][17.785s][info ][gc,phases   ] GC(46)   Post Evacuate Collection Set: 0.8ms
[2024-12-08T18:51:56.991+0000][17.786s][info ][gc,phases   ] GC(46)   Other: 0.4ms
[2024-12-08T18:51:56.991+0000][17.786s][info ][gc,heap     ] GC(46) Eden regions: 17->0(58)
[2024-12-08T18:51:56.992+0000][17.786s][info ][gc,heap     ] GC(46) Survivor regions: 6->4(8)
[2024-12-08T18:51:56.992+0000][17.786s][info ][gc,heap     ] GC(46) Old regions: 47->49
[2024-12-08T18:51:56.992+0000][17.786s][info ][gc,heap     ] GC(46) Archive regions: 2->2
[2024-12-08T18:51:56.992+0000][17.786s][info ][gc,heap     ] GC(46) Humongous regions: 0->0
[2024-12-08T18:51:56.992+0000][17.786s][info ][gc,metaspace] GC(46) Metaspace: 113288K(113920K)->113288K(113920K) NonClass: 98634K(98944K)->98634K(98944K) Class: 14654K(14976K)->14654K(14976K)
[2024-12-08T18:51:56.992+0000][17.786s][info ][gc          ] GC(46) Pause Young (Concurrent Start) (Metadata GC Threshold) 137M->106M(260M) 5.840ms
[2024-12-08T18:51:56.992+0000][17.786s][info ][gc,cpu      ] GC(46) User=0.05s Sys=0.00s Real=0.01s
[2024-12-08T18:51:56.992+0000][17.787s][info ][gc          ] GC(47) Concurrent Mark Cycle
[2024-12-08T18:51:56.992+0000][17.787s][info ][gc,marking  ] GC(47) Concurrent Clear Claimed Marks
[2024-12-08T18:51:56.992+0000][17.787s][info ][safepoint   ] Safepoint "CollectForMetadataAllocation", Time since last: 122787355 ns, Reaching safepoint: 200481 ns, Cleanup: 93491 ns, At safepoint: 6250632 ns, Total: 6544604 ns
[2024-12-08T18:51:56.993+0000][17.787s][info ][gc,marking  ] GC(47) Concurrent Clear Claimed Marks 0.187ms
[2024-12-08T18:51:56.993+0000][17.787s][info ][gc,marking  ] GC(47) Concurrent Scan Root Regions
[2024-12-08T18:51:56.996+0000][17.790s][info ][gc,marking  ] GC(47) Concurrent Scan Root Regions 3.133ms
[2024-12-08T18:51:56.996+0000][17.790s][info ][gc,marking  ] GC(47) Concurrent Mark
[2024-12-08T18:51:56.996+0000][17.790s][info ][gc,marking  ] GC(47) Concurrent Mark From Roots
[2024-12-08T18:51:56.996+0000][17.791s][info ][gc,task     ] GC(47) Using 3 workers of 3 for marking
[2024-12-08T18:51:57.033+0000][17.827s][info ][gc,marking  ] GC(47) Concurrent Mark From Roots 36.772ms
[2024-12-08T18:51:57.033+0000][17.827s][info ][gc,marking  ] GC(47) Concurrent Preclean
[2024-12-08T18:51:57.033+0000][17.828s][info ][gc,marking  ] GC(47) Concurrent Preclean 0.275ms
[2024-12-08T18:51:57.034+0000][17.828s][debug][safepoint   ] Safepoint synchronization initiated using futex wait barrier. (90 threads)
[2024-12-08T18:51:57.034+0000][17.828s][info ][gc,start    ] GC(47) Pause Remark
[2024-12-08T18:51:57.038+0000][17.832s][info ][gc          ] GC(47) Pause Remark 109M->109M(260M) 3.850ms
[2024-12-08T18:51:57.038+0000][17.832s][info ][gc,cpu      ] GC(47) User=0.02s Sys=0.00s Real=0.00s
[2024-12-08T18:51:57.038+0000][17.832s][info ][safepoint   ] Safepoint "G1PauseRemark", Time since last: 41122436 ns, Reaching safepoint: 99602 ns, Cleanup: 23625 ns, At safepoint: 4131636 ns, Total: 4254863 ns
[2024-12-08T18:51:57.038+0000][17.832s][info ][gc,marking  ] GC(47) Concurrent Mark 41.873ms
[2024-12-08T18:51:57.038+0000][17.832s][info ][gc,marking  ] GC(47) Concurrent Rebuild Remembered Sets
[2024-12-08T18:51:57.056+0000][17.850s][info ][gc,marking  ] GC(47) Concurrent Rebuild Remembered Sets 17.966ms
[2024-12-08T18:51:57.056+0000][17.851s][debug][safepoint   ] Safepoint synchronization initiated using futex wait barrier. (90 threads)
[2024-12-08T18:51:57.057+0000][17.851s][info ][gc,start    ] GC(47) Pause Cleanup
[2024-12-08T18:51:57.057+0000][17.851s][info ][gc          ] GC(47) Pause Cleanup 110M->110M(260M) 0.327ms
[2024-12-08T18:51:57.057+0000][17.851s][info ][gc,cpu      ] GC(47) User=0.01s Sys=0.00s Real=0.00s
[2024-12-08T18:51:57.057+0000][17.851s][info ][safepoint   ] Safepoint "G1PauseCleanup", Time since last: 18456396 ns, Reaching safepoint: 142838 ns, Cleanup: 10476 ns, At safepoint: 633626 ns, Total: 786940 ns
[2024-12-08T18:51:57.057+0000][17.851s][info ][gc,marking  ] GC(47) Concurrent Cleanup for Next Mark
[2024-12-08T18:51:57.058+0000][17.852s][info ][gc,marking  ] GC(47) Concurrent Cleanup for Next Mark 0.325ms
[2024-12-08T18:51:57.058+0000][17.852s][info ][gc          ] GC(47) Concurrent Mark Cycle 65.359ms
[2024-12-08T18:51:57.241+0000][18.035s][debug][safepoint   ] Safepoint synchronization initiated using futex wait barrier. (90 threads)
[2024-12-08T18:51:57.242+0000][18.036s][info ][safepoint   ] Safepoint "ICBufferFull", Time since last: 184180573 ns, Reaching safepoint: 202417 ns, Cleanup: 154015 ns, At safepoint: 10908 ns, Total: 367340 ns
[2024-12-08T18:51:57.662+0000][18.456s][debug][safepoint   ] Safepoint synchronization initiated using futex wait barrier. (90 threads)
[2024-12-08T18:51:57.662+0000][18.457s][info ][safepoint   ] Safepoint "ICBufferFull", Time since last: 420351292 ns, Reaching safepoint: 207539 ns, Cleanup: 118321 ns, At safepoint: 2943 ns, Total: 328803 ns
[2024-12-08T18:51:57.684+0000][18.478s][debug][safepoint   ] Safepoint synchronization initiated using futex wait barrier. (90 threads)
[2024-12-08T18:51:57.684+0000][18.478s][info ][gc,start    ] GC(48) Pause Young (Prepare Mixed) (G1 Evacuation Pause)
[2024-12-08T18:51:57.684+0000][18.478s][info ][gc,task     ] GC(48) Using 10 workers of 10 for evacuation
[2024-12-08T18:51:57.689+0000][18.483s][info ][gc,phases   ] GC(48)   Pre Evacuate Collection Set: 0.1ms
[2024-12-08T18:51:57.689+0000][18.483s][info ][gc,phases   ] GC(48)   Merge Heap Roots: 0.1ms
[2024-12-08T18:51:57.689+0000][18.483s][info ][gc,phases   ] GC(48)   Evacuate Collection Set: 3.4ms
[2024-12-08T18:51:57.689+0000][18.483s][info ][gc,phases   ] GC(48)   Post Evacuate Collection Set: 0.8ms
[2024-12-08T18:51:57.689+0000][18.483s][info ][gc,phases   ] GC(48)   Other: 0.4ms
[2024-12-08T18:51:57.689+0000][18.483s][info ][gc,heap     ] GC(48) Eden regions: 58->0(1)
[2024-12-08T18:51:57.689+0000][18.484s][info ][gc,heap     ] GC(48) Survivor regions: 4->5(8)
[2024-12-08T18:51:57.690+0000][18.484s][info ][gc,heap     ] GC(48) Old regions: 49->49
[2024-12-08T18:51:57.690+0000][18.484s][info ][gc,heap     ] GC(48) Archive regions: 2->2
[2024-12-08T18:51:57.690+0000][18.484s][info ][gc,heap     ] GC(48) Humongous regions: 0->0
[2024-12-08T18:51:57.690+0000][18.484s][info ][gc,metaspace] GC(48) Metaspace: 116064K(116736K)->116064K(116736K) NonClass: 101100K(101440K)->101100K(101440K) Class: 14964K(15296K)->14964K(15296K)
[2024-12-08T18:51:57.690+0000][18.484s][info ][gc          ] GC(48) Pause Young (Prepare Mixed) (G1 Evacuation Pause) 222M->108M(260M) 5.954ms
[2024-12-08T18:51:57.690+0000][18.484s][info ][gc,cpu      ] GC(48) User=0.06s Sys=0.01s Real=0.01s
[2024-12-08T18:51:57.690+0000][18.484s][info ][safepoint   ] Safepoint "G1CollectForAllocation", Time since last: 21320328 ns, Reaching safepoint: 245166 ns, Cleanup: 12087 ns, At safepoint: 6229735 ns, Total: 6486988 ns
[2024-12-08T18:51:57.698+0000][18.493s][debug][safepoint   ] Safepoint synchronization initiated using futex wait barrier. (91 threads)
[2024-12-08T18:51:57.699+0000][18.493s][info ][gc,start    ] GC(49) Pause Young (Mixed) (G1 Evacuation Pause)
[2024-12-08T18:51:57.699+0000][18.493s][info ][gc,task     ] GC(49) Using 10 workers of 10 for evacuation
[2024-12-08T18:51:57.703+0000][18.497s][info ][gc,phases   ] GC(49)   Pre Evacuate Collection Set: 0.1ms
[2024-12-08T18:51:57.703+0000][18.497s][info ][gc,phases   ] GC(49)   Merge Heap Roots: 0.1ms
[2024-12-08T18:51:57.703+0000][18.498s][info ][gc,phases   ] GC(49)   Evacuate Collection Set: 3.3ms
[2024-12-08T18:51:57.704+0000][18.498s][info ][gc,phases   ] GC(49)   Post Evacuate Collection Set: 0.6ms
[2024-12-08T18:51:57.704+0000][18.498s][info ][gc,phases   ] GC(49)   Other: 0.3ms
[2024-12-08T18:51:57.704+0000][18.498s][info ][gc,heap     ] GC(49) Eden regions: 1->0(56)
[2024-12-08T18:51:57.704+0000][18.498s][info ][gc,heap     ] GC(49) Survivor regions: 5->1(1)
[2024-12-08T18:51:57.704+0000][18.498s][info ][gc,heap     ] GC(49) Old regions: 49->53
[2024-12-08T18:51:57.704+0000][18.498s][info ][gc,heap     ] GC(49) Archive regions: 2->2
[2024-12-08T18:51:57.704+0000][18.498s][info ][gc,heap     ] GC(49) Humongous regions: 0->0
[2024-12-08T18:51:57.704+0000][18.498s][info ][gc,metaspace] GC(49) Metaspace: 116114K(116800K)->116114K(116800K) NonClass: 101143K(101504K)->101143K(101504K) Class: 14970K(15296K)->14970K(15296K)
[2024-12-08T18:51:57.704+0000][18.498s][info ][gc          ] GC(49) Pause Young (Mixed) (G1 Evacuation Pause) 110M->109M(260M) 5.515ms
[2024-12-08T18:51:57.704+0000][18.499s][info ][gc,cpu      ] GC(49) User=0.04s Sys=0.00s Real=0.00s
[2024-12-08T18:51:57.704+0000][18.499s][info ][safepoint   ] Safepoint "G1CollectForAllocation", Time since last: 8301930 ns, Reaching safepoint: 231549 ns, Cleanup: 5832 ns, At safepoint: 5795500 ns, Total: 6032881 ns
[2024-12-08T18:51:58.003+0000][18.797s][debug][safepoint   ] Safepoint synchronization initiated using futex wait barrier. (91 threads)
[2024-12-08T18:51:58.003+0000][18.797s][info ][gc,start    ] GC(50) Pause Young (Normal) (G1 Evacuation Pause)
[2024-12-08T18:51:58.003+0000][18.797s][info ][gc,task     ] GC(50) Using 10 workers of 10 for evacuation
[2024-12-08T18:51:58.007+0000][18.801s][info ][gc,phases   ] GC(50)   Pre Evacuate Collection Set: 0.1ms
[2024-12-08T18:51:58.007+0000][18.801s][info ][gc,phases   ] GC(50)   Merge Heap Roots: 0.1ms
[2024-12-08T18:51:58.007+0000][18.801s][info ][gc,phases   ] GC(50)   Evacuate Collection Set: 1.7ms
[2024-12-08T18:51:58.007+0000][18.801s][info ][gc,phases   ] GC(50)   Post Evacuate Collection Set: 1.3ms
[2024-12-08T18:51:58.007+0000][18.801s][info ][gc,phases   ] GC(50)   Other: 0.3ms
[2024-12-08T18:51:58.007+0000][18.801s][info ][gc,heap     ] GC(50) Eden regions: 56->0(152)
[2024-12-08T18:51:58.007+0000][18.801s][info ][gc,heap     ] GC(50) Survivor regions: 1->1(8)
[2024-12-08T18:51:58.007+0000][18.801s][info ][gc,heap     ] GC(50) Old regions: 53->53
[2024-12-08T18:51:58.007+0000][18.802s][info ][gc,heap     ] GC(50) Archive regions: 2->2
[2024-12-08T18:51:58.007+0000][18.802s][info ][gc,heap     ] GC(50) Humongous regions: 0->0
[2024-12-08T18:51:58.008+0000][18.802s][info ][gc,metaspace] GC(50) Metaspace: 116977K(117632K)->116977K(117632K) NonClass: 101870K(102208K)->101870K(102208K) Class: 15106K(15424K)->15106K(15424K)
[2024-12-08T18:51:58.008+0000][18.802s][info ][gc          ] GC(50) Pause Young (Normal) (G1 Evacuation Pause) 221M->109M(512M) 4.514ms
[2024-12-08T18:51:58.008+0000][18.802s][info ][gc,cpu      ] GC(50) User=0.04s Sys=0.00s Real=0.00s
[2024-12-08T18:51:58.008+0000][18.802s][info ][safepoint   ] Safepoint "G1CollectForAllocation", Time since last: 298363540 ns, Reaching safepoint: 195416 ns, Cleanup: 55358 ns, At safepoint: 4779692 ns, Total: 5030466 ns
[2024-12-08T18:51:58.578+0000][19.372s][debug][safepoint   ] Safepoint synchronization initiated using futex wait barrier. (96 threads)
[2024-12-08T18:51:58.578+0000][19.372s][info ][safepoint   ] Safepoint "ICBufferFull", Time since last: 569675470 ns, Reaching safepoint: 216250 ns, Cleanup: 132370 ns, At safepoint: 14292 ns, Total: 362912 ns
[2024-12-08T18:51:58.954+0000][19.749s][debug][safepoint   ] Safepoint synchronization initiated using futex wait barrier. (104 threads)
[2024-12-08T18:51:58.955+0000][19.749s][info ][safepoint   ] Safepoint "ICBufferFull", Time since last: 376425887 ns, Reaching safepoint: 223305 ns, Cleanup: 112660 ns, At safepoint: 34965 ns, Total: 370930 ns
[2024-12-08T18:51:59.085+0000][19.880s][debug][safepoint   ] Safepoint synchronization initiated using futex wait barrier. (104 threads)
[2024-12-08T18:51:59.086+0000][19.880s][info ][gc,start    ] GC(51) Pause Young (Normal) (G1 Evacuation Pause)
[2024-12-08T18:51:59.086+0000][19.880s][info ][gc,task     ] GC(51) Using 10 workers of 10 for evacuation
[2024-12-08T18:51:59.090+0000][19.885s][info ][gc,phases   ] GC(51)   Pre Evacuate Collection Set: 0.2ms
[2024-12-08T18:51:59.090+0000][19.885s][info ][gc,phases   ] GC(51)   Merge Heap Roots: 0.1ms
[2024-12-08T18:51:59.091+0000][19.885s][info ][gc,phases   ] GC(51)   Evacuate Collection Set: 3.2ms
[2024-12-08T18:51:59.091+0000][19.885s][info ][gc,phases   ] GC(51)   Post Evacuate Collection Set: 0.9ms
[2024-12-08T18:51:59.091+0000][19.885s][info ][gc,phases   ] GC(51)   Other: 0.4ms
[2024-12-08T18:51:59.091+0000][19.885s][info ][gc,heap     ] GC(51) Eden regions: 152->0(148)
[2024-12-08T18:51:59.091+0000][19.885s][info ][gc,heap     ] GC(51) Survivor regions: 1->5(20)
[2024-12-08T18:51:59.091+0000][19.885s][info ][gc,heap     ] GC(51) Old regions: 53->53
[2024-12-08T18:51:59.091+0000][19.885s][info ][gc,heap     ] GC(51) Archive regions: 2->2
[2024-12-08T18:51:59.091+0000][19.886s][info ][gc,heap     ] GC(51) Humongous regions: 0->0
[2024-12-08T18:51:59.091+0000][19.886s][info ][gc,metaspace] GC(51) Metaspace: 130712K(131712K)->130712K(131712K) NonClass: 114117K(114624K)->114117K(114624K) Class: 16595K(17088K)->16595K(17088K)
[2024-12-08T18:51:59.092+0000][19.886s][info ][gc          ] GC(51) Pause Young (Normal) (G1 Evacuation Pause) 413M->116M(512M) 5.886ms
[2024-12-08T18:51:59.092+0000][19.886s][info ][gc,cpu      ] GC(51) User=0.05s Sys=0.00s Real=0.01s
[2024-12-08T18:51:59.092+0000][19.886s][info ][safepoint   ] Safepoint "G1CollectForAllocation", Time since last: 130667873 ns, Reaching safepoint: 237597 ns, Cleanup: 26568 ns, At safepoint: 6214415 ns, Total: 6478580 ns
[2024-12-08T18:51:59.932+0000][20.726s][debug][safepoint   ] Safepoint synchronization initiated using futex wait barrier. (110 threads)
[2024-12-08T18:51:59.933+0000][20.727s][info ][gc,start    ] GC(52) Pause Young (Normal) (G1 Evacuation Pause)
[2024-12-08T18:51:59.933+0000][20.727s][info ][gc,task     ] GC(52) Using 10 workers of 10 for evacuation
[2024-12-08T18:51:59.954+0000][20.748s][info ][gc,phases   ] GC(52)   Pre Evacuate Collection Set: 0.2ms
[2024-12-08T18:51:59.954+0000][20.749s][info ][gc,phases   ] GC(52)   Merge Heap Roots: 0.1ms
[2024-12-08T18:51:59.955+0000][20.749s][info ][gc,phases   ] GC(52)   Evacuate Collection Set: 17.3ms
[2024-12-08T18:51:59.955+0000][20.749s][info ][gc,phases   ] GC(52)   Post Evacuate Collection Set: 2.5ms
[2024-12-08T18:51:59.955+0000][20.750s][info ][gc,phases   ] GC(52)   Other: 0.8ms
[2024-12-08T18:51:59.956+0000][20.750s][info ][gc,heap     ] GC(52) Eden regions: 148->0(144)
[2024-12-08T18:51:59.956+0000][20.750s][info ][gc,heap     ] GC(52) Survivor regions: 5->9(20)
[2024-12-08T18:51:59.956+0000][20.750s][info ][gc,heap     ] GC(52) Old regions: 53->53
[2024-12-08T18:51:59.956+0000][20.751s][info ][gc,heap     ] GC(52) Archive regions: 2->2
[2024-12-08T18:51:59.957+0000][20.751s][info ][gc,heap     ] GC(52) Humongous regions: 0->0
[2024-12-08T18:51:59.957+0000][20.751s][info ][gc,metaspace] GC(52) Metaspace: 136911K(137920K)->136911K(137920K) NonClass: 119733K(120256K)->119733K(120256K) Class: 17177K(17664K)->17177K(17664K)
[2024-12-08T18:51:59.957+0000][20.751s][info ][gc          ] GC(52) Pause Young (Normal) (G1 Evacuation Pause) 412M->125M(512M) 24.247ms
[2024-12-08T18:51:59.957+0000][20.751s][info ][gc,cpu      ] GC(52) User=0.13s Sys=0.00s Real=0.02s
[2024-12-08T18:51:59.962+0000][20.756s][info ][safepoint   ] Safepoint "G1CollectForAllocation", Time since last: 839824353 ns, Reaching safepoint: 884526 ns, Cleanup: 107369 ns, At safepoint: 29599225 ns, Total: 30591120 ns
[2024-12-08T18:52:00.963+0000][21.757s][debug][safepoint   ] Safepoint synchronization initiated using futex wait barrier. (127 threads)
[2024-12-08T18:52:00.966+0000][21.761s][debug][safepoint   ] ... found polling page loop exception at pc = 0x00007fc561811879, stub =0x00007fc560b10400
[2024-12-08T18:52:00.967+0000][21.761s][info ][safepoint   ] Safepoint "Cleanup", Time since last: 1000585163 ns, Reaching safepoint: 4208209 ns, Cleanup: 101473 ns, At safepoint: 42786 ns, Total: 4352468 ns
[2024-12-08T18:52:01.615+0000][22.409s][debug][safepoint   ] Safepoint synchronization initiated using futex wait barrier. (133 threads)
[2024-12-08T18:52:01.615+0000][22.409s][info ][gc,start    ] GC(53) Pause Young (Normal) (G1 Evacuation Pause)
[2024-12-08T18:52:01.615+0000][22.410s][info ][gc,task     ] GC(53) Using 10 workers of 10 for evacuation
[2024-12-08T18:52:01.624+0000][22.418s][info ][gc,phases   ] GC(53)   Pre Evacuate Collection Set: 0.2ms
[2024-12-08T18:52:01.624+0000][22.418s][info ][gc,phases   ] GC(53)   Merge Heap Roots: 0.1ms
[2024-12-08T18:52:01.624+0000][22.418s][info ][gc,phases   ] GC(53)   Evacuate Collection Set: 6.4ms
[2024-12-08T18:52:01.624+0000][22.418s][info ][gc,phases   ] GC(53)   Post Evacuate Collection Set: 1.3ms
[2024-12-08T18:52:01.624+0000][22.418s][info ][gc,phases   ] GC(53)   Other: 0.5ms
[2024-12-08T18:52:01.624+0000][22.419s][info ][gc,heap     ] GC(53) Eden regions: 144->0(139)
[2024-12-08T18:52:01.625+0000][22.419s][info ][gc,heap     ] GC(53) Survivor regions: 9->14(20)
[2024-12-08T18:52:01.625+0000][22.419s][info ][gc,heap     ] GC(53) Old regions: 53->53
[2024-12-08T18:52:01.625+0000][22.419s][info ][gc,heap     ] GC(53) Archive regions: 2->2
[2024-12-08T18:52:01.625+0000][22.419s][info ][gc,heap     ] GC(53) Humongous regions: 0->0
[2024-12-08T18:52:01.625+0000][22.419s][info ][gc,metaspace] GC(53) Metaspace: 144124K(145152K)->144124K(145152K) NonClass: 126386K(126912K)->126386K(126912K) Class: 17738K(18240K)->17738K(18240K)
[2024-12-08T18:52:01.625+0000][22.419s][info ][gc          ] GC(53) Pause Young (Normal) (G1 Evacuation Pause) 413M->134M(512M) 9.966ms
[2024-12-08T18:52:01.625+0000][22.420s][info ][gc,cpu      ] GC(53) User=0.07s Sys=0.00s Real=0.01s
[2024-12-08T18:52:01.626+0000][22.420s][info ][safepoint   ] Safepoint "G1CollectForAllocation", Time since last: 647656531 ns, Reaching safepoint: 266333 ns, Cleanup: 53964 ns, At safepoint: 10310919 ns, Total: 10631216 ns
[2024-12-08T18:52:01.866+0000][22.660s][info ][cds,heap    ] initialize_from_archived_subgraph jdk.internal.math.FDBigInteger 0x00007fc4f314ece8
[2024-12-08T18:52:02.336+0000][23.130s][debug][safepoint   ] Safepoint synchronization initiated using futex wait barrier. (151 threads)
[2024-12-08T18:52:02.336+0000][23.130s][info ][safepoint   ] Safepoint "ICBufferFull", Time since last: 710462292 ns, Reaching safepoint: 201111 ns, Cleanup: 108404 ns, At safepoint: 4806 ns, Total: 314321 ns
[2024-12-08T18:52:02.602+0000][23.396s][debug][safepoint   ] Safepoint synchronization initiated using futex wait barrier. (151 threads)
[2024-12-08T18:52:02.602+0000][23.396s][info ][gc,start    ] GC(54) Pause Young (Normal) (G1 Evacuation Pause)
[2024-12-08T18:52:02.602+0000][23.397s][info ][gc,task     ] GC(54) Using 10 workers of 10 for evacuation
[2024-12-08T18:52:02.612+0000][23.406s][info ][gc,phases   ] GC(54)   Pre Evacuate Collection Set: 0.2ms
[2024-12-08T18:52:02.612+0000][23.406s][info ][gc,phases   ] GC(54)   Merge Heap Roots: 0.1ms
[2024-12-08T18:52:02.612+0000][23.406s][info ][gc,phases   ] GC(54)   Evacuate Collection Set: 7.1ms
[2024-12-08T18:52:02.612+0000][23.407s][info ][gc,phases   ] GC(54)   Post Evacuate Collection Set: 1.7ms
[2024-12-08T18:52:02.613+0000][23.407s][info ][gc,phases   ] GC(54)   Other: 0.4ms
[2024-12-08T18:52:02.613+0000][23.407s][info ][gc,heap     ] GC(54) Eden regions: 139->0(141)
[2024-12-08T18:52:02.613+0000][23.407s][info ][gc,heap     ] GC(54) Survivor regions: 14->12(20)
[2024-12-08T18:52:02.613+0000][23.407s][info ][gc,heap     ] GC(54) Old regions: 53->58
[2024-12-08T18:52:02.613+0000][23.407s][info ][gc,heap     ] GC(54) Archive regions: 2->2
[2024-12-08T18:52:02.613+0000][23.407s][info ][gc,heap     ] GC(54) Humongous regions: 0->0
[2024-12-08T18:52:02.613+0000][23.408s][info ][gc,metaspace] GC(54) Metaspace: 150353K(151424K)->150353K(151424K) NonClass: 131851K(132416K)->131851K(132416K) Class: 18501K(19008K)->18501K(19008K)
[2024-12-08T18:52:02.613+0000][23.408s][info ][gc          ] GC(54) Pause Young (Normal) (G1 Evacuation Pause) 412M->140M(512M) 11.144ms
[2024-12-08T18:52:02.614+0000][23.408s][info ][gc,cpu      ] GC(54) User=0.08s Sys=0.00s Real=0.01s
[2024-12-08T18:52:02.614+0000][23.408s][info ][safepoint   ] Safepoint "G1CollectForAllocation", Time since last: 265763660 ns, Reaching safepoint: 201759 ns, Cleanup: 30807 ns, At safepoint: 11538926 ns, Total: 11771492 ns
[2024-12-08T18:52:03.646+0000][24.440s][debug][safepoint   ] Safepoint synchronization initiated using futex wait barrier. (152 threads)
[2024-12-08T18:52:03.648+0000][24.442s][info ][safepoint   ] Safepoint "ICBufferFull", Time since last: 1032471209 ns, Reaching safepoint: 1319671 ns, Cleanup: 153466 ns, At safepoint: 6867 ns, Total: 1480004 ns
[2024-12-08T18:52:03.776+0000][24.570s][debug][safepoint   ] Safepoint synchronization initiated using futex wait barrier. (152 threads)
[2024-12-08T18:52:03.776+0000][24.571s][info ][gc,start    ] GC(55) Pause Young (Normal) (G1 Evacuation Pause)
[2024-12-08T18:52:03.776+0000][24.571s][info ][gc,task     ] GC(55) Using 10 workers of 10 for evacuation
[2024-12-08T18:52:03.787+0000][24.582s][info ][gc,phases   ] GC(55)   Pre Evacuate Collection Set: 0.2ms
[2024-12-08T18:52:03.788+0000][24.582s][info ][gc,phases   ] GC(55)   Merge Heap Roots: 0.2ms
[2024-12-08T18:52:03.788+0000][24.582s][info ][gc,phases   ] GC(55)   Evacuate Collection Set: 8.8ms
[2024-12-08T18:52:03.788+0000][24.582s][info ][gc,phases   ] GC(55)   Post Evacuate Collection Set: 1.4ms
[2024-12-08T18:52:03.788+0000][24.582s][info ][gc,phases   ] GC(55)   Other: 0.5ms
[2024-12-08T18:52:03.788+0000][24.582s][info ][gc,heap     ] GC(55) Eden regions: 141->0(141)
[2024-12-08T18:52:03.788+0000][24.582s][info ][gc,heap     ] GC(55) Survivor regions: 12->12(20)
[2024-12-08T18:52:03.788+0000][24.582s][info ][gc,heap     ] GC(55) Old regions: 58->62
[2024-12-08T18:52:03.788+0000][24.583s][info ][gc,heap     ] GC(55) Archive regions: 2->2
[2024-12-08T18:52:03.788+0000][24.583s][info ][gc,heap     ] GC(55) Humongous regions: 0->0
[2024-12-08T18:52:03.789+0000][24.583s][info ][gc,metaspace] GC(55) Metaspace: 152650K(153728K)->152650K(153728K) NonClass: 133793K(134336K)->133793K(134336K) Class: 18857K(19392K)->18857K(19392K)
[2024-12-08T18:52:03.789+0000][24.583s][info ][gc          ] GC(55) Pause Young (Normal) (G1 Evacuation Pause) 422M->148M(512M) 12.333ms
[2024-12-08T18:52:03.789+0000][24.583s][info ][gc,cpu      ] GC(55) User=0.13s Sys=0.00s Real=0.02s
[2024-12-08T18:52:03.789+0000][24.583s][info ][safepoint   ] Safepoint "G1CollectForAllocation", Time since last: 128173434 ns, Reaching safepoint: 279086 ns, Cleanup: 63710 ns, At safepoint: 12717956 ns, Total: 13060752 ns
[2024-12-08T18:52:04.526+0000][25.320s][debug][safepoint   ] Safepoint synchronization initiated using futex wait barrier. (156 threads)
[2024-12-08T18:52:04.526+0000][25.320s][info ][gc,start    ] GC(56) Pause Young (Normal) (G1 Evacuation Pause)
[2024-12-08T18:52:04.526+0000][25.320s][info ][gc,task     ] GC(56) Using 10 workers of 10 for evacuation
[2024-12-08T18:52:04.538+0000][25.332s][info ][gc,phases   ] GC(56)   Pre Evacuate Collection Set: 0.2ms
[2024-12-08T18:52:04.539+0000][25.333s][info ][gc,phases   ] GC(56)   Merge Heap Roots: 0.1ms
[2024-12-08T18:52:04.539+0000][25.333s][info ][gc,phases   ] GC(56)   Evacuate Collection Set: 9.2ms
[2024-12-08T18:52:04.539+0000][25.333s][info ][gc,phases   ] GC(56)   Post Evacuate Collection Set: 1.7ms
[2024-12-08T18:52:04.539+0000][25.333s][info ][gc,phases   ] GC(56)   Other: 0.5ms
[2024-12-08T18:52:04.539+0000][25.333s][info ][gc,heap     ] GC(56) Eden regions: 141->0(141)
[2024-12-08T18:52:04.539+0000][25.333s][info ][gc,heap     ] GC(56) Survivor regions: 12->9(20)
[2024-12-08T18:52:04.539+0000][25.334s][info ][gc,heap     ] GC(56) Old regions: 62->67
[2024-12-08T18:52:04.540+0000][25.334s][info ][gc,heap     ] GC(56) Archive regions: 2->2
[2024-12-08T18:52:04.540+0000][25.334s][info ][gc,heap     ] GC(56) Humongous regions: 0->0
[2024-12-08T18:52:04.540+0000][25.334s][info ][gc,metaspace] GC(56) Metaspace: 156455K(157632K)->156455K(157632K) NonClass: 137088K(137728K)->137088K(137728K) Class: 19366K(19904K)->19366K(19904K)
[2024-12-08T18:52:04.540+0000][25.335s][info ][gc          ] GC(56) Pause Young (Normal) (G1 Evacuation Pause) 430M->152M(512M) 14.485ms
[2024-12-08T18:52:04.541+0000][25.335s][info ][gc,cpu      ] GC(56) User=0.09s Sys=0.00s Real=0.02s
[2024-12-08T18:52:04.541+0000][25.335s][info ][safepoint   ] Safepoint "G1CollectForAllocation", Time since last: 736520793 ns, Reaching safepoint: 273480 ns, Cleanup: 131209 ns, At safepoint: 14933464 ns, Total: 15338153 ns
[2024-12-08T18:52:05.529+0000][26.323s][debug][safepoint   ] Safepoint synchronization initiated using futex wait barrier. (195 threads)
[2024-12-08T18:52:05.529+0000][26.323s][info ][safepoint   ] Safepoint "ICBufferFull", Time since last: 987930363 ns, Reaching safepoint: 249270 ns, Cleanup: 131236 ns, At safepoint: 23445 ns, Total: 403951 ns
[2024-12-08T18:52:05.741+0000][26.535s][debug][safepoint   ] Safepoint synchronization initiated using futex wait barrier. (284 threads)
[2024-12-08T18:52:05.742+0000][26.536s][info ][gc,start    ] GC(57) Pause Young (Normal) (G1 Evacuation Pause)
[2024-12-08T18:52:05.742+0000][26.536s][info ][gc,task     ] GC(57) Using 10 workers of 10 for evacuation
[2024-12-08T18:52:05.758+0000][26.552s][info ][gc,phases   ] GC(57)   Pre Evacuate Collection Set: 0.3ms
[2024-12-08T18:52:05.758+0000][26.552s][info ][gc,phases   ] GC(57)   Merge Heap Roots: 0.2ms
[2024-12-08T18:52:05.758+0000][26.552s][info ][gc,phases   ] GC(57)   Evacuate Collection Set: 13.6ms
[2024-12-08T18:52:05.758+0000][26.553s][info ][gc,phases   ] GC(57)   Post Evacuate Collection Set: 1.9ms
[2024-12-08T18:52:05.759+0000][26.553s][info ][gc,phases   ] GC(57)   Other: 0.5ms
[2024-12-08T18:52:05.759+0000][26.553s][info ][gc,heap     ] GC(57) Eden regions: 141->0(135)
[2024-12-08T18:52:05.759+0000][26.553s][info ][gc,heap     ] GC(57) Survivor regions: 9->13(19)
[2024-12-08T18:52:05.759+0000][26.553s][info ][gc,heap     ] GC(57) Old regions: 67->67
[2024-12-08T18:52:05.759+0000][26.553s][info ][gc,heap     ] GC(57) Archive regions: 2->2
[2024-12-08T18:52:05.759+0000][26.554s][info ][gc,heap     ] GC(57) Humongous regions: 0->0
[2024-12-08T18:52:05.759+0000][26.554s][info ][gc,metaspace] GC(57) Metaspace: 162523K(163712K)->162523K(163712K) NonClass: 142259K(142848K)->142259K(142848K) Class: 20263K(20864K)->20263K(20864K)
[2024-12-08T18:52:05.760+0000][26.554s][info ][gc          ] GC(57) Pause Young (Normal) (G1 Evacuation Pause) 434M->159M(512M) 18.131ms
[2024-12-08T18:52:05.760+0000][26.554s][info ][gc,cpu      ] GC(57) User=0.17s Sys=0.00s Real=0.02s
[2024-12-08T18:52:05.760+0000][26.554s][info ][safepoint   ] Safepoint "G1CollectForAllocation", Time since last: 208835787 ns, Reaching safepoint: 3357656 ns, Cleanup: 83618 ns, At safepoint: 18681731 ns, Total: 22123005 ns
[2024-12-08T18:52:06.509+0000][27.303s][debug][safepoint   ] Safepoint synchronization initiated using futex wait barrier. (353 threads)
[2024-12-08T18:52:06.510+0000][27.304s][info ][safepoint   ] Safepoint "ICBufferFull", Time since last: 748806594 ns, Reaching safepoint: 630001 ns, Cleanup: 161098 ns, At safepoint: 72557 ns, Total: 863656 ns
[2024-12-08T18:52:06.703+0000][27.497s][debug][safepoint   ] Safepoint synchronization initiated using futex wait barrier. (357 threads)
[2024-12-08T18:52:06.703+0000][27.497s][info ][gc,start    ] GC(58) Pause Young (Normal) (G1 Evacuation Pause)
[2024-12-08T18:52:06.703+0000][27.497s][info ][gc,task     ] GC(58) Using 10 workers of 10 for evacuation
[2024-12-08T18:52:06.719+0000][27.513s][info ][gc,phases   ] GC(58)   Pre Evacuate Collection Set: 0.2ms
[2024-12-08T18:52:06.720+0000][27.514s][info ][gc,phases   ] GC(58)   Merge Heap Roots: 0.2ms
[2024-12-08T18:52:06.720+0000][27.514s][info ][gc,phases   ] GC(58)   Evacuate Collection Set: 13.6ms
[2024-12-08T18:52:06.720+0000][27.514s][info ][gc,phases   ] GC(58)   Post Evacuate Collection Set: 1.4ms
[2024-12-08T18:52:06.720+0000][27.514s][info ][gc,phases   ] GC(58)   Other: 0.5ms
[2024-12-08T18:52:06.720+0000][27.515s][info ][gc,heap     ] GC(58) Eden regions: 135->0(133)
[2024-12-08T18:52:06.721+0000][27.515s][info ][gc,heap     ] GC(58) Survivor regions: 13->11(19)
[2024-12-08T18:52:06.721+0000][27.515s][info ][gc,heap     ] GC(58) Old regions: 67->73
[2024-12-08T18:52:06.721+0000][27.515s][info ][gc,heap     ] GC(58) Archive regions: 2->2
[2024-12-08T18:52:06.721+0000][27.515s][info ][gc,heap     ] GC(58) Humongous regions: 0->0
[2024-12-08T18:52:06.721+0000][27.515s][info ][gc,metaspace] GC(58) Metaspace: 166571K(167808K)->166571K(167808K) NonClass: 145837K(146496K)->145837K(146496K) Class: 20733K(21312K)->20733K(21312K)
[2024-12-08T18:52:06.721+0000][27.516s][info ][gc          ] GC(58) Pause Young (Normal) (G1 Evacuation Pause) 429M->167M(512M) 18.402ms
[2024-12-08T18:52:06.722+0000][27.516s][info ][gc,cpu      ] GC(58) User=0.19s Sys=0.01s Real=0.02s
[2024-12-08T18:52:06.722+0000][27.516s][info ][safepoint   ] Safepoint "G1CollectForAllocation", Time since last: 192785700 ns, Reaching safepoint: 290723 ns, Cleanup: 85553 ns, At safepoint: 19043753 ns, Total: 19420029 ns
[2024-12-08T18:52:06.889+0000][27.683s][debug][safepoint   ] Safepoint synchronization initiated using futex wait barrier. (369 threads)
[2024-12-08T18:52:06.889+0000][27.684s][info ][safepoint   ] Safepoint "ICBufferFull", Time since last: 167106243 ns, Reaching safepoint: 190321 ns, Cleanup: 102662 ns, At safepoint: 41714 ns, Total: 334697 ns
[2024-12-08T18:52:06.972+0000][27.766s][debug][safepoint   ] Safepoint synchronization initiated using futex wait barrier. (369 threads)
[2024-12-08T18:52:06.972+0000][27.767s][info ][safepoint   ] Safepoint "ICBufferFull", Time since last: 82381144 ns, Reaching safepoint: 333256 ns, Cleanup: 132659 ns, At safepoint: 36368 ns, Total: 502283 ns
[2024-12-08T18:52:07.111+0000][27.905s][debug][safepoint   ] Safepoint synchronization initiated using futex wait barrier. (385 threads)
[2024-12-08T18:52:07.111+0000][27.905s][info ][safepoint   ] Safepoint "ICBufferFull", Time since last: 138353696 ns, Reaching safepoint: 205008 ns, Cleanup: 135502 ns, At safepoint: 51318 ns, Total: 391828 ns
[2024-12-08T18:52:07.140+0000][27.934s][debug][safepoint   ] ... found polling page loop exception at pc = 0x00007fc56132866c, stub =0x00007fc560b10400
[2024-12-08T18:52:08.175+0000][28.969s][debug][safepoint   ] Safepoint synchronization initiated using futex wait barrier. (385 threads)
[2024-12-08T18:52:08.175+0000][28.969s][info ][safepoint   ] Safepoint "Cleanup", Time since last: 1063703187 ns, Reaching safepoint: 288482 ns, Cleanup: 92051 ns, At safepoint: 27711 ns, Total: 408244 ns
[2024-12-08T18:52:09.175+0000][29.970s][debug][safepoint   ] Safepoint synchronization initiated using futex wait barrier. (384 threads)
[2024-12-08T18:52:09.176+0000][29.970s][info ][safepoint   ] Safepoint "Cleanup", Time since last: 1000177509 ns, Reaching safepoint: 245759 ns, Cleanup: 8478 ns, At safepoint: 9801 ns, Total: 264038 ns
[2024-12-08T18:52:11.176+0000][31.970s][debug][safepoint   ] Safepoint synchronization initiated using futex wait barrier. (386 threads)
[2024-12-08T18:52:11.176+0000][31.970s][info ][safepoint   ] Safepoint "Cleanup", Time since last: 2000246009 ns, Reaching safepoint: 229307 ns, Cleanup: 9279 ns, At safepoint: 8865 ns, Total: 247451 ns
[2024-12-08T18:52:18.513+0000][35.971s][debug][safepoint   ] Safepoint synchronization initiated using futex wait barrier. (385 threads)
[2024-12-08T18:52:18.514+0000][35.971s][info ][safepoint   ] Safepoint "Cleanup", Time since last: 4000384571 ns, Reaching safepoint: 608751 ns, Cleanup: 10836 ns, At safepoint: 57419 ns, Total: 677006 ns
