[2024-12-08T18:42:12.350+0000][0.021s][info][gc] Using G1
[2024-12-08T18:42:12.352+0000][0.023s][info][gc,init] Version: 17.0.12+7-Debian-2deb12u1 (release)
[2024-12-08T18:42:12.352+0000][0.023s][info][gc,init] CPUs: 12 total, 12 available
[2024-12-08T18:42:12.352+0000][0.023s][info][gc,init] Memory: 15951M
[2024-12-08T18:42:12.353+0000][0.024s][info][gc,init] Large Page Support: Disabled
[2024-12-08T18:42:12.353+0000][0.024s][info][gc,init] NUMA Support: Disabled
[2024-12-08T18:42:12.353+0000][0.024s][info][gc,init] Compressed Oops: Enabled (Zero based)
[2024-12-08T18:42:12.353+0000][0.024s][info][gc,init] Heap Region Size: 2M
[2024-12-08T18:42:12.353+0000][0.024s][info][gc,init] Heap Min Capacity: 8M
[2024-12-08T18:42:12.353+0000][0.024s][info][gc,init] Heap Initial Capacity: 250M
[2024-12-08T18:42:12.353+0000][0.024s][info][gc,init] Heap Max Capacity: 3988M
[2024-12-08T18:42:12.353+0000][0.024s][info][gc,init] Pre-touch: Disabled
[2024-12-08T18:42:12.353+0000][0.024s][info][gc,init] Parallel Workers: 10
[2024-12-08T18:42:12.354+0000][0.025s][info][gc,init] Concurrent Workers: 3
[2024-12-08T18:42:12.354+0000][0.025s][info][gc,init] Concurrent Refinement Workers: 10
[2024-12-08T18:42:12.354+0000][0.025s][info][gc,init] Periodic GC: Disabled
[2024-12-08T18:42:12.359+0000][0.030s][info][gc,metaspace] CDS archive(s) mapped at: [0x00007f20c7000000-0x00007f20c7bc4000-0x00007f20c7bc4000), size 12337152, SharedBaseAddress: 0x00007f20c7000000, ArchiveRelocationMode: 1.
[2024-12-08T18:42:12.359+0000][0.030s][info][gc,metaspace] Compressed class space mapped at: 0x00007f20c8000000-0x00007f2108000000, reserved size: 1073741824
[2024-12-08T18:42:12.359+0000][0.030s][info][gc,metaspace] Narrow klass base: 0x00007f20c7000000, Narrow klass shift: 0, Narrow klass range: 0x100000000
[2024-12-08T18:42:12.363+0000][0.034s][info][cds,heap    ] initialize_from_archived_subgraph java.lang.Module$ArchivedData 0x00007f20c7184780 (early)
[2024-12-08T18:42:12.364+0000][0.035s][info][cds,heap    ] initialize_from_archived_subgraph java.util.ImmutableCollections 0x00007f20c70722d8 (early)
[2024-12-08T18:42:12.365+0000][0.036s][info][cds,heap    ] initialize_from_archived_subgraph java.lang.Integer$IntegerCache 0x00007f20c7037660 (early)
[2024-12-08T18:42:12.368+0000][0.039s][info][cds,heap    ] initialize_from_archived_subgraph java.lang.module.Configuration 0x00007f20c7172700 (early)
[2024-12-08T18:42:12.368+0000][0.039s][info][cds,heap    ] initialize_from_archived_subgraph java.lang.ModuleLayer 0x00007f20c7146b38 (early)
[2024-12-08T18:42:12.368+0000][0.039s][info][cds,heap    ] initialize_from_archived_subgraph jdk.internal.loader.ArchivedClassLoaders 0x00007f20c71adb70 (early)
[2024-12-08T18:42:12.368+0000][0.039s][info][cds,heap    ] initialize_from_archived_subgraph jdk.internal.module.ArchivedBootLayer 0x00007f20c7179340 (early)
[2024-12-08T18:42:12.370+0000][0.041s][info][cds,heap    ] initialize_from_archived_subgraph sun.util.locale.BaseLocale 0x00007f20c726d048
[2024-12-08T18:42:12.376+0000][0.047s][info][cds,heap    ] initialize_from_archived_subgraph java.util.jar.Attributes$Name 0x00007f20c719f5e8
[2024-12-08T18:42:12.395+0000][0.066s][info][cds,heap    ] initialize_from_archived_subgraph java.lang.Long$LongCache 0x00007f20c7020f98
[2024-12-08T18:42:12.451+0000][0.122s][info][cds,heap    ] initialize_from_archived_subgraph java.lang.Character$CharacterCache 0x00007f20c703a9e8
[2024-12-08T18:42:12.689+0000][0.360s][debug][safepoint   ] Safepoint synchronization initiated using futex wait barrier. (14 threads)
[2024-12-08T18:42:12.689+0000][0.360s][info ][safepoint   ] Safepoint "ICBufferFull", Time since last: 325888276 ns, Reaching safepoint: 262444 ns, Cleanup: 64169 ns, At safepoint: 11385 ns, Total: 337998 ns
[2024-12-08T18:42:12.717+0000][0.388s][debug][safepoint   ] Safepoint synchronization initiated using futex wait barrier. (14 threads)
[2024-12-08T18:42:12.718+0000][0.389s][info ][gc,start    ] GC(0) Pause Young (Normal) (G1 Evacuation Pause)
[2024-12-08T18:42:12.718+0000][0.389s][info ][gc,task     ] GC(0) Using 6 workers of 10 for evacuation
[2024-12-08T18:42:12.723+0000][0.394s][info ][gc,phases   ] GC(0)   Pre Evacuate Collection Set: 0.1ms
[2024-12-08T18:42:12.723+0000][0.394s][info ][gc,phases   ] GC(0)   Merge Heap Roots: 0.1ms
[2024-12-08T18:42:12.723+0000][0.394s][info ][gc,phases   ] GC(0)   Evacuate Collection Set: 3.6ms
[2024-12-08T18:42:12.723+0000][0.394s][info ][gc,phases   ] GC(0)   Post Evacuate Collection Set: 0.6ms
[2024-12-08T18:42:12.723+0000][0.394s][info ][gc,phases   ] GC(0)   Other: 0.8ms
[2024-12-08T18:42:12.724+0000][0.395s][info ][gc,heap     ] GC(0) Eden regions: 31->0(53)
[2024-12-08T18:42:12.724+0000][0.395s][info ][gc,heap     ] GC(0) Survivor regions: 0->4(4)
[2024-12-08T18:42:12.724+0000][0.395s][info ][gc,heap     ] GC(0) Old regions: 0->1
[2024-12-08T18:42:12.724+0000][0.395s][info ][gc,heap     ] GC(0) Archive regions: 2->2
[2024-12-08T18:42:12.724+0000][0.395s][info ][gc,heap     ] GC(0) Humongous regions: 0->0
[2024-12-08T18:42:12.724+0000][0.395s][info ][gc,metaspace] GC(0) Metaspace: 2493K(2688K)->2493K(2688K) NonClass: 2256K(2368K)->2256K(2368K) Class: 237K(320K)->237K(320K)
[2024-12-08T18:42:12.724+0000][0.395s][info ][gc          ] GC(0) Pause Young (Normal) (G1 Evacuation Pause) 63M->10M(254M) 6.706ms
[2024-12-08T18:42:12.724+0000][0.395s][info ][gc,cpu      ] GC(0) User=0.02s Sys=0.02s Real=0.01s
[2024-12-08T18:42:12.725+0000][0.396s][info ][safepoint   ] Safepoint "G1CollectForAllocation", Time since last: 28216294 ns, Reaching safepoint: 283681 ns, Cleanup: 15336 ns, At safepoint: 7052729 ns, Total: 7351746 ns
[2024-12-08T18:42:16.507+0000][0.839s][debug][safepoint   ] Safepoint synchronization initiated using futex wait barrier. (15 threads)
[2024-12-08T18:42:16.507+0000][0.840s][info ][safepoint   ] Safepoint "ICBufferFull", Time since last: 443614659 ns, Reaching safepoint: 194744 ns, Cleanup: 154825 ns, At safepoint: 17217 ns, Total: 366786 ns
[2024-12-08T18:42:16.537+0000][0.870s][debug][safepoint   ] Safepoint synchronization initiated using futex wait barrier. (15 threads)
[2024-12-08T18:42:16.538+0000][0.870s][info ][gc,start    ] GC(1) Pause Young (Normal) (G1 Evacuation Pause)
[2024-12-08T18:42:16.538+0000][0.870s][info ][gc,task     ] GC(1) Using 6 workers of 10 for evacuation
[2024-12-08T18:42:16.543+0000][0.875s][info ][gc,phases   ] GC(1)   Pre Evacuate Collection Set: 0.1ms
[2024-12-08T18:42:16.543+0000][0.875s][info ][gc,phases   ] GC(1)   Merge Heap Roots: 0.1ms
[2024-12-08T18:42:16.543+0000][0.875s][info ][gc,phases   ] GC(1)   Evacuate Collection Set: 3.5ms
[2024-12-08T18:42:16.543+0000][0.876s][info ][gc,phases   ] GC(1)   Post Evacuate Collection Set: 0.9ms
[2024-12-08T18:42:16.543+0000][0.876s][info ][gc,phases   ] GC(1)   Other: 0.3ms
[2024-12-08T18:42:16.543+0000][0.876s][info ][gc,heap     ] GC(1) Eden regions: 53->0(69)
[2024-12-08T18:42:16.543+0000][0.876s][info ][gc,heap     ] GC(1) Survivor regions: 4->6(8)
[2024-12-08T18:42:16.543+0000][0.876s][info ][gc,heap     ] GC(1) Old regions: 1->1
[2024-12-08T18:42:16.543+0000][0.876s][info ][gc,heap     ] GC(1) Archive regions: 2->2
[2024-12-08T18:42:16.543+0000][0.876s][info ][gc,heap     ] GC(1) Humongous regions: 0->0
[2024-12-08T18:42:16.543+0000][0.876s][info ][gc,metaspace] GC(1) Metaspace: 6827K(7168K)->6827K(7168K) NonClass: 5979K(6144K)->5979K(6144K) Class: 847K(1024K)->847K(1024K)
[2024-12-08T18:42:16.544+0000][0.876s][info ][gc          ] GC(1) Pause Young (Normal) (G1 Evacuation Pause) 116M->13M(254M) 5.850ms
[2024-12-08T18:42:16.544+0000][0.876s][info ][gc,cpu      ] GC(1) User=0.03s Sys=0.00s Real=0.00s
[2024-12-08T18:42:16.544+0000][0.876s][info ][safepoint   ] Safepoint "G1CollectForAllocation", Time since last: 30484096 ns, Reaching safepoint: 193560 ns, Cleanup: 14805 ns, At safepoint: 6037090 ns, Total: 6245455 ns
[2024-12-08T18:42:16.914+0000][1.247s][debug][safepoint   ] Safepoint synchronization initiated using futex wait barrier. (15 threads)
[2024-12-08T18:42:16.915+0000][1.247s][info ][safepoint   ] Safepoint "ICBufferFull", Time since last: 370762435 ns, Reaching safepoint: 180590 ns, Cleanup: 77597 ns, At safepoint: 16821 ns, Total: 275008 ns
[2024-12-08T18:42:16.995+0000][1.328s][debug][safepoint   ] Safepoint synchronization initiated using futex wait barrier. (15 threads)
[2024-12-08T18:42:16.996+0000][1.328s][info ][safepoint   ] Safepoint "ICBufferFull", Time since last: 80599825 ns, Reaching safepoint: 200892 ns, Cleanup: 87362 ns, At safepoint: 1674 ns, Total: 289928 ns
[2024-12-08T18:42:17.085+0000][1.418s][debug][safepoint   ] Safepoint synchronization initiated using futex wait barrier. (16 threads)
[2024-12-08T18:42:17.086+0000][1.418s][info ][gc,start    ] GC(2) Pause Young (Normal) (G1 Evacuation Pause)
[2024-12-08T18:42:17.086+0000][1.418s][info ][gc,task     ] GC(2) Using 6 workers of 10 for evacuation
[2024-12-08T18:42:17.094+0000][1.427s][info ][gc,phases   ] GC(2)   Pre Evacuate Collection Set: 0.1ms
[2024-12-08T18:42:17.094+0000][1.427s][info ][gc,phases   ] GC(2)   Merge Heap Roots: 0.1ms
[2024-12-08T18:42:17.094+0000][1.427s][info ][gc,phases   ] GC(2)   Evacuate Collection Set: 6.8ms
[2024-12-08T18:42:17.095+0000][1.427s][info ][gc,phases   ] GC(2)   Post Evacuate Collection Set: 1.0ms
[2024-12-08T18:42:17.095+0000][1.427s][info ][gc,phases   ] GC(2)   Other: 0.3ms
[2024-12-08T18:42:17.095+0000][1.427s][info ][gc,heap     ] GC(2) Eden regions: 69->0(71)
[2024-12-08T18:42:17.095+0000][1.428s][info ][gc,heap     ] GC(2) Survivor regions: 6->4(10)
[2024-12-08T18:42:17.095+0000][1.428s][info ][gc,heap     ] GC(2) Old regions: 1->5
[2024-12-08T18:42:17.095+0000][1.428s][info ][gc,heap     ] GC(2) Archive regions: 2->2
[2024-12-08T18:42:17.095+0000][1.428s][info ][gc,heap     ] GC(2) Humongous regions: 0->0
[2024-12-08T18:42:17.095+0000][1.428s][info ][gc,metaspace] GC(2) Metaspace: 12386K(12736K)->12386K(12736K) NonClass: 10783K(11008K)->10783K(11008K) Class: 1602K(1728K)->1602K(1728K)
[2024-12-08T18:42:17.096+0000][1.428s][info ][gc          ] GC(2) Pause Young (Normal) (G1 Evacuation Pause) 151M->17M(254M) 9.844ms
[2024-12-08T18:42:17.096+0000][1.428s][info ][gc,cpu      ] GC(2) User=0.04s Sys=0.03s Real=0.01s
[2024-12-08T18:42:17.096+0000][1.428s][info ][safepoint   ] Safepoint "G1CollectForAllocation", Time since last: 89792972 ns, Reaching safepoint: 264308 ns, Cleanup: 47924 ns, At safepoint: 10145582 ns, Total: 10457814 ns
[2024-12-08T18:42:17.407+0000][1.740s][debug][safepoint   ] ... found polling page loop exception at pc = 0x00007f2135150008, stub =0x00007f2134b10400
[2024-12-08T18:42:17.418+0000][1.751s][info ][cds,heap    ] initialize_from_archived_subgraph java.lang.Byte$ByteCache 0x00007f20c703abf8
[2024-12-08T18:42:17.419+0000][1.751s][info ][cds,heap    ] initialize_from_archived_subgraph java.lang.Short$ShortCache 0x00007f20c70412e8
[2024-12-08T18:42:17.476+0000][1.809s][debug][safepoint   ] Safepoint synchronization initiated using futex wait barrier. (16 threads)
[2024-12-08T18:42:17.477+0000][1.809s][info ][gc,start    ] GC(3) Pause Young (Normal) (G1 Evacuation Pause)
[2024-12-08T18:42:17.477+0000][1.809s][info ][gc,task     ] GC(3) Using 6 workers of 10 for evacuation
[2024-12-08T18:42:17.480+0000][1.812s][info ][gc,phases   ] GC(3)   Pre Evacuate Collection Set: 0.1ms
[2024-12-08T18:42:17.480+0000][1.812s][info ][gc,phases   ] GC(3)   Merge Heap Roots: 0.1ms
[2024-12-08T18:42:17.480+0000][1.813s][info ][gc,phases   ] GC(3)   Evacuate Collection Set: 2.1ms
[2024-12-08T18:42:17.480+0000][1.813s][info ][gc,phases   ] GC(3)   Post Evacuate Collection Set: 0.6ms
[2024-12-08T18:42:17.480+0000][1.813s][info ][gc,phases   ] GC(3)   Other: 0.4ms
[2024-12-08T18:42:17.480+0000][1.813s][info ][gc,heap     ] GC(3) Eden regions: 71->0(71)
[2024-12-08T18:42:17.480+0000][1.813s][info ][gc,heap     ] GC(3) Survivor regions: 4->4(10)
[2024-12-08T18:42:17.480+0000][1.813s][info ][gc,heap     ] GC(3) Old regions: 5->5
[2024-12-08T18:42:17.481+0000][1.813s][info ][gc,heap     ] GC(3) Archive regions: 2->2
[2024-12-08T18:42:17.481+0000][1.813s][info ][gc,heap     ] GC(3) Humongous regions: 0->0
[2024-12-08T18:42:17.481+0000][1.813s][info ][gc,metaspace] GC(3) Metaspace: 17046K(17280K)->17046K(17280K) NonClass: 14733K(14848K)->14733K(14848K) Class: 2313K(2432K)->2313K(2432K)
[2024-12-08T18:42:17.481+0000][1.814s][info ][gc          ] GC(3) Pause Young (Normal) (G1 Evacuation Pause) 159M->18M(254M) 4.376ms
[2024-12-08T18:42:17.481+0000][1.814s][info ][gc,cpu      ] GC(3) User=0.05s Sys=0.00s Real=0.01s
[2024-12-08T18:42:17.481+0000][1.814s][info ][safepoint   ] Safepoint "G1CollectForAllocation", Time since last: 380038889 ns, Reaching safepoint: 525418 ns, Cleanup: 90250 ns, At safepoint: 4637566 ns, Total: 5253234 ns
[2024-12-08T18:42:17.681+0000][2.013s][debug][safepoint   ] Safepoint synchronization initiated using futex wait barrier. (16 threads)
[2024-12-08T18:42:17.681+0000][2.014s][info ][gc,start    ] GC(4) Pause Young (Concurrent Start) (Metadata GC Threshold)
[2024-12-08T18:42:17.681+0000][2.014s][info ][gc,task     ] GC(4) Using 6 workers of 10 for evacuation
[2024-12-08T18:42:17.685+0000][2.018s][info ][gc,phases   ] GC(4)   Pre Evacuate Collection Set: 0.1ms
[2024-12-08T18:42:17.686+0000][2.018s][info ][gc,phases   ] GC(4)   Merge Heap Roots: 0.1ms
[2024-12-08T18:42:17.686+0000][2.018s][info ][gc,phases   ] GC(4)   Evacuate Collection Set: 3.1ms
[2024-12-08T18:42:17.686+0000][2.018s][info ][gc,phases   ] GC(4)   Post Evacuate Collection Set: 0.7ms
[2024-12-08T18:42:17.686+0000][2.019s][info ][gc,phases   ] GC(4)   Other: 0.4ms
[2024-12-08T18:42:17.686+0000][2.019s][info ][gc,heap     ] GC(4) Eden regions: 41->0(70)
[2024-12-08T18:42:17.686+0000][2.019s][info ][gc,heap     ] GC(4) Survivor regions: 4->5(10)
[2024-12-08T18:42:17.686+0000][2.019s][info ][gc,heap     ] GC(4) Old regions: 5->5
[2024-12-08T18:42:17.686+0000][2.019s][info ][gc,heap     ] GC(4) Archive regions: 2->2
[2024-12-08T18:42:17.687+0000][2.019s][info ][gc,heap     ] GC(4) Humongous regions: 0->0
[2024-12-08T18:42:17.687+0000][2.019s][info ][gc,metaspace] GC(4) Metaspace: 21266K(21504K)->21266K(21504K) NonClass: 18490K(18624K)->18490K(18624K) Class: 2776K(2880K)->2776K(2880K)
[2024-12-08T18:42:17.687+0000][2.019s][info ][gc          ] GC(4) Pause Young (Concurrent Start) (Metadata GC Threshold) 100M->20M(254M) 5.845ms
[2024-12-08T18:42:17.687+0000][2.020s][info ][gc,cpu      ] GC(4) User=0.04s Sys=0.00s Real=0.01s
[2024-12-08T18:42:17.687+0000][2.020s][info ][gc          ] GC(5) Concurrent Mark Cycle
[2024-12-08T18:42:17.687+0000][2.020s][info ][gc,marking  ] GC(5) Concurrent Clear Claimed Marks
[2024-12-08T18:42:17.687+0000][2.020s][info ][safepoint   ] Safepoint "CollectForMetadataAllocation", Time since last: 199448189 ns, Reaching safepoint: 218895 ns, Cleanup: 65412 ns, At safepoint: 6195193 ns, Total: 6479500 ns
[2024-12-08T18:42:17.687+0000][2.020s][info ][gc,marking  ] GC(5) Concurrent Clear Claimed Marks 0.160ms
[2024-12-08T18:42:17.688+0000][2.020s][info ][gc,marking  ] GC(5) Concurrent Scan Root Regions
[2024-12-08T18:42:17.690+0000][2.022s][info ][gc,marking  ] GC(5) Concurrent Scan Root Regions 2.099ms
[2024-12-08T18:42:17.690+0000][2.023s][info ][gc,marking  ] GC(5) Concurrent Mark
[2024-12-08T18:42:17.690+0000][2.023s][info ][gc,marking  ] GC(5) Concurrent Mark From Roots
[2024-12-08T18:42:17.690+0000][2.023s][info ][gc,task     ] GC(5) Using 3 workers of 3 for marking
[2024-12-08T18:42:17.694+0000][2.027s][info ][gc,marking  ] GC(5) Concurrent Mark From Roots 4.350ms
[2024-12-08T18:42:17.695+0000][2.027s][info ][gc,marking  ] GC(5) Concurrent Preclean
[2024-12-08T18:42:17.695+0000][2.027s][info ][gc,marking  ] GC(5) Concurrent Preclean 0.232ms
[2024-12-08T18:42:17.695+0000][2.028s][debug][safepoint   ] Safepoint synchronization initiated using futex wait barrier. (16 threads)
[2024-12-08T18:42:17.695+0000][2.028s][info ][gc,start    ] GC(5) Pause Remark
[2024-12-08T18:42:17.697+0000][2.029s][info ][gc          ] GC(5) Pause Remark 23M->23M(94M) 1.509ms
[2024-12-08T18:42:17.697+0000][2.029s][info ][gc,cpu      ] GC(5) User=0.01s Sys=0.00s Real=0.00s
[2024-12-08T18:42:17.697+0000][2.030s][info ][safepoint   ] Safepoint "G1PauseRemark", Time since last: 7808076 ns, Reaching safepoint: 195675 ns, Cleanup: 2214 ns, At safepoint: 1823213 ns, Total: 2021102 ns
[2024-12-08T18:42:17.697+0000][2.030s][info ][gc,marking  ] GC(5) Concurrent Mark 7.211ms
[2024-12-08T18:42:17.697+0000][2.030s][info ][gc,marking  ] GC(5) Concurrent Rebuild Remembered Sets
[2024-12-08T18:42:17.699+0000][2.032s][info ][gc,marking  ] GC(5) Concurrent Rebuild Remembered Sets 1.666ms
[2024-12-08T18:42:17.699+0000][2.032s][debug][safepoint   ] Safepoint synchronization initiated using futex wait barrier. (16 threads)
[2024-12-08T18:42:17.699+0000][2.032s][info ][gc,start    ] GC(5) Pause Cleanup
[2024-12-08T18:42:17.699+0000][2.032s][info ][gc          ] GC(5) Pause Cleanup 24M->24M(94M) 0.161ms
[2024-12-08T18:42:17.700+0000][2.032s][info ][gc,cpu      ] GC(5) User=0.00s Sys=0.00s Real=0.00s
[2024-12-08T18:42:17.700+0000][2.032s][info ][safepoint   ] Safepoint "G1PauseCleanup", Time since last: 2142754 ns, Reaching safepoint: 186505 ns, Cleanup: 1494 ns, At safepoint: 391009 ns, Total: 579008 ns
[2024-12-08T18:42:17.700+0000][2.032s][info ][gc,marking  ] GC(5) Concurrent Cleanup for Next Mark
[2024-12-08T18:42:17.700+0000][2.033s][info ][gc,marking  ] GC(5) Concurrent Cleanup for Next Mark 0.519ms
[2024-12-08T18:42:17.700+0000][2.033s][info ][gc          ] GC(5) Concurrent Mark Cycle 13.347ms
[2024-12-08T18:42:17.930+0000][2.263s][debug][safepoint   ] Safepoint synchronization initiated using futex wait barrier. (16 threads)
[2024-12-08T18:42:17.932+0000][2.265s][info ][gc,start    ] GC(6) Pause Young (Prepare Mixed) (G1 Preventive Collection)
[2024-12-08T18:42:17.933+0000][2.265s][info ][gc,task     ] GC(6) Using 5 workers of 10 for evacuation
[2024-12-08T18:42:17.941+0000][2.273s][info ][gc,phases   ] GC(6)   Pre Evacuate Collection Set: 0.1ms
[2024-12-08T18:42:17.942+0000][2.274s][info ][gc,phases   ] GC(6)   Merge Heap Roots: 0.1ms
[2024-12-08T18:42:17.942+0000][2.274s][info ][gc,phases   ] GC(6)   Evacuate Collection Set: 6.7ms
[2024-12-08T18:42:17.942+0000][2.275s][info ][gc,phases   ] GC(6)   Post Evacuate Collection Set: 0.8ms
[2024-12-08T18:42:17.942+0000][2.275s][info ][gc,phases   ] GC(6)   Other: 0.5ms
[2024-12-08T18:42:17.942+0000][2.275s][info ][gc,heap     ] GC(6) Eden regions: 27->0(1)
[2024-12-08T18:42:17.942+0000][2.275s][info ][gc,heap     ] GC(6) Survivor regions: 5->6(10)
[2024-12-08T18:42:17.942+0000][2.275s][info ][gc,heap     ] GC(6) Old regions: 5->5
[2024-12-08T18:42:17.943+0000][2.275s][info ][gc,heap     ] GC(6) Archive regions: 2->2
[2024-12-08T18:42:17.943+0000][2.275s][info ][gc,heap     ] GC(6) Humongous regions: 0->0
[2024-12-08T18:42:17.943+0000][2.276s][info ][gc,metaspace] GC(6) Metaspace: 23475K(23872K)->23475K(23872K) NonClass: 20408K(20608K)->20408K(20608K) Class: 3067K(3264K)->3067K(3264K)
[2024-12-08T18:42:17.943+0000][2.276s][info ][gc          ] GC(6) Pause Young (Prepare Mixed) (G1 Preventive Collection) 74M->22M(94M) 10.610ms
[2024-12-08T18:42:17.943+0000][2.276s][info ][gc,cpu      ] GC(6) User=0.05s Sys=0.01s Real=0.01s
[2024-12-08T18:42:17.943+0000][2.276s][info ][safepoint   ] Safepoint "G1CollectForAllocation", Time since last: 230525642 ns, Reaching safepoint: 2189914 ns, Cleanup: 94012 ns, At safepoint: 10934985 ns, Total: 13218911 ns
[2024-12-08T18:42:17.957+0000][2.290s][debug][safepoint   ] Safepoint synchronization initiated using futex wait barrier. (16 threads)
[2024-12-08T18:42:17.957+0000][2.290s][info ][gc,start    ] GC(7) Pause Young (Mixed) (G1 Evacuation Pause)
[2024-12-08T18:42:17.957+0000][2.290s][info ][gc,task     ] GC(7) Using 4 workers of 10 for evacuation
[2024-12-08T18:42:17.964+0000][2.297s][info ][gc,phases   ] GC(7)   Pre Evacuate Collection Set: 0.1ms
[2024-12-08T18:42:17.964+0000][2.297s][info ][gc,phases   ] GC(7)   Merge Heap Roots: 0.1ms
[2024-12-08T18:42:17.964+0000][2.297s][info ][gc,phases   ] GC(7)   Evacuate Collection Set: 5.3ms
[2024-12-08T18:42:17.964+0000][2.297s][info ][gc,phases   ] GC(7)   Post Evacuate Collection Set: 0.8ms
[2024-12-08T18:42:17.965+0000][2.297s][info ][gc,phases   ] GC(7)   Other: 0.3ms
[2024-12-08T18:42:17.965+0000][2.297s][info ][gc,heap     ] GC(7) Eden regions: 1->0(32)
[2024-12-08T18:42:17.965+0000][2.298s][info ][gc,heap     ] GC(7) Survivor regions: 6->1(1)
[2024-12-08T18:42:17.965+0000][2.298s][info ][gc,heap     ] GC(7) Old regions: 5->10
[2024-12-08T18:42:17.965+0000][2.298s][info ][gc,heap     ] GC(7) Archive regions: 2->2
[2024-12-08T18:42:17.965+0000][2.298s][info ][gc,heap     ] GC(7) Humongous regions: 0->0
[2024-12-08T18:42:17.965+0000][2.298s][info ][gc,metaspace] GC(7) Metaspace: 23778K(24128K)->23778K(24128K) NonClass: 20671K(20864K)->20671K(20864K) Class: 3106K(3264K)->3106K(3264K)
[2024-12-08T18:42:17.966+0000][2.298s][info ][gc          ] GC(7) Pause Young (Mixed) (G1 Evacuation Pause) 24M->23M(114M) 8.223ms
[2024-12-08T18:42:17.966+0000][2.298s][info ][gc,cpu      ] GC(7) User=0.04s Sys=0.00s Real=0.00s
[2024-12-08T18:42:17.966+0000][2.298s][info ][safepoint   ] Safepoint "G1CollectForAllocation", Time since last: 13556956 ns, Reaching safepoint: 294944 ns, Cleanup: 10628 ns, At safepoint: 8567988 ns, Total: 8873560 ns
[2024-12-08T18:42:18.278+0000][2.610s][debug][safepoint   ] Safepoint synchronization initiated using futex wait barrier. (15 threads)
[2024-12-08T18:42:18.278+0000][2.611s][info ][gc,start    ] GC(8) Pause Young (Normal) (G1 Evacuation Pause)
[2024-12-08T18:42:18.278+0000][2.611s][info ][gc,task     ] GC(8) Using 3 workers of 10 for evacuation
[2024-12-08T18:42:18.283+0000][2.616s][info ][gc,phases   ] GC(8)   Pre Evacuate Collection Set: 0.1ms
[2024-12-08T18:42:18.283+0000][2.616s][info ][gc,phases   ] GC(8)   Merge Heap Roots: 0.1ms
[2024-12-08T18:42:18.283+0000][2.616s][info ][gc,phases   ] GC(8)   Evacuate Collection Set: 3.8ms
[2024-12-08T18:42:18.284+0000][2.616s][info ][gc,phases   ] GC(8)   Post Evacuate Collection Set: 0.7ms
[2024-12-08T18:42:18.284+0000][2.617s][info ][gc,phases   ] GC(8)   Other: 0.4ms
[2024-12-08T18:42:18.284+0000][2.617s][info ][gc,heap     ] GC(8) Eden regions: 32->0(30)
[2024-12-08T18:42:18.284+0000][2.617s][info ][gc,heap     ] GC(8) Survivor regions: 1->3(5)
[2024-12-08T18:42:18.285+0000][2.617s][info ][gc,heap     ] GC(8) Old regions: 10->10
[2024-12-08T18:42:18.286+0000][2.618s][info ][gc,heap     ] GC(8) Archive regions: 2->2
[2024-12-08T18:42:18.289+0000][2.621s][info ][gc,heap     ] GC(8) Humongous regions: 0->0
[2024-12-08T18:42:18.289+0000][2.621s][info ][gc,metaspace] GC(8) Metaspace: 24478K(24896K)->24478K(24896K) NonClass: 21296K(21504K)->21296K(21504K) Class: 3182K(3392K)->3182K(3392K)
[2024-12-08T18:42:18.289+0000][2.621s][info ][gc          ] GC(8) Pause Young (Normal) (G1 Evacuation Pause) 87M->27M(114M) 10.885ms
[2024-12-08T18:42:18.289+0000][2.622s][info ][gc,cpu      ] GC(8) User=0.03s Sys=0.00s Real=0.01s
[2024-12-08T18:42:18.289+0000][2.622s][info ][safepoint   ] Safepoint "G1CollectForAllocation", Time since last: 311705658 ns, Reaching safepoint: 315230 ns, Cleanup: 80702 ns, At safepoint: 11223238 ns, Total: 11619170 ns
[2024-12-08T18:42:18.414+0000][2.747s][debug][safepoint   ] Safepoint synchronization initiated using futex wait barrier. (15 threads)
[2024-12-08T18:42:18.415+0000][2.747s][info ][gc,start    ] GC(9) Pause Young (Normal) (G1 Evacuation Pause)
[2024-12-08T18:42:18.415+0000][2.747s][info ][gc,task     ] GC(9) Using 2 workers of 10 for evacuation
[2024-12-08T18:42:18.431+0000][2.764s][info ][gc,phases   ] GC(9)   Pre Evacuate Collection Set: 0.1ms
[2024-12-08T18:42:18.431+0000][2.764s][info ][gc,phases   ] GC(9)   Merge Heap Roots: 0.1ms
[2024-12-08T18:42:18.432+0000][2.764s][info ][gc,phases   ] GC(9)   Evacuate Collection Set: 15.2ms
[2024-12-08T18:42:18.432+0000][2.764s][info ][gc,phases   ] GC(9)   Post Evacuate Collection Set: 0.8ms
[2024-12-08T18:42:18.432+0000][2.764s][info ][gc,phases   ] GC(9)   Other: 0.5ms
[2024-12-08T18:42:18.432+0000][2.765s][info ][gc,heap     ] GC(9) Eden regions: 30->0(25)
[2024-12-08T18:42:18.432+0000][2.765s][info ][gc,heap     ] GC(9) Survivor regions: 3->4(5)
[2024-12-08T18:42:18.432+0000][2.765s][info ][gc,heap     ] GC(9) Old regions: 10->13
[2024-12-08T18:42:18.432+0000][2.765s][info ][gc,heap     ] GC(9) Archive regions: 2->2
[2024-12-08T18:42:18.432+0000][2.765s][info ][gc,heap     ] GC(9) Humongous regions: 0->0
[2024-12-08T18:42:18.433+0000][2.765s][info ][gc,metaspace] GC(9) Metaspace: 24494K(24896K)->24494K(24896K) NonClass: 21308K(21504K)->21308K(21504K) Class: 3186K(3392K)->3186K(3392K)
[2024-12-08T18:42:18.433+0000][2.765s][info ][gc          ] GC(9) Pause Young (Normal) (G1 Evacuation Pause) 87M->35M(114M) 18.209ms
[2024-12-08T18:42:18.433+0000][2.765s][info ][gc,cpu      ] GC(9) User=0.06s Sys=0.00s Real=0.02s
[2024-12-08T18:42:18.433+0000][2.766s][info ][safepoint   ] Safepoint "G1CollectForAllocation", Time since last: 124854802 ns, Reaching safepoint: 463130 ns, Cleanup: 17703 ns, At safepoint: 18565213 ns, Total: 19046046 ns
[2024-12-08T18:42:18.597+0000][2.930s][debug][safepoint   ] Safepoint synchronization initiated using futex wait barrier. (15 threads)
[2024-12-08T18:42:18.597+0000][2.930s][info ][gc,start    ] GC(10) Pause Young (Normal) (G1 Evacuation Pause)
[2024-12-08T18:42:18.598+0000][2.930s][info ][gc,task     ] GC(10) Using 2 workers of 10 for evacuation
[2024-12-08T18:42:18.613+0000][2.946s][info ][gc,phases   ] GC(10)   Pre Evacuate Collection Set: 0.1ms
[2024-12-08T18:42:18.614+0000][2.946s][info ][gc,phases   ] GC(10)   Merge Heap Roots: 0.1ms
[2024-12-08T18:42:18.614+0000][2.946s][info ][gc,phases   ] GC(10)   Evacuate Collection Set: 14.6ms
[2024-12-08T18:42:18.614+0000][2.947s][info ][gc,phases   ] GC(10)   Post Evacuate Collection Set: 0.9ms
[2024-12-08T18:42:18.614+0000][2.947s][info ][gc,phases   ] GC(10)   Other: 0.4ms
[2024-12-08T18:42:18.614+0000][2.947s][info ][gc,heap     ] GC(10) Eden regions: 25->0(23)
[2024-12-08T18:42:18.614+0000][2.947s][info ][gc,heap     ] GC(10) Survivor regions: 4->3(4)
[2024-12-08T18:42:18.615+0000][2.947s][info ][gc,heap     ] GC(10) Old regions: 13->17
[2024-12-08T18:42:18.615+0000][2.947s][info ][gc,heap     ] GC(10) Archive regions: 2->2
[2024-12-08T18:42:18.615+0000][2.947s][info ][gc,heap     ] GC(10) Humongous regions: 0->0
[2024-12-08T18:42:18.615+0000][2.948s][info ][gc,metaspace] GC(10) Metaspace: 24624K(24960K)->24624K(24960K) NonClass: 21414K(21568K)->21414K(21568K) Class: 3210K(3392K)->3210K(3392K)
[2024-12-08T18:42:18.615+0000][2.948s][info ][gc          ] GC(10) Pause Young (Normal) (G1 Evacuation Pause) 85M->40M(114M) 17.678ms
[2024-12-08T18:42:18.615+0000][2.948s][info ][gc,cpu      ] GC(10) User=0.05s Sys=0.01s Real=0.01s
[2024-12-08T18:42:18.615+0000][2.948s][info ][safepoint   ] Safepoint "G1CollectForAllocation", Time since last: 164006025 ns, Reaching safepoint: 243915 ns, Cleanup: 53315 ns, At safepoint: 18039567 ns, Total: 18336797 ns
[2024-12-08T18:42:18.773+0000][3.105s][debug][safepoint   ] Safepoint synchronization initiated using futex wait barrier. (15 threads)
[2024-12-08T18:42:18.773+0000][3.106s][info ][gc,start    ] GC(11) Pause Young (Normal) (G1 Evacuation Pause)
[2024-12-08T18:42:18.773+0000][3.106s][info ][gc,task     ] GC(11) Using 2 workers of 10 for evacuation
[2024-12-08T18:42:18.783+0000][3.115s][info ][gc,phases   ] GC(11)   Pre Evacuate Collection Set: 0.1ms
[2024-12-08T18:42:18.783+0000][3.116s][info ][gc,phases   ] GC(11)   Merge Heap Roots: 0.1ms
[2024-12-08T18:42:18.783+0000][3.116s][info ][gc,phases   ] GC(11)   Evacuate Collection Set: 8.0ms
[2024-12-08T18:42:18.783+0000][3.116s][info ][gc,phases   ] GC(11)   Post Evacuate Collection Set: 1.1ms
[2024-12-08T18:42:18.783+0000][3.116s][info ][gc,phases   ] GC(11)   Other: 0.5ms
[2024-12-08T18:42:18.783+0000][3.116s][info ][gc,heap     ] GC(11) Eden regions: 23->0(61)
[2024-12-08T18:42:18.784+0000][3.116s][info ][gc,heap     ] GC(11) Survivor regions: 3->3(4)
[2024-12-08T18:42:18.784+0000][3.116s][info ][gc,heap     ] GC(11) Old regions: 17->20
[2024-12-08T18:42:18.784+0000][3.116s][info ][gc,heap     ] GC(11) Archive regions: 2->2
[2024-12-08T18:42:18.784+0000][3.117s][info ][gc,heap     ] GC(11) Humongous regions: 0->0
[2024-12-08T18:42:18.784+0000][3.117s][info ][gc,metaspace] GC(11) Metaspace: 24767K(25088K)->24767K(25088K) NonClass: 21536K(21696K)->21536K(21696K) Class: 3231K(3392K)->3231K(3392K)
[2024-12-08T18:42:18.784+0000][3.117s][info ][gc          ] GC(11) Pause Young (Normal) (G1 Evacuation Pause) 86M->45M(228M) 11.142ms
[2024-12-08T18:42:18.784+0000][3.117s][info ][gc,cpu      ] GC(11) User=0.04s Sys=0.00s Real=0.01s
[2024-12-08T18:42:18.785+0000][3.117s][info ][safepoint   ] Safepoint "G1CollectForAllocation", Time since last: 157316982 ns, Reaching safepoint: 299444 ns, Cleanup: 24012 ns, At safepoint: 11455065 ns, Total: 11778521 ns
[2024-12-08T18:42:18.928+0000][3.260s][debug][safepoint   ] Safepoint synchronization initiated using futex wait barrier. (15 threads)
[2024-12-08T18:42:18.928+0000][3.261s][info ][safepoint   ] Safepoint "ICBufferFull", Time since last: 143308940 ns, Reaching safepoint: 181275 ns, Cleanup: 93698 ns, At safepoint: 13887 ns, Total: 288860 ns
[2024-12-08T18:42:18.954+0000][3.287s][debug][safepoint   ] ... found polling page loop exception at pc = 0x00007f213526f6dc, stub =0x00007f2134b10400
[2024-12-08T18:42:19.156+0000][3.489s][debug][safepoint   ] Safepoint synchronization initiated using futex wait barrier. (15 threads)
[2024-12-08T18:42:19.156+0000][3.489s][info ][gc,start    ] GC(12) Pause Young (Normal) (G1 Evacuation Pause)
[2024-12-08T18:42:19.157+0000][3.489s][info ][gc,task     ] GC(12) Using 5 workers of 10 for evacuation
[2024-12-08T18:42:19.163+0000][3.496s][info ][gc,phases   ] GC(12)   Pre Evacuate Collection Set: 0.1ms
[2024-12-08T18:42:19.164+0000][3.496s][info ][gc,phases   ] GC(12)   Merge Heap Roots: 0.1ms
[2024-12-08T18:42:19.164+0000][3.496s][info ][gc,phases   ] GC(12)   Evacuate Collection Set: 5.7ms
[2024-12-08T18:42:19.164+0000][3.497s][info ][gc,phases   ] GC(12)   Post Evacuate Collection Set: 0.9ms
[2024-12-08T18:42:19.164+0000][3.497s][info ][gc,phases   ] GC(12)   Other: 0.3ms
[2024-12-08T18:42:19.164+0000][3.497s][info ][gc,heap     ] GC(12) Eden regions: 61->0(60)
[2024-12-08T18:42:19.165+0000][3.497s][info ][gc,heap     ] GC(12) Survivor regions: 3->6(8)
[2024-12-08T18:42:19.165+0000][3.497s][info ][gc,heap     ] GC(12) Old regions: 20->20
[2024-12-08T18:42:19.165+0000][3.497s][info ][gc,heap     ] GC(12) Archive regions: 2->2
[2024-12-08T18:42:19.165+0000][3.498s][info ][gc,heap     ] GC(12) Humongous regions: 0->0
[2024-12-08T18:42:19.165+0000][3.498s][info ][gc,metaspace] GC(12) Metaspace: 25160K(25536K)->25160K(25536K) NonClass: 21901K(22080K)->21901K(22080K) Class: 3258K(3456K)->3258K(3456K)
[2024-12-08T18:42:19.165+0000][3.498s][info ][gc          ] GC(12) Pause Young (Normal) (G1 Evacuation Pause) 167M->51M(228M) 8.845ms
[2024-12-08T18:42:19.165+0000][3.498s][info ][gc,cpu      ] GC(12) User=0.04s Sys=0.01s Real=0.01s
[2024-12-08T18:42:19.166+0000][3.498s][info ][safepoint   ] Safepoint "G1CollectForAllocation", Time since last: 227967377 ns, Reaching safepoint: 190113 ns, Cleanup: 102734 ns, At safepoint: 9176561 ns, Total: 9469408 ns
[2024-12-08T18:42:19.430+0000][3.763s][debug][safepoint   ] Safepoint synchronization initiated using futex wait barrier. (16 threads)
[2024-12-08T18:42:19.430+0000][3.763s][info ][gc,start    ] GC(13) Pause Young (Normal) (G1 Evacuation Pause)
[2024-12-08T18:42:19.430+0000][3.763s][info ][gc,task     ] GC(13) Using 5 workers of 10 for evacuation
[2024-12-08T18:42:19.435+0000][3.768s][info ][gc,phases   ] GC(13)   Pre Evacuate Collection Set: 0.1ms
[2024-12-08T18:42:19.436+0000][3.768s][info ][gc,phases   ] GC(13)   Merge Heap Roots: 0.1ms
[2024-12-08T18:42:19.436+0000][3.768s][info ][gc,phases   ] GC(13)   Evacuate Collection Set: 4.1ms
[2024-12-08T18:42:19.436+0000][3.768s][info ][gc,phases   ] GC(13)   Post Evacuate Collection Set: 0.6ms
[2024-12-08T18:42:19.436+0000][3.769s][info ][gc,phases   ] GC(13)   Other: 0.3ms
[2024-12-08T18:42:19.436+0000][3.769s][info ][gc,heap     ] GC(13) Eden regions: 60->0(60)
[2024-12-08T18:42:19.436+0000][3.769s][info ][gc,heap     ] GC(13) Survivor regions: 6->6(9)
[2024-12-08T18:42:19.436+0000][3.769s][info ][gc,heap     ] GC(13) Old regions: 20->22
[2024-12-08T18:42:19.436+0000][3.769s][info ][gc,heap     ] GC(13) Archive regions: 2->2
[2024-12-08T18:42:19.436+0000][3.769s][info ][gc,heap     ] GC(13) Humongous regions: 0->0
[2024-12-08T18:42:19.436+0000][3.769s][info ][gc,metaspace] GC(13) Metaspace: 25935K(26304K)->25935K(26304K) NonClass: 22611K(22784K)->22611K(22784K) Class: 3323K(3520K)->3323K(3520K)
[2024-12-08T18:42:19.437+0000][3.769s][info ][gc          ] GC(13) Pause Young (Normal) (G1 Evacuation Pause) 171M->56M(228M) 6.230ms
[2024-12-08T18:42:19.437+0000][3.769s][info ][gc,cpu      ] GC(13) User=0.03s Sys=0.00s Real=0.00s
[2024-12-08T18:42:19.437+0000][3.769s][info ][safepoint   ] Safepoint "G1CollectForAllocation", Time since last: 264551834 ns, Reaching safepoint: 183148 ns, Cleanup: 63206 ns, At safepoint: 6467908 ns, Total: 6714262 ns
[2024-12-08T18:42:19.615+0000][3.948s][debug][safepoint   ] Safepoint synchronization initiated using futex wait barrier. (16 threads)
[2024-12-08T18:42:19.615+0000][3.948s][info ][gc,start    ] GC(14) Pause Young (Normal) (G1 Evacuation Pause)
[2024-12-08T18:42:19.615+0000][3.948s][info ][gc,task     ] GC(14) Using 5 workers of 10 for evacuation
[2024-12-08T18:42:19.619+0000][3.951s][info ][gc,phases   ] GC(14)   Pre Evacuate Collection Set: 0.1ms
[2024-12-08T18:42:19.619+0000][3.952s][info ][gc,phases   ] GC(14)   Merge Heap Roots: 0.1ms
[2024-12-08T18:42:19.619+0000][3.952s][info ][gc,phases   ] GC(14)   Evacuate Collection Set: 2.7ms
[2024-12-08T18:42:19.619+0000][3.952s][info ][gc,phases   ] GC(14)   Post Evacuate Collection Set: 0.6ms
[2024-12-08T18:42:19.619+0000][3.952s][info ][gc,phases   ] GC(14)   Other: 0.3ms
[2024-12-08T18:42:19.619+0000][3.952s][info ][gc,heap     ] GC(14) Eden regions: 60->0(61)
[2024-12-08T18:42:19.619+0000][3.952s][info ][gc,heap     ] GC(14) Survivor regions: 6->3(9)
[2024-12-08T18:42:19.619+0000][3.952s][info ][gc,heap     ] GC(14) Old regions: 22->25
[2024-12-08T18:42:19.620+0000][3.952s][info ][gc,heap     ] GC(14) Archive regions: 2->2
[2024-12-08T18:42:19.620+0000][3.952s][info ][gc,heap     ] GC(14) Humongous regions: 0->0
[2024-12-08T18:42:19.620+0000][3.952s][info ][gc,metaspace] GC(14) Metaspace: 26860K(27264K)->26860K(27264K) NonClass: 23463K(23680K)->23463K(23680K) Class: 3397K(3584K)->3397K(3584K)
[2024-12-08T18:42:19.620+0000][3.952s][info ][gc          ] GC(14) Pause Young (Normal) (G1 Evacuation Pause) 176M->56M(228M) 4.629ms
[2024-12-08T18:42:19.620+0000][3.952s][info ][gc,cpu      ] GC(14) User=0.02s Sys=0.00s Real=0.01s
[2024-12-08T18:42:19.620+0000][3.953s][info ][safepoint   ] Safepoint "G1CollectForAllocation", Time since last: 178128347 ns, Reaching safepoint: 218508 ns, Cleanup: 11178 ns, At safepoint: 4834033 ns, Total: 5063719 ns
[2024-12-08T18:42:19.983+0000][4.316s][debug][safepoint   ] Safepoint synchronization initiated using futex wait barrier. (15 threads)
[2024-12-08T18:42:19.983+0000][4.316s][info ][gc,start    ] GC(15) Pause Young (Normal) (G1 Evacuation Pause)
[2024-12-08T18:42:19.983+0000][4.316s][info ][gc,task     ] GC(15) Using 5 workers of 10 for evacuation
[2024-12-08T18:42:19.987+0000][4.320s][info ][gc,phases   ] GC(15)   Pre Evacuate Collection Set: 0.1ms
[2024-12-08T18:42:19.987+0000][4.320s][info ][gc,phases   ] GC(15)   Merge Heap Roots: 0.1ms
[2024-12-08T18:42:19.987+0000][4.320s][info ][gc,phases   ] GC(15)   Evacuate Collection Set: 2.4ms
[2024-12-08T18:42:19.987+0000][4.320s][info ][gc,phases   ] GC(15)   Post Evacuate Collection Set: 0.9ms
[2024-12-08T18:42:19.987+0000][4.320s][info ][gc,phases   ] GC(15)   Other: 0.3ms
[2024-12-08T18:42:19.988+0000][4.320s][info ][gc,heap     ] GC(15) Eden regions: 61->0(80)
[2024-12-08T18:42:19.988+0000][4.320s][info ][gc,heap     ] GC(15) Survivor regions: 3->4(8)
[2024-12-08T18:42:19.988+0000][4.320s][info ][gc,heap     ] GC(15) Old regions: 25->25
[2024-12-08T18:42:19.988+0000][4.320s][info ][gc,heap     ] GC(15) Archive regions: 2->2
[2024-12-08T18:42:19.988+0000][4.321s][info ][gc,heap     ] GC(15) Humongous regions: 0->0
[2024-12-08T18:42:19.988+0000][4.321s][info ][gc,metaspace] GC(15) Metaspace: 33451K(33856K)->33451K(33856K) NonClass: 29316K(29504K)->29316K(29504K) Class: 4134K(4352K)->4134K(4352K)
[2024-12-08T18:42:19.988+0000][4.321s][info ][gc          ] GC(15) Pause Young (Normal) (G1 Evacuation Pause) 178M->57M(280M) 4.999ms
[2024-12-08T18:42:19.988+0000][4.321s][info ][gc,cpu      ] GC(15) User=0.02s Sys=0.01s Real=0.01s
[2024-12-08T18:42:19.989+0000][4.321s][info ][safepoint   ] Safepoint "G1CollectForAllocation", Time since last: 362970541 ns, Reaching safepoint: 198901 ns, Cleanup: 75455 ns, At safepoint: 5300469 ns, Total: 5574825 ns
[2024-12-08T18:42:20.305+0000][4.638s][debug][safepoint   ] Safepoint synchronization initiated using futex wait barrier. (15 threads)
[2024-12-08T18:42:20.305+0000][4.638s][info ][safepoint   ] Safepoint "ICBufferFull", Time since last: 316383313 ns, Reaching safepoint: 270591 ns, Cleanup: 107719 ns, At safepoint: 9864 ns, Total: 388174 ns
[2024-12-08T18:42:20.398+0000][4.730s][debug][safepoint   ] Safepoint synchronization initiated using futex wait barrier. (15 threads)
[2024-12-08T18:42:20.398+0000][4.731s][info ][gc,start    ] GC(16) Pause Young (Normal) (G1 Evacuation Pause)
[2024-12-08T18:42:20.398+0000][4.731s][info ][gc,task     ] GC(16) Using 6 workers of 10 for evacuation
[2024-12-08T18:42:20.401+0000][4.734s][info ][gc,phases   ] GC(16)   Pre Evacuate Collection Set: 0.1ms
[2024-12-08T18:42:20.401+0000][4.734s][info ][gc,phases   ] GC(16)   Merge Heap Roots: 0.1ms
[2024-12-08T18:42:20.401+0000][4.734s][info ][gc,phases   ] GC(16)   Evacuate Collection Set: 2.0ms
[2024-12-08T18:42:20.402+0000][4.734s][info ][gc,phases   ] GC(16)   Post Evacuate Collection Set: 0.6ms
[2024-12-08T18:42:20.402+0000][4.734s][info ][gc,phases   ] GC(16)   Other: 0.3ms
[2024-12-08T18:42:20.402+0000][4.734s][info ][gc,heap     ] GC(16) Eden regions: 80->0(79)
[2024-12-08T18:42:20.402+0000][4.734s][info ][gc,heap     ] GC(16) Survivor regions: 4->5(11)
[2024-12-08T18:42:20.402+0000][4.735s][info ][gc,heap     ] GC(16) Old regions: 25->25
[2024-12-08T18:42:20.402+0000][4.735s][info ][gc,heap     ] GC(16) Archive regions: 2->2
[2024-12-08T18:42:20.402+0000][4.735s][info ][gc,heap     ] GC(16) Humongous regions: 0->0
[2024-12-08T18:42:20.402+0000][4.735s][info ][gc,metaspace] GC(16) Metaspace: 35070K(35520K)->35070K(35520K) NonClass: 30704K(30912K)->30704K(30912K) Class: 4366K(4608K)->4366K(4608K)
[2024-12-08T18:42:20.402+0000][4.735s][info ][gc          ] GC(16) Pause Young (Normal) (G1 Evacuation Pause) 217M->59M(280M) 4.143ms
[2024-12-08T18:42:20.402+0000][4.735s][info ][gc,cpu      ] GC(16) User=0.01s Sys=0.00s Real=0.00s
[2024-12-08T18:42:20.403+0000][4.735s][info ][safepoint   ] Safepoint "G1CollectForAllocation", Time since last: 92593352 ns, Reaching safepoint: 174913 ns, Cleanup: 87559 ns, At safepoint: 4357202 ns, Total: 4619674 ns
[2024-12-08T18:42:20.454+0000][4.787s][debug][safepoint   ] Safepoint synchronization initiated using futex wait barrier. (15 threads)
[2024-12-08T18:42:20.454+0000][4.787s][info ][gc,start    ] GC(17) Pause Young (Concurrent Start) (Metadata GC Threshold)
[2024-12-08T18:42:20.454+0000][4.787s][info ][gc,task     ] GC(17) Using 6 workers of 10 for evacuation
[2024-12-08T18:42:20.457+0000][4.790s][info ][gc,phases   ] GC(17)   Pre Evacuate Collection Set: 0.1ms
[2024-12-08T18:42:20.458+0000][4.790s][info ][gc,phases   ] GC(17)   Merge Heap Roots: 0.1ms
[2024-12-08T18:42:20.458+0000][4.790s][info ][gc,phases   ] GC(17)   Evacuate Collection Set: 2.0ms
[2024-12-08T18:42:20.458+0000][4.790s][info ][gc,phases   ] GC(17)   Post Evacuate Collection Set: 0.5ms
[2024-12-08T18:42:20.458+0000][4.790s][info ][gc,phases   ] GC(17)   Other: 0.3ms
[2024-12-08T18:42:20.458+0000][4.791s][info ][gc,heap     ] GC(17) Eden regions: 11->0(80)
[2024-12-08T18:42:20.458+0000][4.791s][info ][gc,heap     ] GC(17) Survivor regions: 5->4(11)
[2024-12-08T18:42:20.458+0000][4.791s][info ][gc,heap     ] GC(17) Old regions: 25->25
[2024-12-08T18:42:20.458+0000][4.791s][info ][gc,heap     ] GC(17) Archive regions: 2->2
[2024-12-08T18:42:20.458+0000][4.791s][info ][gc,heap     ] GC(17) Humongous regions: 0->0
[2024-12-08T18:42:20.458+0000][4.791s][info ][gc,metaspace] GC(17) Metaspace: 35757K(36160K)->35757K(36160K) NonClass: 31318K(31488K)->31318K(31488K) Class: 4438K(4672K)->4438K(4672K)
[2024-12-08T18:42:20.459+0000][4.791s][info ][gc          ] GC(17) Pause Young (Concurrent Start) (Metadata GC Threshold) 81M->58M(280M) 4.290ms
[2024-12-08T18:42:20.459+0000][4.791s][info ][gc,cpu      ] GC(17) User=0.03s Sys=0.01s Real=0.01s
[2024-12-08T18:42:20.459+0000][4.791s][info ][gc          ] GC(18) Concurrent Mark Cycle
[2024-12-08T18:42:20.459+0000][4.792s][info ][gc,marking  ] GC(18) Concurrent Clear Claimed Marks
[2024-12-08T18:42:20.459+0000][4.791s][info ][safepoint   ] Safepoint "CollectForMetadataAllocation", Time since last: 51530991 ns, Reaching safepoint: 222157 ns, Cleanup: 30960 ns, At safepoint: 4573878 ns, Total: 4826995 ns
[2024-12-08T18:42:20.459+0000][4.792s][info ][gc,marking  ] GC(18) Concurrent Clear Claimed Marks 0.134ms
[2024-12-08T18:42:20.459+0000][4.792s][info ][gc,marking  ] GC(18) Concurrent Scan Root Regions
[2024-12-08T18:42:20.461+0000][4.794s][info ][gc,marking  ] GC(18) Concurrent Scan Root Regions 1.788ms
[2024-12-08T18:42:20.461+0000][4.794s][info ][gc,marking  ] GC(18) Concurrent Mark
[2024-12-08T18:42:20.461+0000][4.794s][info ][gc,marking  ] GC(18) Concurrent Mark From Roots
[2024-12-08T18:42:20.462+0000][4.794s][info ][gc,task     ] GC(18) Using 3 workers of 3 for marking
[2024-12-08T18:42:20.481+0000][4.814s][info ][gc,marking  ] GC(18) Concurrent Mark From Roots 19.847ms
[2024-12-08T18:42:20.481+0000][4.814s][info ][gc,marking  ] GC(18) Concurrent Preclean
[2024-12-08T18:42:20.482+0000][4.814s][info ][gc,marking  ] GC(18) Concurrent Preclean 0.323ms
[2024-12-08T18:42:20.482+0000][4.815s][debug][safepoint   ] Safepoint synchronization initiated using futex wait barrier. (15 threads)
[2024-12-08T18:42:20.482+0000][4.815s][info ][gc,start    ] GC(18) Pause Remark
[2024-12-08T18:42:20.484+0000][4.817s][info ][gc          ] GC(18) Pause Remark 64M->64M(228M) 2.178ms
[2024-12-08T18:42:20.484+0000][4.817s][info ][gc,cpu      ] GC(18) User=0.02s Sys=0.00s Real=0.00s
[2024-12-08T18:42:20.485+0000][4.817s][info ][safepoint   ] Safepoint "G1PauseRemark", Time since last: 23053827 ns, Reaching safepoint: 188602 ns, Cleanup: 11006 ns, At safepoint: 2476345 ns, Total: 2675953 ns
[2024-12-08T18:42:20.485+0000][4.818s][info ][gc,marking  ] GC(18) Concurrent Mark 23.637ms
[2024-12-08T18:42:20.485+0000][4.818s][info ][gc,marking  ] GC(18) Concurrent Rebuild Remembered Sets
[2024-12-08T18:42:20.493+0000][4.825s][info ][gc,marking  ] GC(18) Concurrent Rebuild Remembered Sets 7.456ms
[2024-12-08T18:42:20.493+0000][4.825s][debug][safepoint   ] Safepoint synchronization initiated using futex wait barrier. (15 threads)
[2024-12-08T18:42:20.493+0000][4.826s][info ][gc,start    ] GC(18) Pause Cleanup
[2024-12-08T18:42:20.493+0000][4.826s][info ][gc          ] GC(18) Pause Cleanup 66M->66M(228M) 0.216ms
[2024-12-08T18:42:20.493+0000][4.826s][info ][gc,cpu      ] GC(18) User=0.00s Sys=0.00s Real=0.00s
[2024-12-08T18:42:20.493+0000][4.826s][info ][safepoint   ] Safepoint "G1PauseCleanup", Time since last: 8107047 ns, Reaching safepoint: 181617 ns, Cleanup: 7704 ns, At safepoint: 451470 ns, Total: 640791 ns
[2024-12-08T18:42:20.493+0000][4.826s][info ][gc,marking  ] GC(18) Concurrent Cleanup for Next Mark
[2024-12-08T18:42:20.495+0000][4.827s][info ][gc,marking  ] GC(18) Concurrent Cleanup for Next Mark 1.356ms
[2024-12-08T18:42:20.495+0000][4.828s][info ][gc          ] GC(18) Concurrent Mark Cycle 36.086ms
[2024-12-08T18:42:20.771+0000][5.103s][debug][safepoint   ] Safepoint synchronization initiated using futex wait barrier. (15 threads)
[2024-12-08T18:42:20.771+0000][5.104s][info ][gc,start    ] GC(19) Pause Young (Prepare Mixed) (G1 Evacuation Pause)
[2024-12-08T18:42:20.771+0000][5.104s][info ][gc,task     ] GC(19) Using 5 workers of 10 for evacuation
[2024-12-08T18:42:20.775+0000][5.108s][info ][gc,phases   ] GC(19)   Pre Evacuate Collection Set: 0.1ms
[2024-12-08T18:42:20.775+0000][5.108s][info ][gc,phases   ] GC(19)   Merge Heap Roots: 0.1ms
[2024-12-08T18:42:20.775+0000][5.108s][info ][gc,phases   ] GC(19)   Evacuate Collection Set: 3.2ms
[2024-12-08T18:42:20.775+0000][5.108s][info ][gc,phases   ] GC(19)   Post Evacuate Collection Set: 0.5ms
[2024-12-08T18:42:20.776+0000][5.108s][info ][gc,phases   ] GC(19)   Other: 0.3ms
[2024-12-08T18:42:20.776+0000][5.108s][info ][gc,heap     ] GC(19) Eden regions: 64->0(1)
[2024-12-08T18:42:20.776+0000][5.108s][info ][gc,heap     ] GC(19) Survivor regions: 4->5(9)
[2024-12-08T18:42:20.776+0000][5.108s][info ][gc,heap     ] GC(19) Old regions: 25->25
[2024-12-08T18:42:20.776+0000][5.108s][info ][gc,heap     ] GC(19) Archive regions: 2->2
[2024-12-08T18:42:20.776+0000][5.109s][info ][gc,heap     ] GC(19) Humongous regions: 0->0
[2024-12-08T18:42:20.776+0000][5.109s][info ][gc,metaspace] GC(19) Metaspace: 38808K(39232K)->38808K(39232K) NonClass: 33912K(34112K)->33912K(34112K) Class: 4895K(5120K)->4895K(5120K)
[2024-12-08T18:42:20.776+0000][5.109s][info ][gc          ] GC(19) Pause Young (Prepare Mixed) (G1 Evacuation Pause) 186M->59M(228M) 5.219ms
[2024-12-08T18:42:20.776+0000][5.109s][info ][gc,cpu      ] GC(19) User=0.02s Sys=0.00s Real=0.00s
[2024-12-08T18:42:20.776+0000][5.109s][info ][safepoint   ] Safepoint "G1CollectForAllocation", Time since last: 277298030 ns, Reaching safepoint: 200895 ns, Cleanup: 54647 ns, At safepoint: 5427429 ns, Total: 5682971 ns
[2024-12-08T18:42:20.788+0000][5.121s][debug][safepoint   ] Safepoint synchronization initiated using futex wait barrier. (15 threads)
[2024-12-08T18:42:20.788+0000][5.121s][info ][gc,start    ] GC(20) Pause Young (Mixed) (G1 Evacuation Pause)
[2024-12-08T18:42:20.789+0000][5.121s][info ][gc,task     ] GC(20) Using 5 workers of 10 for evacuation
[2024-12-08T18:42:20.793+0000][5.125s][info ][gc,phases   ] GC(20)   Pre Evacuate Collection Set: 0.1ms
[2024-12-08T18:42:20.793+0000][5.125s][info ][gc,phases   ] GC(20)   Merge Heap Roots: 0.1ms
[2024-12-08T18:42:20.793+0000][5.126s][info ][gc,phases   ] GC(20)   Evacuate Collection Set: 3.3ms
[2024-12-08T18:42:20.793+0000][5.126s][info ][gc,phases   ] GC(20)   Post Evacuate Collection Set: 0.5ms
[2024-12-08T18:42:20.793+0000][5.126s][info ][gc,phases   ] GC(20)   Other: 0.3ms
[2024-12-08T18:42:20.793+0000][5.126s][info ][gc,heap     ] GC(20) Eden regions: 1->0(64)
[2024-12-08T18:42:20.793+0000][5.126s][info ][gc,heap     ] GC(20) Survivor regions: 5->1(1)
[2024-12-08T18:42:20.793+0000][5.126s][info ][gc,heap     ] GC(20) Old regions: 25->29
[2024-12-08T18:42:20.793+0000][5.126s][info ][gc,heap     ] GC(20) Archive regions: 2->2
[2024-12-08T18:42:20.794+0000][5.126s][info ][gc,heap     ] GC(20) Humongous regions: 0->0
[2024-12-08T18:42:20.794+0000][5.126s][info ][gc,metaspace] GC(20) Metaspace: 38814K(39232K)->38814K(39232K) NonClass: 33918K(34112K)->33918K(34112K) Class: 4896K(5120K)->4896K(5120K)
[2024-12-08T18:42:20.794+0000][5.126s][info ][gc          ] GC(20) Pause Young (Mixed) (G1 Evacuation Pause) 61M->59M(228M) 5.327ms
[2024-12-08T18:42:20.794+0000][5.126s][info ][gc,cpu      ] GC(20) User=0.03s Sys=0.00s Real=0.00s
[2024-12-08T18:42:20.794+0000][5.127s][info ][safepoint   ] Safepoint "G1CollectForAllocation", Time since last: 11800713 ns, Reaching safepoint: 224252 ns, Cleanup: 20357 ns, At safepoint: 5542800 ns, Total: 5787409 ns
[2024-12-08T18:42:21.182+0000][5.515s][debug][safepoint   ] Safepoint synchronization initiated using futex wait barrier. (15 threads)
[2024-12-08T18:42:21.182+0000][5.515s][info ][gc,start    ] GC(21) Pause Young (Normal) (G1 Evacuation Pause)
[2024-12-08T18:42:21.183+0000][5.515s][info ][gc,task     ] GC(21) Using 5 workers of 10 for evacuation
[2024-12-08T18:42:21.184+0000][5.517s][info ][gc,phases   ] GC(21)   Pre Evacuate Collection Set: 0.1ms
[2024-12-08T18:42:21.184+0000][5.517s][info ][gc,phases   ] GC(21)   Merge Heap Roots: 0.1ms
[2024-12-08T18:42:21.185+0000][5.517s][info ][gc,phases   ] GC(21)   Evacuate Collection Set: 1.1ms
[2024-12-08T18:42:21.185+0000][5.517s][info ][gc,phases   ] GC(21)   Post Evacuate Collection Set: 0.4ms
[2024-12-08T18:42:21.185+0000][5.517s][info ][gc,phases   ] GC(21)   Other: 0.3ms
[2024-12-08T18:42:21.185+0000][5.517s][info ][gc,heap     ] GC(21) Eden regions: 64->0(64)
[2024-12-08T18:42:21.185+0000][5.517s][info ][gc,heap     ] GC(21) Survivor regions: 1->2(9)
[2024-12-08T18:42:21.185+0000][5.518s][info ][gc,heap     ] GC(21) Old regions: 29->29
[2024-12-08T18:42:21.185+0000][5.518s][info ][gc,heap     ] GC(21) Archive regions: 2->2
[2024-12-08T18:42:21.185+0000][5.518s][info ][gc,heap     ] GC(21) Humongous regions: 0->0
[2024-12-08T18:42:21.185+0000][5.518s][info ][gc,metaspace] GC(21) Metaspace: 41630K(42048K)->41630K(42048K) NonClass: 36369K(36544K)->36369K(36544K) Class: 5260K(5504K)->5260K(5504K)
[2024-12-08T18:42:21.185+0000][5.518s][info ][gc          ] GC(21) Pause Young (Normal) (G1 Evacuation Pause) 187M->60M(228M) 2.855ms
[2024-12-08T18:42:21.185+0000][5.518s][info ][gc,cpu      ] GC(21) User=0.02s Sys=0.00s Real=0.00s
[2024-12-08T18:42:21.185+0000][5.518s][info ][safepoint   ] Safepoint "G1CollectForAllocation", Time since last: 388184456 ns, Reaching safepoint: 202524 ns, Cleanup: 93266 ns, At safepoint: 3065623 ns, Total: 3361413 ns
[2024-12-08T18:42:21.586+0000][5.919s][debug][safepoint   ] Safepoint synchronization initiated using futex wait barrier. (15 threads)
[2024-12-08T18:42:21.587+0000][5.919s][info ][safepoint   ] Safepoint "ICBufferFull", Time since last: 400970166 ns, Reaching safepoint: 190352 ns, Cleanup: 95327 ns, At safepoint: 15669 ns, Total: 301348 ns
[2024-12-08T18:42:21.631+0000][5.964s][debug][safepoint   ] Safepoint synchronization initiated using futex wait barrier. (15 threads)
[2024-12-08T18:42:21.632+0000][5.964s][info ][gc,start    ] GC(22) Pause Young (Normal) (G1 Evacuation Pause)
[2024-12-08T18:42:21.632+0000][5.964s][info ][gc,task     ] GC(22) Using 5 workers of 10 for evacuation
[2024-12-08T18:42:21.634+0000][5.967s][info ][gc,phases   ] GC(22)   Pre Evacuate Collection Set: 0.1ms
[2024-12-08T18:42:21.635+0000][5.967s][info ][gc,phases   ] GC(22)   Merge Heap Roots: 0.1ms
[2024-12-08T18:42:21.635+0000][5.967s][info ][gc,phases   ] GC(22)   Evacuate Collection Set: 1.9ms
[2024-12-08T18:42:21.635+0000][5.967s][info ][gc,phases   ] GC(22)   Post Evacuate Collection Set: 0.5ms
[2024-12-08T18:42:21.635+0000][5.967s][info ][gc,phases   ] GC(22)   Other: 0.3ms
[2024-12-08T18:42:21.635+0000][5.968s][info ][gc,heap     ] GC(22) Eden regions: 64->0(64)
[2024-12-08T18:42:21.635+0000][5.968s][info ][gc,heap     ] GC(22) Survivor regions: 2->2(9)
[2024-12-08T18:42:21.635+0000][5.968s][info ][gc,heap     ] GC(22) Old regions: 29->29
[2024-12-08T18:42:21.635+0000][5.968s][info ][gc,heap     ] GC(22) Archive regions: 2->2
[2024-12-08T18:42:21.635+0000][5.968s][info ][gc,heap     ] GC(22) Humongous regions: 0->0
[2024-12-08T18:42:21.636+0000][5.968s][info ][gc,metaspace] GC(22) Metaspace: 44703K(45120K)->44703K(45120K) NonClass: 39008K(39232K)->39008K(39232K) Class: 5694K(5888K)->5694K(5888K)
[2024-12-08T18:42:21.636+0000][5.968s][info ][gc          ] GC(22) Pause Young (Normal) (G1 Evacuation Pause) 188M->62M(228M) 4.083ms
[2024-12-08T18:42:21.636+0000][5.968s][info ][gc,cpu      ] GC(22) User=0.02s Sys=0.00s Real=0.00s
[2024-12-08T18:42:21.636+0000][5.968s][info ][safepoint   ] Safepoint "G1CollectForAllocation", Time since last: 44515539 ns, Reaching safepoint: 236094 ns, Cleanup: 39563 ns, At safepoint: 4333442 ns, Total: 4609099 ns
[2024-12-08T18:42:22.086+0000][6.418s][debug][safepoint   ] Safepoint synchronization initiated using futex wait barrier. (15 threads)
[2024-12-08T18:42:22.086+0000][6.419s][info ][safepoint   ] Safepoint "ICBufferFull", Time since last: 449694085 ns, Reaching safepoint: 242394 ns, Cleanup: 133549 ns, At safepoint: 14994 ns, Total: 390937 ns
[2024-12-08T18:42:22.155+0000][6.488s][debug][safepoint   ] Safepoint synchronization initiated using futex wait barrier. (15 threads)
[2024-12-08T18:42:22.155+0000][6.488s][info ][gc,start    ] GC(23) Pause Young (Normal) (G1 Evacuation Pause)
[2024-12-08T18:42:22.155+0000][6.488s][info ][gc,task     ] GC(23) Using 5 workers of 10 for evacuation
[2024-12-08T18:42:22.160+0000][6.493s][info ][gc,phases   ] GC(23)   Pre Evacuate Collection Set: 0.1ms
[2024-12-08T18:42:22.160+0000][6.493s][info ][gc,phases   ] GC(23)   Merge Heap Roots: 0.1ms
[2024-12-08T18:42:22.160+0000][6.493s][info ][gc,phases   ] GC(23)   Evacuate Collection Set: 3.3ms
[2024-12-08T18:42:22.160+0000][6.493s][info ][gc,phases   ] GC(23)   Post Evacuate Collection Set: 0.7ms
[2024-12-08T18:42:22.161+0000][6.493s][info ][gc,phases   ] GC(23)   Other: 0.5ms
[2024-12-08T18:42:22.161+0000][6.493s][info ][gc,heap     ] GC(23) Eden regions: 64->0(62)
[2024-12-08T18:42:22.161+0000][6.493s][info ][gc,heap     ] GC(23) Survivor regions: 2->4(9)
[2024-12-08T18:42:22.161+0000][6.494s][info ][gc,heap     ] GC(23) Old regions: 29->29
[2024-12-08T18:42:22.161+0000][6.494s][info ][gc,heap     ] GC(23) Archive regions: 2->2
[2024-12-08T18:42:22.161+0000][6.494s][info ][gc,heap     ] GC(23) Humongous regions: 0->0
[2024-12-08T18:42:22.161+0000][6.494s][info ][gc,metaspace] GC(23) Metaspace: 49198K(49600K)->49198K(49600K) NonClass: 42907K(43072K)->42907K(43072K) Class: 6290K(6528K)->6290K(6528K)
[2024-12-08T18:42:22.161+0000][6.494s][info ][gc          ] GC(23) Pause Young (Normal) (G1 Evacuation Pause) 190M->65M(228M) 6.169ms
[2024-12-08T18:42:22.162+0000][6.494s][info ][gc,cpu      ] GC(23) User=0.05s Sys=0.00s Real=0.01s
[2024-12-08T18:42:22.162+0000][6.494s][info ][safepoint   ] Safepoint "G1CollectForAllocation", Time since last: 68990321 ns, Reaching safepoint: 296239 ns, Cleanup: 24372 ns, At safepoint: 6462481 ns, Total: 6783092 ns
[2024-12-08T18:42:23.444+0000][7.777s][debug][safepoint   ] Safepoint synchronization initiated using futex wait barrier. (17 threads)
[2024-12-08T18:42:23.445+0000][7.777s][info ][safepoint   ] Safepoint "Cleanup", Time since last: 1282706001 ns, Reaching safepoint: 309579 ns, Cleanup: 101132 ns, At safepoint: 11817 ns, Total: 422528 ns
[2024-12-08T18:42:23.639+0000][7.971s][debug][safepoint   ] Safepoint synchronization initiated using futex wait barrier. (17 threads)
[2024-12-08T18:42:23.640+0000][7.972s][info ][safepoint   ] Safepoint "ICBufferFull", Time since last: 193752556 ns, Reaching safepoint: 903115 ns, Cleanup: 164990 ns, At safepoint: 17352 ns, Total: 1085457 ns
[2024-12-08T18:42:23.843+0000][8.176s][debug][safepoint   ] Safepoint synchronization initiated using futex wait barrier. (17 threads)
[2024-12-08T18:42:23.844+0000][8.176s][info ][gc,start    ] GC(24) Pause Young (Normal) (G1 Evacuation Pause)
[2024-12-08T18:42:23.844+0000][8.176s][info ][gc,task     ] GC(24) Using 5 workers of 10 for evacuation
[2024-12-08T18:42:23.850+0000][8.182s][info ][gc,phases   ] GC(24)   Pre Evacuate Collection Set: 0.1ms
[2024-12-08T18:42:23.850+0000][8.183s][info ][gc,phases   ] GC(24)   Merge Heap Roots: 0.1ms
[2024-12-08T18:42:23.850+0000][8.183s][info ][gc,phases   ] GC(24)   Evacuate Collection Set: 4.7ms
[2024-12-08T18:42:23.850+0000][8.183s][info ][gc,phases   ] GC(24)   Post Evacuate Collection Set: 1.0ms
[2024-12-08T18:42:23.850+0000][8.183s][info ][gc,phases   ] GC(24)   Other: 0.3ms
[2024-12-08T18:42:23.851+0000][8.183s][info ][gc,heap     ] GC(24) Eden regions: 62->0(61)
[2024-12-08T18:42:23.851+0000][8.183s][info ][gc,heap     ] GC(24) Survivor regions: 4->5(9)
[2024-12-08T18:42:23.851+0000][8.183s][info ][gc,heap     ] GC(24) Old regions: 29->29
[2024-12-08T18:42:23.851+0000][8.184s][info ][gc,heap     ] GC(24) Archive regions: 2->2
[2024-12-08T18:42:23.851+0000][8.184s][info ][gc,heap     ] GC(24) Humongous regions: 0->0
[2024-12-08T18:42:23.851+0000][8.184s][info ][gc,metaspace] GC(24) Metaspace: 55010K(55424K)->55010K(55424K) NonClass: 48038K(48256K)->48038K(48256K) Class: 6971K(7168K)->6971K(7168K)
[2024-12-08T18:42:23.851+0000][8.184s][info ][gc          ] GC(24) Pause Young (Normal) (G1 Evacuation Pause) 189M->68M(228M) 7.748ms
[2024-12-08T18:42:23.851+0000][8.184s][info ][gc,cpu      ] GC(24) User=0.05s Sys=0.00s Real=0.01s
[2024-12-08T18:42:23.852+0000][8.184s][info ][safepoint   ] Safepoint "G1CollectForAllocation", Time since last: 203541671 ns, Reaching safepoint: 218837 ns, Cleanup: 39950 ns, At safepoint: 8060900 ns, Total: 8319687 ns
[2024-12-08T18:42:24.294+0000][8.626s][debug][safepoint   ] Safepoint synchronization initiated using futex wait barrier. (17 threads)
[2024-12-08T18:42:24.294+0000][8.627s][info ][gc,start    ] GC(25) Pause Young (Normal) (G1 Evacuation Pause)
[2024-12-08T18:42:24.294+0000][8.627s][info ][gc,task     ] GC(25) Using 5 workers of 10 for evacuation
[2024-12-08T18:42:24.300+0000][8.633s][info ][gc,phases   ] GC(25)   Pre Evacuate Collection Set: 0.1ms
[2024-12-08T18:42:24.300+0000][8.633s][info ][gc,phases   ] GC(25)   Merge Heap Roots: 0.1ms
[2024-12-08T18:42:24.300+0000][8.633s][info ][gc,phases   ] GC(25)   Evacuate Collection Set: 4.8ms
[2024-12-08T18:42:24.300+0000][8.633s][info ][gc,phases   ] GC(25)   Post Evacuate Collection Set: 0.8ms
[2024-12-08T18:42:24.301+0000][8.633s][info ][gc,phases   ] GC(25)   Other: 0.3ms
[2024-12-08T18:42:24.301+0000][8.633s][info ][gc,heap     ] GC(25) Eden regions: 61->0(60)
[2024-12-08T18:42:24.301+0000][8.633s][info ][gc,heap     ] GC(25) Survivor regions: 5->5(9)
[2024-12-08T18:42:24.301+0000][8.634s][info ][gc,heap     ] GC(25) Old regions: 29->30
[2024-12-08T18:42:24.301+0000][8.634s][info ][gc,heap     ] GC(25) Archive regions: 2->2
[2024-12-08T18:42:24.301+0000][8.634s][info ][gc,heap     ] GC(25) Humongous regions: 0->0
[2024-12-08T18:42:24.301+0000][8.634s][info ][gc,metaspace] GC(25) Metaspace: 58326K(58752K)->58326K(58752K) NonClass: 50873K(51072K)->50873K(51072K) Class: 7452K(7680K)->7452K(7680K)
[2024-12-08T18:42:24.301+0000][8.634s][info ][gc          ] GC(25) Pause Young (Normal) (G1 Evacuation Pause) 190M->69M(228M) 7.426ms
[2024-12-08T18:42:24.302+0000][8.634s][info ][gc,cpu      ] GC(25) User=0.05s Sys=0.00s Real=0.01s
[2024-12-08T18:42:24.302+0000][8.634s][info ][safepoint   ] Safepoint "G1CollectForAllocation", Time since last: 442140876 ns, Reaching safepoint: 281695 ns, Cleanup: 41021 ns, At safepoint: 7743352 ns, Total: 8066068 ns
[2024-12-08T18:42:24.532+0000][8.865s][debug][safepoint   ] Safepoint synchronization initiated using futex wait barrier. (18 threads)
[2024-12-08T18:42:24.532+0000][8.865s][info ][gc,start    ] GC(26) Pause Young (Concurrent Start) (Metadata GC Threshold)
[2024-12-08T18:42:24.533+0000][8.865s][info ][gc,task     ] GC(26) Using 5 workers of 10 for evacuation
[2024-12-08T18:42:24.538+0000][8.871s][info ][gc,phases   ] GC(26)   Pre Evacuate Collection Set: 0.1ms
[2024-12-08T18:42:24.538+0000][8.871s][info ][gc,phases   ] GC(26)   Merge Heap Roots: 0.1ms
[2024-12-08T18:42:24.538+0000][8.871s][info ][gc,phases   ] GC(26)   Evacuate Collection Set: 3.8ms
[2024-12-08T18:42:24.539+0000][8.871s][info ][gc,phases   ] GC(26)   Post Evacuate Collection Set: 1.3ms
[2024-12-08T18:42:24.539+0000][8.871s][info ][gc,phases   ] GC(26)   Other: 0.4ms
[2024-12-08T18:42:24.539+0000][8.872s][info ][gc,heap     ] GC(26) Eden regions: 16->0(112)
[2024-12-08T18:42:24.539+0000][8.872s][info ][gc,heap     ] GC(26) Survivor regions: 5->5(9)
[2024-12-08T18:42:24.539+0000][8.872s][info ][gc,heap     ] GC(26) Old regions: 30->30
[2024-12-08T18:42:24.539+0000][8.872s][info ][gc,heap     ] GC(26) Archive regions: 2->2
[2024-12-08T18:42:24.539+0000][8.872s][info ][gc,heap     ] GC(26) Humongous regions: 0->0
[2024-12-08T18:42:24.540+0000][8.872s][info ][gc,metaspace] GC(26) Metaspace: 60343K(60736K)->60343K(60736K) NonClass: 52651K(52864K)->52651K(52864K) Class: 7692K(7872K)->7692K(7872K)
[2024-12-08T18:42:24.540+0000][8.872s][info ][gc          ] GC(26) Pause Young (Concurrent Start) (Metadata GC Threshold) 100M->69M(392M) 7.342ms
[2024-12-08T18:42:24.540+0000][8.873s][info ][gc,cpu      ] GC(26) User=0.03s Sys=0.01s Real=0.01s
[2024-12-08T18:42:24.540+0000][8.873s][info ][gc          ] GC(27) Concurrent Mark Cycle
[2024-12-08T18:42:24.540+0000][8.873s][info ][gc,marking  ] GC(27) Concurrent Clear Claimed Marks
[2024-12-08T18:42:24.540+0000][8.873s][info ][safepoint   ] Safepoint "CollectForMetadataAllocation", Time since last: 230448790 ns, Reaching safepoint: 173882 ns, Cleanup: 26316 ns, At safepoint: 7689385 ns, Total: 7889583 ns
[2024-12-08T18:42:24.540+0000][8.873s][info ][gc,marking  ] GC(27) Concurrent Clear Claimed Marks 0.193ms
[2024-12-08T18:42:24.541+0000][8.873s][info ][gc,marking  ] GC(27) Concurrent Scan Root Regions
[2024-12-08T18:42:24.543+0000][8.876s][info ][gc,marking  ] GC(27) Concurrent Scan Root Regions 2.819ms
[2024-12-08T18:42:24.544+0000][8.876s][info ][gc,marking  ] GC(27) Concurrent Mark
[2024-12-08T18:42:24.544+0000][8.876s][info ][gc,marking  ] GC(27) Concurrent Mark From Roots
[2024-12-08T18:42:24.544+0000][8.876s][info ][gc,task     ] GC(27) Using 3 workers of 3 for marking
[2024-12-08T18:42:24.566+0000][8.899s][debug][safepoint   ] Safepoint synchronization initiated using futex wait barrier. (19 threads)
[2024-12-08T18:42:24.567+0000][8.899s][info ][safepoint   ] Safepoint "CollectForMetadataAllocation", Time since last: 26111009 ns, Reaching safepoint: 287367 ns, Cleanup: 9603 ns, At safepoint: 60002 ns, Total: 356972 ns
[2024-12-08T18:42:24.575+0000][8.908s][info ][gc,marking  ] GC(27) Concurrent Mark From Roots 31.301ms
[2024-12-08T18:42:24.575+0000][8.908s][info ][gc,marking  ] GC(27) Concurrent Preclean
[2024-12-08T18:42:24.576+0000][8.908s][info ][gc,marking  ] GC(27) Concurrent Preclean 0.383ms
[2024-12-08T18:42:24.576+0000][8.908s][debug][safepoint   ] Safepoint synchronization initiated using futex wait barrier. (19 threads)
[2024-12-08T18:42:24.576+0000][8.909s][info ][gc,start    ] GC(27) Pause Remark
[2024-12-08T18:42:24.580+0000][8.912s][info ][gc          ] GC(27) Pause Remark 73M->73M(260M) 3.612ms
[2024-12-08T18:42:24.580+0000][8.912s][info ][gc,cpu      ] GC(27) User=0.03s Sys=0.00s Real=0.01s
[2024-12-08T18:42:24.580+0000][8.912s][info ][safepoint   ] Safepoint "G1PauseRemark", Time since last: 9187847 ns, Reaching safepoint: 145735 ns, Cleanup: 8127 ns, At safepoint: 3926233 ns, Total: 4080095 ns
[2024-12-08T18:42:24.580+0000][8.913s][info ][gc,marking  ] GC(27) Concurrent Mark 36.388ms
[2024-12-08T18:42:24.580+0000][8.913s][info ][gc,marking  ] GC(27) Concurrent Rebuild Remembered Sets
[2024-12-08T18:42:24.595+0000][8.927s][info ][gc,marking  ] GC(27) Concurrent Rebuild Remembered Sets 14.694ms
[2024-12-08T18:42:24.595+0000][8.928s][debug][safepoint   ] Safepoint synchronization initiated using futex wait barrier. (19 threads)
[2024-12-08T18:42:24.595+0000][8.928s][debug][safepoint   ] ... found polling page loop exception at pc = 0x00007f213532c12c, stub =0x00007f2134b10400
[2024-12-08T18:42:24.595+0000][8.928s][info ][gc,start    ] GC(27) Pause Cleanup
[2024-12-08T18:42:24.596+0000][8.928s][info ][gc          ] GC(27) Pause Cleanup 73M->73M(260M) 0.236ms
[2024-12-08T18:42:24.596+0000][8.928s][info ][gc,cpu      ] GC(27) User=0.00s Sys=0.00s Real=0.00s
[2024-12-08T18:42:24.596+0000][8.928s][info ][safepoint   ] Safepoint "G1PauseCleanup", Time since last: 15189151 ns, Reaching safepoint: 297519 ns, Cleanup: 3582 ns, At safepoint: 527653 ns, Total: 828754 ns
[2024-12-08T18:42:24.596+0000][8.929s][info ][gc,marking  ] GC(27) Concurrent Cleanup for Next Mark
[2024-12-08T18:42:24.597+0000][8.929s][info ][gc,marking  ] GC(27) Concurrent Cleanup for Next Mark 0.626ms
[2024-12-08T18:42:24.597+0000][8.929s][info ][gc          ] GC(27) Concurrent Mark Cycle 56.789ms
[2024-12-08T18:42:25.177+0000][9.509s][debug][safepoint   ] Safepoint synchronization initiated using futex wait barrier. (20 threads)
[2024-12-08T18:42:25.178+0000][9.511s][info ][gc,start    ] GC(28) Pause Young (Prepare Mixed) (G1 Evacuation Pause)
[2024-12-08T18:42:25.178+0000][9.511s][info ][gc,task     ] GC(28) Using 6 workers of 10 for evacuation
[2024-12-08T18:42:25.183+0000][9.515s][info ][gc,phases   ] GC(28)   Pre Evacuate Collection Set: 0.1ms
[2024-12-08T18:42:25.183+0000][9.515s][info ][gc,phases   ] GC(28)   Merge Heap Roots: 0.1ms
[2024-12-08T18:42:25.183+0000][9.516s][info ][gc,phases   ] GC(28)   Evacuate Collection Set: 3.4ms
[2024-12-08T18:42:25.183+0000][9.516s][info ][gc,phases   ] GC(28)   Post Evacuate Collection Set: 0.7ms
[2024-12-08T18:42:25.183+0000][9.516s][info ][gc,phases   ] GC(28)   Other: 0.3ms
[2024-12-08T18:42:25.183+0000][9.516s][info ][gc,heap     ] GC(28) Eden regions: 73->0(1)
[2024-12-08T18:42:25.184+0000][9.516s][info ][gc,heap     ] GC(28) Survivor regions: 5->6(10)
[2024-12-08T18:42:25.184+0000][9.516s][info ][gc,heap     ] GC(28) Old regions: 30->30
[2024-12-08T18:42:25.184+0000][9.516s][info ][gc,heap     ] GC(28) Archive regions: 2->2
[2024-12-08T18:42:25.184+0000][9.517s][info ][gc,heap     ] GC(28) Humongous regions: 0->0
[2024-12-08T18:42:25.184+0000][9.517s][info ][gc,metaspace] GC(28) Metaspace: 63674K(64128K)->63674K(64128K) NonClass: 55549K(55744K)->55549K(55744K) Class: 8124K(8384K)->8124K(8384K)
[2024-12-08T18:42:25.184+0000][9.517s][info ][gc          ] GC(28) Pause Young (Prepare Mixed) (G1 Evacuation Pause) 215M->70M(260M) 6.206ms
[2024-12-08T18:42:25.184+0000][9.517s][info ][gc,cpu      ] GC(28) User=0.03s Sys=0.00s Real=0.00s
[2024-12-08T18:42:25.185+0000][9.517s][info ][safepoint   ] Safepoint "G1CollectForAllocation", Time since last: 580805431 ns, Reaching safepoint: 211859 ns, Cleanup: 1158446 ns, At safepoint: 6485095 ns, Total: 7855400 ns
[2024-12-08T18:42:25.189+0000][9.521s][debug][safepoint   ] Safepoint synchronization initiated using futex wait barrier. (20 threads)
[2024-12-08T18:42:25.189+0000][9.521s][info ][gc,start    ] GC(29) Pause Young (Mixed) (G1 Evacuation Pause)
[2024-12-08T18:42:25.189+0000][9.522s][info ][gc,task     ] GC(29) Using 6 workers of 10 for evacuation
[2024-12-08T18:42:25.193+0000][9.526s][info ][gc,phases   ] GC(29)   Pre Evacuate Collection Set: 0.1ms
[2024-12-08T18:42:25.193+0000][9.526s][info ][gc,phases   ] GC(29)   Merge Heap Roots: 0.1ms
[2024-12-08T18:42:25.194+0000][9.526s][info ][gc,phases   ] GC(29)   Evacuate Collection Set: 3.5ms
[2024-12-08T18:42:25.194+0000][9.526s][info ][gc,phases   ] GC(29)   Post Evacuate Collection Set: 0.5ms
[2024-12-08T18:42:25.194+0000][9.526s][info ][gc,phases   ] GC(29)   Other: 0.3ms
[2024-12-08T18:42:25.194+0000][9.526s][info ][gc,heap     ] GC(29) Eden regions: 1->0(76)
[2024-12-08T18:42:25.194+0000][9.527s][info ][gc,heap     ] GC(29) Survivor regions: 6->1(1)
[2024-12-08T18:42:25.194+0000][9.527s][info ][gc,heap     ] GC(29) Old regions: 30->34
[2024-12-08T18:42:25.194+0000][9.527s][info ][gc,heap     ] GC(29) Archive regions: 2->2
[2024-12-08T18:42:25.194+0000][9.527s][info ][gc,heap     ] GC(29) Humongous regions: 0->0
[2024-12-08T18:42:25.194+0000][9.527s][info ][gc,metaspace] GC(29) Metaspace: 63699K(64192K)->63699K(64192K) NonClass: 55569K(55808K)->55569K(55808K) Class: 8129K(8384K)->8129K(8384K)
[2024-12-08T18:42:25.195+0000][9.527s][info ][gc          ] GC(29) Pause Young (Mixed) (G1 Evacuation Pause) 72M->71M(260M) 5.651ms
[2024-12-08T18:42:25.195+0000][9.527s][info ][gc,cpu      ] GC(29) User=0.03s Sys=0.00s Real=0.00s
[2024-12-08T18:42:25.195+0000][9.527s][info ][safepoint   ] Safepoint "G1CollectForAllocation", Time since last: 4195084 ns, Reaching safepoint: 141849 ns, Cleanup: 2223 ns, At safepoint: 5875346 ns, Total: 6019418 ns
[2024-12-08T18:42:25.725+0000][10.058s][debug][safepoint   ] Safepoint synchronization initiated using futex wait barrier. (20 threads)
[2024-12-08T18:42:25.725+0000][10.058s][info ][safepoint   ] Safepoint "ICBufferFull", Time since last: 530393564 ns, Reaching safepoint: 222293 ns, Cleanup: 95659 ns, At safepoint: 18306 ns, Total: 336258 ns
[2024-12-08T18:42:25.765+0000][10.098s][debug][safepoint   ] Safepoint synchronization initiated using futex wait barrier. (20 threads)
[2024-12-08T18:42:25.766+0000][10.098s][info ][gc,start    ] GC(30) Pause Young (Concurrent Start) (G1 Evacuation Pause)
[2024-12-08T18:42:25.766+0000][10.098s][info ][gc,task     ] GC(30) Using 6 workers of 10 for evacuation
[2024-12-08T18:42:25.768+0000][10.101s][info ][gc,phases   ] GC(30)   Pre Evacuate Collection Set: 0.1ms
[2024-12-08T18:42:25.768+0000][10.101s][info ][gc,phases   ] GC(30)   Merge Heap Roots: 0.1ms
[2024-12-08T18:42:25.768+0000][10.101s][info ][gc,phases   ] GC(30)   Evacuate Collection Set: 1.2ms
[2024-12-08T18:42:25.768+0000][10.101s][info ][gc,phases   ] GC(30)   Post Evacuate Collection Set: 0.6ms
[2024-12-08T18:42:25.769+0000][10.101s][info ][gc,phases   ] GC(30)   Other: 0.3ms
[2024-12-08T18:42:25.769+0000][10.101s][info ][gc,heap     ] GC(30) Eden regions: 76->0(76)
[2024-12-08T18:42:25.769+0000][10.101s][info ][gc,heap     ] GC(30) Survivor regions: 1->1(10)
[2024-12-08T18:42:25.769+0000][10.102s][info ][gc,heap     ] GC(30) Old regions: 34->34
[2024-12-08T18:42:25.769+0000][10.102s][info ][gc,heap     ] GC(30) Archive regions: 2->2
[2024-12-08T18:42:25.769+0000][10.102s][info ][gc,heap     ] GC(30) Humongous regions: 0->0
[2024-12-08T18:42:25.769+0000][10.102s][info ][gc,metaspace] GC(30) Metaspace: 67780K(68288K)->67780K(68288K) NonClass: 59061K(59328K)->59061K(59328K) Class: 8719K(8960K)->8719K(8960K)
[2024-12-08T18:42:25.770+0000][10.102s][info ][gc          ] GC(30) Pause Young (Concurrent Start) (G1 Evacuation Pause) 223M->71M(260M) 3.908ms
[2024-12-08T18:42:25.770+0000][10.102s][info ][gc,cpu      ] GC(30) User=0.01s Sys=0.00s Real=0.01s
[2024-12-08T18:42:25.770+0000][10.102s][info ][gc          ] GC(31) Concurrent Mark Cycle
[2024-12-08T18:42:25.770+0000][10.103s][info ][gc,marking  ] GC(31) Concurrent Clear Claimed Marks
[2024-12-08T18:42:25.770+0000][10.102s][info ][safepoint   ] Safepoint "G1CollectForAllocation", Time since last: 39881267 ns, Reaching safepoint: 251681 ns, Cleanup: 24696 ns, At safepoint: 4270200 ns, Total: 4546577 ns
[2024-12-08T18:42:25.770+0000][10.103s][info ][gc,marking  ] GC(31) Concurrent Clear Claimed Marks 0.171ms
[2024-12-08T18:42:25.771+0000][10.103s][info ][gc,marking  ] GC(31) Concurrent Scan Root Regions
[2024-12-08T18:42:25.772+0000][10.105s][info ][gc,marking  ] GC(31) Concurrent Scan Root Regions 1.886ms
[2024-12-08T18:42:25.773+0000][10.105s][info ][gc,marking  ] GC(31) Concurrent Mark
[2024-12-08T18:42:25.773+0000][10.105s][info ][gc,marking  ] GC(31) Concurrent Mark From Roots
[2024-12-08T18:42:25.773+0000][10.105s][info ][gc,task     ] GC(31) Using 3 workers of 3 for marking
[2024-12-08T18:42:25.805+0000][10.138s][info ][gc,marking  ] GC(31) Concurrent Mark From Roots 32.485ms
[2024-12-08T18:42:25.805+0000][10.138s][info ][gc,marking  ] GC(31) Concurrent Preclean
[2024-12-08T18:42:25.806+0000][10.138s][info ][gc,marking  ] GC(31) Concurrent Preclean 0.383ms
[2024-12-08T18:42:25.806+0000][10.139s][debug][safepoint   ] Safepoint synchronization initiated using futex wait barrier. (20 threads)
[2024-12-08T18:42:25.806+0000][10.139s][info ][gc,start    ] GC(31) Pause Remark
[2024-12-08T18:42:25.809+0000][10.142s][info ][gc          ] GC(31) Pause Remark 79M->79M(260M) 2.756ms
[2024-12-08T18:42:25.809+0000][10.142s][info ][gc,cpu      ] GC(31) User=0.02s Sys=0.00s Real=0.01s
[2024-12-08T18:42:25.809+0000][10.142s][info ][safepoint   ] Safepoint "G1PauseRemark", Time since last: 36087224 ns, Reaching safepoint: 200337 ns, Cleanup: 20898 ns, At safepoint: 3019467 ns, Total: 3240702 ns
[2024-12-08T18:42:25.809+0000][10.142s][info ][gc,marking  ] GC(31) Concurrent Mark 36.797ms
[2024-12-08T18:42:25.809+0000][10.142s][info ][gc,marking  ] GC(31) Concurrent Rebuild Remembered Sets
[2024-12-08T18:42:25.823+0000][10.156s][info ][gc,marking  ] GC(31) Concurrent Rebuild Remembered Sets 13.876ms
[2024-12-08T18:42:25.824+0000][10.156s][debug][safepoint   ] Safepoint synchronization initiated using futex wait barrier. (20 threads)
[2024-12-08T18:42:25.824+0000][10.156s][info ][gc,start    ] GC(31) Pause Cleanup
[2024-12-08T18:42:25.824+0000][10.157s][info ][gc          ] GC(31) Pause Cleanup 81M->81M(260M) 0.233ms
[2024-12-08T18:42:25.824+0000][10.157s][info ][gc,cpu      ] GC(31) User=0.00s Sys=0.00s Real=0.00s
[2024-12-08T18:42:25.824+0000][10.157s][info ][safepoint   ] Safepoint "G1PauseCleanup", Time since last: 14404123 ns, Reaching safepoint: 223001 ns, Cleanup: 9422 ns, At safepoint: 569179 ns, Total: 801602 ns
[2024-12-08T18:42:25.825+0000][10.157s][info ][gc,marking  ] GC(31) Concurrent Cleanup for Next Mark
[2024-12-08T18:42:25.825+0000][10.158s][info ][gc,marking  ] GC(31) Concurrent Cleanup for Next Mark 0.515ms
[2024-12-08T18:42:25.825+0000][10.158s][info ][gc          ] GC(31) Concurrent Mark Cycle 55.391ms
[2024-12-08T18:42:26.295+0000][10.627s][debug][safepoint   ] Safepoint synchronization initiated using futex wait barrier. (20 threads)
[2024-12-08T18:42:26.295+0000][10.628s][info ][safepoint   ] Safepoint "ICBufferFull", Time since last: 470266474 ns, Reaching safepoint: 260970 ns, Cleanup: 232926 ns, At safepoint: 3996 ns, Total: 497892 ns
[2024-12-08T18:42:26.362+0000][10.695s][debug][safepoint   ] Safepoint synchronization initiated using futex wait barrier. (20 threads)
[2024-12-08T18:42:26.362+0000][10.695s][info ][gc,start    ] GC(32) Pause Young (Prepare Mixed) (G1 Evacuation Pause)
[2024-12-08T18:42:26.362+0000][10.695s][info ][gc,task     ] GC(32) Using 6 workers of 10 for evacuation
[2024-12-08T18:42:26.365+0000][10.698s][info ][gc,phases   ] GC(32)   Pre Evacuate Collection Set: 0.1ms
[2024-12-08T18:42:26.365+0000][10.698s][info ][gc,phases   ] GC(32)   Merge Heap Roots: 0.1ms
[2024-12-08T18:42:26.365+0000][10.698s][info ][gc,phases   ] GC(32)   Evacuate Collection Set: 2.0ms
[2024-12-08T18:42:26.365+0000][10.698s][info ][gc,phases   ] GC(32)   Post Evacuate Collection Set: 0.5ms
[2024-12-08T18:42:26.366+0000][10.698s][info ][gc,phases   ] GC(32)   Other: 0.3ms
[2024-12-08T18:42:26.366+0000][10.698s][info ][gc,heap     ] GC(32) Eden regions: 76->0(3)
[2024-12-08T18:42:26.366+0000][10.698s][info ][gc,heap     ] GC(32) Survivor regions: 1->3(10)
[2024-12-08T18:42:26.366+0000][10.699s][info ][gc,heap     ] GC(32) Old regions: 34->34
[2024-12-08T18:42:26.366+0000][10.699s][info ][gc,heap     ] GC(32) Archive regions: 2->2
[2024-12-08T18:42:26.366+0000][10.699s][info ][gc,heap     ] GC(32) Humongous regions: 0->0
[2024-12-08T18:42:26.366+0000][10.699s][info ][gc,metaspace] GC(32) Metaspace: 71565K(72064K)->71565K(72064K) NonClass: 62380K(62656K)->62380K(62656K) Class: 9184K(9408K)->9184K(9408K)
[2024-12-08T18:42:26.366+0000][10.699s][info ][gc          ] GC(32) Pause Young (Prepare Mixed) (G1 Evacuation Pause) 223M->74M(260M) 4.207ms
[2024-12-08T18:42:26.367+0000][10.699s][info ][gc,cpu      ] GC(32) User=0.02s Sys=0.00s Real=0.00s
[2024-12-08T18:42:26.367+0000][10.699s][info ][safepoint   ] Safepoint "G1CollectForAllocation", Time since last: 66728109 ns, Reaching safepoint: 205900 ns, Cleanup: 48158 ns, At safepoint: 4472905 ns, Total: 4726963 ns
[2024-12-08T18:42:26.410+0000][10.743s][debug][safepoint   ] Safepoint synchronization initiated using futex wait barrier. (20 threads)
[2024-12-08T18:42:26.411+0000][10.743s][info ][gc,start    ] GC(33) Pause Young (Mixed) (G1 Evacuation Pause)
[2024-12-08T18:42:26.411+0000][10.744s][info ][gc,task     ] GC(33) Using 6 workers of 10 for evacuation
[2024-12-08T18:42:26.415+0000][10.748s][info ][gc,phases   ] GC(33)   Pre Evacuate Collection Set: 0.1ms
[2024-12-08T18:42:26.416+0000][10.748s][info ][gc,phases   ] GC(33)   Merge Heap Roots: 0.1ms
[2024-12-08T18:42:26.416+0000][10.748s][info ][gc,phases   ] GC(33)   Evacuate Collection Set: 3.3ms
[2024-12-08T18:42:26.416+0000][10.748s][info ][gc,phases   ] GC(33)   Post Evacuate Collection Set: 0.7ms
[2024-12-08T18:42:26.416+0000][10.749s][info ][gc,phases   ] GC(33)   Other: 0.3ms
[2024-12-08T18:42:26.416+0000][10.749s][info ][gc,heap     ] GC(33) Eden regions: 3->0(73)
[2024-12-08T18:42:26.416+0000][10.749s][info ][gc,heap     ] GC(33) Survivor regions: 3->1(1)
[2024-12-08T18:42:26.416+0000][10.749s][info ][gc,heap     ] GC(33) Old regions: 34->36
[2024-12-08T18:42:26.417+0000][10.749s][info ][gc,heap     ] GC(33) Archive regions: 2->2
[2024-12-08T18:42:26.417+0000][10.749s][info ][gc,heap     ] GC(33) Humongous regions: 0->0
[2024-12-08T18:42:26.417+0000][10.749s][info ][gc,metaspace] GC(33) Metaspace: 71691K(72128K)->71691K(72128K) NonClass: 62503K(62720K)->62503K(62720K) Class: 9188K(9408K)->9188K(9408K)
[2024-12-08T18:42:26.417+0000][10.750s][info ][gc          ] GC(33) Pause Young (Mixed) (G1 Evacuation Pause) 80M->73M(260M) 6.140ms
[2024-12-08T18:42:26.417+0000][10.750s][info ][gc,cpu      ] GC(33) User=0.04s Sys=0.00s Real=0.01s
[2024-12-08T18:42:26.417+0000][10.750s][info ][safepoint   ] Safepoint "G1CollectForAllocation", Time since last: 43834164 ns, Reaching safepoint: 224812 ns, Cleanup: 72935 ns, At safepoint: 6437884 ns, Total: 6735631 ns
[2024-12-08T18:42:26.800+0000][11.133s][debug][safepoint   ] Safepoint synchronization initiated using futex wait barrier. (18 threads)
[2024-12-08T18:42:26.800+0000][11.133s][info ][gc,start    ] GC(34) Pause Young (Normal) (G1 Evacuation Pause)
[2024-12-08T18:42:26.800+0000][11.133s][info ][gc,task     ] GC(34) Using 6 workers of 10 for evacuation
[2024-12-08T18:42:26.802+0000][11.135s][info ][gc,phases   ] GC(34)   Pre Evacuate Collection Set: 0.1ms
[2024-12-08T18:42:26.803+0000][11.135s][info ][gc,phases   ] GC(34)   Merge Heap Roots: 0.1ms
[2024-12-08T18:42:26.803+0000][11.135s][info ][gc,phases   ] GC(34)   Evacuate Collection Set: 1.1ms
[2024-12-08T18:42:26.803+0000][11.135s][info ][gc,phases   ] GC(34)   Post Evacuate Collection Set: 0.5ms
[2024-12-08T18:42:26.803+0000][11.135s][info ][gc,phases   ] GC(34)   Other: 0.3ms
[2024-12-08T18:42:26.803+0000][11.136s][info ][gc,heap     ] GC(34) Eden regions: 73->0(74)
[2024-12-08T18:42:26.803+0000][11.136s][info ][gc,heap     ] GC(34) Survivor regions: 1->1(10)
[2024-12-08T18:42:26.803+0000][11.136s][info ][gc,heap     ] GC(34) Old regions: 36->36
[2024-12-08T18:42:26.803+0000][11.136s][info ][gc,heap     ] GC(34) Archive regions: 2->2
[2024-12-08T18:42:26.803+0000][11.136s][info ][gc,heap     ] GC(34) Humongous regions: 0->0
[2024-12-08T18:42:26.804+0000][11.136s][info ][gc,metaspace] GC(34) Metaspace: 76807K(77312K)->76807K(77312K) NonClass: 66799K(67072K)->66799K(67072K) Class: 10007K(10240K)->10007K(10240K)
[2024-12-08T18:42:26.804+0000][11.136s][info ][gc          ] GC(34) Pause Young (Normal) (G1 Evacuation Pause) 219M->74M(260M) 3.322ms
[2024-12-08T18:42:26.804+0000][11.136s][info ][gc,cpu      ] GC(34) User=0.01s Sys=0.00s Real=0.00s
[2024-12-08T18:42:26.804+0000][11.137s][info ][safepoint   ] Safepoint "G1CollectForAllocation", Time since last: 382897802 ns, Reaching safepoint: 197495 ns, Cleanup: 61820 ns, At safepoint: 3592563 ns, Total: 3851878 ns
[2024-12-08T18:42:27.033+0000][11.366s][debug][safepoint   ] Safepoint synchronization initiated using futex wait barrier. (19 threads)
[2024-12-08T18:42:27.033+0000][11.366s][info ][safepoint   ] Safepoint "ICBufferFull", Time since last: 229137006 ns, Reaching safepoint: 238227 ns, Cleanup: 94904 ns, At safepoint: 28979 ns, Total: 362110 ns
[2024-12-08T18:42:27.095+0000][11.427s][debug][safepoint   ] Safepoint synchronization initiated using futex wait barrier. (21 threads)
[2024-12-08T18:42:27.095+0000][11.427s][info ][safepoint   ] Safepoint "ICBufferFull", Time since last: 61051491 ns, Reaching safepoint: 276772 ns, Cleanup: 84032 ns, At safepoint: 14066 ns, Total: 374870 ns
[2024-12-08T18:42:27.143+0000][11.475s][debug][safepoint   ] Safepoint synchronization initiated using futex wait barrier. (21 threads)
[2024-12-08T18:42:27.143+0000][11.475s][info ][safepoint   ] Safepoint "ICBufferFull", Time since last: 47658780 ns, Reaching safepoint: 216609 ns, Cleanup: 85364 ns, At safepoint: 24984 ns, Total: 326957 ns
[2024-12-08T18:42:27.182+0000][11.514s][debug][safepoint   ] Safepoint synchronization initiated using futex wait barrier. (21 threads)
[2024-12-08T18:42:27.182+0000][11.515s][info ][safepoint   ] Safepoint "ICBufferFull", Time since last: 38929222 ns, Reaching safepoint: 231452 ns, Cleanup: 85103 ns, At safepoint: 15857 ns, Total: 332412 ns
[2024-12-08T18:42:27.265+0000][11.598s][debug][safepoint   ] Safepoint synchronization initiated using futex wait barrier. (21 threads)
[2024-12-08T18:42:27.266+0000][11.598s][info ][safepoint   ] Safepoint "ICBufferFull", Time since last: 83160272 ns, Reaching safepoint: 219498 ns, Cleanup: 113146 ns, At safepoint: 11115 ns, Total: 343759 ns
[2024-12-08T18:42:27.272+0000][11.605s][debug][safepoint   ] Safepoint synchronization initiated using futex wait barrier. (21 threads)
[2024-12-08T18:42:27.273+0000][11.605s][info ][gc,start    ] GC(35) Pause Young (Normal) (G1 Evacuation Pause)
[2024-12-08T18:42:27.273+0000][11.605s][info ][gc,task     ] GC(35) Using 6 workers of 10 for evacuation
[2024-12-08T18:42:27.275+0000][11.607s][info ][gc,phases   ] GC(35)   Pre Evacuate Collection Set: 0.1ms
[2024-12-08T18:42:27.275+0000][11.608s][info ][gc,phases   ] GC(35)   Merge Heap Roots: 0.1ms
[2024-12-08T18:42:27.275+0000][11.608s][info ][gc,phases   ] GC(35)   Evacuate Collection Set: 1.2ms
[2024-12-08T18:42:27.275+0000][11.608s][info ][gc,phases   ] GC(35)   Post Evacuate Collection Set: 0.5ms
[2024-12-08T18:42:27.275+0000][11.608s][info ][gc,phases   ] GC(35)   Other: 0.3ms
[2024-12-08T18:42:27.275+0000][11.608s][info ][gc,heap     ] GC(35) Eden regions: 74->0(73)
[2024-12-08T18:42:27.275+0000][11.608s][info ][gc,heap     ] GC(35) Survivor regions: 1->2(10)
[2024-12-08T18:42:27.275+0000][11.608s][info ][gc,heap     ] GC(35) Old regions: 36->36
[2024-12-08T18:42:27.276+0000][11.608s][info ][gc,heap     ] GC(35) Archive regions: 2->2
[2024-12-08T18:42:27.276+0000][11.608s][info ][gc,heap     ] GC(35) Humongous regions: 0->0
[2024-12-08T18:42:27.276+0000][11.608s][info ][gc,metaspace] GC(35) Metaspace: 79719K(80192K)->79719K(80192K) NonClass: 69292K(69504K)->69292K(69504K) Class: 10427K(10688K)->10427K(10688K)
[2024-12-08T18:42:27.276+0000][11.608s][info ][gc          ] GC(35) Pause Young (Normal) (G1 Evacuation Pause) 222M->75M(260M) 3.065ms
[2024-12-08T18:42:27.276+0000][11.609s][info ][gc,cpu      ] GC(35) User=0.02s Sys=0.00s Real=0.00s
[2024-12-08T18:42:27.276+0000][11.609s][info ][safepoint   ] Safepoint "G1CollectForAllocation", Time since last: 6832260 ns, Reaching safepoint: 279536 ns, Cleanup: 14832 ns, At safepoint: 3271762 ns, Total: 3566130 ns
[2024-12-08T18:42:27.371+0000][11.703s][debug][safepoint   ] Safepoint synchronization initiated using futex wait barrier. (21 threads)
[2024-12-08T18:42:27.371+0000][11.703s][info ][safepoint   ] Safepoint "ICBufferFull", Time since last: 94463921 ns, Reaching safepoint: 182268 ns, Cleanup: 79739 ns, At safepoint: 20987 ns, Total: 282994 ns
[2024-12-08T18:42:27.694+0000][12.027s][debug][safepoint   ] Safepoint synchronization initiated using futex wait barrier. (20 threads)
[2024-12-08T18:42:27.695+0000][12.027s][info ][gc,start    ] GC(36) Pause Young (Normal) (G1 Evacuation Pause)
[2024-12-08T18:42:27.695+0000][12.027s][info ][gc,task     ] GC(36) Using 6 workers of 10 for evacuation
[2024-12-08T18:42:27.698+0000][12.030s][info ][gc,phases   ] GC(36)   Pre Evacuate Collection Set: 0.1ms
[2024-12-08T18:42:27.698+0000][12.030s][info ][gc,phases   ] GC(36)   Merge Heap Roots: 0.1ms
[2024-12-08T18:42:27.698+0000][12.030s][info ][gc,phases   ] GC(36)   Evacuate Collection Set: 2.2ms
[2024-12-08T18:42:27.698+0000][12.031s][info ][gc,phases   ] GC(36)   Post Evacuate Collection Set: 0.5ms
[2024-12-08T18:42:27.698+0000][12.031s][info ][gc,phases   ] GC(36)   Other: 0.3ms
[2024-12-08T18:42:27.698+0000][12.031s][info ][gc,heap     ] GC(36) Eden regions: 73->0(72)
[2024-12-08T18:42:27.698+0000][12.031s][info ][gc,heap     ] GC(36) Survivor regions: 2->3(10)
[2024-12-08T18:42:27.698+0000][12.031s][info ][gc,heap     ] GC(36) Old regions: 36->36
[2024-12-08T18:42:27.698+0000][12.031s][info ][gc,heap     ] GC(36) Archive regions: 2->2
[2024-12-08T18:42:27.699+0000][12.031s][info ][gc,heap     ] GC(36) Humongous regions: 0->0
[2024-12-08T18:42:27.699+0000][12.031s][info ][gc,metaspace] GC(36) Metaspace: 83096K(83648K)->83096K(83648K) NonClass: 72179K(72448K)->72179K(72448K) Class: 10916K(11200K)->10916K(11200K)
[2024-12-08T18:42:27.699+0000][12.031s][info ][gc          ] GC(36) Pause Young (Normal) (G1 Evacuation Pause) 221M->77M(260M) 4.217ms
[2024-12-08T18:42:27.699+0000][12.031s][info ][gc,cpu      ] GC(36) User=0.02s Sys=0.00s Real=0.01s
[2024-12-08T18:42:27.699+0000][12.032s][info ][safepoint   ] Safepoint "G1CollectForAllocation", Time since last: 323497902 ns, Reaching safepoint: 192074 ns, Cleanup: 62891 ns, At safepoint: 4455418 ns, Total: 4710383 ns
[2024-12-08T18:42:27.901+0000][12.233s][debug][safepoint   ] Safepoint synchronization initiated using futex wait barrier. (21 threads)
[2024-12-08T18:42:27.901+0000][12.233s][info ][safepoint   ] Safepoint "ICBufferFull", Time since last: 201572580 ns, Reaching safepoint: 184939 ns, Cleanup: 93031 ns, At safepoint: 1584 ns, Total: 279554 ns
[2024-12-08T18:42:28.155+0000][12.488s][debug][safepoint   ] Safepoint synchronization initiated using futex wait barrier. (21 threads)
[2024-12-08T18:42:28.156+0000][12.488s][info ][safepoint   ] Safepoint "ICBufferFull", Time since last: 254433459 ns, Reaching safepoint: 218076 ns, Cleanup: 111787 ns, At safepoint: 39735 ns, Total: 369598 ns
[2024-12-08T18:42:28.174+0000][12.507s][debug][safepoint   ] Safepoint synchronization initiated using futex wait barrier. (21 threads)
[2024-12-08T18:42:28.174+0000][12.507s][info ][gc,start    ] GC(37) Pause Young (Normal) (G1 Evacuation Pause)
[2024-12-08T18:42:28.175+0000][12.507s][info ][gc,task     ] GC(37) Using 6 workers of 10 for evacuation
[2024-12-08T18:42:28.179+0000][12.511s][info ][gc,phases   ] GC(37)   Pre Evacuate Collection Set: 0.1ms
[2024-12-08T18:42:28.179+0000][12.512s][info ][gc,phases   ] GC(37)   Merge Heap Roots: 0.1ms
[2024-12-08T18:42:28.179+0000][12.512s][info ][gc,phases   ] GC(37)   Evacuate Collection Set: 3.1ms
[2024-12-08T18:42:28.179+0000][12.512s][info ][gc,phases   ] GC(37)   Post Evacuate Collection Set: 0.9ms
[2024-12-08T18:42:28.179+0000][12.512s][info ][gc,phases   ] GC(37)   Other: 0.3ms
[2024-12-08T18:42:28.179+0000][12.512s][info ][gc,heap     ] GC(37) Eden regions: 72->0(69)
[2024-12-08T18:42:28.179+0000][12.512s][info ][gc,heap     ] GC(37) Survivor regions: 3->5(10)
[2024-12-08T18:42:28.180+0000][12.512s][info ][gc,heap     ] GC(37) Old regions: 36->36
[2024-12-08T18:42:28.180+0000][12.512s][info ][gc,heap     ] GC(37) Archive regions: 2->2
[2024-12-08T18:42:28.180+0000][12.512s][info ][gc,heap     ] GC(37) Humongous regions: 0->0
[2024-12-08T18:42:28.180+0000][12.512s][info ][gc,metaspace] GC(37) Metaspace: 85422K(85952K)->85422K(85952K) NonClass: 74343K(74624K)->74343K(74624K) Class: 11079K(11328K)->11079K(11328K)
[2024-12-08T18:42:28.180+0000][12.512s][info ][gc          ] GC(37) Pause Young (Normal) (G1 Evacuation Pause) 221M->80M(260M) 5.472ms
[2024-12-08T18:42:28.180+0000][12.513s][info ][gc,cpu      ] GC(37) User=0.05s Sys=0.00s Real=0.01s
[2024-12-08T18:42:28.180+0000][12.513s][info ][safepoint   ] Safepoint "G1CollectForAllocation", Time since last: 18467826 ns, Reaching safepoint: 222364 ns, Cleanup: 60326 ns, At safepoint: 5714900 ns, Total: 5997590 ns
[2024-12-08T18:42:28.727+0000][13.059s][debug][safepoint   ] Safepoint synchronization initiated using futex wait barrier. (25 threads)
[2024-12-08T18:42:28.727+0000][13.060s][info ][gc,start    ] GC(38) Pause Young (Normal) (G1 Evacuation Pause)
[2024-12-08T18:42:28.727+0000][13.060s][info ][gc,task     ] GC(38) Using 10 workers of 10 for evacuation
[2024-12-08T18:42:28.731+0000][13.064s][info ][gc,phases   ] GC(38)   Pre Evacuate Collection Set: 0.1ms
[2024-12-08T18:42:28.732+0000][13.064s][info ][gc,phases   ] GC(38)   Merge Heap Roots: 0.1ms
[2024-12-08T18:42:28.732+0000][13.064s][info ][gc,phases   ] GC(38)   Evacuate Collection Set: 2.9ms
[2024-12-08T18:42:28.732+0000][13.064s][info ][gc,phases   ] GC(38)   Post Evacuate Collection Set: 0.7ms
[2024-12-08T18:42:28.732+0000][13.064s][info ][gc,phases   ] GC(38)   Other: 0.3ms
[2024-12-08T18:42:28.732+0000][13.065s][info ][gc,heap     ] GC(38) Eden regions: 69->0(67)
[2024-12-08T18:42:28.732+0000][13.065s][info ][gc,heap     ] GC(38) Survivor regions: 5->6(10)
[2024-12-08T18:42:28.732+0000][13.065s][info ][gc,heap     ] GC(38) Old regions: 36->36
[2024-12-08T18:42:28.732+0000][13.065s][info ][gc,heap     ] GC(38) Archive regions: 2->2
[2024-12-08T18:42:28.732+0000][13.065s][info ][gc,heap     ] GC(38) Humongous regions: 0->0
[2024-12-08T18:42:28.733+0000][13.065s][info ][gc,metaspace] GC(38) Metaspace: 87989K(88576K)->87989K(88576K) NonClass: 76701K(76992K)->76701K(76992K) Class: 11287K(11584K)->11287K(11584K)
[2024-12-08T18:42:28.733+0000][13.065s][info ][gc          ] GC(38) Pause Young (Normal) (G1 Evacuation Pause) 218M->84M(260M) 5.346ms
[2024-12-08T18:42:28.733+0000][13.065s][info ][gc,cpu      ] GC(38) User=0.04s Sys=0.00s Real=0.00s
[2024-12-08T18:42:28.733+0000][13.066s][info ][safepoint   ] Safepoint "G1CollectForAllocation", Time since last: 546753304 ns, Reaching safepoint: 279554 ns, Cleanup: 127933 ns, At safepoint: 5665956 ns, Total: 6073443 ns
[2024-12-08T18:42:29.211+0000][13.543s][debug][safepoint   ] Safepoint synchronization initiated using futex wait barrier. (25 threads)
[2024-12-08T18:42:29.211+0000][13.544s][info ][safepoint   ] Safepoint "ICBufferFull", Time since last: 477825859 ns, Reaching safepoint: 348574 ns, Cleanup: 143107 ns, At safepoint: 12186 ns, Total: 503867 ns
[2024-12-08T18:42:29.248+0000][13.581s][debug][safepoint   ] Safepoint synchronization initiated using futex wait barrier. (25 threads)
[2024-12-08T18:42:29.248+0000][13.581s][info ][gc,start    ] GC(39) Pause Young (Normal) (G1 Evacuation Pause)
[2024-12-08T18:42:29.248+0000][13.581s][info ][gc,task     ] GC(39) Using 10 workers of 10 for evacuation
[2024-12-08T18:42:29.254+0000][13.586s][info ][gc,phases   ] GC(39)   Pre Evacuate Collection Set: 0.1ms
[2024-12-08T18:42:29.254+0000][13.587s][info ][gc,phases   ] GC(39)   Merge Heap Roots: 0.1ms
[2024-12-08T18:42:29.254+0000][13.587s][info ][gc,phases   ] GC(39)   Evacuate Collection Set: 4.1ms
[2024-12-08T18:42:29.254+0000][13.587s][info ][gc,phases   ] GC(39)   Post Evacuate Collection Set: 1.1ms
[2024-12-08T18:42:29.254+0000][13.587s][info ][gc,phases   ] GC(39)   Other: 0.3ms
[2024-12-08T18:42:29.254+0000][13.587s][info ][gc,heap     ] GC(39) Eden regions: 67->0(64)
[2024-12-08T18:42:29.255+0000][13.587s][info ][gc,heap     ] GC(39) Survivor regions: 6->7(10)
[2024-12-08T18:42:29.255+0000][13.587s][info ][gc,heap     ] GC(39) Old regions: 36->37
[2024-12-08T18:42:29.255+0000][13.587s][info ][gc,heap     ] GC(39) Archive regions: 2->2
[2024-12-08T18:42:29.255+0000][13.587s][info ][gc,heap     ] GC(39) Humongous regions: 0->0
[2024-12-08T18:42:29.255+0000][13.587s][info ][gc,metaspace] GC(39) Metaspace: 91565K(92160K)->91565K(92160K) NonClass: 79814K(80128K)->79814K(80128K) Class: 11750K(12032K)->11750K(12032K)
[2024-12-08T18:42:29.255+0000][13.588s][info ][gc          ] GC(39) Pause Young (Normal) (G1 Evacuation Pause) 218M->87M(260M) 6.791ms
[2024-12-08T18:42:29.255+0000][13.588s][info ][gc,cpu      ] GC(39) User=0.05s Sys=0.01s Real=0.00s
[2024-12-08T18:42:29.255+0000][13.588s][info ][safepoint   ] Safepoint "G1CollectForAllocation", Time since last: 36681713 ns, Reaching safepoint: 191292 ns, Cleanup: 17379 ns, At safepoint: 7019035 ns, Total: 7227706 ns
[2024-12-08T18:42:29.464+0000][13.796s][debug][safepoint   ] Safepoint synchronization initiated using futex wait barrier. (25 threads)
[2024-12-08T18:42:29.464+0000][13.797s][info ][safepoint   ] Safepoint "ICBufferFull", Time since last: 208386640 ns, Reaching safepoint: 338040 ns, Cleanup: 95840 ns, At safepoint: 27044 ns, Total: 460924 ns
[2024-12-08T18:42:29.667+0000][14.000s][debug][safepoint   ] Safepoint synchronization initiated using futex wait barrier. (25 threads)
[2024-12-08T18:42:29.667+0000][14.000s][info ][gc,start    ] GC(40) Pause Young (Normal) (G1 Evacuation Pause)
[2024-12-08T18:42:29.668+0000][14.000s][info ][gc,task     ] GC(40) Using 10 workers of 10 for evacuation
[2024-12-08T18:42:29.674+0000][14.007s][info ][gc,phases   ] GC(40)   Pre Evacuate Collection Set: 0.2ms
[2024-12-08T18:42:29.674+0000][14.007s][info ][gc,phases   ] GC(40)   Merge Heap Roots: 0.1ms
[2024-12-08T18:42:29.675+0000][14.007s][info ][gc,phases   ] GC(40)   Evacuate Collection Set: 4.7ms
[2024-12-08T18:42:29.675+0000][14.007s][info ][gc,phases   ] GC(40)   Post Evacuate Collection Set: 1.3ms
[2024-12-08T18:42:29.675+0000][14.007s][info ][gc,phases   ] GC(40)   Other: 0.4ms
[2024-12-08T18:42:29.675+0000][14.008s][info ][gc,heap     ] GC(40) Eden regions: 64->0(65)
[2024-12-08T18:42:29.675+0000][14.008s][info ][gc,heap     ] GC(40) Survivor regions: 7->5(9)
[2024-12-08T18:42:29.675+0000][14.008s][info ][gc,heap     ] GC(40) Old regions: 37->40
[2024-12-08T18:42:29.675+0000][14.008s][info ][gc,heap     ] GC(40) Archive regions: 2->2
[2024-12-08T18:42:29.676+0000][14.008s][info ][gc,heap     ] GC(40) Humongous regions: 0->0
[2024-12-08T18:42:29.676+0000][14.008s][info ][gc,metaspace] GC(40) Metaspace: 95405K(95936K)->95405K(95936K) NonClass: 82924K(83200K)->82924K(83200K) Class: 12480K(12736K)->12480K(12736K)
[2024-12-08T18:42:29.676+0000][14.008s][info ][gc          ] GC(40) Pause Young (Normal) (G1 Evacuation Pause) 215M->90M(260M) 8.490ms
[2024-12-08T18:42:29.676+0000][14.009s][info ][gc,cpu      ] GC(40) User=0.04s Sys=0.00s Real=0.00s
[2024-12-08T18:42:29.676+0000][14.009s][info ][safepoint   ] Safepoint "G1CollectForAllocation", Time since last: 203029430 ns, Reaching safepoint: 245875 ns, Cleanup: 53180 ns, At safepoint: 8821153 ns, Total: 9120208 ns
[2024-12-08T18:42:30.209+0000][14.541s][debug][safepoint   ] Safepoint synchronization initiated using futex wait barrier. (24 threads)
[2024-12-08T18:42:30.209+0000][14.542s][info ][gc,start    ] GC(41) Pause Young (Normal) (G1 Evacuation Pause)
[2024-12-08T18:42:30.209+0000][14.542s][info ][gc,task     ] GC(41) Using 10 workers of 10 for evacuation
[2024-12-08T18:42:30.214+0000][14.547s][info ][gc,phases   ] GC(41)   Pre Evacuate Collection Set: 0.1ms
[2024-12-08T18:42:30.215+0000][14.547s][info ][gc,phases   ] GC(41)   Merge Heap Roots: 0.1ms
[2024-12-08T18:42:30.215+0000][14.547s][info ][gc,phases   ] GC(41)   Evacuate Collection Set: 3.5ms
[2024-12-08T18:42:30.215+0000][14.548s][info ][gc,phases   ] GC(41)   Post Evacuate Collection Set: 1.1ms
[2024-12-08T18:42:30.215+0000][14.548s][info ][gc,phases   ] GC(41)   Other: 0.4ms
[2024-12-08T18:42:30.215+0000][14.548s][info ][gc,heap     ] GC(41) Eden regions: 65->0(86)
[2024-12-08T18:42:30.215+0000][14.548s][info ][gc,heap     ] GC(41) Survivor regions: 5->6(9)
[2024-12-08T18:42:30.216+0000][14.548s][info ][gc,heap     ] GC(41) Old regions: 40->40
[2024-12-08T18:42:30.216+0000][14.548s][info ][gc,heap     ] GC(41) Archive regions: 2->2
[2024-12-08T18:42:30.216+0000][14.548s][info ][gc,heap     ] GC(41) Humongous regions: 0->0
[2024-12-08T18:42:30.216+0000][14.549s][info ][gc,metaspace] GC(41) Metaspace: 98041K(98560K)->98041K(98560K) NonClass: 85187K(85440K)->85187K(85440K) Class: 12854K(13120K)->12854K(13120K)
[2024-12-08T18:42:30.216+0000][14.549s][info ][gc          ] GC(41) Pause Young (Normal) (G1 Evacuation Pause) 220M->91M(312M) 7.095ms
[2024-12-08T18:42:30.216+0000][14.549s][info ][gc,cpu      ] GC(41) User=0.06s Sys=0.00s Real=0.00s
[2024-12-08T18:42:30.216+0000][14.549s][info ][safepoint   ] Safepoint "G1CollectForAllocation", Time since last: 532443723 ns, Reaching safepoint: 311387 ns, Cleanup: 65681 ns, At safepoint: 7410535 ns, Total: 7787603 ns
[2024-12-08T18:42:30.661+0000][14.994s][info ][gc,heap,exit] Heap
[2024-12-08T18:42:30.661+0000][14.994s][info ][gc,heap,exit]  garbage-first heap   total 319488K, used 177468K [0x0000000706c00000, 0x0000000800000000)
[2024-12-08T18:42:30.662+0000][14.994s][info ][gc,heap,exit]   region size 2048K, 47 young (96256K), 6 survivors (12288K)
[2024-12-08T18:42:30.662+0000][14.994s][info ][gc,heap,exit]  Metaspace       used 101530K, committed 102144K, reserved 1179648K
[2024-12-08T18:42:30.662+0000][14.994s][info ][gc,heap,exit]   class space    used 13353K, committed 13696K, reserved 1048576K
[2024-12-08T18:42:30.662+0000][14.995s][debug][safepoint   ] Safepoint synchronization initiated using futex wait barrier. (16 threads)
