[2024-12-08T18:52:31.759+0000][0.035s][info][gc] Using G1
[2024-12-08T18:52:31.762+0000][0.037s][info][gc,init] Version: 17.0.12+7-Debian-2deb12u1 (release)
[2024-12-08T18:52:31.762+0000][0.038s][info][gc,init] CPUs: 12 total, 12 available
[2024-12-08T18:52:31.762+0000][0.038s][info][gc,init] Memory: 15951M
[2024-12-08T18:52:31.762+0000][0.038s][info][gc,init] Large Page Support: Disabled
[2024-12-08T18:52:31.762+0000][0.038s][info][gc,init] NUMA Support: Disabled
[2024-12-08T18:52:31.762+0000][0.038s][info][gc,init] Compressed Oops: Enabled (Zero based)
[2024-12-08T18:52:31.762+0000][0.038s][info][gc,init] Heap Region Size: 2M
[2024-12-08T18:52:31.763+0000][0.039s][info][gc,init] Heap Min Capacity: 8M
[2024-12-08T18:52:31.763+0000][0.039s][info][gc,init] Heap Initial Capacity: 250M
[2024-12-08T18:52:31.763+0000][0.039s][info][gc,init] Heap Max Capacity: 3988M
[2024-12-08T18:52:31.763+0000][0.039s][info][gc,init] Pre-touch: Disabled
[2024-12-08T18:52:31.763+0000][0.039s][info][gc,init] Parallel Workers: 10
[2024-12-08T18:52:31.763+0000][0.039s][info][gc,init] Concurrent Workers: 3
[2024-12-08T18:52:31.764+0000][0.039s][info][gc,init] Concurrent Refinement Workers: 10
[2024-12-08T18:52:31.764+0000][0.039s][info][gc,init] Periodic GC: Disabled
[2024-12-08T18:52:31.770+0000][0.046s][info][gc,metaspace] CDS archive(s) mapped at: [0x00007f9803000000-0x00007f9803bc4000-0x00007f9803bc4000), size 12337152, SharedBaseAddress: 0x00007f9803000000, ArchiveRelocationMode: 1.
[2024-12-08T18:52:31.771+0000][0.047s][info][gc,metaspace] Compressed class space mapped at: 0x00007f9804000000-0x00007f9844000000, reserved size: 1073741824
[2024-12-08T18:52:31.771+0000][0.047s][info][gc,metaspace] Narrow klass base: 0x00007f9803000000, Narrow klass shift: 0, Narrow klass range: 0x100000000
[2024-12-08T18:52:31.776+0000][0.052s][info][cds,heap    ] initialize_from_archived_subgraph java.lang.Module$ArchivedData 0x00007f9803184780 (early)
[2024-12-08T18:52:31.777+0000][0.052s][info][cds,heap    ] initialize_from_archived_subgraph java.util.ImmutableCollections 0x00007f98030722d8 (early)
[2024-12-08T18:52:31.779+0000][0.054s][info][cds,heap    ] initialize_from_archived_subgraph java.lang.Integer$IntegerCache 0x00007f9803037660 (early)
[2024-12-08T18:52:31.782+0000][0.057s][info][cds,heap    ] initialize_from_archived_subgraph java.lang.module.Configuration 0x00007f9803172700 (early)
[2024-12-08T18:52:31.782+0000][0.058s][info][cds,heap    ] initialize_from_archived_subgraph java.lang.ModuleLayer 0x00007f9803146b38 (early)
[2024-12-08T18:52:31.783+0000][0.058s][info][cds,heap    ] initialize_from_archived_subgraph jdk.internal.loader.ArchivedClassLoaders 0x00007f98031adb70 (early)
[2024-12-08T18:52:31.783+0000][0.059s][info][cds,heap    ] initialize_from_archived_subgraph jdk.internal.module.ArchivedBootLayer 0x00007f9803179340 (early)
[2024-12-08T18:52:31.785+0000][0.060s][info][cds,heap    ] initialize_from_archived_subgraph sun.util.locale.BaseLocale 0x00007f980326d048
[2024-12-08T18:52:31.793+0000][0.068s][info][cds,heap    ] initialize_from_archived_subgraph java.util.jar.Attributes$Name 0x00007f980319f5e8
[2024-12-08T18:52:31.818+0000][0.094s][info][cds,heap    ] initialize_from_archived_subgraph java.lang.Long$LongCache 0x00007f9803020f98
[2024-12-08T18:52:31.925+0000][0.201s][info][cds,heap    ] initialize_from_archived_subgraph java.lang.Character$CharacterCache 0x00007f980303a9e8
[2024-12-08T18:52:32.249+0000][0.525s][debug][safepoint   ] Safepoint synchronization initiated using futex wait barrier. (14 threads)
[2024-12-08T18:52:32.249+0000][0.525s][info ][safepoint   ] Safepoint "ICBufferFull", Time since last: 473743657 ns, Reaching safepoint: 302995 ns, Cleanup: 83735 ns, At safepoint: 2322 ns, Total: 389052 ns
[2024-12-08T18:52:32.290+0000][0.565s][debug][safepoint   ] Safepoint synchronization initiated using futex wait barrier. (14 threads)
[2024-12-08T18:52:32.290+0000][0.566s][info ][gc,start    ] GC(0) Pause Young (Normal) (G1 Evacuation Pause)
[2024-12-08T18:52:32.291+0000][0.566s][info ][gc,task     ] GC(0) Using 6 workers of 10 for evacuation
[2024-12-08T18:52:32.299+0000][0.575s][info ][gc,phases   ] GC(0)   Pre Evacuate Collection Set: 0.1ms
[2024-12-08T18:52:32.301+0000][0.576s][info ][gc,phases   ] GC(0)   Merge Heap Roots: 0.1ms
[2024-12-08T18:52:32.301+0000][0.577s][info ][gc,phases   ] GC(0)   Evacuate Collection Set: 6.4ms
[2024-12-08T18:52:32.301+0000][0.577s][info ][gc,phases   ] GC(0)   Post Evacuate Collection Set: 1.2ms
[2024-12-08T18:52:32.301+0000][0.577s][info ][gc,phases   ] GC(0)   Other: 1.3ms
[2024-12-08T18:52:32.302+0000][0.578s][info ][gc,heap     ] GC(0) Eden regions: 31->0(52)
[2024-12-08T18:52:32.303+0000][0.579s][info ][gc,heap     ] GC(0) Survivor regions: 0->4(4)
[2024-12-08T18:52:32.303+0000][0.579s][info ][gc,heap     ] GC(0) Old regions: 0->1
[2024-12-08T18:52:32.303+0000][0.579s][info ][gc,heap     ] GC(0) Archive regions: 2->2
[2024-12-08T18:52:32.303+0000][0.579s][info ][gc,heap     ] GC(0) Humongous regions: 0->0
[2024-12-08T18:52:32.304+0000][0.580s][info ][gc,metaspace] GC(0) Metaspace: 2503K(2688K)->2503K(2688K) NonClass: 2266K(2368K)->2266K(2368K) Class: 237K(320K)->237K(320K)
[2024-12-08T18:52:32.305+0000][0.580s][info ][gc          ] GC(0) Pause Young (Normal) (G1 Evacuation Pause) 63M->10M(254M) 14.690ms
[2024-12-08T18:52:32.305+0000][0.581s][info ][gc,cpu      ] GC(0) User=0.05s Sys=0.02s Real=0.01s
[2024-12-08T18:52:32.305+0000][0.581s][info ][safepoint   ] Safepoint "G1CollectForAllocation", Time since last: 40258814 ns, Reaching safepoint: 239824 ns, Cleanup: 28170 ns, At safepoint: 15191943 ns, Total: 15459937 ns
[2024-12-08T18:52:33.040+0000][1.316s][debug][safepoint   ] Safepoint synchronization initiated using futex wait barrier. (15 threads)
[2024-12-08T18:52:33.040+0000][1.316s][info ][safepoint   ] Safepoint "ICBufferFull", Time since last: 734936674 ns, Reaching safepoint: 238028 ns, Cleanup: 135474 ns, At safepoint: 18828 ns, Total: 392330 ns
[2024-12-08T18:52:33.051+0000][1.327s][debug][safepoint   ] Safepoint synchronization initiated using futex wait barrier. (15 threads)
[2024-12-08T18:52:33.051+0000][1.327s][info ][gc,start    ] GC(1) Pause Young (Normal) (G1 Evacuation Pause)
[2024-12-08T18:52:33.051+0000][1.327s][info ][gc,task     ] GC(1) Using 6 workers of 10 for evacuation
[2024-12-08T18:52:33.057+0000][1.333s][info ][gc,phases   ] GC(1)   Pre Evacuate Collection Set: 0.1ms
[2024-12-08T18:52:33.057+0000][1.333s][info ][gc,phases   ] GC(1)   Merge Heap Roots: 0.1ms
[2024-12-08T18:52:33.057+0000][1.333s][info ][gc,phases   ] GC(1)   Evacuate Collection Set: 4.2ms
[2024-12-08T18:52:33.057+0000][1.333s][info ][gc,phases   ] GC(1)   Post Evacuate Collection Set: 0.9ms
[2024-12-08T18:52:33.057+0000][1.333s][info ][gc,phases   ] GC(1)   Other: 0.4ms
[2024-12-08T18:52:33.058+0000][1.333s][info ][gc,heap     ] GC(1) Eden regions: 52->0(73)
[2024-12-08T18:52:33.058+0000][1.333s][info ][gc,heap     ] GC(1) Survivor regions: 4->2(7)
[2024-12-08T18:52:33.058+0000][1.334s][info ][gc,heap     ] GC(1) Old regions: 1->5
[2024-12-08T18:52:33.058+0000][1.334s][info ][gc,heap     ] GC(1) Archive regions: 2->2
[2024-12-08T18:52:33.058+0000][1.334s][info ][gc,heap     ] GC(1) Humongous regions: 0->0
[2024-12-08T18:52:33.058+0000][1.334s][info ][gc,metaspace] GC(1) Metaspace: 6554K(6848K)->6554K(6848K) NonClass: 5729K(5888K)->5729K(5888K) Class: 824K(960K)->824K(960K)
[2024-12-08T18:52:33.058+0000][1.334s][info ][gc          ] GC(1) Pause Young (Normal) (G1 Evacuation Pause) 114M->13M(254M) 7.111ms
[2024-12-08T18:52:33.058+0000][1.334s][info ][gc,cpu      ] GC(1) User=0.03s Sys=0.02s Real=0.01s
[2024-12-08T18:52:33.059+0000][1.334s][info ][safepoint   ] Safepoint "G1CollectForAllocation", Time since last: 10590548 ns, Reaching safepoint: 263012 ns, Cleanup: 33831 ns, At safepoint: 7442126 ns, Total: 7738969 ns
[2024-12-08T18:52:33.417+0000][1.693s][debug][safepoint   ] Safepoint synchronization initiated using futex wait barrier. (15 threads)
[2024-12-08T18:52:33.418+0000][1.693s][info ][safepoint   ] Safepoint "ICBufferFull", Time since last: 358676103 ns, Reaching safepoint: 259862 ns, Cleanup: 81809 ns, At safepoint: 23238 ns, Total: 364909 ns
[2024-12-08T18:52:33.510+0000][1.786s][debug][safepoint   ] ... found polling page loop exception at pc = 0x00007f986d0be529, stub =0x00007f986cb10400
[2024-12-08T18:52:33.512+0000][1.787s][debug][safepoint   ] Safepoint synchronization initiated using futex wait barrier. (15 threads)
[2024-12-08T18:52:33.512+0000][1.788s][info ][safepoint   ] Safepoint "ICBufferFull", Time since last: 94005118 ns, Reaching safepoint: 243672 ns, Cleanup: 85310 ns, At safepoint: 24344 ns, Total: 353326 ns
[2024-12-08T18:52:33.608+0000][1.884s][debug][safepoint   ] Safepoint synchronization initiated using futex wait barrier. (16 threads)
[2024-12-08T18:52:33.609+0000][1.885s][info ][gc,start    ] GC(2) Pause Young (Normal) (G1 Evacuation Pause)
[2024-12-08T18:52:33.609+0000][1.885s][info ][gc,task     ] GC(2) Using 6 workers of 10 for evacuation
[2024-12-08T18:52:33.637+0000][1.913s][info ][gc,phases   ] GC(2)   Pre Evacuate Collection Set: 0.1ms
[2024-12-08T18:52:33.638+0000][1.914s][info ][gc,phases   ] GC(2)   Merge Heap Roots: 0.1ms
[2024-12-08T18:52:33.639+0000][1.914s][info ][gc,phases   ] GC(2)   Evacuate Collection Set: 10.8ms
[2024-12-08T18:52:33.639+0000][1.915s][info ][gc,phases   ] GC(2)   Post Evacuate Collection Set: 17.0ms
[2024-12-08T18:52:33.639+0000][1.915s][info ][gc,phases   ] GC(2)   Other: 0.4ms
[2024-12-08T18:52:33.639+0000][1.915s][info ][gc,heap     ] GC(2) Eden regions: 73->0(72)
[2024-12-08T18:52:33.639+0000][1.915s][info ][gc,heap     ] GC(2) Survivor regions: 2->3(10)
[2024-12-08T18:52:33.639+0000][1.915s][info ][gc,heap     ] GC(2) Old regions: 5->5
[2024-12-08T18:52:33.641+0000][1.916s][info ][gc,heap     ] GC(2) Archive regions: 2->2
[2024-12-08T18:52:33.641+0000][1.916s][info ][gc,heap     ] GC(2) Humongous regions: 0->0
[2024-12-08T18:52:33.641+0000][1.917s][info ][gc,metaspace] GC(2) Metaspace: 12753K(12992K)->12753K(12992K) NonClass: 11123K(11264K)->11123K(11264K) Class: 1630K(1728K)->1630K(1728K)
[2024-12-08T18:52:33.641+0000][1.917s][info ][gc          ] GC(2) Pause Young (Normal) (G1 Evacuation Pause) 159M->16M(254M) 32.013ms
[2024-12-08T18:52:33.641+0000][1.917s][info ][gc,cpu      ] GC(2) User=0.14s Sys=0.02s Real=0.03s
[2024-12-08T18:52:33.641+0000][1.917s][info ][safepoint   ] Safepoint "G1CollectForAllocation", Time since last: 96475359 ns, Reaching safepoint: 298848 ns, Cleanup: 98504 ns, At safepoint: 32336297 ns, Total: 32733649 ns
[2024-12-08T18:52:33.970+0000][2.246s][info ][cds,heap    ] initialize_from_archived_subgraph java.lang.Byte$ByteCache 0x00007f980303abf8
[2024-12-08T18:52:33.970+0000][2.246s][info ][cds,heap    ] initialize_from_archived_subgraph java.lang.Short$ShortCache 0x00007f98030412e8
[2024-12-08T18:52:34.023+0000][2.299s][debug][safepoint   ] ... found polling page loop exception at pc = 0x00007f986d17ed39, stub =0x00007f986cb10400
[2024-12-08T18:52:34.040+0000][2.316s][debug][safepoint   ] Safepoint synchronization initiated using futex wait barrier. (16 threads)
[2024-12-08T18:52:34.040+0000][2.316s][info ][gc,start    ] GC(3) Pause Young (Normal) (G1 Evacuation Pause)
[2024-12-08T18:52:34.041+0000][2.316s][info ][gc,task     ] GC(3) Using 6 workers of 10 for evacuation
[2024-12-08T18:52:34.044+0000][2.320s][info ][gc,phases   ] GC(3)   Pre Evacuate Collection Set: 0.1ms
[2024-12-08T18:52:34.044+0000][2.320s][info ][gc,phases   ] GC(3)   Merge Heap Roots: 0.1ms
[2024-12-08T18:52:34.044+0000][2.320s][info ][gc,phases   ] GC(3)   Evacuate Collection Set: 2.4ms
[2024-12-08T18:52:34.044+0000][2.320s][info ][gc,phases   ] GC(3)   Post Evacuate Collection Set: 0.5ms
[2024-12-08T18:52:34.044+0000][2.320s][info ][gc,phases   ] GC(3)   Other: 0.3ms
[2024-12-08T18:52:34.044+0000][2.320s][info ][gc,heap     ] GC(3) Eden regions: 72->0(71)
[2024-12-08T18:52:34.044+0000][2.320s][info ][gc,heap     ] GC(3) Survivor regions: 3->4(10)
[2024-12-08T18:52:34.044+0000][2.320s][info ][gc,heap     ] GC(3) Old regions: 5->5
[2024-12-08T18:52:34.045+0000][2.320s][info ][gc,heap     ] GC(3) Archive regions: 2->2
[2024-12-08T18:52:34.045+0000][2.320s][info ][gc,heap     ] GC(3) Humongous regions: 0->0
[2024-12-08T18:52:34.045+0000][2.321s][info ][gc,metaspace] GC(3) Metaspace: 17411K(17728K)->17411K(17728K) NonClass: 15065K(15232K)->15065K(15232K) Class: 2346K(2496K)->2346K(2496K)
[2024-12-08T18:52:34.045+0000][2.321s][info ][gc          ] GC(3) Pause Young (Normal) (G1 Evacuation Pause) 160M->18M(254M) 4.395ms
[2024-12-08T18:52:34.045+0000][2.321s][info ][gc,cpu      ] GC(3) User=0.04s Sys=0.00s Real=0.00s
[2024-12-08T18:52:34.045+0000][2.321s][info ][safepoint   ] Safepoint "G1CollectForAllocation", Time since last: 398945318 ns, Reaching safepoint: 191441 ns, Cleanup: 55763 ns, At safepoint: 4604666 ns, Total: 4851870 ns
[2024-12-08T18:52:34.192+0000][2.467s][debug][safepoint   ] Safepoint synchronization initiated using futex wait barrier. (16 threads)
[2024-12-08T18:52:34.192+0000][2.468s][info ][gc,start    ] GC(4) Pause Young (Concurrent Start) (Metadata GC Threshold)
[2024-12-08T18:52:34.192+0000][2.468s][info ][gc,task     ] GC(4) Using 6 workers of 10 for evacuation
[2024-12-08T18:52:34.195+0000][2.471s][info ][gc,phases   ] GC(4)   Pre Evacuate Collection Set: 0.1ms
[2024-12-08T18:52:34.196+0000][2.471s][info ][gc,phases   ] GC(4)   Merge Heap Roots: 0.1ms
[2024-12-08T18:52:34.196+0000][2.472s][info ][gc,phases   ] GC(4)   Evacuate Collection Set: 2.5ms
[2024-12-08T18:52:34.196+0000][2.472s][info ][gc,phases   ] GC(4)   Post Evacuate Collection Set: 0.5ms
[2024-12-08T18:52:34.196+0000][2.472s][info ][gc,phases   ] GC(4)   Other: 0.3ms
[2024-12-08T18:52:34.196+0000][2.472s][info ][gc,heap     ] GC(4) Eden regions: 39->0(69)
[2024-12-08T18:52:34.196+0000][2.472s][info ][gc,heap     ] GC(4) Survivor regions: 4->6(10)
[2024-12-08T18:52:34.196+0000][2.472s][info ][gc,heap     ] GC(4) Old regions: 5->5
[2024-12-08T18:52:34.196+0000][2.472s][info ][gc,heap     ] GC(4) Archive regions: 2->2
[2024-12-08T18:52:34.196+0000][2.472s][info ][gc,heap     ] GC(4) Humongous regions: 0->0
[2024-12-08T18:52:34.197+0000][2.472s][info ][gc,metaspace] GC(4) Metaspace: 21278K(21504K)->21278K(21504K) NonClass: 18504K(18624K)->18504K(18624K) Class: 2773K(2880K)->2773K(2880K)
[2024-12-08T18:52:34.197+0000][2.472s][info ][gc          ] GC(4) Pause Young (Concurrent Start) (Metadata GC Threshold) 95M->21M(254M) 4.756ms
[2024-12-08T18:52:34.197+0000][2.473s][info ][gc,cpu      ] GC(4) User=0.04s Sys=0.00s Real=0.01s
[2024-12-08T18:52:34.197+0000][2.473s][info ][gc          ] GC(5) Concurrent Mark Cycle
[2024-12-08T18:52:34.197+0000][2.473s][info ][gc,marking  ] GC(5) Concurrent Clear Claimed Marks
[2024-12-08T18:52:34.197+0000][2.473s][info ][safepoint   ] Safepoint "CollectForMetadataAllocation", Time since last: 146636222 ns, Reaching safepoint: 171953 ns, Cleanup: 41283 ns, At safepoint: 5023623 ns, Total: 5236859 ns
[2024-12-08T18:52:34.197+0000][2.473s][info ][gc,marking  ] GC(5) Concurrent Clear Claimed Marks 0.129ms
[2024-12-08T18:52:34.197+0000][2.473s][info ][gc,marking  ] GC(5) Concurrent Scan Root Regions
[2024-12-08T18:52:34.199+0000][2.475s][info ][gc,marking  ] GC(5) Concurrent Scan Root Regions 2.163ms
[2024-12-08T18:52:34.200+0000][2.476s][info ][gc,marking  ] GC(5) Concurrent Mark
[2024-12-08T18:52:34.200+0000][2.476s][info ][gc,marking  ] GC(5) Concurrent Mark From Roots
[2024-12-08T18:52:34.200+0000][2.476s][info ][gc,task     ] GC(5) Using 3 workers of 3 for marking
[2024-12-08T18:52:34.206+0000][2.482s][info ][gc,marking  ] GC(5) Concurrent Mark From Roots 6.130ms
[2024-12-08T18:52:34.213+0000][2.488s][info ][gc,marking  ] GC(5) Concurrent Preclean
[2024-12-08T18:52:34.211+0000][2.487s][debug][safepoint   ] Safepoint synchronization initiated using futex wait barrier. (16 threads)
[2024-12-08T18:52:34.213+0000][2.489s][info ][safepoint   ] Safepoint "CollectForMetadataAllocation", Time since last: 13788365 ns, Reaching safepoint: 2175334 ns, Cleanup: 3402 ns, At safepoint: 49563 ns, Total: 2228299 ns
[2024-12-08T18:52:34.213+0000][2.489s][info ][gc,marking  ] GC(5) Concurrent Preclean 0.606ms
[2024-12-08T18:52:34.216+0000][2.492s][debug][safepoint   ] Safepoint synchronization initiated using futex wait barrier. (16 threads)
[2024-12-08T18:52:34.217+0000][2.493s][info ][gc,start    ] GC(5) Pause Remark
[2024-12-08T18:52:34.219+0000][2.495s][info ][gc          ] GC(5) Pause Remark 26M->26M(108M) 2.377ms
[2024-12-08T18:52:34.219+0000][2.495s][info ][gc,cpu      ] GC(5) User=0.01s Sys=0.00s Real=0.00s
[2024-12-08T18:52:34.220+0000][2.495s][info ][safepoint   ] Safepoint "G1PauseRemark", Time since last: 3490038 ns, Reaching safepoint: 409385 ns, Cleanup: 2871 ns, At safepoint: 2737612 ns, Total: 3149868 ns
[2024-12-08T18:52:34.220+0000][2.496s][info ][gc,marking  ] GC(5) Concurrent Mark 19.990ms
[2024-12-08T18:52:34.220+0000][2.496s][info ][gc,marking  ] GC(5) Concurrent Rebuild Remembered Sets
[2024-12-08T18:52:34.222+0000][2.497s][info ][gc,marking  ] GC(5) Concurrent Rebuild Remembered Sets 1.720ms
[2024-12-08T18:52:34.223+0000][2.499s][debug][safepoint   ] Safepoint synchronization initiated using futex wait barrier. (16 threads)
[2024-12-08T18:52:34.224+0000][2.500s][info ][gc,start    ] GC(5) Pause Cleanup
[2024-12-08T18:52:34.224+0000][2.500s][info ][gc          ] GC(5) Pause Cleanup 26M->26M(108M) 0.234ms
[2024-12-08T18:52:34.224+0000][2.500s][info ][gc,cpu      ] GC(5) User=0.00s Sys=0.00s Real=0.00s
[2024-12-08T18:52:34.224+0000][2.500s][info ][safepoint   ] Safepoint "G1PauseCleanup", Time since last: 3901115 ns, Reaching safepoint: 229888 ns, Cleanup: 2565 ns, At safepoint: 519694 ns, Total: 752147 ns
[2024-12-08T18:52:34.224+0000][2.500s][info ][gc,marking  ] GC(5) Concurrent Cleanup for Next Mark
[2024-12-08T18:52:34.225+0000][2.501s][info ][gc,marking  ] GC(5) Concurrent Cleanup for Next Mark 0.489ms
[2024-12-08T18:52:34.225+0000][2.501s][info ][gc          ] GC(5) Concurrent Mark Cycle 28.123ms
[2024-12-08T18:52:34.417+0000][2.692s][debug][safepoint   ] Safepoint synchronization initiated using futex wait barrier. (15 threads)
[2024-12-08T18:52:34.417+0000][2.693s][info ][gc,start    ] GC(6) Pause Young (Prepare Mixed) (G1 Preventive Collection)
[2024-12-08T18:52:34.417+0000][2.693s][info ][gc,task     ] GC(6) Using 4 workers of 10 for evacuation
[2024-12-08T18:52:34.422+0000][2.698s][info ][gc,phases   ] GC(6)   Pre Evacuate Collection Set: 0.1ms
[2024-12-08T18:52:34.422+0000][2.698s][info ][gc,phases   ] GC(6)   Merge Heap Roots: 0.1ms
[2024-12-08T18:52:34.423+0000][2.698s][info ][gc,phases   ] GC(6)   Evacuate Collection Set: 4.5ms
[2024-12-08T18:52:34.423+0000][2.698s][info ][gc,phases   ] GC(6)   Post Evacuate Collection Set: 0.6ms
[2024-12-08T18:52:34.423+0000][2.699s][info ][gc,phases   ] GC(6)   Other: 0.3ms
[2024-12-08T18:52:34.423+0000][2.699s][info ][gc,heap     ] GC(6) Eden regions: 34->0(1)
[2024-12-08T18:52:34.423+0000][2.699s][info ][gc,heap     ] GC(6) Survivor regions: 6->7(10)
[2024-12-08T18:52:34.423+0000][2.699s][info ][gc,heap     ] GC(6) Old regions: 5->5
[2024-12-08T18:52:34.423+0000][2.699s][info ][gc,heap     ] GC(6) Archive regions: 2->2
[2024-12-08T18:52:34.423+0000][2.699s][info ][gc,heap     ] GC(6) Humongous regions: 0->0
[2024-12-08T18:52:34.423+0000][2.699s][info ][gc,metaspace] GC(6) Metaspace: 24184K(24576K)->24184K(24576K) NonClass: 21031K(21248K)->21031K(21248K) Class: 3152K(3328K)->3152K(3328K)
[2024-12-08T18:52:34.423+0000][2.699s][info ][gc          ] GC(6) Pause Young (Prepare Mixed) (G1 Preventive Collection) 89M->24M(108M) 6.585ms
[2024-12-08T18:52:34.424+0000][2.699s][info ][gc,cpu      ] GC(6) User=0.03s Sys=0.00s Real=0.00s
[2024-12-08T18:52:34.424+0000][2.700s][info ][safepoint   ] Safepoint "G1CollectForAllocation", Time since last: 192385361 ns, Reaching safepoint: 216546 ns, Cleanup: 62072 ns, At safepoint: 6879436 ns, Total: 7158054 ns
[2024-12-08T18:52:34.431+0000][2.707s][debug][safepoint   ] Safepoint synchronization initiated using futex wait barrier. (15 threads)
[2024-12-08T18:52:34.431+0000][2.707s][info ][gc,start    ] GC(7) Pause Young (Mixed) (G1 Evacuation Pause)
[2024-12-08T18:52:34.431+0000][2.707s][info ][gc,task     ] GC(7) Using 3 workers of 10 for evacuation
[2024-12-08T18:52:34.437+0000][2.713s][info ][gc,phases   ] GC(7)   Pre Evacuate Collection Set: 0.1ms
[2024-12-08T18:52:34.438+0000][2.713s][info ][gc,phases   ] GC(7)   Merge Heap Roots: 0.1ms
[2024-12-08T18:52:34.438+0000][2.714s][info ][gc,phases   ] GC(7)   Evacuate Collection Set: 5.2ms
[2024-12-08T18:52:34.438+0000][2.714s][info ][gc,phases   ] GC(7)   Post Evacuate Collection Set: 0.6ms
[2024-12-08T18:52:34.438+0000][2.714s][info ][gc,phases   ] GC(7)   Other: 0.3ms
[2024-12-08T18:52:34.438+0000][2.714s][info ][gc,heap     ] GC(7) Eden regions: 1->0(39)
[2024-12-08T18:52:34.438+0000][2.714s][info ][gc,heap     ] GC(7) Survivor regions: 7->1(1)
[2024-12-08T18:52:34.438+0000][2.714s][info ][gc,heap     ] GC(7) Old regions: 5->11
[2024-12-08T18:52:34.439+0000][2.714s][info ][gc,heap     ] GC(7) Archive regions: 2->2
[2024-12-08T18:52:34.439+0000][2.714s][info ][gc,heap     ] GC(7) Humongous regions: 0->0
[2024-12-08T18:52:34.439+0000][2.715s][info ][gc,metaspace] GC(7) Metaspace: 24234K(24576K)->24234K(24576K) NonClass: 21076K(21248K)->21076K(21248K) Class: 3157K(3328K)->3157K(3328K)
[2024-12-08T18:52:34.439+0000][2.715s][info ][gc          ] GC(7) Pause Young (Mixed) (G1 Evacuation Pause) 26M->24M(134M) 7.610ms
[2024-12-08T18:52:34.439+0000][2.715s][info ][gc,cpu      ] GC(7) User=0.02s Sys=0.00s Real=0.01s
[2024-12-08T18:52:34.439+0000][2.715s][info ][safepoint   ] Safepoint "G1CollectForAllocation", Time since last: 7244634 ns, Reaching safepoint: 257450 ns, Cleanup: 7146 ns, At safepoint: 7876189 ns, Total: 8140785 ns
[2024-12-08T18:52:34.622+0000][2.898s][debug][safepoint   ] Safepoint synchronization initiated using futex wait barrier. (15 threads)
[2024-12-08T18:52:34.622+0000][2.898s][info ][gc,start    ] GC(8) Pause Young (Concurrent Start) (G1 Evacuation Pause)
[2024-12-08T18:52:34.622+0000][2.898s][info ][gc,task     ] GC(8) Using 3 workers of 10 for evacuation
[2024-12-08T18:52:34.629+0000][2.905s][info ][gc,phases   ] GC(8)   Pre Evacuate Collection Set: 0.1ms
[2024-12-08T18:52:34.629+0000][2.905s][info ][gc,phases   ] GC(8)   Merge Heap Roots: 0.1ms
[2024-12-08T18:52:34.629+0000][2.905s][info ][gc,phases   ] GC(8)   Evacuate Collection Set: 5.8ms
[2024-12-08T18:52:34.630+0000][2.905s][info ][gc,phases   ] GC(8)   Post Evacuate Collection Set: 0.6ms
[2024-12-08T18:52:34.630+0000][2.906s][info ][gc,phases   ] GC(8)   Other: 0.4ms
[2024-12-08T18:52:34.630+0000][2.906s][info ][gc,heap     ] GC(8) Eden regions: 39->0(35)
[2024-12-08T18:52:34.630+0000][2.906s][info ][gc,heap     ] GC(8) Survivor regions: 1->4(5)
[2024-12-08T18:52:34.630+0000][2.906s][info ][gc,heap     ] GC(8) Old regions: 11->11
[2024-12-08T18:52:34.630+0000][2.906s][info ][gc,heap     ] GC(8) Archive regions: 2->2
[2024-12-08T18:52:34.630+0000][2.906s][info ][gc,heap     ] GC(8) Humongous regions: 0->0
[2024-12-08T18:52:34.630+0000][2.906s][info ][gc,metaspace] GC(8) Metaspace: 24455K(24832K)->24455K(24832K) NonClass: 21271K(21440K)->21271K(21440K) Class: 3184K(3392K)->3184K(3392K)
[2024-12-08T18:52:34.631+0000][2.906s][info ][gc          ] GC(8) Pause Young (Concurrent Start) (G1 Evacuation Pause) 102M->30M(134M) 8.562ms
[2024-12-08T18:52:34.631+0000][2.907s][info ][gc,cpu      ] GC(8) User=0.06s Sys=0.00s Real=0.01s
[2024-12-08T18:52:34.631+0000][2.907s][info ][gc          ] GC(9) Concurrent Mark Cycle
[2024-12-08T18:52:34.631+0000][2.907s][info ][gc,marking  ] GC(9) Concurrent Clear Claimed Marks
[2024-12-08T18:52:34.631+0000][2.907s][info ][safepoint   ] Safepoint "G1CollectForAllocation", Time since last: 182572151 ns, Reaching safepoint: 249401 ns, Cleanup: 73304 ns, At safepoint: 8924549 ns, Total: 9247254 ns
[2024-12-08T18:52:34.631+0000][2.907s][info ][gc,marking  ] GC(9) Concurrent Clear Claimed Marks 0.178ms
[2024-12-08T18:52:34.632+0000][2.907s][info ][gc,marking  ] GC(9) Concurrent Scan Root Regions
[2024-12-08T18:52:34.633+0000][2.909s][info ][gc,marking  ] GC(9) Concurrent Scan Root Regions 1.687ms
[2024-12-08T18:52:34.633+0000][2.909s][info ][gc,marking  ] GC(9) Concurrent Mark
[2024-12-08T18:52:34.633+0000][2.909s][info ][gc,marking  ] GC(9) Concurrent Mark From Roots
[2024-12-08T18:52:34.634+0000][2.909s][info ][gc,task     ] GC(9) Using 3 workers of 3 for marking
[2024-12-08T18:52:34.643+0000][2.919s][info ][gc,marking  ] GC(9) Concurrent Mark From Roots 9.847ms
[2024-12-08T18:52:34.644+0000][2.919s][info ][gc,marking  ] GC(9) Concurrent Preclean
[2024-12-08T18:52:34.644+0000][2.920s][info ][gc,marking  ] GC(9) Concurrent Preclean 0.279ms
[2024-12-08T18:52:34.644+0000][2.920s][debug][safepoint   ] Safepoint synchronization initiated using futex wait barrier. (15 threads)
[2024-12-08T18:52:34.644+0000][2.920s][info ][gc,start    ] GC(9) Pause Remark
[2024-12-08T18:52:34.646+0000][2.922s][info ][gc          ] GC(9) Pause Remark 40M->40M(134M) 2.358ms
[2024-12-08T18:52:34.647+0000][2.922s][info ][gc,cpu      ] GC(9) User=0.04s Sys=0.00s Real=0.01s
[2024-12-08T18:52:34.647+0000][2.923s][info ][safepoint   ] Safepoint "G1PauseRemark", Time since last: 13007726 ns, Reaching safepoint: 140659 ns, Cleanup: 2241 ns, At safepoint: 2688182 ns, Total: 2831082 ns
[2024-12-08T18:52:34.647+0000][2.923s][info ][gc,marking  ] GC(9) Concurrent Mark 13.613ms
[2024-12-08T18:52:34.647+0000][2.923s][info ][gc,marking  ] GC(9) Concurrent Rebuild Remembered Sets
[2024-12-08T18:52:34.652+0000][2.927s][info ][gc,marking  ] GC(9) Concurrent Rebuild Remembered Sets 4.546ms
[2024-12-08T18:52:34.652+0000][2.928s][debug][safepoint   ] Safepoint synchronization initiated using futex wait barrier. (15 threads)
[2024-12-08T18:52:34.653+0000][2.928s][debug][safepoint   ] ... found polling page loop exception at pc = 0x00007f986d28bb88, stub =0x00007f986cb10400
[2024-12-08T18:52:34.653+0000][2.929s][info ][gc,start    ] GC(9) Pause Cleanup
[2024-12-08T18:52:34.653+0000][2.929s][info ][gc          ] GC(9) Pause Cleanup 46M->46M(134M) 0.200ms
[2024-12-08T18:52:34.653+0000][2.929s][info ][gc,cpu      ] GC(9) User=0.00s Sys=0.00s Real=0.00s
[2024-12-08T18:52:34.653+0000][2.929s][info ][safepoint   ] Safepoint "G1PauseCleanup", Time since last: 5600392 ns, Reaching safepoint: 492807 ns, Cleanup: 3330 ns, At safepoint: 497782 ns, Total: 993919 ns
[2024-12-08T18:52:34.654+0000][2.929s][info ][gc,marking  ] GC(9) Concurrent Cleanup for Next Mark
[2024-12-08T18:52:34.654+0000][2.930s][info ][gc,marking  ] GC(9) Concurrent Cleanup for Next Mark 0.540ms
[2024-12-08T18:52:34.654+0000][2.930s][info ][gc          ] GC(9) Concurrent Mark Cycle 23.365ms
[2024-12-08T18:52:34.750+0000][3.025s][debug][safepoint   ] Safepoint synchronization initiated using futex wait barrier. (15 threads)
[2024-12-08T18:52:34.750+0000][3.026s][info ][gc,start    ] GC(10) Pause Young (Normal) (G1 Evacuation Pause)
[2024-12-08T18:52:34.750+0000][3.026s][info ][gc,task     ] GC(10) Using 3 workers of 10 for evacuation
[2024-12-08T18:52:34.761+0000][3.036s][info ][gc,phases   ] GC(10)   Pre Evacuate Collection Set: 0.1ms
[2024-12-08T18:52:34.761+0000][3.037s][info ][gc,phases   ] GC(10)   Merge Heap Roots: 0.1ms
[2024-12-08T18:52:34.761+0000][3.037s][info ][gc,phases   ] GC(10)   Evacuate Collection Set: 9.1ms
[2024-12-08T18:52:34.761+0000][3.037s][info ][gc,phases   ] GC(10)   Post Evacuate Collection Set: 1.1ms
[2024-12-08T18:52:34.761+0000][3.037s][info ][gc,phases   ] GC(10)   Other: 0.4ms
[2024-12-08T18:52:34.762+0000][3.037s][info ][gc,heap     ] GC(10) Eden regions: 35->0(30)
[2024-12-08T18:52:34.762+0000][3.038s][info ][gc,heap     ] GC(10) Survivor regions: 4->5(5)
[2024-12-08T18:52:34.762+0000][3.038s][info ][gc,heap     ] GC(10) Old regions: 11->15
[2024-12-08T18:52:34.762+0000][3.038s][info ][gc,heap     ] GC(10) Archive regions: 2->2
[2024-12-08T18:52:34.762+0000][3.038s][info ][gc,heap     ] GC(10) Humongous regions: 0->0
[2024-12-08T18:52:34.762+0000][3.038s][info ][gc,metaspace] GC(10) Metaspace: 24510K(24896K)->24510K(24896K) NonClass: 21319K(21504K)->21319K(21504K) Class: 3190K(3392K)->3190K(3392K)
[2024-12-08T18:52:34.762+0000][3.038s][info ][gc          ] GC(10) Pause Young (Normal) (G1 Evacuation Pause) 100M->39M(134M) 12.648ms
[2024-12-08T18:52:34.763+0000][3.038s][info ][gc,cpu      ] GC(10) User=0.07s Sys=0.00s Real=0.01s
[2024-12-08T18:52:34.763+0000][3.039s][info ][safepoint   ] Safepoint "G1CollectForAllocation", Time since last: 96127863 ns, Reaching safepoint: 271500 ns, Cleanup: 13985 ns, At safepoint: 12949701 ns, Total: 13235186 ns
[2024-12-08T18:52:34.814+0000][3.090s][debug][safepoint   ] ... found polling page loop exception at pc = 0x00007f986d17ed39, stub =0x00007f986cb10400
[2024-12-08T18:52:34.884+0000][3.160s][debug][safepoint   ] Safepoint synchronization initiated using futex wait barrier. (15 threads)
[2024-12-08T18:52:34.885+0000][3.160s][info ][gc,start    ] GC(11) Pause Young (Normal) (G1 Evacuation Pause)
[2024-12-08T18:52:34.885+0000][3.161s][info ][gc,task     ] GC(11) Using 3 workers of 10 for evacuation
[2024-12-08T18:52:34.893+0000][3.169s][info ][gc,phases   ] GC(11)   Pre Evacuate Collection Set: 0.1ms
[2024-12-08T18:52:34.893+0000][3.169s][info ][gc,phases   ] GC(11)   Merge Heap Roots: 0.1ms
[2024-12-08T18:52:34.894+0000][3.169s][info ][gc,phases   ] GC(11)   Evacuate Collection Set: 7.1ms
[2024-12-08T18:52:34.894+0000][3.170s][info ][gc,phases   ] GC(11)   Post Evacuate Collection Set: 1.2ms
[2024-12-08T18:52:34.894+0000][3.170s][info ][gc,phases   ] GC(11)   Other: 0.3ms
[2024-12-08T18:52:34.894+0000][3.170s][info ][gc,heap     ] GC(11) Eden regions: 30->0(28)
[2024-12-08T18:52:34.894+0000][3.170s][info ][gc,heap     ] GC(11) Survivor regions: 5->3(5)
[2024-12-08T18:52:34.894+0000][3.170s][info ][gc,heap     ] GC(11) Old regions: 15->19
[2024-12-08T18:52:34.894+0000][3.170s][info ][gc,heap     ] GC(11) Archive regions: 2->2
[2024-12-08T18:52:34.894+0000][3.170s][info ][gc,heap     ] GC(11) Humongous regions: 0->0
[2024-12-08T18:52:34.894+0000][3.170s][info ][gc,metaspace] GC(11) Metaspace: 24747K(25088K)->24747K(25088K) NonClass: 21518K(21696K)->21518K(21696K) Class: 3228K(3392K)->3228K(3392K)
[2024-12-08T18:52:34.894+0000][3.170s][info ][gc          ] GC(11) Pause Young (Normal) (G1 Evacuation Pause) 99M->45M(134M) 9.928ms
[2024-12-08T18:52:34.895+0000][3.170s][info ][gc,cpu      ] GC(11) User=0.07s Sys=0.00s Real=0.01s
[2024-12-08T18:52:34.895+0000][3.171s][info ][safepoint   ] Safepoint "G1CollectForAllocation", Time since last: 121484782 ns, Reaching safepoint: 236080 ns, Cleanup: 41886 ns, At safepoint: 10193876 ns, Total: 10471842 ns
[2024-12-08T18:52:35.031+0000][3.307s][debug][safepoint   ] Safepoint synchronization initiated using futex wait barrier. (15 threads)
[2024-12-08T18:52:35.031+0000][3.307s][info ][gc,start    ] GC(12) Pause Young (Normal) (G1 Evacuation Pause)
[2024-12-08T18:52:35.031+0000][3.307s][info ][gc,task     ] GC(12) Using 3 workers of 10 for evacuation
[2024-12-08T18:52:35.037+0000][3.312s][info ][gc,phases   ] GC(12)   Pre Evacuate Collection Set: 0.1ms
[2024-12-08T18:52:35.037+0000][3.313s][info ][gc,phases   ] GC(12)   Merge Heap Roots: 0.1ms
[2024-12-08T18:52:35.037+0000][3.313s][info ][gc,phases   ] GC(12)   Evacuate Collection Set: 4.3ms
[2024-12-08T18:52:35.037+0000][3.313s][info ][gc,phases   ] GC(12)   Post Evacuate Collection Set: 0.6ms
[2024-12-08T18:52:35.037+0000][3.313s][info ][gc,phases   ] GC(12)   Other: 0.3ms
[2024-12-08T18:52:35.037+0000][3.313s][info ][gc,heap     ] GC(12) Eden regions: 28->0(26)
[2024-12-08T18:52:35.037+0000][3.313s][info ][gc,heap     ] GC(12) Survivor regions: 3->3(4)
[2024-12-08T18:52:35.037+0000][3.313s][info ][gc,heap     ] GC(12) Old regions: 19->22
[2024-12-08T18:52:35.037+0000][3.313s][info ][gc,heap     ] GC(12) Archive regions: 2->2
[2024-12-08T18:52:35.038+0000][3.313s][info ][gc,heap     ] GC(12) Humongous regions: 0->0
[2024-12-08T18:52:35.038+0000][3.313s][info ][gc,metaspace] GC(12) Metaspace: 25070K(25408K)->25070K(25408K) NonClass: 21817K(21952K)->21817K(21952K) Class: 3253K(3456K)->3253K(3456K)
[2024-12-08T18:52:35.038+0000][3.314s][info ][gc          ] GC(12) Pause Young (Normal) (G1 Evacuation Pause) 101M->49M(134M) 6.468ms
[2024-12-08T18:52:35.038+0000][3.314s][info ][gc,cpu      ] GC(12) User=0.05s Sys=0.00s Real=0.01s
[2024-12-08T18:52:35.038+0000][3.314s][info ][safepoint   ] Safepoint "G1CollectForAllocation", Time since last: 136301230 ns, Reaching safepoint: 218400 ns, Cleanup: 82151 ns, At safepoint: 6770500 ns, Total: 7071051 ns
[2024-12-08T18:52:35.188+0000][3.464s][debug][safepoint   ] Safepoint synchronization initiated using futex wait barrier. (15 threads)
[2024-12-08T18:52:35.189+0000][3.464s][info ][gc,start    ] GC(13) Pause Young (Normal) (G1 Evacuation Pause)
[2024-12-08T18:52:35.189+0000][3.465s][info ][gc,task     ] GC(13) Using 3 workers of 10 for evacuation
[2024-12-08T18:52:35.195+0000][3.471s][info ][gc,phases   ] GC(13)   Pre Evacuate Collection Set: 0.1ms
[2024-12-08T18:52:35.195+0000][3.471s][info ][gc,phases   ] GC(13)   Merge Heap Roots: 0.1ms
[2024-12-08T18:52:35.195+0000][3.471s][info ][gc,phases   ] GC(13)   Evacuate Collection Set: 4.7ms
[2024-12-08T18:52:35.195+0000][3.471s][info ][gc,phases   ] GC(13)   Post Evacuate Collection Set: 1.1ms
[2024-12-08T18:52:35.196+0000][3.471s][info ][gc,phases   ] GC(13)   Other: 0.3ms
[2024-12-08T18:52:35.196+0000][3.471s][info ][gc,heap     ] GC(13) Eden regions: 26->0(82)
[2024-12-08T18:52:35.196+0000][3.472s][info ][gc,heap     ] GC(13) Survivor regions: 3->4(4)
[2024-12-08T18:52:35.196+0000][3.472s][info ][gc,heap     ] GC(13) Old regions: 22->22
[2024-12-08T18:52:35.196+0000][3.472s][info ][gc,heap     ] GC(13) Archive regions: 2->2
[2024-12-08T18:52:35.196+0000][3.472s][info ][gc,heap     ] GC(13) Humongous regions: 0->0
[2024-12-08T18:52:35.196+0000][3.472s][info ][gc,metaspace] GC(13) Metaspace: 25157K(25536K)->25157K(25536K) NonClass: 21900K(22080K)->21900K(22080K) Class: 3256K(3456K)->3256K(3456K)
[2024-12-08T18:52:35.196+0000][3.472s][info ][gc          ] GC(13) Pause Young (Normal) (G1 Evacuation Pause) 101M->51M(288M) 7.810ms
[2024-12-08T18:52:35.197+0000][3.472s][info ][gc,cpu      ] GC(13) User=0.02s Sys=0.01s Real=0.01s
[2024-12-08T18:52:35.197+0000][3.473s][info ][safepoint   ] Safepoint "G1CollectForAllocation", Time since last: 150070203 ns, Reaching safepoint: 390451 ns, Cleanup: 58877 ns, At safepoint: 8137421 ns, Total: 8586749 ns
[2024-12-08T18:52:35.629+0000][3.904s][debug][safepoint   ] Safepoint synchronization initiated using futex wait barrier. (16 threads)
[2024-12-08T18:52:35.629+0000][3.905s][info ][gc,start    ] GC(14) Pause Young (Normal) (G1 Evacuation Pause)
[2024-12-08T18:52:35.629+0000][3.905s][info ][gc,task     ] GC(14) Using 6 workers of 10 for evacuation
[2024-12-08T18:52:35.634+0000][3.910s][info ][gc,phases   ] GC(14)   Pre Evacuate Collection Set: 0.1ms
[2024-12-08T18:52:35.634+0000][3.910s][info ][gc,phases   ] GC(14)   Merge Heap Roots: 0.1ms
[2024-12-08T18:52:35.634+0000][3.910s][info ][gc,phases   ] GC(14)   Evacuate Collection Set: 4.0ms
[2024-12-08T18:52:35.634+0000][3.910s][info ][gc,phases   ] GC(14)   Post Evacuate Collection Set: 0.6ms
[2024-12-08T18:52:35.635+0000][3.910s][info ][gc,phases   ] GC(14)   Other: 0.3ms
[2024-12-08T18:52:35.635+0000][3.910s][info ][gc,heap     ] GC(14) Eden regions: 82->0(81)
[2024-12-08T18:52:35.635+0000][3.910s][info ][gc,heap     ] GC(14) Survivor regions: 4->5(11)
[2024-12-08T18:52:35.635+0000][3.911s][info ][gc,heap     ] GC(14) Old regions: 22->22
[2024-12-08T18:52:35.635+0000][3.911s][info ][gc,heap     ] GC(14) Archive regions: 2->2
[2024-12-08T18:52:35.635+0000][3.911s][info ][gc,heap     ] GC(14) Humongous regions: 0->0
[2024-12-08T18:52:35.635+0000][3.911s][info ][gc,metaspace] GC(14) Metaspace: 26581K(27008K)->26581K(27008K) NonClass: 23211K(23424K)->23211K(23424K) Class: 3369K(3584K)->3369K(3584K)
[2024-12-08T18:52:35.635+0000][3.911s][info ][gc          ] GC(14) Pause Young (Normal) (G1 Evacuation Pause) 215M->55M(288M) 6.141ms
[2024-12-08T18:52:35.635+0000][3.911s][info ][gc,cpu      ] GC(14) User=0.03s Sys=0.00s Real=0.00s
[2024-12-08T18:52:35.635+0000][3.911s][info ][safepoint   ] Safepoint "G1CollectForAllocation", Time since last: 431940602 ns, Reaching safepoint: 211155 ns, Cleanup: 86560 ns, At safepoint: 6357965 ns, Total: 6655680 ns
[2024-12-08T18:52:36.128+0000][4.404s][debug][safepoint   ] Safepoint synchronization initiated using futex wait barrier. (15 threads)
[2024-12-08T18:52:36.128+0000][4.404s][info ][gc,start    ] GC(15) Pause Young (Normal) (G1 Evacuation Pause)
[2024-12-08T18:52:36.128+0000][4.404s][info ][gc,task     ] GC(15) Using 6 workers of 10 for evacuation
[2024-12-08T18:52:36.132+0000][4.408s][info ][gc,phases   ] GC(15)   Pre Evacuate Collection Set: 0.1ms
[2024-12-08T18:52:36.132+0000][4.408s][info ][gc,phases   ] GC(15)   Merge Heap Roots: 0.1ms
[2024-12-08T18:52:36.132+0000][4.408s][info ][gc,phases   ] GC(15)   Evacuate Collection Set: 2.6ms
[2024-12-08T18:52:36.132+0000][4.408s][info ][gc,phases   ] GC(15)   Post Evacuate Collection Set: 0.6ms
[2024-12-08T18:52:36.132+0000][4.408s][info ][gc,phases   ] GC(15)   Other: 0.3ms
[2024-12-08T18:52:36.132+0000][4.408s][info ][gc,heap     ] GC(15) Eden regions: 81->0(80)
[2024-12-08T18:52:36.132+0000][4.408s][info ][gc,heap     ] GC(15) Survivor regions: 5->6(11)
[2024-12-08T18:52:36.132+0000][4.408s][info ][gc,heap     ] GC(15) Old regions: 22->22
[2024-12-08T18:52:36.132+0000][4.408s][info ][gc,heap     ] GC(15) Archive regions: 2->2
[2024-12-08T18:52:36.133+0000][4.408s][info ][gc,heap     ] GC(15) Humongous regions: 0->0
[2024-12-08T18:52:36.133+0000][4.408s][info ][gc,metaspace] GC(15) Metaspace: 31537K(31872K)->31537K(31872K) NonClass: 27615K(27776K)->27615K(27776K) Class: 3921K(4096K)->3921K(4096K)
[2024-12-08T18:52:36.133+0000][4.409s][info ][gc          ] GC(15) Pause Young (Normal) (G1 Evacuation Pause) 217M->56M(288M) 4.570ms
[2024-12-08T18:52:36.133+0000][4.409s][info ][gc,cpu      ] GC(15) User=0.02s Sys=0.00s Real=0.00s
[2024-12-08T18:52:36.133+0000][4.409s][info ][safepoint   ] Safepoint "G1CollectForAllocation", Time since last: 492491357 ns, Reaching safepoint: 210931 ns, Cleanup: 81007 ns, At safepoint: 4747473 ns, Total: 5039411 ns
[2024-12-08T18:52:36.400+0000][4.676s][debug][safepoint   ] Safepoint synchronization initiated using futex wait barrier. (15 threads)
[2024-12-08T18:52:36.400+0000][4.676s][info ][safepoint   ] Safepoint "ICBufferFull", Time since last: 266994906 ns, Reaching safepoint: 199609 ns, Cleanup: 101041 ns, At safepoint: 8802 ns, Total: 309452 ns
[2024-12-08T18:52:36.458+0000][4.734s][debug][safepoint   ] Safepoint synchronization initiated using futex wait barrier. (15 threads)
[2024-12-08T18:52:36.458+0000][4.734s][info ][gc,start    ] GC(16) Pause Young (Normal) (G1 Evacuation Pause)
[2024-12-08T18:52:36.459+0000][4.734s][info ][gc,task     ] GC(16) Using 6 workers of 10 for evacuation
[2024-12-08T18:52:36.463+0000][4.739s][info ][gc,phases   ] GC(16)   Pre Evacuate Collection Set: 0.1ms
[2024-12-08T18:52:36.463+0000][4.739s][info ][gc,phases   ] GC(16)   Merge Heap Roots: 0.1ms
[2024-12-08T18:52:36.463+0000][4.739s][info ][gc,phases   ] GC(16)   Evacuate Collection Set: 3.1ms
[2024-12-08T18:52:36.463+0000][4.739s][info ][gc,phases   ] GC(16)   Post Evacuate Collection Set: 0.8ms
[2024-12-08T18:52:36.463+0000][4.739s][info ][gc,phases   ] GC(16)   Other: 0.3ms
[2024-12-08T18:52:36.463+0000][4.739s][info ][gc,heap     ] GC(16) Eden regions: 80->0(79)
[2024-12-08T18:52:36.464+0000][4.739s][info ][gc,heap     ] GC(16) Survivor regions: 6->7(11)
[2024-12-08T18:52:36.464+0000][4.739s][info ][gc,heap     ] GC(16) Old regions: 22->22
[2024-12-08T18:52:36.464+0000][4.740s][info ][gc,heap     ] GC(16) Archive regions: 2->2
[2024-12-08T18:52:36.464+0000][4.740s][info ][gc,heap     ] GC(16) Humongous regions: 0->0
[2024-12-08T18:52:36.464+0000][4.740s][info ][gc,metaspace] GC(16) Metaspace: 34538K(34944K)->34538K(34944K) NonClass: 30253K(30464K)->30253K(30464K) Class: 4284K(4480K)->4284K(4480K)
[2024-12-08T18:52:36.464+0000][4.740s][info ][gc          ] GC(16) Pause Young (Normal) (G1 Evacuation Pause) 216M->59M(288M) 5.699ms
[2024-12-08T18:52:36.464+0000][4.740s][info ][gc,cpu      ] GC(16) User=0.03s Sys=0.00s Real=0.00s
[2024-12-08T18:52:36.464+0000][4.740s][info ][safepoint   ] Safepoint "G1CollectForAllocation", Time since last: 57940664 ns, Reaching safepoint: 212775 ns, Cleanup: 11565 ns, At safepoint: 5978864 ns, Total: 6203204 ns
[2024-12-08T18:52:36.665+0000][4.941s][debug][safepoint   ] Safepoint synchronization initiated using futex wait barrier. (15 threads)
[2024-12-08T18:52:36.665+0000][4.941s][info ][safepoint   ] Safepoint "ICBufferFull", Time since last: 200680276 ns, Reaching safepoint: 231720 ns, Cleanup: 136933 ns, At safepoint: 3006 ns, Total: 371659 ns
[2024-12-08T18:52:36.963+0000][5.239s][debug][safepoint   ] Safepoint synchronization initiated using futex wait barrier. (15 threads)
[2024-12-08T18:52:36.964+0000][5.240s][info ][gc,start    ] GC(17) Pause Young (Normal) (G1 Evacuation Pause)
[2024-12-08T18:52:36.964+0000][5.240s][info ][gc,task     ] GC(17) Using 6 workers of 10 for evacuation
[2024-12-08T18:52:36.971+0000][5.247s][info ][gc,phases   ] GC(17)   Pre Evacuate Collection Set: 0.1ms
[2024-12-08T18:52:36.971+0000][5.247s][info ][gc,phases   ] GC(17)   Merge Heap Roots: 0.1ms
[2024-12-08T18:52:36.972+0000][5.247s][info ][gc,phases   ] GC(17)   Evacuate Collection Set: 5.7ms
[2024-12-08T18:52:36.972+0000][5.248s][info ][gc,phases   ] GC(17)   Post Evacuate Collection Set: 0.8ms
[2024-12-08T18:52:36.972+0000][5.248s][info ][gc,phases   ] GC(17)   Other: 0.4ms
[2024-12-08T18:52:36.972+0000][5.248s][info ][gc,heap     ] GC(17) Eden regions: 79->0(80)
[2024-12-08T18:52:36.972+0000][5.248s][info ][gc,heap     ] GC(17) Survivor regions: 7->6(11)
[2024-12-08T18:52:36.972+0000][5.248s][info ][gc,heap     ] GC(17) Old regions: 22->24
[2024-12-08T18:52:36.972+0000][5.248s][info ][gc,heap     ] GC(17) Archive regions: 2->2
[2024-12-08T18:52:36.973+0000][5.248s][info ][gc,heap     ] GC(17) Humongous regions: 0->0
[2024-12-08T18:52:36.973+0000][5.248s][info ][gc,metaspace] GC(17) Metaspace: 38180K(38592K)->38180K(38592K) NonClass: 33344K(33536K)->33344K(33536K) Class: 4835K(5056K)->4835K(5056K)
[2024-12-08T18:52:36.973+0000][5.249s][info ][gc          ] GC(17) Pause Young (Normal) (G1 Evacuation Pause) 217M->58M(288M) 8.718ms
[2024-12-08T18:52:36.973+0000][5.249s][info ][gc,cpu      ] GC(17) User=0.06s Sys=0.00s Real=0.01s
[2024-12-08T18:52:36.973+0000][5.249s][info ][safepoint   ] Safepoint "G1CollectForAllocation", Time since last: 297582447 ns, Reaching safepoint: 1073821 ns, Cleanup: 101356 ns, At safepoint: 9017264 ns, Total: 10192441 ns
[2024-12-08T18:52:37.555+0000][5.831s][debug][safepoint   ] Safepoint synchronization initiated using futex wait barrier. (15 threads)
[2024-12-08T18:52:37.560+0000][5.836s][info ][gc,start    ] GC(18) Pause Young (Concurrent Start) (Metadata GC Threshold)
[2024-12-08T18:52:37.561+0000][5.837s][info ][gc,task     ] GC(18) Using 6 workers of 10 for evacuation
[2024-12-08T18:52:37.566+0000][5.842s][info ][gc,phases   ] GC(18)   Pre Evacuate Collection Set: 0.1ms
[2024-12-08T18:52:37.566+0000][5.842s][info ][gc,phases   ] GC(18)   Merge Heap Roots: 0.1ms
[2024-12-08T18:52:37.566+0000][5.842s][info ][gc,phases   ] GC(18)   Evacuate Collection Set: 3.7ms
[2024-12-08T18:52:37.567+0000][5.842s][info ][gc,phases   ] GC(18)   Post Evacuate Collection Set: 1.0ms
[2024-12-08T18:52:37.567+0000][5.843s][info ][gc,phases   ] GC(18)   Other: 0.8ms
[2024-12-08T18:52:37.567+0000][5.843s][info ][gc,heap     ] GC(18) Eden regions: 64->0(79)
[2024-12-08T18:52:37.567+0000][5.843s][info ][gc,heap     ] GC(18) Survivor regions: 6->7(11)
[2024-12-08T18:52:37.567+0000][5.843s][info ][gc,heap     ] GC(18) Old regions: 24->24
[2024-12-08T18:52:37.567+0000][5.843s][info ][gc,heap     ] GC(18) Archive regions: 2->2
[2024-12-08T18:52:37.568+0000][5.843s][info ][gc,heap     ] GC(18) Humongous regions: 0->0
[2024-12-08T18:52:37.568+0000][5.844s][info ][gc,metaspace] GC(18) Metaspace: 41050K(41408K)->41050K(41408K) NonClass: 35907K(36096K)->35907K(36096K) Class: 5143K(5312K)->5143K(5312K)
[2024-12-08T18:52:37.568+0000][5.844s][info ][gc          ] GC(18) Pause Young (Concurrent Start) (Metadata GC Threshold) 185M->60M(288M) 7.622ms
[2024-12-08T18:52:37.568+0000][5.844s][info ][gc,cpu      ] GC(18) User=0.06s Sys=0.00s Real=0.01s
[2024-12-08T18:52:37.568+0000][5.844s][info ][gc          ] GC(19) Concurrent Mark Cycle
[2024-12-08T18:52:37.568+0000][5.844s][info ][safepoint   ] Safepoint "CollectForMetadataAllocation", Time since last: 582180640 ns, Reaching safepoint: 4815116 ns, Cleanup: 132631 ns, At safepoint: 8053750 ns, Total: 13001497 ns
[2024-12-08T18:52:37.568+0000][5.844s][info ][gc,marking  ] GC(19) Concurrent Clear Claimed Marks
[2024-12-08T18:52:37.569+0000][5.845s][info ][gc,marking  ] GC(19) Concurrent Clear Claimed Marks 0.765ms
[2024-12-08T18:52:37.569+0000][5.845s][info ][gc,marking  ] GC(19) Concurrent Scan Root Regions
[2024-12-08T18:52:37.573+0000][5.849s][info ][gc,marking  ] GC(19) Concurrent Scan Root Regions 3.454ms
[2024-12-08T18:52:37.575+0000][5.851s][info ][gc,marking  ] GC(19) Concurrent Mark
[2024-12-08T18:52:37.575+0000][5.851s][info ][gc,marking  ] GC(19) Concurrent Mark From Roots
[2024-12-08T18:52:37.575+0000][5.851s][info ][gc,task     ] GC(19) Using 3 workers of 3 for marking
[2024-12-08T18:52:37.600+0000][5.876s][info ][gc,marking  ] GC(19) Concurrent Mark From Roots 24.656ms
[2024-12-08T18:52:37.600+0000][5.876s][info ][gc,marking  ] GC(19) Concurrent Preclean
[2024-12-08T18:52:37.601+0000][5.876s][info ][gc,marking  ] GC(19) Concurrent Preclean 0.444ms
[2024-12-08T18:52:37.601+0000][5.877s][debug][safepoint   ] Safepoint synchronization initiated using futex wait barrier. (15 threads)
[2024-12-08T18:52:37.601+0000][5.877s][debug][safepoint   ] ... found polling page loop exception at pc = 0x00007f986d293ab4, stub =0x00007f986cb10400
[2024-12-08T18:52:37.601+0000][5.877s][info ][gc,start    ] GC(19) Pause Remark
[2024-12-08T18:52:37.604+0000][5.880s][info ][gc          ] GC(19) Pause Remark 65M->65M(240M) 2.784ms
[2024-12-08T18:52:37.604+0000][5.880s][info ][gc,cpu      ] GC(19) User=0.02s Sys=0.00s Real=0.00s
[2024-12-08T18:52:37.604+0000][5.880s][info ][safepoint   ] Safepoint "G1PauseRemark", Time since last: 32374687 ns, Reaching safepoint: 407623 ns, Cleanup: 8586 ns, At safepoint: 3107262 ns, Total: 3523471 ns
[2024-12-08T18:52:37.604+0000][5.880s][info ][gc,marking  ] GC(19) Concurrent Mark 29.398ms
[2024-12-08T18:52:37.605+0000][5.880s][info ][gc,marking  ] GC(19) Concurrent Rebuild Remembered Sets
[2024-12-08T18:52:37.614+0000][5.890s][info ][gc,marking  ] GC(19) Concurrent Rebuild Remembered Sets 9.468ms
[2024-12-08T18:52:37.614+0000][5.890s][debug][safepoint   ] Safepoint synchronization initiated using futex wait barrier. (15 threads)
[2024-12-08T18:52:37.615+0000][5.890s][info ][gc,start    ] GC(19) Pause Cleanup
[2024-12-08T18:52:37.615+0000][5.891s][info ][gc          ] GC(19) Pause Cleanup 67M->67M(240M) 0.259ms
[2024-12-08T18:52:37.615+0000][5.891s][info ][gc,cpu      ] GC(19) User=0.00s Sys=0.00s Real=0.00s
[2024-12-08T18:52:37.615+0000][5.891s][info ][safepoint   ] Safepoint "G1PauseCleanup", Time since last: 10062352 ns, Reaching safepoint: 251915 ns, Cleanup: 6336 ns, At safepoint: 589367 ns, Total: 847618 ns
[2024-12-08T18:52:37.615+0000][5.891s][info ][gc,marking  ] GC(19) Concurrent Cleanup for Next Mark
[2024-12-08T18:52:37.616+0000][5.892s][info ][gc,marking  ] GC(19) Concurrent Cleanup for Next Mark 0.677ms
[2024-12-08T18:52:37.616+0000][5.892s][info ][gc          ] GC(19) Concurrent Mark Cycle 47.917ms
[2024-12-08T18:52:38.297+0000][6.573s][debug][safepoint   ] Safepoint synchronization initiated using futex wait barrier. (15 threads)
[2024-12-08T18:52:38.298+0000][6.574s][info ][gc,start    ] GC(20) Pause Young (Prepare Mixed) (G1 Evacuation Pause)
[2024-12-08T18:52:38.298+0000][6.574s][info ][gc,task     ] GC(20) Using 5 workers of 10 for evacuation
[2024-12-08T18:52:38.307+0000][6.583s][info ][gc,phases   ] GC(20)   Pre Evacuate Collection Set: 0.1ms
[2024-12-08T18:52:38.308+0000][6.583s][info ][gc,phases   ] GC(20)   Merge Heap Roots: 0.1ms
[2024-12-08T18:52:38.308+0000][6.584s][info ][gc,phases   ] GC(20)   Evacuate Collection Set: 8.1ms
[2024-12-08T18:52:38.308+0000][6.584s][info ][gc,phases   ] GC(20)   Post Evacuate Collection Set: 0.8ms
[2024-12-08T18:52:38.308+0000][6.584s][info ][gc,phases   ] GC(20)   Other: 0.4ms
[2024-12-08T18:52:38.308+0000][6.584s][info ][gc,heap     ] GC(20) Eden regions: 65->0(1)
[2024-12-08T18:52:38.308+0000][6.584s][info ][gc,heap     ] GC(20) Survivor regions: 7->5(9)
[2024-12-08T18:52:38.308+0000][6.584s][info ][gc,heap     ] GC(20) Old regions: 24->26
[2024-12-08T18:52:38.309+0000][6.584s][info ][gc,heap     ] GC(20) Archive regions: 2->2
[2024-12-08T18:52:38.309+0000][6.584s][info ][gc,heap     ] GC(20) Humongous regions: 0->0
[2024-12-08T18:52:38.309+0000][6.585s][info ][gc,metaspace] GC(20) Metaspace: 42927K(43328K)->42927K(43328K) NonClass: 37444K(37632K)->37444K(37632K) Class: 5483K(5696K)->5483K(5696K)
[2024-12-08T18:52:38.309+0000][6.585s][info ][gc          ] GC(20) Pause Young (Prepare Mixed) (G1 Evacuation Pause) 190M->61M(240M) 11.101ms
[2024-12-08T18:52:38.309+0000][6.585s][info ][gc,cpu      ] GC(20) User=0.05s Sys=0.00s Real=0.01s
[2024-12-08T18:52:38.309+0000][6.585s][info ][safepoint   ] Safepoint "G1CollectForAllocation", Time since last: 682211633 ns, Reaching safepoint: 337064 ns, Cleanup: 114442 ns, At safepoint: 11411596 ns, Total: 11863102 ns
[2024-12-08T18:52:38.318+0000][6.594s][debug][safepoint   ] Safepoint synchronization initiated using futex wait barrier. (15 threads)
[2024-12-08T18:52:38.318+0000][6.594s][info ][gc,start    ] GC(21) Pause Young (Mixed) (G1 Evacuation Pause)
[2024-12-08T18:52:38.319+0000][6.594s][info ][gc,task     ] GC(21) Using 5 workers of 10 for evacuation
[2024-12-08T18:52:38.323+0000][6.599s][info ][gc,phases   ] GC(21)   Pre Evacuate Collection Set: 0.1ms
[2024-12-08T18:52:38.323+0000][6.599s][info ][gc,phases   ] GC(21)   Merge Heap Roots: 0.1ms
[2024-12-08T18:52:38.323+0000][6.599s][info ][gc,phases   ] GC(21)   Evacuate Collection Set: 3.4ms
[2024-12-08T18:52:38.324+0000][6.599s][info ][gc,phases   ] GC(21)   Post Evacuate Collection Set: 0.7ms
[2024-12-08T18:52:38.324+0000][6.600s][info ][gc,phases   ] GC(21)   Other: 0.3ms
[2024-12-08T18:52:38.324+0000][6.600s][info ][gc,heap     ] GC(21) Eden regions: 1->0(85)
[2024-12-08T18:52:38.324+0000][6.600s][info ][gc,heap     ] GC(21) Survivor regions: 5->1(1)
[2024-12-08T18:52:38.324+0000][6.600s][info ][gc,heap     ] GC(21) Old regions: 26->30
[2024-12-08T18:52:38.324+0000][6.600s][info ][gc,heap     ] GC(21) Archive regions: 2->2
[2024-12-08T18:52:38.324+0000][6.600s][info ][gc,heap     ] GC(21) Humongous regions: 0->0
[2024-12-08T18:52:38.325+0000][6.600s][info ][gc,metaspace] GC(21) Metaspace: 42985K(43392K)->42985K(43392K) NonClass: 37494K(37696K)->37494K(37696K) Class: 5490K(5696K)->5490K(5696K)
[2024-12-08T18:52:38.325+0000][6.600s][info ][gc          ] GC(21) Pause Young (Mixed) (G1 Evacuation Pause) 63M->61M(288M) 6.186ms
[2024-12-08T18:52:38.325+0000][6.601s][info ][gc,cpu      ] GC(21) User=0.02s Sys=0.00s Real=0.00s
[2024-12-08T18:52:38.325+0000][6.601s][info ][safepoint   ] Safepoint "G1CollectForAllocation", Time since last: 8989314 ns, Reaching safepoint: 226473 ns, Cleanup: 3006 ns, At safepoint: 6481048 ns, Total: 6710527 ns
[2024-12-08T18:52:38.851+0000][7.127s][debug][safepoint   ] Safepoint synchronization initiated using futex wait barrier. (15 threads)
[2024-12-08T18:52:38.851+0000][7.127s][info ][safepoint   ] Safepoint "ICBufferFull", Time since last: 525919736 ns, Reaching safepoint: 324581 ns, Cleanup: 153529 ns, At safepoint: 2583 ns, Total: 480693 ns
[2024-12-08T18:52:39.313+0000][7.589s][debug][safepoint   ] Safepoint synchronization initiated using futex wait barrier. (15 threads)
[2024-12-08T18:52:39.313+0000][7.589s][info ][gc,start    ] GC(22) Pause Young (Normal) (G1 Evacuation Pause)
[2024-12-08T18:52:39.313+0000][7.589s][info ][gc,task     ] GC(22) Using 6 workers of 10 for evacuation
[2024-12-08T18:52:39.316+0000][7.592s][info ][gc,phases   ] GC(22)   Pre Evacuate Collection Set: 0.1ms
[2024-12-08T18:52:39.316+0000][7.592s][info ][gc,phases   ] GC(22)   Merge Heap Roots: 0.1ms
[2024-12-08T18:52:39.316+0000][7.592s][info ][gc,phases   ] GC(22)   Evacuate Collection Set: 1.9ms
[2024-12-08T18:52:39.316+0000][7.592s][info ][gc,phases   ] GC(22)   Post Evacuate Collection Set: 0.6ms
[2024-12-08T18:52:39.316+0000][7.592s][info ][gc,phases   ] GC(22)   Other: 0.3ms
[2024-12-08T18:52:39.317+0000][7.592s][info ][gc,heap     ] GC(22) Eden regions: 85->0(84)
[2024-12-08T18:52:39.317+0000][7.592s][info ][gc,heap     ] GC(22) Survivor regions: 1->2(11)
[2024-12-08T18:52:39.317+0000][7.593s][info ][gc,heap     ] GC(22) Old regions: 30->30
[2024-12-08T18:52:39.317+0000][7.593s][info ][gc,heap     ] GC(22) Archive regions: 2->2
[2024-12-08T18:52:39.317+0000][7.593s][info ][gc,heap     ] GC(22) Humongous regions: 0->0
[2024-12-08T18:52:39.317+0000][7.593s][info ][gc,metaspace] GC(22) Metaspace: 49153K(49600K)->49153K(49600K) NonClass: 42863K(43072K)->42863K(43072K) Class: 6290K(6528K)->6290K(6528K)
[2024-12-08T18:52:39.317+0000][7.593s][info ][gc          ] GC(22) Pause Young (Normal) (G1 Evacuation Pause) 231M->64M(288M) 3.991ms
[2024-12-08T18:52:39.317+0000][7.593s][info ][gc,cpu      ] GC(22) User=0.04s Sys=0.00s Real=0.01s
[2024-12-08T18:52:39.317+0000][7.593s][info ][safepoint   ] Safepoint "G1CollectForAllocation", Time since last: 461481435 ns, Reaching safepoint: 182733 ns, Cleanup: 70397 ns, At safepoint: 4203349 ns, Total: 4456479 ns
[2024-12-08T18:52:40.608+0000][8.884s][debug][safepoint   ] Safepoint synchronization initiated using futex wait barrier. (17 threads)
[2024-12-08T18:52:40.608+0000][8.884s][info ][safepoint   ] Safepoint "Cleanup", Time since last: 1290821682 ns, Reaching safepoint: 305866 ns, Cleanup: 101428 ns, At safepoint: 11871 ns, Total: 419165 ns
[2024-12-08T18:52:40.710+0000][8.986s][debug][safepoint   ] Safepoint synchronization initiated using futex wait barrier. (17 threads)
[2024-12-08T18:52:40.711+0000][8.986s][info ][safepoint   ] Safepoint "ICBufferFull", Time since last: 101661910 ns, Reaching safepoint: 289697 ns, Cleanup: 86597 ns, At safepoint: 19521 ns, Total: 395815 ns
[2024-12-08T18:52:40.820+0000][9.096s][debug][safepoint   ] ... found polling page loop exception at pc = 0x00007f986d2fd6de, stub =0x00007f986cb10400
[2024-12-08T18:52:41.075+0000][9.351s][debug][safepoint   ] Safepoint synchronization initiated using futex wait barrier. (17 threads)
[2024-12-08T18:52:41.075+0000][9.351s][info ][gc,start    ] GC(23) Pause Young (Normal) (G1 Evacuation Pause)
[2024-12-08T18:52:41.075+0000][9.351s][info ][gc,task     ] GC(23) Using 6 workers of 10 for evacuation
[2024-12-08T18:52:41.080+0000][9.356s][info ][gc,phases   ] GC(23)   Pre Evacuate Collection Set: 0.1ms
[2024-12-08T18:52:41.080+0000][9.356s][info ][gc,phases   ] GC(23)   Merge Heap Roots: 0.1ms
[2024-12-08T18:52:41.080+0000][9.356s][info ][gc,phases   ] GC(23)   Evacuate Collection Set: 3.6ms
[2024-12-08T18:52:41.080+0000][9.356s][info ][gc,phases   ] GC(23)   Post Evacuate Collection Set: 0.8ms
[2024-12-08T18:52:41.081+0000][9.356s][info ][gc,phases   ] GC(23)   Other: 0.3ms
[2024-12-08T18:52:41.081+0000][9.356s][info ][gc,heap     ] GC(23) Eden regions: 84->0(82)
[2024-12-08T18:52:41.081+0000][9.357s][info ][gc,heap     ] GC(23) Survivor regions: 2->4(11)
[2024-12-08T18:52:41.081+0000][9.357s][info ][gc,heap     ] GC(23) Old regions: 30->30
[2024-12-08T18:52:41.081+0000][9.357s][info ][gc,heap     ] GC(23) Archive regions: 2->2
[2024-12-08T18:52:41.081+0000][9.357s][info ][gc,heap     ] GC(23) Humongous regions: 0->0
[2024-12-08T18:52:41.081+0000][9.357s][info ][gc,metaspace] GC(23) Metaspace: 56200K(56640K)->56200K(56640K) NonClass: 49082K(49280K)->49082K(49280K) Class: 7118K(7360K)->7118K(7360K)
[2024-12-08T18:52:41.081+0000][9.357s][info ][gc          ] GC(23) Pause Young (Normal) (G1 Evacuation Pause) 232M->67M(288M) 5.921ms
[2024-12-08T18:52:41.081+0000][9.357s][info ][gc,cpu      ] GC(23) User=0.05s Sys=0.00s Real=0.01s
[2024-12-08T18:52:41.081+0000][9.357s][info ][safepoint   ] Safepoint "G1CollectForAllocation", Time since last: 364456351 ns, Reaching safepoint: 194047 ns, Cleanup: 102967 ns, At safepoint: 6141006 ns, Total: 6438020 ns
[2024-12-08T18:52:41.637+0000][9.912s][debug][safepoint   ] Safepoint synchronization initiated using futex wait barrier. (20 threads)
[2024-12-08T18:52:41.637+0000][9.913s][info ][gc,start    ] GC(24) Pause Young (Normal) (G1 Evacuation Pause)
[2024-12-08T18:52:41.637+0000][9.913s][info ][gc,task     ] GC(24) Using 6 workers of 10 for evacuation
[2024-12-08T18:52:41.641+0000][9.917s][info ][gc,phases   ] GC(24)   Pre Evacuate Collection Set: 0.1ms
[2024-12-08T18:52:41.641+0000][9.917s][info ][gc,phases   ] GC(24)   Merge Heap Roots: 0.1ms
[2024-12-08T18:52:41.642+0000][9.917s][info ][gc,phases   ] GC(24)   Evacuate Collection Set: 3.0ms
[2024-12-08T18:52:41.642+0000][9.917s][info ][gc,phases   ] GC(24)   Post Evacuate Collection Set: 0.8ms
[2024-12-08T18:52:41.642+0000][9.918s][info ][gc,phases   ] GC(24)   Other: 0.3ms
[2024-12-08T18:52:41.642+0000][9.918s][info ][gc,heap     ] GC(24) Eden regions: 82->0(81)
[2024-12-08T18:52:41.642+0000][9.918s][info ][gc,heap     ] GC(24) Survivor regions: 4->5(11)
[2024-12-08T18:52:41.642+0000][9.918s][info ][gc,heap     ] GC(24) Old regions: 30->30
[2024-12-08T18:52:41.642+0000][9.918s][info ][gc,heap     ] GC(24) Archive regions: 2->2
[2024-12-08T18:52:41.642+0000][9.918s][info ][gc,heap     ] GC(24) Humongous regions: 0->0
[2024-12-08T18:52:41.642+0000][9.918s][info ][gc,metaspace] GC(24) Metaspace: 62546K(63040K)->62546K(63040K) NonClass: 54585K(54848K)->54585K(54848K) Class: 7961K(8192K)->7961K(8192K)
[2024-12-08T18:52:41.642+0000][9.918s][info ][gc          ] GC(24) Pause Young (Normal) (G1 Evacuation Pause) 231M->69M(288M) 5.591ms
[2024-12-08T18:52:41.643+0000][9.918s][info ][gc,cpu      ] GC(24) User=0.03s Sys=0.00s Real=0.00s
[2024-12-08T18:52:41.643+0000][9.919s][info ][safepoint   ] Safepoint "G1CollectForAllocation", Time since last: 555169108 ns, Reaching safepoint: 176910 ns, Cleanup: 102023 ns, At safepoint: 5884667 ns, Total: 6163600 ns
[2024-12-08T18:52:42.017+0000][10.293s][debug][safepoint   ] Safepoint synchronization initiated using futex wait barrier. (20 threads)
[2024-12-08T18:52:42.018+0000][10.294s][info ][gc,start    ] GC(25) Pause Young (Normal) (G1 Evacuation Pause)
[2024-12-08T18:52:42.019+0000][10.294s][info ][gc,task     ] GC(25) Using 6 workers of 10 for evacuation
[2024-12-08T18:52:42.023+0000][10.299s][info ][gc,phases   ] GC(25)   Pre Evacuate Collection Set: 0.1ms
[2024-12-08T18:52:42.023+0000][10.299s][info ][gc,phases   ] GC(25)   Merge Heap Roots: 0.1ms
[2024-12-08T18:52:42.023+0000][10.299s][info ][gc,phases   ] GC(25)   Evacuate Collection Set: 3.3ms
[2024-12-08T18:52:42.023+0000][10.299s][info ][gc,phases   ] GC(25)   Post Evacuate Collection Set: 0.6ms
[2024-12-08T18:52:42.023+0000][10.299s][info ][gc,phases   ] GC(25)   Other: 0.3ms
[2024-12-08T18:52:42.024+0000][10.299s][info ][gc,heap     ] GC(25) Eden regions: 81->0(81)
[2024-12-08T18:52:42.024+0000][10.299s][info ][gc,heap     ] GC(25) Survivor regions: 5->5(11)
[2024-12-08T18:52:42.024+0000][10.300s][info ][gc,heap     ] GC(25) Old regions: 30->30
[2024-12-08T18:52:42.024+0000][10.300s][info ][gc,heap     ] GC(25) Archive regions: 2->2
[2024-12-08T18:52:42.024+0000][10.300s][info ][gc,heap     ] GC(25) Humongous regions: 0->0
[2024-12-08T18:52:42.024+0000][10.300s][info ][gc,metaspace] GC(25) Metaspace: 65166K(65664K)->65166K(65664K) NonClass: 56788K(57024K)->56788K(57024K) Class: 8378K(8640K)->8378K(8640K)
[2024-12-08T18:52:42.024+0000][10.300s][info ][gc          ] GC(25) Pause Young (Normal) (G1 Evacuation Pause) 231M->70M(288M) 5.691ms
[2024-12-08T18:52:42.024+0000][10.300s][info ][gc,cpu      ] GC(25) User=0.02s Sys=0.00s Real=0.00s
[2024-12-08T18:52:42.024+0000][10.300s][info ][safepoint   ] Safepoint "G1CollectForAllocation", Time since last: 374407784 ns, Reaching safepoint: 194523 ns, Cleanup: 1105203 ns, At safepoint: 5916197 ns, Total: 7215923 ns
[2024-12-08T18:52:42.303+0000][10.579s][debug][safepoint   ] Safepoint synchronization initiated using futex wait barrier. (20 threads)
[2024-12-08T18:52:42.303+0000][10.579s][info ][safepoint   ] Safepoint "ICBufferFull", Time since last: 278699934 ns, Reaching safepoint: 200122 ns, Cleanup: 95992 ns, At safepoint: 2502 ns, Total: 298616 ns
[2024-12-08T18:52:42.572+0000][10.848s][debug][safepoint   ] Safepoint synchronization initiated using futex wait barrier. (20 threads)
[2024-12-08T18:52:42.572+0000][10.848s][info ][safepoint   ] Safepoint "ICBufferFull", Time since last: 268505302 ns, Reaching safepoint: 189115 ns, Cleanup: 111094 ns, At safepoint: 19017 ns, Total: 319226 ns
[2024-12-08T18:52:42.583+0000][10.858s][debug][safepoint   ] Safepoint synchronization initiated using futex wait barrier. (20 threads)
[2024-12-08T18:52:42.583+0000][10.859s][info ][gc,start    ] GC(26) Pause Young (Concurrent Start) (Metadata GC Threshold)
[2024-12-08T18:52:42.583+0000][10.859s][info ][gc,task     ] GC(26) Using 6 workers of 10 for evacuation
[2024-12-08T18:52:42.588+0000][10.864s][info ][gc,phases   ] GC(26)   Pre Evacuate Collection Set: 0.1ms
[2024-12-08T18:52:42.588+0000][10.864s][info ][gc,phases   ] GC(26)   Merge Heap Roots: 0.1ms
[2024-12-08T18:52:42.589+0000][10.864s][info ][gc,phases   ] GC(26)   Evacuate Collection Set: 4.4ms
[2024-12-08T18:52:42.589+0000][10.864s][info ][gc,phases   ] GC(26)   Post Evacuate Collection Set: 0.7ms
[2024-12-08T18:52:42.589+0000][10.865s][info ][gc,phases   ] GC(26)   Other: 0.3ms
[2024-12-08T18:52:42.589+0000][10.865s][info ][gc,heap     ] GC(26) Eden regions: 77->0(79)
[2024-12-08T18:52:42.589+0000][10.865s][info ][gc,heap     ] GC(26) Survivor regions: 5->7(11)
[2024-12-08T18:52:42.589+0000][10.865s][info ][gc,heap     ] GC(26) Old regions: 30->30
[2024-12-08T18:52:42.589+0000][10.865s][info ][gc,heap     ] GC(26) Archive regions: 2->2
[2024-12-08T18:52:42.589+0000][10.865s][info ][gc,heap     ] GC(26) Humongous regions: 0->0
[2024-12-08T18:52:42.589+0000][10.865s][info ][gc,metaspace] GC(26) Metaspace: 68774K(69248K)->68774K(69248K) NonClass: 59962K(60224K)->59962K(60224K) Class: 8811K(9024K)->8811K(9024K)
[2024-12-08T18:52:42.589+0000][10.865s][info ][gc          ] GC(26) Pause Young (Concurrent Start) (Metadata GC Threshold) 224M->74M(288M) 6.665ms
[2024-12-08T18:52:42.590+0000][10.865s][info ][gc,cpu      ] GC(26) User=0.05s Sys=0.00s Real=0.01s
[2024-12-08T18:52:42.590+0000][10.865s][info ][gc          ] GC(27) Concurrent Mark Cycle
[2024-12-08T18:52:42.590+0000][10.866s][info ][gc,marking  ] GC(27) Concurrent Clear Claimed Marks
[2024-12-08T18:52:42.590+0000][10.865s][info ][safepoint   ] Safepoint "CollectForMetadataAllocation", Time since last: 10343773 ns, Reaching safepoint: 180556 ns, Cleanup: 11808 ns, At safepoint: 6923589 ns, Total: 7115953 ns
[2024-12-08T18:52:42.590+0000][10.866s][info ][gc,marking  ] GC(27) Concurrent Clear Claimed Marks 0.137ms
[2024-12-08T18:52:42.590+0000][10.866s][info ][gc,marking  ] GC(27) Concurrent Scan Root Regions
[2024-12-08T18:52:42.593+0000][10.869s][info ][gc,marking  ] GC(27) Concurrent Scan Root Regions 2.717ms
[2024-12-08T18:52:42.593+0000][10.869s][info ][gc,marking  ] GC(27) Concurrent Mark
[2024-12-08T18:52:42.593+0000][10.869s][info ][gc,marking  ] GC(27) Concurrent Mark From Roots
[2024-12-08T18:52:42.593+0000][10.869s][info ][gc,task     ] GC(27) Using 3 workers of 3 for marking
[2024-12-08T18:52:42.618+0000][10.894s][info ][gc,marking  ] GC(27) Concurrent Mark From Roots 25.132ms
[2024-12-08T18:52:42.618+0000][10.894s][info ][gc,marking  ] GC(27) Concurrent Preclean
[2024-12-08T18:52:42.619+0000][10.895s][info ][gc,marking  ] GC(27) Concurrent Preclean 0.305ms
[2024-12-08T18:52:42.619+0000][10.895s][debug][safepoint   ] Safepoint synchronization initiated using futex wait barrier. (20 threads)
[2024-12-08T18:52:42.619+0000][10.895s][info ][gc,start    ] GC(27) Pause Remark
[2024-12-08T18:52:42.622+0000][10.897s][info ][gc          ] GC(27) Pause Remark 80M->80M(280M) 2.583ms
[2024-12-08T18:52:42.622+0000][10.898s][info ][gc,cpu      ] GC(27) User=0.01s Sys=0.00s Real=0.00s
[2024-12-08T18:52:42.622+0000][10.898s][info ][safepoint   ] Safepoint "G1PauseRemark", Time since last: 29174866 ns, Reaching safepoint: 167722 ns, Cleanup: 13761 ns, At safepoint: 2823487 ns, Total: 3004970 ns
[2024-12-08T18:52:42.622+0000][10.898s][info ][gc,marking  ] GC(27) Concurrent Mark 29.019ms
[2024-12-08T18:52:42.622+0000][10.898s][info ][gc,marking  ] GC(27) Concurrent Rebuild Remembered Sets
[2024-12-08T18:52:42.631+0000][10.907s][info ][gc,marking  ] GC(27) Concurrent Rebuild Remembered Sets 8.607ms
[2024-12-08T18:52:42.631+0000][10.907s][debug][safepoint   ] Safepoint synchronization initiated using futex wait barrier. (20 threads)
[2024-12-08T18:52:42.631+0000][10.907s][info ][gc,start    ] GC(27) Pause Cleanup
[2024-12-08T18:52:42.631+0000][10.907s][info ][gc          ] GC(27) Pause Cleanup 80M->80M(280M) 0.163ms
[2024-12-08T18:52:42.631+0000][10.907s][info ][gc,cpu      ] GC(27) User=0.00s Sys=0.00s Real=0.00s
[2024-12-08T18:52:42.632+0000][10.907s][info ][safepoint   ] Safepoint "G1PauseCleanup", Time since last: 9079484 ns, Reaching safepoint: 184326 ns, Cleanup: 8316 ns, At safepoint: 419843 ns, Total: 612485 ns
[2024-12-08T18:52:42.632+0000][10.907s][info ][gc,marking  ] GC(27) Concurrent Cleanup for Next Mark
[2024-12-08T18:52:42.632+0000][10.908s][info ][gc,marking  ] GC(27) Concurrent Cleanup for Next Mark 0.504ms
[2024-12-08T18:52:42.632+0000][10.908s][info ][gc          ] GC(27) Concurrent Mark Cycle 42.647ms
[2024-12-08T18:52:42.846+0000][11.122s][debug][safepoint   ] Safepoint synchronization initiated using futex wait barrier. (20 threads)
[2024-12-08T18:52:42.847+0000][11.122s][info ][safepoint   ] Safepoint "ICBufferFull", Time since last: 214685990 ns, Reaching safepoint: 162358 ns, Cleanup: 98954 ns, At safepoint: 21321 ns, Total: 282633 ns
[2024-12-08T18:52:42.946+0000][11.222s][debug][safepoint   ] Safepoint synchronization initiated using futex wait barrier. (20 threads)
[2024-12-08T18:52:42.946+0000][11.222s][info ][safepoint   ] Safepoint "ICBufferFull", Time since last: 99614014 ns, Reaching safepoint: 191481 ns, Cleanup: 98702 ns, At safepoint: 14625 ns, Total: 304808 ns
[2024-12-08T18:52:43.070+0000][11.346s][debug][safepoint   ] Safepoint synchronization initiated using futex wait barrier. (20 threads)
[2024-12-08T18:52:43.071+0000][11.347s][info ][gc,start    ] GC(28) Pause Young (Prepare Mixed) (G1 Evacuation Pause)
[2024-12-08T18:52:43.071+0000][11.347s][info ][gc,task     ] GC(28) Using 6 workers of 10 for evacuation
[2024-12-08T18:52:43.077+0000][11.353s][info ][gc,phases   ] GC(28)   Pre Evacuate Collection Set: 0.1ms
[2024-12-08T18:52:43.077+0000][11.353s][info ][gc,phases   ] GC(28)   Merge Heap Roots: 0.1ms
[2024-12-08T18:52:43.077+0000][11.353s][info ][gc,phases   ] GC(28)   Evacuate Collection Set: 5.0ms
[2024-12-08T18:52:43.077+0000][11.353s][info ][gc,phases   ] GC(28)   Post Evacuate Collection Set: 0.7ms
[2024-12-08T18:52:43.077+0000][11.353s][info ][gc,phases   ] GC(28)   Other: 0.3ms
[2024-12-08T18:52:43.077+0000][11.353s][info ][gc,heap     ] GC(28) Eden regions: 77->0(1)
[2024-12-08T18:52:43.077+0000][11.353s][info ][gc,heap     ] GC(28) Survivor regions: 7->6(11)
[2024-12-08T18:52:43.077+0000][11.353s][info ][gc,heap     ] GC(28) Old regions: 30->32
[2024-12-08T18:52:43.078+0000][11.353s][info ][gc,heap     ] GC(28) Archive regions: 2->2
[2024-12-08T18:52:43.078+0000][11.353s][info ][gc,heap     ] GC(28) Humongous regions: 0->0
[2024-12-08T18:52:43.078+0000][11.354s][info ][gc,metaspace] GC(28) Metaspace: 74561K(75008K)->74561K(75008K) NonClass: 64873K(65088K)->64873K(65088K) Class: 9687K(9920K)->9687K(9920K)
[2024-12-08T18:52:43.078+0000][11.354s][info ][gc          ] GC(28) Pause Young (Prepare Mixed) (G1 Evacuation Pause) 228M->75M(280M) 7.104ms
[2024-12-08T18:52:43.078+0000][11.354s][info ][gc,cpu      ] GC(28) User=0.03s Sys=0.00s Real=0.01s
[2024-12-08T18:52:43.078+0000][11.354s][info ][safepoint   ] Safepoint "G1CollectForAllocation", Time since last: 123910859 ns, Reaching safepoint: 294494 ns, Cleanup: 35199 ns, At safepoint: 7268301 ns, Total: 7597994 ns
[2024-12-08T18:52:43.082+0000][11.358s][debug][safepoint   ] Safepoint synchronization initiated using futex wait barrier. (20 threads)
[2024-12-08T18:52:43.083+0000][11.358s][info ][gc,start    ] GC(29) Pause Young (Mixed) (G1 Evacuation Pause)
[2024-12-08T18:52:43.083+0000][11.358s][info ][gc,task     ] GC(29) Using 6 workers of 10 for evacuation
[2024-12-08T18:52:43.087+0000][11.363s][info ][gc,phases   ] GC(29)   Pre Evacuate Collection Set: 0.1ms
[2024-12-08T18:52:43.087+0000][11.363s][info ][gc,phases   ] GC(29)   Merge Heap Roots: 0.1ms
[2024-12-08T18:52:43.087+0000][11.363s][info ][gc,phases   ] GC(29)   Evacuate Collection Set: 3.3ms
[2024-12-08T18:52:43.087+0000][11.363s][info ][gc,phases   ] GC(29)   Post Evacuate Collection Set: 0.5ms
[2024-12-08T18:52:43.087+0000][11.363s][info ][gc,phases   ] GC(29)   Other: 0.2ms
[2024-12-08T18:52:43.087+0000][11.363s][info ][gc,heap     ] GC(29) Eden regions: 1->0(81)
[2024-12-08T18:52:43.087+0000][11.363s][info ][gc,heap     ] GC(29) Survivor regions: 6->1(1)
[2024-12-08T18:52:43.087+0000][11.363s][info ][gc,heap     ] GC(29) Old regions: 32->37
[2024-12-08T18:52:43.087+0000][11.363s][info ][gc,heap     ] GC(29) Archive regions: 2->2
[2024-12-08T18:52:43.088+0000][11.363s][info ][gc,heap     ] GC(29) Humongous regions: 0->0
[2024-12-08T18:52:43.088+0000][11.363s][info ][gc,metaspace] GC(29) Metaspace: 74615K(75072K)->74615K(75072K) NonClass: 64927K(65152K)->64927K(65152K) Class: 9687K(9920K)->9687K(9920K)
[2024-12-08T18:52:43.088+0000][11.364s][info ][gc          ] GC(29) Pause Young (Mixed) (G1 Evacuation Pause) 77M->76M(280M) 5.203ms
[2024-12-08T18:52:43.088+0000][11.364s][info ][gc,cpu      ] GC(29) User=0.03s Sys=0.00s Real=0.01s
[2024-12-08T18:52:43.088+0000][11.364s][info ][safepoint   ] Safepoint "G1CollectForAllocation", Time since last: 4480151 ns, Reaching safepoint: 117026 ns, Cleanup: 1800 ns, At safepoint: 5464087 ns, Total: 5582913 ns
[2024-12-08T18:52:43.622+0000][11.898s][debug][safepoint   ] Safepoint synchronization initiated using futex wait barrier. (19 threads)
[2024-12-08T18:52:43.622+0000][11.898s][info ][gc,start    ] GC(30) Pause Young (Normal) (G1 Evacuation Pause)
[2024-12-08T18:52:43.622+0000][11.898s][info ][gc,task     ] GC(30) Using 6 workers of 10 for evacuation
[2024-12-08T18:52:43.625+0000][11.901s][info ][gc,phases   ] GC(30)   Pre Evacuate Collection Set: 0.1ms
[2024-12-08T18:52:43.625+0000][11.901s][info ][gc,phases   ] GC(30)   Merge Heap Roots: 0.1ms
[2024-12-08T18:52:43.625+0000][11.901s][info ][gc,phases   ] GC(30)   Evacuate Collection Set: 1.5ms
[2024-12-08T18:52:43.625+0000][11.901s][info ][gc,phases   ] GC(30)   Post Evacuate Collection Set: 0.7ms
[2024-12-08T18:52:43.625+0000][11.901s][info ][gc,phases   ] GC(30)   Other: 0.3ms
[2024-12-08T18:52:43.625+0000][11.901s][info ][gc,heap     ] GC(30) Eden regions: 81->0(82)
[2024-12-08T18:52:43.625+0000][11.901s][info ][gc,heap     ] GC(30) Survivor regions: 1->1(11)
[2024-12-08T18:52:43.626+0000][11.901s][info ][gc,heap     ] GC(30) Old regions: 37->37
[2024-12-08T18:52:43.626+0000][11.902s][info ][gc,heap     ] GC(30) Archive regions: 2->2
[2024-12-08T18:52:43.626+0000][11.902s][info ][gc,heap     ] GC(30) Humongous regions: 0->0
[2024-12-08T18:52:43.626+0000][11.902s][info ][gc,metaspace] GC(30) Metaspace: 78175K(78656K)->78175K(78656K) NonClass: 67909K(68160K)->67909K(68160K) Class: 10266K(10496K)->10266K(10496K)
[2024-12-08T18:52:43.626+0000][11.902s][info ][gc          ] GC(30) Pause Young (Normal) (G1 Evacuation Pause) 238M->75M(280M) 3.982ms
[2024-12-08T18:52:43.626+0000][11.902s][info ][gc,cpu      ] GC(30) User=0.02s Sys=0.00s Real=0.01s
[2024-12-08T18:52:43.626+0000][11.902s][info ][safepoint   ] Safepoint "G1CollectForAllocation", Time since last: 533720735 ns, Reaching safepoint: 226815 ns, Cleanup: 88937 ns, At safepoint: 4237458 ns, Total: 4553210 ns
[2024-12-08T18:52:43.759+0000][12.035s][debug][safepoint   ] Safepoint synchronization initiated using futex wait barrier. (21 threads)
[2024-12-08T18:52:43.760+0000][12.035s][info ][safepoint   ] Safepoint "ICBufferFull", Time since last: 133052847 ns, Reaching safepoint: 207730 ns, Cleanup: 95399 ns, At safepoint: 2052 ns, Total: 305181 ns
[2024-12-08T18:52:43.791+0000][12.066s][debug][safepoint   ] Safepoint synchronization initiated using futex wait barrier. (21 threads)
[2024-12-08T18:52:43.791+0000][12.067s][info ][safepoint   ] Safepoint "ICBufferFull", Time since last: 30933894 ns, Reaching safepoint: 217032 ns, Cleanup: 73799 ns, At safepoint: 13842 ns, Total: 304673 ns
[2024-12-08T18:52:43.855+0000][12.130s][debug][safepoint   ] Safepoint synchronization initiated using futex wait barrier. (21 threads)
[2024-12-08T18:52:43.855+0000][12.131s][info ][safepoint   ] Safepoint "ICBufferFull", Time since last: 63704350 ns, Reaching safepoint: 414089 ns, Cleanup: 117340 ns, At safepoint: 20430 ns, Total: 551859 ns
[2024-12-08T18:52:43.941+0000][12.217s][debug][safepoint   ] Safepoint synchronization initiated using futex wait barrier. (21 threads)
[2024-12-08T18:52:43.942+0000][12.218s][info ][safepoint   ] Safepoint "ICBufferFull", Time since last: 86360580 ns, Reaching safepoint: 221533 ns, Cleanup: 102832 ns, At safepoint: 17280 ns, Total: 341645 ns
[2024-12-08T18:52:44.012+0000][12.287s][debug][safepoint   ] Safepoint synchronization initiated using futex wait barrier. (21 threads)
[2024-12-08T18:52:44.012+0000][12.288s][info ][safepoint   ] Safepoint "ICBufferFull", Time since last: 69808080 ns, Reaching safepoint: 210067 ns, Cleanup: 80557 ns, At safepoint: 14940 ns, Total: 305564 ns
[2024-12-08T18:52:44.326+0000][12.602s][debug][safepoint   ] Safepoint synchronization initiated using futex wait barrier. (21 threads)
[2024-12-08T18:52:44.326+0000][12.602s][info ][gc,start    ] GC(31) Pause Young (Normal) (G1 Evacuation Pause)
[2024-12-08T18:52:44.326+0000][12.602s][info ][gc,task     ] GC(31) Using 6 workers of 10 for evacuation
[2024-12-08T18:52:44.329+0000][12.605s][info ][gc,phases   ] GC(31)   Pre Evacuate Collection Set: 0.1ms
[2024-12-08T18:52:44.329+0000][12.605s][info ][gc,phases   ] GC(31)   Merge Heap Roots: 0.1ms
[2024-12-08T18:52:44.329+0000][12.605s][info ][gc,phases   ] GC(31)   Evacuate Collection Set: 1.5ms
[2024-12-08T18:52:44.329+0000][12.605s][info ][gc,phases   ] GC(31)   Post Evacuate Collection Set: 0.6ms
[2024-12-08T18:52:44.329+0000][12.605s][info ][gc,phases   ] GC(31)   Other: 0.3ms
[2024-12-08T18:52:44.329+0000][12.605s][info ][gc,heap     ] GC(31) Eden regions: 82->0(81)
[2024-12-08T18:52:44.329+0000][12.605s][info ][gc,heap     ] GC(31) Survivor regions: 1->2(11)
[2024-12-08T18:52:44.329+0000][12.605s][info ][gc,heap     ] GC(31) Old regions: 37->37
[2024-12-08T18:52:44.330+0000][12.605s][info ][gc,heap     ] GC(31) Archive regions: 2->2
[2024-12-08T18:52:44.330+0000][12.605s][info ][gc,heap     ] GC(31) Humongous regions: 0->0
[2024-12-08T18:52:44.330+0000][12.606s][info ][gc,metaspace] GC(31) Metaspace: 82357K(82880K)->82357K(82880K) NonClass: 71543K(71808K)->71543K(71808K) Class: 10813K(11072K)->10813K(11072K)
[2024-12-08T18:52:44.330+0000][12.606s][info ][gc          ] GC(31) Pause Young (Normal) (G1 Evacuation Pause) 239M->77M(280M) 3.786ms
[2024-12-08T18:52:44.330+0000][12.606s][info ][gc,cpu      ] GC(31) User=0.01s Sys=0.00s Real=0.00s
[2024-12-08T18:52:44.330+0000][12.606s][info ][safepoint   ] Safepoint "G1CollectForAllocation", Time since last: 313737272 ns, Reaching safepoint: 235968 ns, Cleanup: 112309 ns, At safepoint: 4004326 ns, Total: 4352603 ns
[2024-12-08T18:52:44.612+0000][12.888s][debug][safepoint   ] Safepoint synchronization initiated using futex wait barrier. (21 threads)
[2024-12-08T18:52:44.612+0000][12.888s][info ][safepoint   ] Safepoint "ICBufferFull", Time since last: 281834421 ns, Reaching safepoint: 245787 ns, Cleanup: 107260 ns, At safepoint: 22716 ns, Total: 375763 ns
[2024-12-08T18:52:44.848+0000][13.124s][debug][safepoint   ] Safepoint synchronization initiated using futex wait barrier. (21 threads)
[2024-12-08T18:52:44.849+0000][13.125s][info ][safepoint   ] Safepoint "ICBufferFull", Time since last: 236229879 ns, Reaching safepoint: 230882 ns, Cleanup: 115667 ns, At safepoint: 19817 ns, Total: 366366 ns
[2024-12-08T18:52:45.016+0000][13.292s][debug][safepoint   ] Safepoint synchronization initiated using futex wait barrier. (21 threads)
[2024-12-08T18:52:45.018+0000][13.294s][info ][gc,start    ] GC(32) Pause Young (Normal) (G1 Evacuation Pause)
[2024-12-08T18:52:45.019+0000][13.295s][info ][gc,task     ] GC(32) Using 6 workers of 10 for evacuation
[2024-12-08T18:52:45.027+0000][13.303s][info ][gc,phases   ] GC(32)   Pre Evacuate Collection Set: 0.1ms
[2024-12-08T18:52:45.028+0000][13.304s][info ][gc,phases   ] GC(32)   Merge Heap Roots: 0.1ms
[2024-12-08T18:52:45.028+0000][13.304s][info ][gc,phases   ] GC(32)   Evacuate Collection Set: 4.3ms
[2024-12-08T18:52:45.029+0000][13.304s][info ][gc,phases   ] GC(32)   Post Evacuate Collection Set: 2.9ms
[2024-12-08T18:52:45.029+0000][13.304s][info ][gc,phases   ] GC(32)   Other: 1.2ms
[2024-12-08T18:52:45.029+0000][13.305s][info ][gc,heap     ] GC(32) Eden regions: 81->0(79)
[2024-12-08T18:52:45.029+0000][13.305s][info ][gc,heap     ] GC(32) Survivor regions: 2->4(11)
[2024-12-08T18:52:45.029+0000][13.305s][info ][gc,heap     ] GC(32) Old regions: 37->37
[2024-12-08T18:52:45.029+0000][13.305s][info ][gc,heap     ] GC(32) Archive regions: 2->2
[2024-12-08T18:52:45.029+0000][13.305s][info ][gc,heap     ] GC(32) Humongous regions: 0->0
[2024-12-08T18:52:45.029+0000][13.305s][info ][gc,metaspace] GC(32) Metaspace: 84888K(85440K)->84888K(85440K) NonClass: 73836K(74112K)->73836K(74112K) Class: 11051K(11328K)->11051K(11328K)
[2024-12-08T18:52:45.030+0000][13.305s][info ][gc          ] GC(32) Pause Young (Normal) (G1 Evacuation Pause) 239M->80M(280M) 11.191ms
[2024-12-08T18:52:45.030+0000][13.305s][info ][gc,cpu      ] GC(32) User=0.05s Sys=0.00s Real=0.01s
[2024-12-08T18:52:45.030+0000][13.306s][info ][safepoint   ] Safepoint "G1CollectForAllocation", Time since last: 167463147 ns, Reaching safepoint: 1945504 ns, Cleanup: 35729 ns, At safepoint: 11444054 ns, Total: 13425287 ns
[2024-12-08T18:52:45.621+0000][13.896s][debug][safepoint   ] Safepoint synchronization initiated using futex wait barrier. (21 threads)
[2024-12-08T18:52:45.621+0000][13.897s][info ][safepoint   ] Safepoint "ICBufferFull", Time since last: 590853823 ns, Reaching safepoint: 227345 ns, Cleanup: 158533 ns, At safepoint: 24174 ns, Total: 410052 ns
[2024-12-08T18:52:45.898+0000][14.174s][debug][safepoint   ] Safepoint synchronization initiated using futex wait barrier. (25 threads)
[2024-12-08T18:52:45.898+0000][14.174s][info ][gc,start    ] GC(33) Pause Young (Normal) (G1 Evacuation Pause)
[2024-12-08T18:52:45.898+0000][14.174s][info ][gc,task     ] GC(33) Using 10 workers of 10 for evacuation
[2024-12-08T18:52:45.903+0000][14.179s][info ][gc,phases   ] GC(33)   Pre Evacuate Collection Set: 0.2ms
[2024-12-08T18:52:45.903+0000][14.179s][info ][gc,phases   ] GC(33)   Merge Heap Roots: 0.1ms
[2024-12-08T18:52:45.903+0000][14.179s][info ][gc,phases   ] GC(33)   Evacuate Collection Set: 2.9ms
[2024-12-08T18:52:45.903+0000][14.179s][info ][gc,phases   ] GC(33)   Post Evacuate Collection Set: 0.9ms
[2024-12-08T18:52:45.903+0000][14.179s][info ][gc,phases   ] GC(33)   Other: 0.3ms
[2024-12-08T18:52:45.903+0000][14.179s][info ][gc,heap     ] GC(33) Eden regions: 79->0(75)
[2024-12-08T18:52:45.903+0000][14.179s][info ][gc,heap     ] GC(33) Survivor regions: 4->6(11)
[2024-12-08T18:52:45.903+0000][14.179s][info ][gc,heap     ] GC(33) Old regions: 37->37
[2024-12-08T18:52:45.904+0000][14.180s][info ][gc,heap     ] GC(33) Archive regions: 2->2
[2024-12-08T18:52:45.904+0000][14.180s][info ][gc,heap     ] GC(33) Humongous regions: 0->0
[2024-12-08T18:52:45.904+0000][14.180s][info ][gc,metaspace] GC(33) Metaspace: 87753K(88256K)->87753K(88256K) NonClass: 76482K(76736K)->76482K(76736K) Class: 11270K(11520K)->11270K(11520K)
[2024-12-08T18:52:45.904+0000][14.180s][info ][gc          ] GC(33) Pause Young (Normal) (G1 Evacuation Pause) 238M->85M(280M) 6.066ms
[2024-12-08T18:52:45.904+0000][14.180s][info ][gc,cpu      ] GC(33) User=0.04s Sys=0.00s Real=0.00s
[2024-12-08T18:52:45.905+0000][14.180s][info ][safepoint   ] Safepoint "G1CollectForAllocation", Time since last: 276978622 ns, Reaching safepoint: 226945 ns, Cleanup: 68372 ns, At safepoint: 6302868 ns, Total: 6598185 ns
[2024-12-08T18:52:49.693+0000][14.637s][debug][safepoint   ] ... found polling page loop exception at pc = 0x00007f986d6d46b9, stub =0x00007f986cb10400
[2024-12-08T18:52:49.819+0000][14.763s][debug][safepoint   ] Safepoint synchronization initiated using futex wait barrier. (25 threads)
[2024-12-08T18:52:49.819+0000][14.763s][info ][safepoint   ] Safepoint "ICBufferFull", Time since last: 582232034 ns, Reaching safepoint: 309101 ns, Cleanup: 136249 ns, At safepoint: 32895 ns, Total: 478245 ns
[2024-12-08T18:52:50.009+0000][14.953s][debug][safepoint   ] Safepoint synchronization initiated using futex wait barrier. (25 threads)
[2024-12-08T18:52:50.010+0000][14.954s][info ][gc,start    ] GC(34) Pause Young (Normal) (G1 Evacuation Pause)
[2024-12-08T18:52:50.011+0000][14.955s][info ][gc,task     ] GC(34) Using 10 workers of 10 for evacuation
[2024-12-08T18:52:50.017+0000][14.961s][info ][gc,phases   ] GC(34)   Pre Evacuate Collection Set: 0.3ms
[2024-12-08T18:52:50.017+0000][14.961s][info ][gc,phases   ] GC(34)   Merge Heap Roots: 0.1ms
[2024-12-08T18:52:50.017+0000][14.961s][info ][gc,phases   ] GC(34)   Evacuate Collection Set: 4.7ms
[2024-12-08T18:52:50.017+0000][14.961s][info ][gc,phases   ] GC(34)   Post Evacuate Collection Set: 0.9ms
[2024-12-08T18:52:50.017+0000][14.961s][info ][gc,phases   ] GC(34)   Other: 1.1ms
[2024-12-08T18:52:50.017+0000][14.961s][info ][gc,heap     ] GC(34) Eden regions: 75->0(71)
[2024-12-08T18:52:50.018+0000][14.962s][info ][gc,heap     ] GC(34) Survivor regions: 6->8(11)
[2024-12-08T18:52:50.018+0000][14.962s][info ][gc,heap     ] GC(34) Old regions: 37->37
[2024-12-08T18:52:50.018+0000][14.962s][info ][gc,heap     ] GC(34) Archive regions: 2->2
[2024-12-08T18:52:50.018+0000][14.962s][info ][gc,heap     ] GC(34) Humongous regions: 0->0
[2024-12-08T18:52:50.018+0000][14.962s][info ][gc,metaspace] GC(34) Metaspace: 92040K(92608K)->92040K(92608K) NonClass: 80227K(80512K)->80227K(80512K) Class: 11813K(12096K)->11813K(12096K)
[2024-12-08T18:52:50.018+0000][14.962s][info ][gc          ] GC(34) Pause Young (Normal) (G1 Evacuation Pause) 235M->88M(280M) 8.291ms
[2024-12-08T18:52:50.018+0000][14.962s][info ][gc,cpu      ] GC(34) User=0.06s Sys=0.00s Real=0.01s
[2024-12-08T18:52:50.018+0000][14.962s][info ][safepoint   ] Safepoint "G1CollectForAllocation", Time since last: 190127096 ns, Reaching safepoint: 267927 ns, Cleanup: 200184 ns, At safepoint: 8555049 ns, Total: 9023160 ns
[2024-12-08T18:52:50.252+0000][15.196s][debug][safepoint   ] Safepoint synchronization initiated using futex wait barrier. (24 threads)
[2024-12-08T18:52:50.252+0000][15.196s][info ][safepoint   ] Safepoint "ICBufferFull", Time since last: 233349553 ns, Reaching safepoint: 195360 ns, Cleanup: 85733 ns, At safepoint: 15255 ns, Total: 296348 ns
[2024-12-08T18:52:50.467+0000][15.411s][debug][safepoint   ] Safepoint synchronization initiated using futex wait barrier. (24 threads)
[2024-12-08T18:52:50.467+0000][15.411s][info ][gc,start    ] GC(35) Pause Young (Normal) (G1 Evacuation Pause)
[2024-12-08T18:52:50.467+0000][15.411s][info ][gc,task     ] GC(35) Using 10 workers of 10 for evacuation
[2024-12-08T18:52:50.472+0000][15.416s][info ][gc,phases   ] GC(35)   Pre Evacuate Collection Set: 0.1ms
[2024-12-08T18:52:50.473+0000][15.417s][info ][gc,phases   ] GC(35)   Merge Heap Roots: 0.1ms
[2024-12-08T18:52:50.473+0000][15.417s][info ][gc,phases   ] GC(35)   Evacuate Collection Set: 4.2ms
[2024-12-08T18:52:50.473+0000][15.417s][info ][gc,phases   ] GC(35)   Post Evacuate Collection Set: 0.7ms
[2024-12-08T18:52:50.473+0000][15.417s][info ][gc,phases   ] GC(35)   Other: 0.3ms
[2024-12-08T18:52:50.473+0000][15.417s][info ][gc,heap     ] GC(35) Eden regions: 71->0(72)
[2024-12-08T18:52:50.473+0000][15.417s][info ][gc,heap     ] GC(35) Survivor regions: 8->6(10)
[2024-12-08T18:52:50.473+0000][15.417s][info ][gc,heap     ] GC(35) Old regions: 37->40
[2024-12-08T18:52:50.473+0000][15.417s][info ][gc,heap     ] GC(35) Archive regions: 2->2
[2024-12-08T18:52:50.473+0000][15.417s][info ][gc,heap     ] GC(35) Humongous regions: 0->0
[2024-12-08T18:52:50.473+0000][15.417s][info ][gc,metaspace] GC(35) Metaspace: 95649K(96192K)->95649K(96192K) NonClass: 83114K(83392K)->83114K(83392K) Class: 12534K(12800K)->12534K(12800K)
[2024-12-08T18:52:50.473+0000][15.417s][info ][gc          ] GC(35) Pause Young (Normal) (G1 Evacuation Pause) 230M->91M(280M) 6.520ms
[2024-12-08T18:52:50.474+0000][15.418s][info ][gc,cpu      ] GC(35) User=0.06s Sys=0.01s Real=0.01s
[2024-12-08T18:52:50.474+0000][15.418s][info ][safepoint   ] Safepoint "G1CollectForAllocation", Time since last: 214783560 ns, Reaching safepoint: 210821 ns, Cleanup: 65069 ns, At safepoint: 6873892 ns, Total: 7149782 ns
[2024-12-08T18:52:50.883+0000][15.827s][debug][safepoint   ] Safepoint synchronization initiated using futex wait barrier. (25 threads)
[2024-12-08T18:52:50.883+0000][15.827s][info ][gc,start    ] GC(36) Pause Young (Normal) (G1 Evacuation Pause)
[2024-12-08T18:52:50.883+0000][15.827s][info ][gc,task     ] GC(36) Using 10 workers of 10 for evacuation
[2024-12-08T18:52:50.895+0000][15.839s][info ][gc,phases   ] GC(36)   Pre Evacuate Collection Set: 0.1ms
[2024-12-08T18:52:50.897+0000][15.841s][info ][gc,phases   ] GC(36)   Merge Heap Roots: 0.1ms
[2024-12-08T18:52:50.898+0000][15.842s][info ][gc,phases   ] GC(36)   Evacuate Collection Set: 10.3ms
[2024-12-08T18:52:50.898+0000][15.842s][info ][gc,phases   ] GC(36)   Post Evacuate Collection Set: 1.0ms
[2024-12-08T18:52:50.898+0000][15.842s][info ][gc,phases   ] GC(36)   Other: 0.4ms
[2024-12-08T18:52:50.898+0000][15.842s][info ][gc,heap     ] GC(36) Eden regions: 72->0(72)
[2024-12-08T18:52:50.898+0000][15.842s][info ][gc,heap     ] GC(36) Survivor regions: 6->5(10)
[2024-12-08T18:52:50.899+0000][15.843s][info ][gc,heap     ] GC(36) Old regions: 40->42
[2024-12-08T18:52:50.899+0000][15.843s][info ][gc,heap     ] GC(36) Archive regions: 2->2
[2024-12-08T18:52:50.899+0000][15.843s][info ][gc,heap     ] GC(36) Humongous regions: 0->0
[2024-12-08T18:52:50.899+0000][15.843s][info ][gc,metaspace] GC(36) Metaspace: 100133K(100672K)->100133K(100672K) NonClass: 86996K(87296K)->86996K(87296K) Class: 13137K(13376K)->13137K(13376K)
[2024-12-08T18:52:50.899+0000][15.843s][info ][gc          ] GC(36) Pause Young (Normal) (G1 Evacuation Pause) 235M->94M(280M) 16.167ms
[2024-12-08T18:52:50.899+0000][15.843s][info ][gc,cpu      ] GC(36) User=0.11s Sys=0.00s Real=0.02s
[2024-12-08T18:52:50.899+0000][15.843s][info ][safepoint   ] Safepoint "G1CollectForAllocation", Time since last: 408749150 ns, Reaching safepoint: 204954 ns, Cleanup: 66545 ns, At safepoint: 16436813 ns, Total: 16708312 ns
[2024-12-08T18:52:51.591+0000][16.535s][debug][safepoint   ] Safepoint synchronization initiated using futex wait barrier. (75 threads)
[2024-12-08T18:52:51.592+0000][16.536s][info ][safepoint   ] Safepoint "ICBufferFull", Time since last: 692192642 ns, Reaching safepoint: 282164 ns, Cleanup: 137258 ns, At safepoint: 4212 ns, Total: 423634 ns
[2024-12-08T18:52:51.669+0000][16.613s][debug][safepoint   ] Safepoint synchronization initiated using futex wait barrier. (75 threads)
[2024-12-08T18:52:51.670+0000][16.614s][info ][gc,start    ] GC(37) Pause Young (Normal) (G1 Evacuation Pause)
[2024-12-08T18:52:51.670+0000][16.614s][info ][gc,task     ] GC(37) Using 10 workers of 10 for evacuation
[2024-12-08T18:52:51.675+0000][16.619s][info ][gc,phases   ] GC(37)   Pre Evacuate Collection Set: 0.2ms
[2024-12-08T18:52:51.675+0000][16.619s][info ][gc,phases   ] GC(37)   Merge Heap Roots: 0.1ms
[2024-12-08T18:52:51.675+0000][16.619s][info ][gc,phases   ] GC(37)   Evacuate Collection Set: 3.8ms
[2024-12-08T18:52:51.675+0000][16.619s][info ][gc,phases   ] GC(37)   Post Evacuate Collection Set: 1.1ms
[2024-12-08T18:52:51.676+0000][16.620s][info ][gc,phases   ] GC(37)   Other: 0.3ms
[2024-12-08T18:52:51.676+0000][16.620s][info ][gc,heap     ] GC(37) Eden regions: 72->0(70)
[2024-12-08T18:52:51.676+0000][16.620s][info ][gc,heap     ] GC(37) Survivor regions: 5->6(10)
[2024-12-08T18:52:51.676+0000][16.620s][info ][gc,heap     ] GC(37) Old regions: 42->42
[2024-12-08T18:52:51.676+0000][16.620s][info ][gc,heap     ] GC(37) Archive regions: 2->2
[2024-12-08T18:52:51.676+0000][16.620s][info ][gc,heap     ] GC(37) Humongous regions: 0->0
[2024-12-08T18:52:51.676+0000][16.620s][info ][gc,metaspace] GC(37) Metaspace: 103469K(104064K)->103469K(104064K) NonClass: 89876K(90176K)->89876K(90176K) Class: 13592K(13888K)->13592K(13888K)
[2024-12-08T18:52:51.676+0000][16.620s][info ][gc          ] GC(37) Pause Young (Normal) (G1 Evacuation Pause) 238M->96M(280M) 6.814ms
[2024-12-08T18:52:51.677+0000][16.621s][info ][gc,cpu      ] GC(37) User=0.04s Sys=0.00s Real=0.00s
[2024-12-08T18:52:51.677+0000][16.621s][info ][safepoint   ] Safepoint "G1CollectForAllocation", Time since last: 77459370 ns, Reaching safepoint: 169989 ns, Cleanup: 18297 ns, At safepoint: 7146677 ns, Total: 7334963 ns
[2024-12-08T18:52:52.240+0000][17.184s][debug][safepoint   ] Safepoint synchronization initiated using futex wait barrier. (75 threads)
[2024-12-08T18:52:52.241+0000][17.185s][info ][safepoint   ] Safepoint "ICBufferFull", Time since last: 563634144 ns, Reaching safepoint: 197980 ns, Cleanup: 97864 ns, At safepoint: 3375 ns, Total: 299219 ns
[2024-12-08T18:52:52.254+0000][17.198s][debug][safepoint   ] Safepoint synchronization initiated using futex wait barrier. (75 threads)
[2024-12-08T18:52:52.254+0000][17.198s][info ][gc,start    ] GC(38) Pause Young (Normal) (G1 Evacuation Pause)
[2024-12-08T18:52:52.254+0000][17.198s][info ][gc,task     ] GC(38) Using 10 workers of 10 for evacuation
[2024-12-08T18:52:52.259+0000][17.203s][info ][gc,phases   ] GC(38)   Pre Evacuate Collection Set: 0.2ms
[2024-12-08T18:52:52.260+0000][17.204s][info ][gc,phases   ] GC(38)   Merge Heap Roots: 0.1ms
[2024-12-08T18:52:52.260+0000][17.204s][info ][gc,phases   ] GC(38)   Evacuate Collection Set: 4.1ms
[2024-12-08T18:52:52.260+0000][17.204s][info ][gc,phases   ] GC(38)   Post Evacuate Collection Set: 1.0ms
[2024-12-08T18:52:52.260+0000][17.204s][info ][gc,phases   ] GC(38)   Other: 0.3ms
[2024-12-08T18:52:52.260+0000][17.204s][info ][gc,heap     ] GC(38) Eden regions: 70->0(69)
[2024-12-08T18:52:52.260+0000][17.204s][info ][gc,heap     ] GC(38) Survivor regions: 6->6(10)
[2024-12-08T18:52:52.260+0000][17.204s][info ][gc,heap     ] GC(38) Old regions: 42->43
[2024-12-08T18:52:52.260+0000][17.204s][info ][gc,heap     ] GC(38) Archive regions: 2->2
[2024-12-08T18:52:52.260+0000][17.204s][info ][gc,heap     ] GC(38) Humongous regions: 0->0
[2024-12-08T18:52:52.260+0000][17.204s][info ][gc,metaspace] GC(38) Metaspace: 106886K(107520K)->106886K(107520K) NonClass: 92855K(93184K)->92855K(93184K) Class: 14030K(14336K)->14030K(14336K)
[2024-12-08T18:52:52.260+0000][17.204s][info ][gc          ] GC(38) Pause Young (Normal) (G1 Evacuation Pause) 236M->98M(280M) 6.585ms
[2024-12-08T18:52:52.261+0000][17.205s][info ][gc,cpu      ] GC(38) User=0.06s Sys=0.00s Real=0.01s
[2024-12-08T18:52:52.261+0000][17.205s][info ][safepoint   ] Safepoint "G1CollectForAllocation", Time since last: 13057503 ns, Reaching safepoint: 181942 ns, Cleanup: 8892 ns, At safepoint: 6891379 ns, Total: 7082213 ns
[2024-12-08T18:52:53.102+0000][18.046s][debug][safepoint   ] Safepoint synchronization initiated using futex wait barrier. (86 threads)
[2024-12-08T18:52:53.102+0000][18.046s][info ][gc,start    ] GC(39) Pause Young (Normal) (G1 Evacuation Pause)
[2024-12-08T18:52:53.102+0000][18.046s][info ][gc,task     ] GC(39) Using 10 workers of 10 for evacuation
[2024-12-08T18:52:53.109+0000][18.053s][info ][gc,phases   ] GC(39)   Pre Evacuate Collection Set: 0.2ms
[2024-12-08T18:52:53.110+0000][18.054s][info ][gc,phases   ] GC(39)   Merge Heap Roots: 0.1ms
[2024-12-08T18:52:53.110+0000][18.054s][info ][gc,phases   ] GC(39)   Evacuate Collection Set: 4.9ms
[2024-12-08T18:52:53.110+0000][18.054s][info ][gc,phases   ] GC(39)   Post Evacuate Collection Set: 1.6ms
[2024-12-08T18:52:53.110+0000][18.054s][info ][gc,phases   ] GC(39)   Other: 0.4ms
[2024-12-08T18:52:53.110+0000][18.054s][info ][gc,heap     ] GC(39) Eden regions: 69->0(67)
[2024-12-08T18:52:53.110+0000][18.054s][info ][gc,heap     ] GC(39) Survivor regions: 6->6(10)
[2024-12-08T18:52:53.110+0000][18.054s][info ][gc,heap     ] GC(39) Old regions: 43->45
[2024-12-08T18:52:53.110+0000][18.054s][info ][gc,heap     ] GC(39) Archive regions: 2->2
[2024-12-08T18:52:53.110+0000][18.054s][info ][gc,heap     ] GC(39) Humongous regions: 0->0
[2024-12-08T18:52:53.111+0000][18.055s][info ][gc,metaspace] GC(39) Metaspace: 109279K(109888K)->109279K(109888K) NonClass: 95037K(95360K)->95037K(95360K) Class: 14242K(14528K)->14242K(14528K)
[2024-12-08T18:52:53.111+0000][18.055s][info ][gc          ] GC(39) Pause Young (Normal) (G1 Evacuation Pause) 236M->102M(280M) 8.477ms
[2024-12-08T18:52:53.111+0000][18.055s][info ][gc,cpu      ] GC(39) User=0.05s Sys=0.03s Real=0.01s
[2024-12-08T18:52:53.111+0000][18.055s][info ][safepoint   ] Safepoint "G1CollectForAllocation", Time since last: 841000540 ns, Reaching safepoint: 268432 ns, Cleanup: 144934 ns, At safepoint: 8785924 ns, Total: 9199290 ns
[2024-12-08T18:52:53.640+0000][18.584s][debug][safepoint   ] Safepoint synchronization initiated using futex wait barrier. (90 threads)
[2024-12-08T18:52:53.640+0000][18.584s][info ][gc,start    ] GC(40) Pause Young (Normal) (G1 Evacuation Pause)
[2024-12-08T18:52:53.640+0000][18.584s][info ][gc,task     ] GC(40) Using 10 workers of 10 for evacuation
[2024-12-08T18:52:53.646+0000][18.590s][info ][gc,phases   ] GC(40)   Pre Evacuate Collection Set: 0.2ms
[2024-12-08T18:52:53.646+0000][18.590s][info ][gc,phases   ] GC(40)   Merge Heap Roots: 0.1ms
[2024-12-08T18:52:53.646+0000][18.590s][info ][gc,phases   ] GC(40)   Evacuate Collection Set: 4.6ms
[2024-12-08T18:52:53.647+0000][18.591s][info ][gc,phases   ] GC(40)   Post Evacuate Collection Set: 1.1ms
[2024-12-08T18:52:53.647+0000][18.591s][info ][gc,phases   ] GC(40)   Other: 0.3ms
[2024-12-08T18:52:53.647+0000][18.591s][info ][gc,heap     ] GC(40) Eden regions: 67->0(64)
[2024-12-08T18:52:53.647+0000][18.591s][info ][gc,heap     ] GC(40) Survivor regions: 6->7(10)
[2024-12-08T18:52:53.647+0000][18.591s][info ][gc,heap     ] GC(40) Old regions: 45->46
[2024-12-08T18:52:53.647+0000][18.591s][info ][gc,heap     ] GC(40) Archive regions: 2->2
[2024-12-08T18:52:53.647+0000][18.591s][info ][gc,heap     ] GC(40) Humongous regions: 0->0
[2024-12-08T18:52:53.647+0000][18.591s][info ][gc,metaspace] GC(40) Metaspace: 111804K(112512K)->111804K(112512K) NonClass: 97284K(97664K)->97284K(97664K) Class: 14520K(14848K)->14520K(14848K)
[2024-12-08T18:52:53.648+0000][18.592s][info ][gc          ] GC(40) Pause Young (Normal) (G1 Evacuation Pause) 236M->106M(280M) 7.743ms
[2024-12-08T18:52:53.648+0000][18.592s][info ][gc,cpu      ] GC(40) User=0.06s Sys=0.00s Real=0.01s
[2024-12-08T18:52:53.648+0000][18.592s][info ][safepoint   ] Safepoint "G1CollectForAllocation", Time since last: 528562211 ns, Reaching safepoint: 207452 ns, Cleanup: 102284 ns, At safepoint: 8081262 ns, Total: 8390998 ns
[2024-12-08T18:52:54.021+0000][18.965s][debug][safepoint   ] Safepoint synchronization initiated using futex wait barrier. (90 threads)
[2024-12-08T18:52:54.021+0000][18.965s][info ][safepoint   ] Safepoint "ICBufferFull", Time since last: 373128618 ns, Reaching safepoint: 231715 ns, Cleanup: 131723 ns, At safepoint: 6822 ns, Total: 370260 ns
[2024-12-08T18:52:54.308+0000][19.252s][debug][safepoint   ] Safepoint synchronization initiated using futex wait barrier. (90 threads)
[2024-12-08T18:52:54.308+0000][19.252s][info ][safepoint   ] Safepoint "ICBufferFull", Time since last: 286196141 ns, Reaching safepoint: 240063 ns, Cleanup: 116530 ns, At safepoint: 25470 ns, Total: 382063 ns
[2024-12-08T18:52:54.346+0000][19.290s][debug][safepoint   ] Safepoint synchronization initiated using futex wait barrier. (90 threads)
[2024-12-08T18:52:54.346+0000][19.290s][info ][gc,start    ] GC(41) Pause Young (Concurrent Start) (Metadata GC Threshold)
[2024-12-08T18:52:54.346+0000][19.290s][info ][gc,task     ] GC(41) Using 10 workers of 10 for evacuation
[2024-12-08T18:52:54.352+0000][19.296s][info ][gc,phases   ] GC(41)   Pre Evacuate Collection Set: 0.2ms
[2024-12-08T18:52:54.352+0000][19.296s][info ][gc,phases   ] GC(41)   Merge Heap Roots: 0.1ms
[2024-12-08T18:52:54.353+0000][19.297s][info ][gc,phases   ] GC(41)   Evacuate Collection Set: 3.9ms
[2024-12-08T18:52:54.353+0000][19.297s][info ][gc,phases   ] GC(41)   Post Evacuate Collection Set: 1.1ms
[2024-12-08T18:52:54.353+0000][19.297s][info ][gc,phases   ] GC(41)   Other: 0.4ms
[2024-12-08T18:52:54.353+0000][19.297s][info ][gc,heap     ] GC(41) Eden regions: 43->0(63)
[2024-12-08T18:52:54.353+0000][19.297s][info ][gc,heap     ] GC(41) Survivor regions: 7->6(9)
[2024-12-08T18:52:54.353+0000][19.297s][info ][gc,heap     ] GC(41) Old regions: 46->49
[2024-12-08T18:52:54.353+0000][19.297s][info ][gc,heap     ] GC(41) Archive regions: 2->2
[2024-12-08T18:52:54.354+0000][19.298s][info ][gc,heap     ] GC(41) Humongous regions: 0->0
[2024-12-08T18:52:54.354+0000][19.298s][info ][gc,metaspace] GC(41) Metaspace: 115125K(115776K)->115125K(115776K) NonClass: 100264K(100608K)->100264K(100608K) Class: 14860K(15168K)->14860K(15168K)
[2024-12-08T18:52:54.354+0000][19.298s][info ][gc          ] GC(41) Pause Young (Concurrent Start) (Metadata GC Threshold) 192M->108M(280M) 7.516ms
[2024-12-08T18:52:54.354+0000][19.298s][info ][gc,cpu      ] GC(41) User=0.08s Sys=0.00s Real=0.01s
[2024-12-08T18:52:54.354+0000][19.298s][info ][gc          ] GC(42) Concurrent Mark Cycle
[2024-12-08T18:52:54.354+0000][19.298s][info ][gc,marking  ] GC(42) Concurrent Clear Claimed Marks
[2024-12-08T18:52:54.354+0000][19.298s][info ][safepoint   ] Safepoint "CollectForMetadataAllocation", Time since last: 38119329 ns, Reaching safepoint: 196079 ns, Cleanup: 22544 ns, At safepoint: 7933571 ns, Total: 8152194 ns
[2024-12-08T18:52:54.355+0000][19.299s][info ][gc,marking  ] GC(42) Concurrent Clear Claimed Marks 0.217ms
[2024-12-08T18:52:54.355+0000][19.299s][info ][gc,marking  ] GC(42) Concurrent Scan Root Regions
[2024-12-08T18:52:54.360+0000][19.304s][info ][gc,marking  ] GC(42) Concurrent Scan Root Regions 5.624ms
[2024-12-08T18:52:54.361+0000][19.305s][info ][gc,marking  ] GC(42) Concurrent Mark
[2024-12-08T18:52:54.362+0000][19.306s][info ][gc,marking  ] GC(42) Concurrent Mark From Roots
[2024-12-08T18:52:54.368+0000][19.312s][info ][gc,task     ] GC(42) Using 3 workers of 3 for marking
[2024-12-08T18:52:54.437+0000][19.381s][info ][gc,marking  ] GC(42) Concurrent Mark From Roots 75.077ms
[2024-12-08T18:52:54.437+0000][19.381s][info ][gc,marking  ] GC(42) Concurrent Preclean
[2024-12-08T18:52:54.438+0000][19.382s][info ][gc,marking  ] GC(42) Concurrent Preclean 0.550ms
[2024-12-08T18:52:54.438+0000][19.382s][debug][safepoint   ] Safepoint synchronization initiated using futex wait barrier. (90 threads)
[2024-12-08T18:52:54.439+0000][19.383s][info ][gc,start    ] GC(42) Pause Remark
[2024-12-08T18:52:54.443+0000][19.387s][info ][gc          ] GC(42) Pause Remark 115M->115M(280M) 4.593ms
[2024-12-08T18:52:54.443+0000][19.387s][info ][gc,cpu      ] GC(42) User=0.03s Sys=0.01s Real=0.00s
[2024-12-08T18:52:54.444+0000][19.388s][info ][safepoint   ] Safepoint "G1PauseRemark", Time since last: 83995736 ns, Reaching safepoint: 258107 ns, Cleanup: 11619 ns, At safepoint: 5070280 ns, Total: 5340006 ns
[2024-12-08T18:52:54.444+0000][19.388s][info ][gc,marking  ] GC(42) Concurrent Mark 83.203ms
[2024-12-08T18:52:54.445+0000][19.389s][info ][gc,marking  ] GC(42) Concurrent Rebuild Remembered Sets
[2024-12-08T18:52:54.475+0000][19.419s][info ][gc,marking  ] GC(42) Concurrent Rebuild Remembered Sets 30.005ms
[2024-12-08T18:52:54.476+0000][19.420s][debug][safepoint   ] Safepoint synchronization initiated using futex wait barrier. (90 threads)
[2024-12-08T18:52:54.476+0000][19.420s][info ][gc,start    ] GC(42) Pause Cleanup
[2024-12-08T18:52:54.476+0000][19.421s][info ][gc          ] GC(42) Pause Cleanup 116M->116M(280M) 0.290ms
[2024-12-08T18:52:54.477+0000][19.421s][info ][gc,cpu      ] GC(42) User=0.00s Sys=0.00s Real=0.00s
[2024-12-08T18:52:54.477+0000][19.421s][info ][safepoint   ] Safepoint "G1PauseCleanup", Time since last: 32370796 ns, Reaching safepoint: 192781 ns, Cleanup: 13986 ns, At safepoint: 660938 ns, Total: 867705 ns
[2024-12-08T18:52:54.477+0000][19.421s][info ][gc,marking  ] GC(42) Concurrent Cleanup for Next Mark
[2024-12-08T18:52:54.478+0000][19.422s][info ][gc,marking  ] GC(42) Concurrent Cleanup for Next Mark 0.518ms
[2024-12-08T18:52:54.478+0000][19.422s][info ][gc          ] GC(42) Concurrent Mark Cycle 123.464ms
[2024-12-08T18:52:54.992+0000][19.936s][debug][safepoint   ] Safepoint synchronization initiated using futex wait barrier. (91 threads)
[2024-12-08T18:52:54.993+0000][19.937s][info ][gc,start    ] GC(43) Pause Young (Prepare Mixed) (G1 Evacuation Pause)
[2024-12-08T18:52:54.993+0000][19.937s][info ][gc,task     ] GC(43) Using 10 workers of 10 for evacuation
[2024-12-08T18:52:54.998+0000][19.942s][info ][gc,phases   ] GC(43)   Pre Evacuate Collection Set: 0.2ms
[2024-12-08T18:52:54.998+0000][19.942s][info ][gc,phases   ] GC(43)   Merge Heap Roots: 0.1ms
[2024-12-08T18:52:54.999+0000][19.943s][info ][gc,phases   ] GC(43)   Evacuate Collection Set: 3.6ms
[2024-12-08T18:52:54.999+0000][19.943s][info ][gc,phases   ] GC(43)   Post Evacuate Collection Set: 1.2ms
[2024-12-08T18:52:54.999+0000][19.943s][info ][gc,phases   ] GC(43)   Other: 0.3ms
[2024-12-08T18:52:54.999+0000][19.943s][info ][gc,heap     ] GC(43) Eden regions: 63->0(2)
[2024-12-08T18:52:54.999+0000][19.943s][info ][gc,heap     ] GC(43) Survivor regions: 6->5(9)
[2024-12-08T18:52:54.999+0000][19.943s][info ][gc,heap     ] GC(43) Old regions: 49->51
[2024-12-08T18:52:54.999+0000][19.943s][info ][gc,heap     ] GC(43) Archive regions: 2->2
[2024-12-08T18:52:54.999+0000][19.943s][info ][gc,heap     ] GC(43) Humongous regions: 0->0
[2024-12-08T18:52:55.000+0000][19.944s][info ][gc,metaspace] GC(43) Metaspace: 116550K(117248K)->116550K(117248K) NonClass: 101530K(101888K)->101530K(101888K) Class: 15020K(15360K)->15020K(15360K)
[2024-12-08T18:52:55.000+0000][19.944s][info ][gc          ] GC(43) Pause Young (Prepare Mixed) (G1 Evacuation Pause) 234M->111M(280M) 6.944ms
[2024-12-08T18:52:55.000+0000][19.944s][info ][gc,cpu      ] GC(43) User=0.04s Sys=0.00s Real=0.01s
[2024-12-08T18:52:55.000+0000][19.944s][info ][safepoint   ] Safepoint "G1CollectForAllocation", Time since last: 515556708 ns, Reaching safepoint: 197025 ns, Cleanup: 102158 ns, At safepoint: 7277505 ns, Total: 7576688 ns
[2024-12-08T18:52:55.013+0000][19.957s][debug][safepoint   ] Safepoint synchronization initiated using futex wait barrier. (91 threads)
[2024-12-08T18:52:55.014+0000][19.958s][info ][gc,start    ] GC(44) Pause Young (Mixed) (G1 Evacuation Pause)
[2024-12-08T18:52:55.014+0000][19.958s][info ][gc,task     ] GC(44) Using 10 workers of 10 for evacuation
[2024-12-08T18:52:55.019+0000][19.963s][info ][gc,phases   ] GC(44)   Pre Evacuate Collection Set: 0.1ms
[2024-12-08T18:52:55.019+0000][19.963s][info ][gc,phases   ] GC(44)   Merge Heap Roots: 0.1ms
[2024-12-08T18:52:55.019+0000][19.963s][info ][gc,phases   ] GC(44)   Evacuate Collection Set: 3.8ms
[2024-12-08T18:52:55.019+0000][19.963s][info ][gc,phases   ] GC(44)   Post Evacuate Collection Set: 0.8ms
[2024-12-08T18:52:55.019+0000][19.963s][info ][gc,phases   ] GC(44)   Other: 0.4ms
[2024-12-08T18:52:55.020+0000][19.964s][info ][gc,heap     ] GC(44) Eden regions: 2->0(64)
[2024-12-08T18:52:55.020+0000][19.964s][info ][gc,heap     ] GC(44) Survivor regions: 5->1(1)
[2024-12-08T18:52:55.020+0000][19.964s][info ][gc,heap     ] GC(44) Old regions: 51->54
[2024-12-08T18:52:55.020+0000][19.964s][info ][gc,heap     ] GC(44) Archive regions: 2->2
[2024-12-08T18:52:55.020+0000][19.964s][info ][gc,heap     ] GC(44) Humongous regions: 0->0
[2024-12-08T18:52:55.020+0000][19.964s][info ][gc,metaspace] GC(44) Metaspace: 116608K(117312K)->116608K(117312K) NonClass: 101578K(101952K)->101578K(101952K) Class: 15029K(15360K)->15029K(15360K)
[2024-12-08T18:52:55.020+0000][19.964s][info ][gc          ] GC(44) Pause Young (Mixed) (G1 Evacuation Pause) 115M->109M(280M) 6.620ms
[2024-12-08T18:52:55.020+0000][19.964s][info ][gc,cpu      ] GC(44) User=0.04s Sys=0.00s Real=0.01s
[2024-12-08T18:52:55.021+0000][19.965s][info ][safepoint   ] Safepoint "G1CollectForAllocation", Time since last: 13452341 ns, Reaching safepoint: 218382 ns, Cleanup: 3303 ns, At safepoint: 6955351 ns, Total: 7177036 ns
[2024-12-08T18:52:55.542+0000][20.486s][debug][safepoint   ] Safepoint synchronization initiated using futex wait barrier. (96 threads)
[2024-12-08T18:52:55.543+0000][20.487s][info ][gc,start    ] GC(45) Pause Young (Normal) (G1 Evacuation Pause)
[2024-12-08T18:52:55.543+0000][20.487s][info ][gc,task     ] GC(45) Using 10 workers of 10 for evacuation
[2024-12-08T18:52:55.548+0000][20.492s][info ][gc,phases   ] GC(45)   Pre Evacuate Collection Set: 0.2ms
[2024-12-08T18:52:55.548+0000][20.492s][info ][gc,phases   ] GC(45)   Merge Heap Roots: 0.1ms
[2024-12-08T18:52:55.548+0000][20.492s][info ][gc,phases   ] GC(45)   Evacuate Collection Set: 2.7ms
[2024-12-08T18:52:55.548+0000][20.492s][info ][gc,phases   ] GC(45)   Post Evacuate Collection Set: 1.6ms
[2024-12-08T18:52:55.548+0000][20.492s][info ][gc,phases   ] GC(45)   Other: 0.3ms
[2024-12-08T18:52:55.548+0000][20.492s][info ][gc,heap     ] GC(45) Eden regions: 64->0(148)
[2024-12-08T18:52:55.548+0000][20.492s][info ][gc,heap     ] GC(45) Survivor regions: 1->2(9)
[2024-12-08T18:52:55.548+0000][20.492s][info ][gc,heap     ] GC(45) Old regions: 54->54
[2024-12-08T18:52:55.548+0000][20.492s][info ][gc,heap     ] GC(45) Archive regions: 2->2
[2024-12-08T18:52:55.548+0000][20.493s][info ][gc,heap     ] GC(45) Humongous regions: 0->0
[2024-12-08T18:52:55.549+0000][20.493s][info ][gc,metaspace] GC(45) Metaspace: 119933K(120640K)->119933K(120640K) NonClass: 104520K(104896K)->104520K(104896K) Class: 15413K(15744K)->15413K(15744K)
[2024-12-08T18:52:55.549+0000][20.493s][info ][gc          ] GC(45) Pause Young (Normal) (G1 Evacuation Pause) 237M->111M(500M) 6.028ms
[2024-12-08T18:52:55.549+0000][20.493s][info ][gc,cpu      ] GC(45) User=0.03s Sys=0.01s Real=0.01s
[2024-12-08T18:52:55.549+0000][20.493s][info ][safepoint   ] Safepoint "G1CollectForAllocation", Time since last: 521690787 ns, Reaching safepoint: 291471 ns, Cleanup: 112372 ns, At safepoint: 6350208 ns, Total: 6754051 ns
[2024-12-08T18:52:56.085+0000][21.029s][debug][safepoint   ] Safepoint synchronization initiated using futex wait barrier. (96 threads)
[2024-12-08T18:52:56.085+0000][21.030s][info ][safepoint   ] Safepoint "ICBufferFull", Time since last: 536089034 ns, Reaching safepoint: 197269 ns, Cleanup: 129418 ns, At safepoint: 27432 ns, Total: 354119 ns
[2024-12-08T18:52:56.805+0000][21.749s][debug][safepoint   ] Safepoint synchronization initiated using futex wait barrier. (104 threads)
[2024-12-08T18:52:56.805+0000][21.749s][info ][gc,start    ] GC(46) Pause Young (Normal) (G1 Evacuation Pause)
[2024-12-08T18:52:56.805+0000][21.749s][info ][gc,task     ] GC(46) Using 10 workers of 10 for evacuation
[2024-12-08T18:52:56.809+0000][21.753s][info ][gc,phases   ] GC(46)   Pre Evacuate Collection Set: 0.2ms
[2024-12-08T18:52:56.809+0000][21.753s][info ][gc,phases   ] GC(46)   Merge Heap Roots: 0.1ms
[2024-12-08T18:52:56.809+0000][21.753s][info ][gc,phases   ] GC(46)   Evacuate Collection Set: 2.8ms
[2024-12-08T18:52:56.810+0000][21.754s][info ][gc,phases   ] GC(46)   Post Evacuate Collection Set: 0.8ms
[2024-12-08T18:52:56.810+0000][21.754s][info ][gc,phases   ] GC(46)   Other: 0.3ms
[2024-12-08T18:52:56.810+0000][21.754s][info ][gc,heap     ] GC(46) Eden regions: 148->0(145)
[2024-12-08T18:52:56.810+0000][21.754s][info ][gc,heap     ] GC(46) Survivor regions: 2->5(19)
[2024-12-08T18:52:56.810+0000][21.754s][info ][gc,heap     ] GC(46) Old regions: 54->54
[2024-12-08T18:52:56.810+0000][21.754s][info ][gc,heap     ] GC(46) Archive regions: 2->2
[2024-12-08T18:52:56.810+0000][21.754s][info ][gc,heap     ] GC(46) Humongous regions: 0->0
[2024-12-08T18:52:56.810+0000][21.754s][info ][gc,metaspace] GC(46) Metaspace: 132026K(132992K)->132026K(132992K) NonClass: 115275K(115776K)->115275K(115776K) Class: 16751K(17216K)->16751K(17216K)
[2024-12-08T18:52:56.810+0000][21.754s][info ][gc          ] GC(46) Pause Young (Normal) (G1 Evacuation Pause) 407M->117M(500M) 5.372ms
[2024-12-08T18:52:56.811+0000][21.755s][info ][gc,cpu      ] GC(46) User=0.04s Sys=0.00s Real=0.01s
[2024-12-08T18:52:56.811+0000][21.755s][info ][safepoint   ] Safepoint "G1CollectForAllocation", Time since last: 719244627 ns, Reaching safepoint: 187746 ns, Cleanup: 71117 ns, At safepoint: 5682442 ns, Total: 5941305 ns
[2024-12-08T18:52:57.657+0000][22.601s][debug][safepoint   ] Safepoint synchronization initiated using futex wait barrier. (115 threads)
[2024-12-08T18:52:57.657+0000][22.601s][info ][gc,start    ] GC(47) Pause Young (Normal) (G1 Evacuation Pause)
[2024-12-08T18:52:57.657+0000][22.601s][info ][gc,task     ] GC(47) Using 10 workers of 10 for evacuation
[2024-12-08T18:52:57.663+0000][22.607s][info ][gc,phases   ] GC(47)   Pre Evacuate Collection Set: 0.1ms
[2024-12-08T18:52:57.663+0000][22.607s][info ][gc,phases   ] GC(47)   Merge Heap Roots: 0.1ms
[2024-12-08T18:52:57.663+0000][22.607s][info ][gc,phases   ] GC(47)   Evacuate Collection Set: 4.4ms
[2024-12-08T18:52:57.663+0000][22.607s][info ][gc,phases   ] GC(47)   Post Evacuate Collection Set: 0.9ms
[2024-12-08T18:52:57.663+0000][22.607s][info ][gc,phases   ] GC(47)   Other: 0.3ms
[2024-12-08T18:52:57.663+0000][22.607s][info ][gc,heap     ] GC(47) Eden regions: 145->0(140)
[2024-12-08T18:52:57.663+0000][22.607s][info ][gc,heap     ] GC(47) Survivor regions: 5->10(19)
[2024-12-08T18:52:57.663+0000][22.607s][info ][gc,heap     ] GC(47) Old regions: 54->54
[2024-12-08T18:52:57.663+0000][22.607s][info ][gc,heap     ] GC(47) Archive regions: 2->2
[2024-12-08T18:52:57.663+0000][22.607s][info ][gc,heap     ] GC(47) Humongous regions: 0->0
[2024-12-08T18:52:57.664+0000][22.608s][info ][gc,metaspace] GC(47) Metaspace: 137859K(138944K)->137859K(138944K) NonClass: 120646K(121216K)->120646K(121216K) Class: 17213K(17728K)->17213K(17728K)
[2024-12-08T18:52:57.664+0000][22.608s][info ][gc          ] GC(47) Pause Young (Normal) (G1 Evacuation Pause) 407M->127M(500M) 6.687ms
[2024-12-08T18:52:57.664+0000][22.608s][info ][gc,cpu      ] GC(47) User=0.06s Sys=0.02s Real=0.01s
[2024-12-08T18:52:57.664+0000][22.608s][info ][safepoint   ] Safepoint "G1CollectForAllocation", Time since last: 845953497 ns, Reaching safepoint: 198906 ns, Cleanup: 105542 ns, At safepoint: 7025036 ns, Total: 7329484 ns
[2024-12-08T18:52:58.482+0000][23.426s][debug][safepoint   ] Safepoint synchronization initiated using futex wait barrier. (138 threads)
[2024-12-08T18:52:58.482+0000][23.426s][info ][gc,start    ] GC(48) Pause Young (Normal) (G1 Evacuation Pause)
[2024-12-08T18:52:58.482+0000][23.426s][info ][gc,task     ] GC(48) Using 10 workers of 10 for evacuation
[2024-12-08T18:52:58.490+0000][23.434s][info ][gc,phases   ] GC(48)   Pre Evacuate Collection Set: 0.1ms
[2024-12-08T18:52:58.490+0000][23.434s][info ][gc,phases   ] GC(48)   Merge Heap Roots: 0.1ms
[2024-12-08T18:52:58.490+0000][23.434s][info ][gc,phases   ] GC(48)   Evacuate Collection Set: 6.2ms
[2024-12-08T18:52:58.490+0000][23.434s][info ][gc,phases   ] GC(48)   Post Evacuate Collection Set: 1.4ms
[2024-12-08T18:52:58.491+0000][23.435s][info ][gc,phases   ] GC(48)   Other: 0.3ms
[2024-12-08T18:52:58.491+0000][23.435s][info ][gc,heap     ] GC(48) Eden regions: 140->0(136)
[2024-12-08T18:52:58.491+0000][23.435s][info ][gc,heap     ] GC(48) Survivor regions: 10->14(19)
[2024-12-08T18:52:58.491+0000][23.435s][info ][gc,heap     ] GC(48) Old regions: 54->54
[2024-12-08T18:52:58.491+0000][23.435s][info ][gc,heap     ] GC(48) Archive regions: 2->2
[2024-12-08T18:52:58.491+0000][23.435s][info ][gc,heap     ] GC(48) Humongous regions: 0->0
[2024-12-08T18:52:58.491+0000][23.435s][info ][gc,metaspace] GC(48) Metaspace: 145630K(146688K)->145630K(146688K) NonClass: 127726K(128320K)->127726K(128320K) Class: 17903K(18368K)->17903K(18368K)
[2024-12-08T18:52:58.491+0000][23.435s][info ][gc          ] GC(48) Pause Young (Normal) (G1 Evacuation Pause) 407M->135M(500M) 9.521ms
[2024-12-08T18:52:58.491+0000][23.435s][info ][gc,cpu      ] GC(48) User=0.08s Sys=0.00s Real=0.01s
[2024-12-08T18:52:58.492+0000][23.436s][info ][safepoint   ] Safepoint "G1CollectForAllocation", Time since last: 817569794 ns, Reaching safepoint: 153772 ns, Cleanup: 117763 ns, At safepoint: 9893241 ns, Total: 10164776 ns
[2024-12-08T18:52:58.504+0000][23.448s][info ][cds,heap    ] initialize_from_archived_subgraph jdk.internal.math.FDBigInteger 0x00007f980314ece8
[2024-12-08T18:52:58.907+0000][23.851s][debug][safepoint   ] Safepoint synchronization initiated using futex wait barrier. (152 threads)
[2024-12-08T18:52:58.907+0000][23.851s][info ][safepoint   ] Safepoint "ICBufferFull", Time since last: 415027060 ns, Reaching safepoint: 210354 ns, Cleanup: 94049 ns, At safepoint: 18810 ns, Total: 323213 ns
[2024-12-08T18:52:59.291+0000][24.235s][debug][safepoint   ] Safepoint synchronization initiated using futex wait barrier. (152 threads)
[2024-12-08T18:52:59.291+0000][24.235s][info ][gc,start    ] GC(49) Pause Young (Normal) (G1 Evacuation Pause)
[2024-12-08T18:52:59.292+0000][24.236s][info ][gc,task     ] GC(49) Using 10 workers of 10 for evacuation
[2024-12-08T18:52:59.302+0000][24.246s][info ][gc,phases   ] GC(49)   Pre Evacuate Collection Set: 0.1ms
[2024-12-08T18:52:59.302+0000][24.246s][info ][gc,phases   ] GC(49)   Merge Heap Roots: 0.1ms
[2024-12-08T18:52:59.302+0000][24.246s][info ][gc,phases   ] GC(49)   Evacuate Collection Set: 8.3ms
[2024-12-08T18:52:59.302+0000][24.246s][info ][gc,phases   ] GC(49)   Post Evacuate Collection Set: 1.3ms
[2024-12-08T18:52:59.302+0000][24.246s][info ][gc,phases   ] GC(49)   Other: 0.3ms
[2024-12-08T18:52:59.302+0000][24.246s][info ][gc,heap     ] GC(49) Eden regions: 136->0(137)
[2024-12-08T18:52:59.302+0000][24.246s][info ][gc,heap     ] GC(49) Survivor regions: 14->13(19)
[2024-12-08T18:52:59.302+0000][24.247s][info ][gc,heap     ] GC(49) Old regions: 54->58
[2024-12-08T18:52:59.303+0000][24.247s][info ][gc,heap     ] GC(49) Archive regions: 2->2
[2024-12-08T18:52:59.303+0000][24.247s][info ][gc,heap     ] GC(49) Humongous regions: 0->0
[2024-12-08T18:52:59.303+0000][24.247s][info ][gc,metaspace] GC(49) Metaspace: 150997K(152064K)->150997K(152064K) NonClass: 132412K(132928K)->132412K(132928K) Class: 18584K(19136K)->18584K(19136K)
[2024-12-08T18:52:59.303+0000][24.247s][info ][gc          ] GC(49) Pause Young (Normal) (G1 Evacuation Pause) 407M->141M(500M) 11.559ms
[2024-12-08T18:52:59.303+0000][24.247s][info ][gc,cpu      ] GC(49) User=0.11s Sys=0.01s Real=0.01s
[2024-12-08T18:52:59.303+0000][24.247s][info ][safepoint   ] Safepoint "G1CollectForAllocation", Time since last: 384103647 ns, Reaching safepoint: 195198 ns, Cleanup: 69434 ns, At safepoint: 11985706 ns, Total: 12250338 ns
[2024-12-08T18:53:00.102+0000][25.046s][debug][safepoint   ] Safepoint synchronization initiated using futex wait barrier. (152 threads)
[2024-12-08T18:53:00.103+0000][25.047s][info ][safepoint   ] Safepoint "ICBufferFull", Time since last: 798828771 ns, Reaching safepoint: 261717 ns, Cleanup: 132605 ns, At safepoint: 11690 ns, Total: 406012 ns
[2024-12-08T18:53:00.246+0000][25.190s][debug][safepoint   ] Safepoint synchronization initiated using futex wait barrier. (156 threads)
[2024-12-08T18:53:00.246+0000][25.190s][info ][gc,start    ] GC(50) Pause Young (Normal) (G1 Evacuation Pause)
[2024-12-08T18:53:00.246+0000][25.190s][info ][gc,task     ] GC(50) Using 10 workers of 10 for evacuation
[2024-12-08T18:53:00.256+0000][25.200s][info ][gc,phases   ] GC(50)   Pre Evacuate Collection Set: 0.2ms
[2024-12-08T18:53:00.257+0000][25.201s][info ][gc,phases   ] GC(50)   Merge Heap Roots: 0.1ms
[2024-12-08T18:53:00.257+0000][25.201s][info ][gc,phases   ] GC(50)   Evacuate Collection Set: 8.1ms
[2024-12-08T18:53:00.257+0000][25.201s][info ][gc,phases   ] GC(50)   Post Evacuate Collection Set: 1.3ms
[2024-12-08T18:53:00.257+0000][25.201s][info ][gc,phases   ] GC(50)   Other: 0.3ms
[2024-12-08T18:53:00.257+0000][25.201s][info ][gc,heap     ] GC(50) Eden regions: 137->0(137)
[2024-12-08T18:53:00.257+0000][25.201s][info ][gc,heap     ] GC(50) Survivor regions: 13->12(19)
[2024-12-08T18:53:00.257+0000][25.201s][info ][gc,heap     ] GC(50) Old regions: 58->62
[2024-12-08T18:53:00.257+0000][25.201s][info ][gc,heap     ] GC(50) Archive regions: 2->2
[2024-12-08T18:53:00.257+0000][25.201s][info ][gc,heap     ] GC(50) Humongous regions: 0->0
[2024-12-08T18:53:00.257+0000][25.201s][info ][gc,metaspace] GC(50) Metaspace: 152750K(153856K)->152750K(153856K) NonClass: 133883K(134464K)->133883K(134464K) Class: 18866K(19392K)->18866K(19392K)
[2024-12-08T18:53:00.258+0000][25.202s][info ][gc          ] GC(50) Pause Young (Normal) (G1 Evacuation Pause) 415M->148M(500M) 11.237ms
[2024-12-08T18:53:00.258+0000][25.202s][info ][gc,cpu      ] GC(50) User=0.12s Sys=0.00s Real=0.02s
[2024-12-08T18:53:00.258+0000][25.202s][info ][safepoint   ] Safepoint "G1CollectForAllocation", Time since last: 143415666 ns, Reaching safepoint: 205476 ns, Cleanup: 53018 ns, At safepoint: 11521318 ns, Total: 11779812 ns
[2024-12-08T18:53:01.027+0000][25.971s][debug][safepoint   ] Safepoint synchronization initiated using futex wait barrier. (169 threads)
[2024-12-08T18:53:01.028+0000][25.972s][info ][gc,start    ] GC(51) Pause Young (Normal) (G1 Evacuation Pause)
[2024-12-08T18:53:01.028+0000][25.972s][info ][gc,task     ] GC(51) Using 10 workers of 10 for evacuation
[2024-12-08T18:53:01.037+0000][25.981s][info ][gc,phases   ] GC(51)   Pre Evacuate Collection Set: 0.1ms
[2024-12-08T18:53:01.037+0000][25.981s][info ][gc,phases   ] GC(51)   Merge Heap Roots: 0.1ms
[2024-12-08T18:53:01.037+0000][25.981s][info ][gc,phases   ] GC(51)   Evacuate Collection Set: 6.8ms
[2024-12-08T18:53:01.037+0000][25.981s][info ][gc,phases   ] GC(51)   Post Evacuate Collection Set: 1.4ms
[2024-12-08T18:53:01.037+0000][25.981s][info ][gc,phases   ] GC(51)   Other: 0.3ms
[2024-12-08T18:53:01.037+0000][25.981s][info ][gc,heap     ] GC(51) Eden regions: 137->0(135)
[2024-12-08T18:53:01.037+0000][25.981s][info ][gc,heap     ] GC(51) Survivor regions: 12->10(19)
[2024-12-08T18:53:01.037+0000][25.981s][info ][gc,heap     ] GC(51) Old regions: 62->67
[2024-12-08T18:53:01.038+0000][25.982s][info ][gc,heap     ] GC(51) Archive regions: 2->2
[2024-12-08T18:53:01.038+0000][25.982s][info ][gc,heap     ] GC(51) Humongous regions: 0->0
[2024-12-08T18:53:01.038+0000][25.982s][info ][gc,metaspace] GC(51) Metaspace: 156224K(157440K)->156224K(157440K) NonClass: 136819K(137472K)->136819K(137472K) Class: 19404K(19968K)->19404K(19968K)
[2024-12-08T18:53:01.038+0000][25.982s][info ][gc          ] GC(51) Pause Young (Normal) (G1 Evacuation Pause) 422M->154M(500M) 10.078ms
[2024-12-08T18:53:01.038+0000][25.982s][info ][gc,cpu      ] GC(51) User=0.08s Sys=0.00s Real=0.01s
[2024-12-08T18:53:01.038+0000][25.982s][info ][safepoint   ] Safepoint "G1CollectForAllocation", Time since last: 769608950 ns, Reaching safepoint: 188466 ns, Cleanup: 102185 ns, At safepoint: 10461045 ns, Total: 10751696 ns
[2024-12-08T18:53:01.620+0000][26.564s][debug][safepoint   ] Safepoint synchronization initiated using futex wait barrier. (254 threads)
[2024-12-08T18:53:01.622+0000][26.566s][debug][safepoint   ] ... found polling page loop exception at pc = 0x00007f986d253dbf, stub =0x00007f986cb10400
[2024-12-08T18:53:01.624+0000][26.568s][info ][safepoint   ] Safepoint "ICBufferFull", Time since last: 581836401 ns, Reaching safepoint: 2808197 ns, Cleanup: 304223 ns, At safepoint: 434055 ns, Total: 3546475 ns
[2024-12-08T18:53:01.953+0000][26.897s][debug][safepoint   ] Safepoint synchronization initiated using futex wait barrier. (335 threads)
[2024-12-08T18:53:01.953+0000][26.897s][info ][gc,start    ] GC(52) Pause Young (Normal) (G1 Evacuation Pause)
[2024-12-08T18:53:01.954+0000][26.898s][info ][gc,task     ] GC(52) Using 10 workers of 10 for evacuation
[2024-12-08T18:53:01.966+0000][26.911s][info ][gc,phases   ] GC(52)   Pre Evacuate Collection Set: 0.2ms
[2024-12-08T18:53:01.967+0000][26.911s][info ][gc,phases   ] GC(52)   Merge Heap Roots: 0.2ms
[2024-12-08T18:53:01.967+0000][26.911s][info ][gc,phases   ] GC(52)   Evacuate Collection Set: 10.4ms
[2024-12-08T18:53:01.967+0000][26.911s][info ][gc,phases   ] GC(52)   Post Evacuate Collection Set: 1.9ms
[2024-12-08T18:53:01.967+0000][26.911s][info ][gc,phases   ] GC(52)   Other: 0.4ms
[2024-12-08T18:53:01.967+0000][26.911s][info ][gc,heap     ] GC(52) Eden regions: 135->0(130)
[2024-12-08T18:53:01.967+0000][26.911s][info ][gc,heap     ] GC(52) Survivor regions: 10->13(19)
[2024-12-08T18:53:01.967+0000][26.911s][info ][gc,heap     ] GC(52) Old regions: 67->67
[2024-12-08T18:53:01.968+0000][26.912s][info ][gc,heap     ] GC(52) Archive regions: 2->2
[2024-12-08T18:53:01.968+0000][26.912s][info ][gc,heap     ] GC(52) Humongous regions: 0->0
[2024-12-08T18:53:01.968+0000][26.912s][info ][gc,metaspace] GC(52) Metaspace: 161800K(162944K)->161800K(162944K) NonClass: 141705K(142272K)->141705K(142272K) Class: 20095K(20672K)->20095K(20672K)
[2024-12-08T18:53:01.968+0000][26.912s][info ][gc          ] GC(52) Pause Young (Normal) (G1 Evacuation Pause) 424M->160M(500M) 14.538ms
[2024-12-08T18:53:01.968+0000][26.912s][info ][gc,cpu      ] GC(52) User=0.15s Sys=0.00s Real=0.02s
[2024-12-08T18:53:01.968+0000][26.912s][info ][safepoint   ] Safepoint "G1CollectForAllocation", Time since last: 329357049 ns, Reaching safepoint: 375502 ns, Cleanup: 57636 ns, At safepoint: 15035901 ns, Total: 15469039 ns
[2024-12-08T18:53:02.328+0000][27.272s][debug][safepoint   ] Safepoint synchronization initiated using futex wait barrier. (350 threads)
[2024-12-08T18:53:02.329+0000][27.273s][info ][safepoint   ] Safepoint "ICBufferFull", Time since last: 359744199 ns, Reaching safepoint: 254616 ns, Cleanup: 140173 ns, At safepoint: 17315 ns, Total: 412104 ns
[2024-12-08T18:53:02.448+0000][27.392s][debug][safepoint   ] ... found polling page loop exception at pc = 0x00007f986d253dbf, stub =0x00007f986cb10400
[2024-12-08T18:53:02.519+0000][27.463s][debug][safepoint   ] Safepoint synchronization initiated using futex wait barrier. (352 threads)
[2024-12-08T18:53:02.520+0000][27.464s][info ][safepoint   ] Safepoint "ICBufferFull", Time since last: 190436596 ns, Reaching safepoint: 378085 ns, Cleanup: 148732 ns, At safepoint: 55134 ns, Total: 581951 ns
[2024-12-08T18:53:02.878+0000][27.822s][debug][safepoint   ] Safepoint synchronization initiated using futex wait barrier. (367 threads)
[2024-12-08T18:53:02.879+0000][27.823s][info ][safepoint   ] Safepoint "ICBufferFull", Time since last: 358196109 ns, Reaching safepoint: 707310 ns, Cleanup: 138193 ns, At safepoint: 80927 ns, Total: 926430 ns
[2024-12-08T18:53:02.879+0000][27.823s][debug][safepoint   ] Safepoint synchronization initiated using futex wait barrier. (367 threads)
[2024-12-08T18:53:02.879+0000][27.823s][info ][safepoint   ] Safepoint "ICBufferFull", Time since last: 273587 ns, Reaching safepoint: 479883 ns, Cleanup: 4734 ns, At safepoint: 23633 ns, Total: 508250 ns
[2024-12-08T18:53:02.990+0000][27.935s][debug][safepoint   ] Safepoint synchronization initiated using futex wait barrier. (379 threads)
[2024-12-08T18:53:02.992+0000][27.936s][info ][safepoint   ] Safepoint "ICBufferFull", Time since last: 111001144 ns, Reaching safepoint: 782198 ns, Cleanup: 132199 ns, At safepoint: 163762 ns, Total: 1078159 ns
[2024-12-08T18:53:03.123+0000][28.067s][debug][safepoint   ] Safepoint synchronization initiated using futex wait barrier. (384 threads)
[2024-12-08T18:53:03.124+0000][28.068s][info ][gc,start    ] GC(53) Pause Young (Normal) (G1 Evacuation Pause)
[2024-12-08T18:53:03.124+0000][28.068s][info ][gc,task     ] GC(53) Using 10 workers of 10 for evacuation
[2024-12-08T18:53:03.147+0000][28.091s][info ][gc,phases   ] GC(53)   Pre Evacuate Collection Set: 0.8ms
[2024-12-08T18:53:03.147+0000][28.091s][info ][gc,phases   ] GC(53)   Merge Heap Roots: 0.3ms
[2024-12-08T18:53:03.147+0000][28.091s][info ][gc,phases   ] GC(53)   Evacuate Collection Set: 19.2ms
[2024-12-08T18:53:03.147+0000][28.091s][info ][gc,phases   ] GC(53)   Post Evacuate Collection Set: 2.2ms
[2024-12-08T18:53:03.147+0000][28.091s][info ][gc,phases   ] GC(53)   Other: 0.9ms
[2024-12-08T18:53:03.148+0000][28.092s][info ][gc,heap     ] GC(53) Eden regions: 130->0(126)
[2024-12-08T18:53:03.148+0000][28.092s][info ][gc,heap     ] GC(53) Survivor regions: 13->12(18)
[2024-12-08T18:53:03.148+0000][28.092s][info ][gc,heap     ] GC(53) Old regions: 67->73
[2024-12-08T18:53:03.148+0000][28.092s][info ][gc,heap     ] GC(53) Archive regions: 2->2
[2024-12-08T18:53:03.148+0000][28.092s][info ][gc,heap     ] GC(53) Humongous regions: 0->0
[2024-12-08T18:53:03.148+0000][28.092s][info ][gc,metaspace] GC(53) Metaspace: 165825K(167040K)->165825K(167040K) NonClass: 145187K(145792K)->145187K(145792K) Class: 20638K(21248K)->20638K(21248K)
[2024-12-08T18:53:03.148+0000][28.092s][info ][gc          ] GC(53) Pause Young (Normal) (G1 Evacuation Pause) 420M->169M(500M) 24.826ms
[2024-12-08T18:53:03.149+0000][28.093s][info ][gc,cpu      ] GC(53) User=0.16s Sys=0.07s Real=0.03s
[2024-12-08T18:53:03.149+0000][28.093s][info ][safepoint   ] Safepoint "G1CollectForAllocation", Time since last: 131663467 ns, Reaching safepoint: 203496 ns, Cleanup: 130724 ns, At safepoint: 25537260 ns, Total: 25871480 ns
[2024-12-08T18:53:04.214+0000][29.158s][debug][safepoint   ] Safepoint synchronization initiated using futex wait barrier. (383 threads)
[2024-12-08T18:53:04.214+0000][29.158s][info ][safepoint   ] Safepoint "Cleanup", Time since last: 1064480315 ns, Reaching safepoint: 353399 ns, Cleanup: 67004 ns, At safepoint: 22283 ns, Total: 442686 ns
[2024-12-08T18:53:05.215+0000][30.159s][debug][safepoint   ] Safepoint synchronization initiated using futex wait barrier. (383 threads)
[2024-12-08T18:53:05.216+0000][30.160s][info ][safepoint   ] Safepoint "Cleanup", Time since last: 1001076746 ns, Reaching safepoint: 573481 ns, Cleanup: 9315 ns, At safepoint: 15120 ns, Total: 597916 ns
[2024-12-08T18:53:08.216+0000][33.160s][debug][safepoint   ] Safepoint synchronization initiated using futex wait barrier. (383 threads)
[2024-12-08T18:53:08.216+0000][33.160s][info ][safepoint   ] Safepoint "Cleanup", Time since last: 3000395786 ns, Reaching safepoint: 232675 ns, Cleanup: 12941 ns, At safepoint: 10242 ns, Total: 255858 ns
[2024-12-08T18:53:09.217+0000][34.161s][debug][safepoint   ] Safepoint synchronization initiated using futex wait barrier. (383 threads)
[2024-12-08T18:53:09.217+0000][34.161s][info ][safepoint   ] Safepoint "Cleanup", Time since last: 1000188993 ns, Reaching safepoint: 231360 ns, Cleanup: 7452 ns, At safepoint: 9414 ns, Total: 248226 ns
[2024-12-08T18:53:11.217+0000][36.161s][debug][safepoint   ] Safepoint synchronization initiated using futex wait barrier. (383 threads)
[2024-12-08T18:53:11.217+0000][36.161s][info ][safepoint   ] Safepoint "Cleanup", Time since last: 2000265119 ns, Reaching safepoint: 221631 ns, Cleanup: 8766 ns, At safepoint: 9639 ns, Total: 240036 ns
[2024-12-08T18:53:13.124+0000][38.068s][debug][safepoint   ] Safepoint synchronization initiated using futex wait barrier. (385 threads)
[2024-12-08T18:53:13.125+0000][38.069s][info ][safepoint   ] Safepoint "Cleanup", Time since last: 1906368950 ns, Reaching safepoint: 1085151 ns, Cleanup: 16686 ns, At safepoint: 16452 ns, Total: 1118289 ns
[2024-12-08T18:53:16.125+0000][41.069s][debug][safepoint   ] Safepoint synchronization initiated using futex wait barrier. (385 threads)
[2024-12-08T18:53:16.125+0000][41.069s][info ][safepoint   ] Safepoint "Cleanup", Time since last: 3000303477 ns, Reaching safepoint: 190987 ns, Cleanup: 7659 ns, At safepoint: 7974 ns, Total: 206620 ns
