[2025-01-03T21:59:20.133+0000][0.027s][info][gc] Using G1
[2025-01-03T21:59:20.136+0000][0.030s][info][gc,init] Version: 17.0.12+7-Debian-2deb12u1 (release)
[2025-01-03T21:59:20.136+0000][0.030s][info][gc,init] CPUs: 12 total, 12 available
[2025-01-03T21:59:20.136+0000][0.030s][info][gc,init] Memory: 15951M
[2025-01-03T21:59:20.136+0000][0.030s][info][gc,init] Large Page Support: Disabled
[2025-01-03T21:59:20.136+0000][0.030s][info][gc,init] NUMA Support: Disabled
[2025-01-03T21:59:20.136+0000][0.030s][info][gc,init] Compressed Oops: Enabled (Zero based)
[2025-01-03T21:59:20.136+0000][0.030s][info][gc,init] Heap Region Size: 2M
[2025-01-03T21:59:20.136+0000][0.031s][info][gc,init] Heap Min Capacity: 8M
[2025-01-03T21:59:20.136+0000][0.031s][info][gc,init] Heap Initial Capacity: 250M
[2025-01-03T21:59:20.137+0000][0.031s][info][gc,init] Heap Max Capacity: 3988M
[2025-01-03T21:59:20.137+0000][0.031s][info][gc,init] Pre-touch: Disabled
[2025-01-03T21:59:20.137+0000][0.031s][info][gc,init] Parallel Workers: 10
[2025-01-03T21:59:20.137+0000][0.031s][info][gc,init] Concurrent Workers: 3
[2025-01-03T21:59:20.137+0000][0.031s][info][gc,init] Concurrent Refinement Workers: 10
[2025-01-03T21:59:20.137+0000][0.031s][info][gc,init] Periodic GC: Disabled
[2025-01-03T21:59:20.144+0000][0.038s][info][gc,metaspace] CDS archive(s) mapped at: [0x00007fc78b000000-0x00007fc78bbc4000-0x00007fc78bbc4000), size 12337152, SharedBaseAddress: 0x00007fc78b000000, ArchiveRelocationMode: 1.
[2025-01-03T21:59:20.144+0000][0.038s][info][gc,metaspace] Compressed class space mapped at: 0x00007fc78c000000-0x00007fc7cc000000, reserved size: 1073741824
[2025-01-03T21:59:20.144+0000][0.039s][info][gc,metaspace] Narrow klass base: 0x00007fc78b000000, Narrow klass shift: 0, Narrow klass range: 0x100000000
[2025-01-03T21:59:20.149+0000][0.043s][info][cds,heap    ] initialize_from_archived_subgraph java.lang.Module$ArchivedData 0x00007fc78b184780 (early)
[2025-01-03T21:59:20.150+0000][0.044s][info][cds,heap    ] initialize_from_archived_subgraph java.util.ImmutableCollections 0x00007fc78b0722d8 (early)
[2025-01-03T21:59:20.151+0000][0.046s][info][cds,heap    ] initialize_from_archived_subgraph java.lang.Integer$IntegerCache 0x00007fc78b037660 (early)
[2025-01-03T21:59:20.154+0000][0.049s][info][cds,heap    ] initialize_from_archived_subgraph java.lang.module.Configuration 0x00007fc78b172700 (early)
[2025-01-03T21:59:20.155+0000][0.049s][info][cds,heap    ] initialize_from_archived_subgraph java.lang.ModuleLayer 0x00007fc78b146b38 (early)
[2025-01-03T21:59:20.155+0000][0.049s][info][cds,heap    ] initialize_from_archived_subgraph jdk.internal.loader.ArchivedClassLoaders 0x00007fc78b1adb70 (early)
[2025-01-03T21:59:20.155+0000][0.050s][info][cds,heap    ] initialize_from_archived_subgraph jdk.internal.module.ArchivedBootLayer 0x00007fc78b179340 (early)
[2025-01-03T21:59:20.157+0000][0.051s][info][cds,heap    ] initialize_from_archived_subgraph sun.util.locale.BaseLocale 0x00007fc78b26d048
[2025-01-03T21:59:20.164+0000][0.058s][info][cds,heap    ] initialize_from_archived_subgraph java.util.jar.Attributes$Name 0x00007fc78b19f5e8
[2025-01-03T21:59:20.189+0000][0.083s][info][cds,heap    ] initialize_from_archived_subgraph java.lang.Long$LongCache 0x00007fc78b020f98
[2025-01-03T21:59:20.248+0000][0.143s][info][cds,heap    ] initialize_from_archived_subgraph java.lang.Character$CharacterCache 0x00007fc78b03a9e8
[2025-01-03T21:59:20.551+0000][0.445s][debug][safepoint   ] Safepoint synchronization initiated using futex wait barrier. (14 threads)
[2025-01-03T21:59:20.551+0000][0.446s][info ][safepoint   ] Safepoint "ICBufferFull", Time since last: 402637143 ns, Reaching safepoint: 208850 ns, Cleanup: 72531 ns, At safepoint: 13953 ns, Total: 295334 ns
[2025-01-03T21:59:20.582+0000][0.477s][debug][safepoint   ] Safepoint synchronization initiated using futex wait barrier. (14 threads)
[2025-01-03T21:59:20.583+0000][0.477s][info ][gc,start    ] GC(0) Pause Young (Normal) (G1 Evacuation Pause)
[2025-01-03T21:59:20.584+0000][0.478s][info ][gc,task     ] GC(0) Using 6 workers of 10 for evacuation
[2025-01-03T21:59:20.589+0000][0.483s][info ][gc,phases   ] GC(0)   Pre Evacuate Collection Set: 0.1ms
[2025-01-03T21:59:20.589+0000][0.484s][info ][gc,phases   ] GC(0)   Merge Heap Roots: 0.1ms
[2025-01-03T21:59:20.590+0000][0.484s][info ][gc,phases   ] GC(0)   Evacuate Collection Set: 4.2ms
[2025-01-03T21:59:20.590+0000][0.484s][info ][gc,phases   ] GC(0)   Post Evacuate Collection Set: 0.9ms
[2025-01-03T21:59:20.590+0000][0.484s][info ][gc,phases   ] GC(0)   Other: 1.1ms
[2025-01-03T21:59:20.590+0000][0.484s][info ][gc,heap     ] GC(0) Eden regions: 31->0(53)
[2025-01-03T21:59:20.590+0000][0.484s][info ][gc,heap     ] GC(0) Survivor regions: 0->4(4)
[2025-01-03T21:59:20.590+0000][0.484s][info ][gc,heap     ] GC(0) Old regions: 0->1
[2025-01-03T21:59:20.590+0000][0.485s][info ][gc,heap     ] GC(0) Archive regions: 2->2
[2025-01-03T21:59:20.590+0000][0.485s][info ][gc,heap     ] GC(0) Humongous regions: 0->0
[2025-01-03T21:59:20.591+0000][0.485s][info ][gc,metaspace] GC(0) Metaspace: 2513K(2688K)->2513K(2688K) NonClass: 2275K(2368K)->2275K(2368K) Class: 237K(320K)->237K(320K)
[2025-01-03T21:59:20.591+0000][0.485s][info ][gc          ] GC(0) Pause Young (Normal) (G1 Evacuation Pause) 63M->10M(254M) 7.968ms
[2025-01-03T21:59:20.591+0000][0.485s][info ][gc,cpu      ] GC(0) User=0.03s Sys=0.01s Real=0.01s
[2025-01-03T21:59:20.591+0000][0.485s][info ][safepoint   ] Safepoint "G1CollectForAllocation", Time since last: 31089715 ns, Reaching safepoint: 232226 ns, Cleanup: 14060 ns, At safepoint: 8284670 ns, Total: 8530956 ns
[2025-01-03T21:59:21.055+0000][0.949s][debug][safepoint   ] Safepoint synchronization initiated using futex wait barrier. (15 threads)
[2025-01-03T21:59:21.055+0000][0.949s][info ][safepoint   ] Safepoint "ICBufferFull", Time since last: 463620240 ns, Reaching safepoint: 164664 ns, Cleanup: 171448 ns, At safepoint: 6663 ns, Total: 342775 ns
[2025-01-03T21:59:21.089+0000][0.983s][debug][safepoint   ] Safepoint synchronization initiated using futex wait barrier. (15 threads)
[2025-01-03T21:59:21.089+0000][0.983s][info ][gc,start    ] GC(1) Pause Young (Normal) (G1 Evacuation Pause)
[2025-01-03T21:59:21.089+0000][0.983s][info ][gc,task     ] GC(1) Using 6 workers of 10 for evacuation
[2025-01-03T21:59:21.095+0000][0.989s][info ][gc,phases   ] GC(1)   Pre Evacuate Collection Set: 0.1ms
[2025-01-03T21:59:21.095+0000][0.989s][info ][gc,phases   ] GC(1)   Merge Heap Roots: 0.1ms
[2025-01-03T21:59:21.095+0000][0.989s][info ][gc,phases   ] GC(1)   Evacuate Collection Set: 4.3ms
[2025-01-03T21:59:21.095+0000][0.989s][info ][gc,phases   ] GC(1)   Post Evacuate Collection Set: 0.9ms
[2025-01-03T21:59:21.095+0000][0.989s][info ][gc,phases   ] GC(1)   Other: 0.3ms
[2025-01-03T21:59:21.095+0000][0.989s][info ][gc,heap     ] GC(1) Eden regions: 53->0(69)
[2025-01-03T21:59:21.095+0000][0.990s][info ][gc,heap     ] GC(1) Survivor regions: 4->6(8)
[2025-01-03T21:59:21.095+0000][0.990s][info ][gc,heap     ] GC(1) Old regions: 1->1
[2025-01-03T21:59:21.096+0000][0.990s][info ][gc,heap     ] GC(1) Archive regions: 2->2
[2025-01-03T21:59:21.096+0000][0.990s][info ][gc,heap     ] GC(1) Humongous regions: 0->0
[2025-01-03T21:59:21.096+0000][0.990s][info ][gc,metaspace] GC(1) Metaspace: 7016K(7296K)->7016K(7296K) NonClass: 6151K(6272K)->6151K(6272K) Class: 865K(1024K)->865K(1024K)
[2025-01-03T21:59:21.096+0000][0.990s][info ][gc          ] GC(1) Pause Young (Normal) (G1 Evacuation Pause) 116M->13M(254M) 6.886ms
[2025-01-03T21:59:21.096+0000][0.990s][info ][gc,cpu      ] GC(1) User=0.03s Sys=0.00s Real=0.01s
[2025-01-03T21:59:21.096+0000][0.990s][info ][safepoint   ] Safepoint "G1CollectForAllocation", Time since last: 33826982 ns, Reaching safepoint: 201430 ns, Cleanup: 13097 ns, At safepoint: 7164445 ns, Total: 7378972 ns
[2025-01-03T21:59:21.495+0000][1.389s][debug][safepoint   ] Safepoint synchronization initiated using futex wait barrier. (15 threads)
[2025-01-03T21:59:21.495+0000][1.389s][info ][safepoint   ] Safepoint "ICBufferFull", Time since last: 398576569 ns, Reaching safepoint: 213766 ns, Cleanup: 93447 ns, At safepoint: 20723 ns, Total: 327936 ns
[2025-01-03T21:59:21.567+0000][1.461s][debug][safepoint   ] Safepoint synchronization initiated using futex wait barrier. (15 threads)
[2025-01-03T21:59:21.567+0000][1.461s][info ][safepoint   ] Safepoint "ICBufferFull", Time since last: 71565196 ns, Reaching safepoint: 269411 ns, Cleanup: 110319 ns, At safepoint: 19741 ns, Total: 399471 ns
[2025-01-03T21:59:21.653+0000][1.547s][debug][safepoint   ] Safepoint synchronization initiated using futex wait barrier. (16 threads)
[2025-01-03T21:59:21.653+0000][1.547s][info ][gc,start    ] GC(2) Pause Young (Normal) (G1 Evacuation Pause)
[2025-01-03T21:59:21.653+0000][1.547s][info ][gc,task     ] GC(2) Using 6 workers of 10 for evacuation
[2025-01-03T21:59:21.661+0000][1.555s][info ][gc,phases   ] GC(2)   Pre Evacuate Collection Set: 0.1ms
[2025-01-03T21:59:21.661+0000][1.555s][info ][gc,phases   ] GC(2)   Merge Heap Roots: 0.1ms
[2025-01-03T21:59:21.661+0000][1.555s][info ][gc,phases   ] GC(2)   Evacuate Collection Set: 6.7ms
[2025-01-03T21:59:21.661+0000][1.556s][info ][gc,phases   ] GC(2)   Post Evacuate Collection Set: 0.8ms
[2025-01-03T21:59:21.661+0000][1.556s][info ][gc,phases   ] GC(2)   Other: 0.3ms
[2025-01-03T21:59:21.662+0000][1.556s][info ][gc,heap     ] GC(2) Eden regions: 69->0(71)
[2025-01-03T21:59:21.662+0000][1.556s][info ][gc,heap     ] GC(2) Survivor regions: 6->4(10)
[2025-01-03T21:59:21.662+0000][1.556s][info ][gc,heap     ] GC(2) Old regions: 1->5
[2025-01-03T21:59:21.662+0000][1.556s][info ][gc,heap     ] GC(2) Archive regions: 2->2
[2025-01-03T21:59:21.662+0000][1.556s][info ][gc,heap     ] GC(2) Humongous regions: 0->0
[2025-01-03T21:59:21.662+0000][1.556s][info ][gc,metaspace] GC(2) Metaspace: 12503K(12800K)->12503K(12800K) NonClass: 10884K(11072K)->10884K(11072K) Class: 1619K(1728K)->1619K(1728K)
[2025-01-03T21:59:21.662+0000][1.557s][info ][gc          ] GC(2) Pause Young (Normal) (G1 Evacuation Pause) 151M->17M(254M) 9.513ms
[2025-01-03T21:59:21.663+0000][1.557s][info ][gc,cpu      ] GC(2) User=0.05s Sys=0.01s Real=0.01s
[2025-01-03T21:59:21.663+0000][1.557s][info ][safepoint   ] Safepoint "G1CollectForAllocation", Time since last: 85504161 ns, Reaching safepoint: 257986 ns, Cleanup: 69749 ns, At safepoint: 9863850 ns, Total: 10191585 ns
[2025-01-03T21:59:22.004+0000][1.898s][info ][cds,heap    ] initialize_from_archived_subgraph java.lang.Byte$ByteCache 0x00007fc78b03abf8
[2025-01-03T21:59:22.004+0000][1.899s][info ][cds,heap    ] initialize_from_archived_subgraph java.lang.Short$ShortCache 0x00007fc78b0412e8
[2025-01-03T21:59:22.057+0000][1.951s][debug][safepoint   ] Safepoint synchronization initiated using futex wait barrier. (16 threads)
[2025-01-03T21:59:22.057+0000][1.951s][info ][gc,start    ] GC(3) Pause Young (Normal) (G1 Evacuation Pause)
[2025-01-03T21:59:22.057+0000][1.952s][info ][gc,task     ] GC(3) Using 6 workers of 10 for evacuation
[2025-01-03T21:59:22.061+0000][1.955s][info ][gc,phases   ] GC(3)   Pre Evacuate Collection Set: 0.1ms
[2025-01-03T21:59:22.061+0000][1.956s][info ][gc,phases   ] GC(3)   Merge Heap Roots: 0.1ms
[2025-01-03T21:59:22.061+0000][1.956s][info ][gc,phases   ] GC(3)   Evacuate Collection Set: 2.3ms
[2025-01-03T21:59:22.062+0000][1.956s][info ][gc,phases   ] GC(3)   Post Evacuate Collection Set: 0.8ms
[2025-01-03T21:59:22.062+0000][1.956s][info ][gc,phases   ] GC(3)   Other: 0.4ms
[2025-01-03T21:59:22.062+0000][1.956s][info ][gc,heap     ] GC(3) Eden regions: 71->0(71)
[2025-01-03T21:59:22.062+0000][1.956s][info ][gc,heap     ] GC(3) Survivor regions: 4->4(10)
[2025-01-03T21:59:22.062+0000][1.956s][info ][gc,heap     ] GC(3) Old regions: 5->5
[2025-01-03T21:59:22.063+0000][1.957s][info ][gc,heap     ] GC(3) Archive regions: 2->2
[2025-01-03T21:59:22.063+0000][1.957s][info ][gc,heap     ] GC(3) Humongous regions: 0->0
[2025-01-03T21:59:22.063+0000][1.958s][info ][gc,metaspace] GC(3) Metaspace: 17175K(17472K)->17175K(17472K) NonClass: 14855K(15040K)->14855K(15040K) Class: 2319K(2432K)->2319K(2432K)
[2025-01-03T21:59:22.063+0000][1.958s][info ][gc          ] GC(3) Pause Young (Normal) (G1 Evacuation Pause) 159M->17M(254M) 6.249ms
[2025-01-03T21:59:22.064+0000][1.958s][info ][gc,cpu      ] GC(3) User=0.01s Sys=0.00s Real=0.00s
[2025-01-03T21:59:22.064+0000][1.958s][info ][safepoint   ] Safepoint "G1CollectForAllocation", Time since last: 394157591 ns, Reaching safepoint: 231792 ns, Cleanup: 85589 ns, At safepoint: 6589856 ns, Total: 6907237 ns
[2025-01-03T21:59:22.366+0000][2.260s][debug][safepoint   ] Safepoint synchronization initiated using futex wait barrier. (16 threads)
[2025-01-03T21:59:22.366+0000][2.260s][info ][gc,start    ] GC(4) Pause Young (Concurrent Start) (Metadata GC Threshold)
[2025-01-03T21:59:22.366+0000][2.260s][info ][gc,task     ] GC(4) Using 6 workers of 10 for evacuation
[2025-01-03T21:59:22.371+0000][2.265s][info ][gc,phases   ] GC(4)   Pre Evacuate Collection Set: 0.1ms
[2025-01-03T21:59:22.371+0000][2.265s][info ][gc,phases   ] GC(4)   Merge Heap Roots: 0.1ms
[2025-01-03T21:59:22.371+0000][2.266s][info ][gc,phases   ] GC(4)   Evacuate Collection Set: 3.3ms
[2025-01-03T21:59:22.371+0000][2.266s][info ][gc,phases   ] GC(4)   Post Evacuate Collection Set: 1.1ms
[2025-01-03T21:59:22.372+0000][2.266s][info ][gc,phases   ] GC(4)   Other: 0.4ms
[2025-01-03T21:59:22.372+0000][2.266s][info ][gc,heap     ] GC(4) Eden regions: 41->0(70)
[2025-01-03T21:59:22.372+0000][2.266s][info ][gc,heap     ] GC(4) Survivor regions: 4->5(10)
[2025-01-03T21:59:22.372+0000][2.266s][info ][gc,heap     ] GC(4) Old regions: 5->5
[2025-01-03T21:59:22.372+0000][2.267s][info ][gc,heap     ] GC(4) Archive regions: 2->2
[2025-01-03T21:59:22.372+0000][2.267s][info ][gc,heap     ] GC(4) Humongous regions: 0->0
[2025-01-03T21:59:22.373+0000][2.267s][info ][gc,metaspace] GC(4) Metaspace: 21276K(21504K)->21276K(21504K) NonClass: 18491K(18624K)->18491K(18624K) Class: 2785K(2880K)->2785K(2880K)
[2025-01-03T21:59:22.373+0000][2.267s][info ][gc          ] GC(4) Pause Young (Concurrent Start) (Metadata GC Threshold) 98M->20M(254M) 7.009ms
[2025-01-03T21:59:22.373+0000][2.267s][info ][gc,cpu      ] GC(4) User=0.02s Sys=0.00s Real=0.00s
[2025-01-03T21:59:22.373+0000][2.267s][info ][gc          ] GC(5) Concurrent Mark Cycle
[2025-01-03T21:59:22.373+0000][2.268s][info ][gc,marking  ] GC(5) Concurrent Clear Claimed Marks
[2025-01-03T21:59:22.373+0000][2.267s][info ][safepoint   ] Safepoint "CollectForMetadataAllocation", Time since last: 301790691 ns, Reaching safepoint: 218388 ns, Cleanup: 44170 ns, At safepoint: 7361250 ns, Total: 7623808 ns
[2025-01-03T21:59:22.374+0000][2.268s][info ][gc,marking  ] GC(5) Concurrent Clear Claimed Marks 0.195ms
[2025-01-03T21:59:22.374+0000][2.268s][info ][gc,marking  ] GC(5) Concurrent Scan Root Regions
[2025-01-03T21:59:22.377+0000][2.272s][info ][gc,marking  ] GC(5) Concurrent Scan Root Regions 3.439ms
[2025-01-03T21:59:22.378+0000][2.272s][info ][gc,marking  ] GC(5) Concurrent Mark
[2025-01-03T21:59:22.378+0000][2.272s][info ][gc,marking  ] GC(5) Concurrent Mark From Roots
[2025-01-03T21:59:22.378+0000][2.272s][info ][gc,task     ] GC(5) Using 3 workers of 3 for marking
[2025-01-03T21:59:22.383+0000][2.278s][info ][gc,marking  ] GC(5) Concurrent Mark From Roots 5.702ms
[2025-01-03T21:59:22.384+0000][2.278s][info ][gc,marking  ] GC(5) Concurrent Preclean
[2025-01-03T21:59:22.384+0000][2.278s][info ][gc,marking  ] GC(5) Concurrent Preclean 0.329ms
[2025-01-03T21:59:22.384+0000][2.278s][debug][safepoint   ] Safepoint synchronization initiated using futex wait barrier. (16 threads)
[2025-01-03T21:59:22.384+0000][2.278s][debug][safepoint   ] ... found polling page loop exception at pc = 0x00007fc7f90fd02a, stub =0x00007fc7f8b10400
[2025-01-03T21:59:22.384+0000][2.279s][info ][gc,start    ] GC(5) Pause Remark
[2025-01-03T21:59:22.386+0000][2.280s][info ][gc          ] GC(5) Pause Remark 23M->23M(94M) 1.571ms
[2025-01-03T21:59:22.386+0000][2.280s][info ][gc,cpu      ] GC(5) User=0.01s Sys=0.00s Real=0.01s
[2025-01-03T21:59:22.386+0000][2.281s][info ][safepoint   ] Safepoint "G1PauseRemark", Time since last: 10902575 ns, Reaching safepoint: 299549 ns, Cleanup: 10999 ns, At safepoint: 1881293 ns, Total: 2191841 ns
[2025-01-03T21:59:22.386+0000][2.281s][info ][gc,marking  ] GC(5) Concurrent Mark 8.976ms
[2025-01-03T21:59:22.387+0000][2.281s][info ][gc,marking  ] GC(5) Concurrent Rebuild Remembered Sets
[2025-01-03T21:59:22.388+0000][2.282s][info ][gc,marking  ] GC(5) Concurrent Rebuild Remembered Sets 1.459ms
[2025-01-03T21:59:22.388+0000][2.282s][debug][safepoint   ] Safepoint synchronization initiated using futex wait barrier. (16 threads)
[2025-01-03T21:59:22.388+0000][2.283s][info ][gc,start    ] GC(5) Pause Cleanup
[2025-01-03T21:59:22.389+0000][2.283s][info ][gc          ] GC(5) Pause Cleanup 23M->23M(94M) 0.203ms
[2025-01-03T21:59:22.389+0000][2.283s][info ][gc,cpu      ] GC(5) User=0.00s Sys=0.00s Real=0.00s
[2025-01-03T21:59:22.389+0000][2.283s][info ][safepoint   ] Safepoint "G1PauseCleanup", Time since last: 1949364 ns, Reaching safepoint: 159814 ns, Cleanup: 1999 ns, At safepoint: 503543 ns, Total: 665356 ns
[2025-01-03T21:59:22.389+0000][2.283s][info ][gc,marking  ] GC(5) Concurrent Cleanup for Next Mark
[2025-01-03T21:59:22.390+0000][2.284s][info ][gc,marking  ] GC(5) Concurrent Cleanup for Next Mark 0.588ms
[2025-01-03T21:59:22.390+0000][2.284s][info ][gc          ] GC(5) Concurrent Mark Cycle 16.614ms
[2025-01-03T21:59:22.610+0000][2.504s][debug][safepoint   ] Safepoint synchronization initiated using futex wait barrier. (16 threads)
[2025-01-03T21:59:22.610+0000][2.505s][info ][gc,start    ] GC(6) Pause Young (Prepare Mixed) (G1 Preventive Collection)
[2025-01-03T21:59:22.611+0000][2.505s][info ][gc,task     ] GC(6) Using 5 workers of 10 for evacuation
[2025-01-03T21:59:22.617+0000][2.511s][info ][gc,phases   ] GC(6)   Pre Evacuate Collection Set: 0.1ms
[2025-01-03T21:59:22.617+0000][2.512s][info ][gc,phases   ] GC(6)   Merge Heap Roots: 0.1ms
[2025-01-03T21:59:22.618+0000][2.512s][info ][gc,phases   ] GC(6)   Evacuate Collection Set: 5.5ms
[2025-01-03T21:59:22.618+0000][2.512s][info ][gc,phases   ] GC(6)   Post Evacuate Collection Set: 0.8ms
[2025-01-03T21:59:22.618+0000][2.512s][info ][gc,phases   ] GC(6)   Other: 0.3ms
[2025-01-03T21:59:22.618+0000][2.512s][info ][gc,heap     ] GC(6) Eden regions: 27->0(1)
[2025-01-03T21:59:22.618+0000][2.512s][info ][gc,heap     ] GC(6) Survivor regions: 5->6(10)
[2025-01-03T21:59:22.618+0000][2.512s][info ][gc,heap     ] GC(6) Old regions: 5->5
[2025-01-03T21:59:22.618+0000][2.513s][info ][gc,heap     ] GC(6) Archive regions: 2->2
[2025-01-03T21:59:22.618+0000][2.513s][info ][gc,heap     ] GC(6) Humongous regions: 0->0
[2025-01-03T21:59:22.619+0000][2.513s][info ][gc,metaspace] GC(6) Metaspace: 23904K(24256K)->23904K(24256K) NonClass: 20782K(20928K)->20782K(20928K) Class: 3122K(3328K)->3122K(3328K)
[2025-01-03T21:59:22.619+0000][2.513s][info ][gc          ] GC(6) Pause Young (Prepare Mixed) (G1 Preventive Collection) 74M->22M(114M) 8.230ms
[2025-01-03T21:59:22.619+0000][2.513s][info ][gc,cpu      ] GC(6) User=0.06s Sys=0.00s Real=0.01s
[2025-01-03T21:59:22.619+0000][2.513s][info ][safepoint   ] Safepoint "G1CollectForAllocation", Time since last: 221182552 ns, Reaching safepoint: 321674 ns, Cleanup: 55769 ns, At safepoint: 8497299 ns, Total: 8874742 ns
[2025-01-03T21:59:22.626+0000][2.520s][debug][safepoint   ] Safepoint synchronization initiated using futex wait barrier. (15 threads)
[2025-01-03T21:59:22.627+0000][2.521s][info ][gc,start    ] GC(7) Pause Young (Mixed) (G1 Evacuation Pause)
[2025-01-03T21:59:22.627+0000][2.521s][info ][gc,task     ] GC(7) Using 3 workers of 10 for evacuation
[2025-01-03T21:59:22.636+0000][2.530s][info ][gc,phases   ] GC(7)   Pre Evacuate Collection Set: 0.1ms
[2025-01-03T21:59:22.636+0000][2.530s][info ][gc,phases   ] GC(7)   Merge Heap Roots: 0.1ms
[2025-01-03T21:59:22.636+0000][2.530s][info ][gc,phases   ] GC(7)   Evacuate Collection Set: 7.3ms
[2025-01-03T21:59:22.636+0000][2.530s][info ][gc,phases   ] GC(7)   Post Evacuate Collection Set: 0.9ms
[2025-01-03T21:59:22.636+0000][2.530s][info ][gc,phases   ] GC(7)   Other: 0.4ms
[2025-01-03T21:59:22.636+0000][2.530s][info ][gc,heap     ] GC(7) Eden regions: 1->0(32)
[2025-01-03T21:59:22.636+0000][2.531s][info ][gc,heap     ] GC(7) Survivor regions: 6->1(1)
[2025-01-03T21:59:22.636+0000][2.531s][info ][gc,heap     ] GC(7) Old regions: 5->10
[2025-01-03T21:59:22.636+0000][2.531s][info ][gc,heap     ] GC(7) Archive regions: 2->2
[2025-01-03T21:59:22.637+0000][2.531s][info ][gc,heap     ] GC(7) Humongous regions: 0->0
[2025-01-03T21:59:22.637+0000][2.531s][info ][gc,metaspace] GC(7) Metaspace: 23966K(24384K)->23966K(24384K) NonClass: 20828K(21056K)->20828K(21056K) Class: 3137K(3328K)->3137K(3328K)
[2025-01-03T21:59:22.637+0000][2.531s][info ][gc          ] GC(7) Pause Young (Mixed) (G1 Evacuation Pause) 24M->23M(114M) 9.961ms
[2025-01-03T21:59:22.637+0000][2.531s][info ][gc,cpu      ] GC(7) User=0.04s Sys=0.01s Real=0.01s
[2025-01-03T21:59:22.637+0000][2.531s][info ][safepoint   ] Safepoint "G1CollectForAllocation", Time since last: 7207298 ns, Reaching safepoint: 594087 ns, Cleanup: 9551 ns, At safepoint: 10211730 ns, Total: 10815368 ns
[2025-01-03T21:59:22.858+0000][2.752s][debug][safepoint   ] Safepoint synchronization initiated using futex wait barrier. (15 threads)
[2025-01-03T21:59:22.858+0000][2.752s][info ][gc,start    ] GC(8) Pause Young (Normal) (G1 Evacuation Pause)
[2025-01-03T21:59:22.858+0000][2.752s][info ][gc,task     ] GC(8) Using 2 workers of 10 for evacuation
[2025-01-03T21:59:22.864+0000][2.758s][info ][gc,phases   ] GC(8)   Pre Evacuate Collection Set: 0.1ms
[2025-01-03T21:59:22.864+0000][2.759s][info ][gc,phases   ] GC(8)   Merge Heap Roots: 0.1ms
[2025-01-03T21:59:22.865+0000][2.759s][info ][gc,phases   ] GC(8)   Evacuate Collection Set: 5.1ms
[2025-01-03T21:59:22.865+0000][2.759s][info ][gc,phases   ] GC(8)   Post Evacuate Collection Set: 0.6ms
[2025-01-03T21:59:22.865+0000][2.759s][info ][gc,phases   ] GC(8)   Other: 0.3ms
[2025-01-03T21:59:22.865+0000][2.759s][info ][gc,heap     ] GC(8) Eden regions: 32->0(29)
[2025-01-03T21:59:22.865+0000][2.759s][info ][gc,heap     ] GC(8) Survivor regions: 1->3(5)
[2025-01-03T21:59:22.865+0000][2.759s][info ][gc,heap     ] GC(8) Old regions: 10->10
[2025-01-03T21:59:22.865+0000][2.760s][info ][gc,heap     ] GC(8) Archive regions: 2->2
[2025-01-03T21:59:22.865+0000][2.760s][info ][gc,heap     ] GC(8) Humongous regions: 0->0
[2025-01-03T21:59:22.865+0000][2.760s][info ][gc,metaspace] GC(8) Metaspace: 24429K(24832K)->24429K(24832K) NonClass: 21247K(21440K)->21247K(21440K) Class: 3181K(3392K)->3181K(3392K)
[2025-01-03T21:59:22.866+0000][2.760s][info ][gc          ] GC(8) Pause Young (Normal) (G1 Evacuation Pause) 87M->27M(114M) 7.558ms
[2025-01-03T21:59:22.866+0000][2.760s][info ][gc,cpu      ] GC(8) User=0.03s Sys=0.00s Real=0.01s
[2025-01-03T21:59:22.866+0000][2.760s][info ][safepoint   ] Safepoint "G1CollectForAllocation", Time since last: 220772074 ns, Reaching safepoint: 208242 ns, Cleanup: 77140 ns, At safepoint: 7844550 ns, Total: 8129932 ns
[2025-01-03T21:59:22.952+0000][2.847s][debug][safepoint   ] Safepoint synchronization initiated using futex wait barrier. (15 threads)
[2025-01-03T21:59:22.953+0000][2.847s][info ][gc,start    ] GC(9) Pause Young (Normal) (G1 Evacuation Pause)
[2025-01-03T21:59:22.953+0000][2.847s][info ][gc,task     ] GC(9) Using 2 workers of 10 for evacuation
[2025-01-03T21:59:22.963+0000][2.857s][info ][gc,phases   ] GC(9)   Pre Evacuate Collection Set: 0.1ms
[2025-01-03T21:59:22.963+0000][2.857s][info ][gc,phases   ] GC(9)   Merge Heap Roots: 0.1ms
[2025-01-03T21:59:22.963+0000][2.857s][info ][gc,phases   ] GC(9)   Evacuate Collection Set: 9.2ms
[2025-01-03T21:59:22.963+0000][2.857s][info ][gc,phases   ] GC(9)   Post Evacuate Collection Set: 0.7ms
[2025-01-03T21:59:22.963+0000][2.858s][info ][gc,phases   ] GC(9)   Other: 0.3ms
[2025-01-03T21:59:22.963+0000][2.858s][info ][gc,heap     ] GC(9) Eden regions: 29->0(25)
[2025-01-03T21:59:22.963+0000][2.858s][info ][gc,heap     ] GC(9) Survivor regions: 3->4(4)
[2025-01-03T21:59:22.964+0000][2.858s][info ][gc,heap     ] GC(9) Old regions: 10->13
[2025-01-03T21:59:22.964+0000][2.858s][info ][gc,heap     ] GC(9) Archive regions: 2->2
[2025-01-03T21:59:22.964+0000][2.858s][info ][gc,heap     ] GC(9) Humongous regions: 0->0
[2025-01-03T21:59:22.964+0000][2.858s][info ][gc,metaspace] GC(9) Metaspace: 24445K(24832K)->24445K(24832K) NonClass: 21259K(21440K)->21259K(21440K) Class: 3186K(3392K)->3186K(3392K)
[2025-01-03T21:59:22.964+0000][2.858s][info ][gc          ] GC(9) Pause Young (Normal) (G1 Evacuation Pause) 85M->35M(114M) 11.327ms
[2025-01-03T21:59:22.964+0000][2.858s][info ][gc,cpu      ] GC(9) User=0.06s Sys=0.00s Real=0.01s
[2025-01-03T21:59:22.964+0000][2.858s][info ][safepoint   ] Safepoint "G1CollectForAllocation", Time since last: 86446848 ns, Reaching safepoint: 225133 ns, Cleanup: 21535 ns, At safepoint: 11528069 ns, Total: 11774737 ns
[2025-01-03T21:59:23.082+0000][2.976s][debug][safepoint   ] Safepoint synchronization initiated using futex wait barrier. (15 threads)
[2025-01-03T21:59:23.082+0000][2.976s][info ][gc,start    ] GC(10) Pause Young (Normal) (G1 Evacuation Pause)
[2025-01-03T21:59:23.082+0000][2.976s][info ][gc,task     ] GC(10) Using 2 workers of 10 for evacuation
[2025-01-03T21:59:23.096+0000][2.991s][info ][gc,phases   ] GC(10)   Pre Evacuate Collection Set: 0.1ms
[2025-01-03T21:59:23.096+0000][2.991s][info ][gc,phases   ] GC(10)   Merge Heap Roots: 0.1ms
[2025-01-03T21:59:23.097+0000][2.991s][info ][gc,phases   ] GC(10)   Evacuate Collection Set: 12.7ms
[2025-01-03T21:59:23.097+0000][2.991s][info ][gc,phases   ] GC(10)   Post Evacuate Collection Set: 1.2ms
[2025-01-03T21:59:23.097+0000][2.991s][info ][gc,phases   ] GC(10)   Other: 0.3ms
[2025-01-03T21:59:23.097+0000][2.991s][info ][gc,heap     ] GC(10) Eden regions: 25->0(72)
[2025-01-03T21:59:23.097+0000][2.991s][info ][gc,heap     ] GC(10) Survivor regions: 4->3(4)
[2025-01-03T21:59:23.097+0000][2.991s][info ][gc,heap     ] GC(10) Old regions: 13->17
[2025-01-03T21:59:23.097+0000][2.992s][info ][gc,heap     ] GC(10) Archive regions: 2->2
[2025-01-03T21:59:23.098+0000][2.992s][info ][gc,heap     ] GC(10) Humongous regions: 0->0
[2025-01-03T21:59:23.098+0000][2.992s][info ][gc,metaspace] GC(10) Metaspace: 24570K(24960K)->24570K(24960K) NonClass: 21366K(21568K)->21366K(21568K) Class: 3203K(3392K)->3203K(3392K)
[2025-01-03T21:59:23.098+0000][2.992s][info ][gc          ] GC(10) Pause Young (Normal) (G1 Evacuation Pause) 85M->40M(250M) 15.808ms
[2025-01-03T21:59:23.098+0000][2.992s][info ][gc,cpu      ] GC(10) User=0.07s Sys=0.01s Real=0.02s
[2025-01-03T21:59:23.098+0000][2.992s][info ][safepoint   ] Safepoint "G1CollectForAllocation", Time since last: 117606261 ns, Reaching safepoint: 208427 ns, Cleanup: 28575 ns, At safepoint: 16130745 ns, Total: 16367747 ns
[2025-01-03T21:59:23.532+0000][3.427s][debug][safepoint   ] Safepoint synchronization initiated using futex wait barrier. (15 threads)
[2025-01-03T21:59:23.535+0000][3.429s][info ][safepoint   ] Safepoint "ICBufferFull", Time since last: 434325780 ns, Reaching safepoint: 1965825 ns, Cleanup: 167472 ns, At safepoint: 5234 ns, Total: 2138531 ns
[2025-01-03T21:59:23.634+0000][3.528s][debug][safepoint   ] Safepoint synchronization initiated using futex wait barrier. (15 threads)
[2025-01-03T21:59:23.634+0000][3.528s][info ][gc,start    ] GC(11) Pause Young (Normal) (G1 Evacuation Pause)
[2025-01-03T21:59:23.634+0000][3.528s][info ][gc,task     ] GC(11) Using 6 workers of 10 for evacuation
[2025-01-03T21:59:23.642+0000][3.536s][info ][gc,phases   ] GC(11)   Pre Evacuate Collection Set: 0.1ms
[2025-01-03T21:59:23.642+0000][3.536s][info ][gc,phases   ] GC(11)   Merge Heap Roots: 0.1ms
[2025-01-03T21:59:23.642+0000][3.536s][info ][gc,phases   ] GC(11)   Evacuate Collection Set: 6.2ms
[2025-01-03T21:59:23.642+0000][3.536s][info ][gc,phases   ] GC(11)   Post Evacuate Collection Set: 0.8ms
[2025-01-03T21:59:23.642+0000][3.536s][info ][gc,phases   ] GC(11)   Other: 0.3ms
[2025-01-03T21:59:23.642+0000][3.537s][info ][gc,heap     ] GC(11) Eden regions: 72->0(67)
[2025-01-03T21:59:23.642+0000][3.537s][info ][gc,heap     ] GC(11) Survivor regions: 3->8(10)
[2025-01-03T21:59:23.643+0000][3.537s][info ][gc,heap     ] GC(11) Old regions: 17->17
[2025-01-03T21:59:23.643+0000][3.537s][info ][gc,heap     ] GC(11) Archive regions: 2->2
[2025-01-03T21:59:23.643+0000][3.537s][info ][gc,heap     ] GC(11) Humongous regions: 0->0
[2025-01-03T21:59:23.643+0000][3.537s][info ][gc,metaspace] GC(11) Metaspace: 25136K(25472K)->25136K(25472K) NonClass: 21881K(22016K)->21881K(22016K) Class: 3255K(3456K)->3255K(3456K)
[2025-01-03T21:59:23.643+0000][3.537s][info ][gc          ] GC(11) Pause Young (Normal) (G1 Evacuation Pause) 184M->50M(250M) 9.126ms
[2025-01-03T21:59:23.643+0000][3.538s][info ][gc,cpu      ] GC(11) User=0.04s Sys=0.04s Real=0.01s
[2025-01-03T21:59:23.644+0000][3.538s][info ][safepoint   ] Safepoint "G1CollectForAllocation", Time since last: 99165545 ns, Reaching safepoint: 297893 ns, Cleanup: 27030 ns, At safepoint: 9545495 ns, Total: 9870418 ns
[2025-01-03T21:59:23.892+0000][3.786s][debug][safepoint   ] Safepoint synchronization initiated using futex wait barrier. (15 threads)
[2025-01-03T21:59:23.892+0000][3.786s][info ][safepoint   ] Safepoint "ICBufferFull", Time since last: 248312963 ns, Reaching safepoint: 200730 ns, Cleanup: 87888 ns, At safepoint: 13896 ns, Total: 302514 ns
[2025-01-03T21:59:23.969+0000][3.863s][debug][safepoint   ] Safepoint synchronization initiated using futex wait barrier. (16 threads)
[2025-01-03T21:59:23.969+0000][3.864s][info ][gc,start    ] GC(12) Pause Young (Normal) (G1 Evacuation Pause)
[2025-01-03T21:59:23.970+0000][3.864s][info ][gc,task     ] GC(12) Using 6 workers of 10 for evacuation
[2025-01-03T21:59:23.977+0000][3.871s][info ][gc,phases   ] GC(12)   Pre Evacuate Collection Set: 0.1ms
[2025-01-03T21:59:23.977+0000][3.871s][info ][gc,phases   ] GC(12)   Merge Heap Roots: 0.1ms
[2025-01-03T21:59:23.977+0000][3.871s][info ][gc,phases   ] GC(12)   Evacuate Collection Set: 5.4ms
[2025-01-03T21:59:23.977+0000][3.871s][info ][gc,phases   ] GC(12)   Post Evacuate Collection Set: 1.3ms
[2025-01-03T21:59:23.977+0000][3.871s][info ][gc,phases   ] GC(12)   Other: 0.3ms
[2025-01-03T21:59:23.977+0000][3.872s][info ][gc,heap     ] GC(12) Eden regions: 67->0(69)
[2025-01-03T21:59:23.977+0000][3.872s][info ][gc,heap     ] GC(12) Survivor regions: 8->3(10)
[2025-01-03T21:59:23.978+0000][3.872s][info ][gc,heap     ] GC(12) Old regions: 17->24
[2025-01-03T21:59:23.978+0000][3.872s][info ][gc,heap     ] GC(12) Archive regions: 2->2
[2025-01-03T21:59:23.978+0000][3.872s][info ][gc,heap     ] GC(12) Humongous regions: 0->0
[2025-01-03T21:59:23.978+0000][3.872s][info ][gc,metaspace] GC(12) Metaspace: 25770K(26176K)->25770K(26176K) NonClass: 22459K(22656K)->22459K(22656K) Class: 3310K(3520K)->3310K(3520K)
[2025-01-03T21:59:23.978+0000][3.872s][info ][gc          ] GC(12) Pause Young (Normal) (G1 Evacuation Pause) 184M->55M(250M) 8.757ms
[2025-01-03T21:59:23.978+0000][3.873s][info ][gc,cpu      ] GC(12) User=0.03s Sys=0.02s Real=0.01s
[2025-01-03T21:59:23.978+0000][3.873s][info ][safepoint   ] Safepoint "G1CollectForAllocation", Time since last: 76922283 ns, Reaching safepoint: 208421 ns, Cleanup: 41593 ns, At safepoint: 9064209 ns, Total: 9314223 ns
[2025-01-03T21:59:24.262+0000][4.156s][debug][safepoint   ] Safepoint synchronization initiated using futex wait barrier. (15 threads)
[2025-01-03T21:59:24.262+0000][4.156s][info ][gc,start    ] GC(13) Pause Young (Normal) (G1 Evacuation Pause)
[2025-01-03T21:59:24.262+0000][4.156s][info ][gc,task     ] GC(13) Using 6 workers of 10 for evacuation
[2025-01-03T21:59:24.265+0000][4.159s][info ][gc,phases   ] GC(13)   Pre Evacuate Collection Set: 0.1ms
[2025-01-03T21:59:24.265+0000][4.159s][info ][gc,phases   ] GC(13)   Merge Heap Roots: 0.1ms
[2025-01-03T21:59:24.265+0000][4.159s][info ][gc,phases   ] GC(13)   Evacuate Collection Set: 1.6ms
[2025-01-03T21:59:24.265+0000][4.159s][info ][gc,phases   ] GC(13)   Post Evacuate Collection Set: 0.6ms
[2025-01-03T21:59:24.265+0000][4.159s][info ][gc,phases   ] GC(13)   Other: 0.3ms
[2025-01-03T21:59:24.265+0000][4.159s][info ][gc,heap     ] GC(13) Eden regions: 69->0(71)
[2025-01-03T21:59:24.265+0000][4.160s][info ][gc,heap     ] GC(13) Survivor regions: 3->3(9)
[2025-01-03T21:59:24.265+0000][4.160s][info ][gc,heap     ] GC(13) Old regions: 24->24
[2025-01-03T21:59:24.266+0000][4.160s][info ][gc,heap     ] GC(13) Archive regions: 2->2
[2025-01-03T21:59:24.266+0000][4.160s][info ][gc,heap     ] GC(13) Humongous regions: 0->0
[2025-01-03T21:59:24.266+0000][4.160s][info ][gc,metaspace] GC(13) Metaspace: 26879K(27264K)->26879K(27264K) NonClass: 23479K(23680K)->23479K(23680K) Class: 3400K(3584K)->3400K(3584K)
[2025-01-03T21:59:24.266+0000][4.160s][info ][gc          ] GC(13) Pause Young (Normal) (G1 Evacuation Pause) 193M->55M(250M) 3.692ms
[2025-01-03T21:59:24.266+0000][4.160s][info ][gc,cpu      ] GC(13) User=0.02s Sys=0.00s Real=0.01s
[2025-01-03T21:59:24.266+0000][4.160s][info ][safepoint   ] Safepoint "G1CollectForAllocation", Time since last: 283471893 ns, Reaching safepoint: 190445 ns, Cleanup: 18966 ns, At safepoint: 3903998 ns, Total: 4113409 ns
[2025-01-03T21:59:24.729+0000][4.623s][debug][safepoint   ] Safepoint synchronization initiated using futex wait barrier. (15 threads)
[2025-01-03T21:59:24.729+0000][4.623s][info ][gc,start    ] GC(14) Pause Young (Normal) (G1 Evacuation Pause)
[2025-01-03T21:59:24.729+0000][4.623s][info ][gc,task     ] GC(14) Using 6 workers of 10 for evacuation
[2025-01-03T21:59:24.733+0000][4.627s][info ][gc,phases   ] GC(14)   Pre Evacuate Collection Set: 0.1ms
[2025-01-03T21:59:24.733+0000][4.627s][info ][gc,phases   ] GC(14)   Merge Heap Roots: 0.1ms
[2025-01-03T21:59:24.733+0000][4.627s][info ][gc,phases   ] GC(14)   Evacuate Collection Set: 2.5ms
[2025-01-03T21:59:24.733+0000][4.627s][info ][gc,phases   ] GC(14)   Post Evacuate Collection Set: 0.8ms
[2025-01-03T21:59:24.733+0000][4.628s][info ][gc,phases   ] GC(14)   Other: 0.3ms
[2025-01-03T21:59:24.734+0000][4.628s][info ][gc,heap     ] GC(14) Eden regions: 71->0(71)
[2025-01-03T21:59:24.734+0000][4.628s][info ][gc,heap     ] GC(14) Survivor regions: 3->4(10)
[2025-01-03T21:59:24.734+0000][4.628s][info ][gc,heap     ] GC(14) Old regions: 24->24
[2025-01-03T21:59:24.734+0000][4.628s][info ][gc,heap     ] GC(14) Archive regions: 2->2
[2025-01-03T21:59:24.734+0000][4.628s][info ][gc,heap     ] GC(14) Humongous regions: 0->0
[2025-01-03T21:59:24.734+0000][4.628s][info ][gc,metaspace] GC(14) Metaspace: 33684K(34048K)->33684K(34048K) NonClass: 29519K(29696K)->29519K(29696K) Class: 4165K(4352K)->4165K(4352K)
[2025-01-03T21:59:24.734+0000][4.628s][info ][gc          ] GC(14) Pause Young (Normal) (G1 Evacuation Pause) 197M->57M(250M) 5.237ms
[2025-01-03T21:59:24.734+0000][4.629s][info ][gc,cpu      ] GC(14) User=0.02s Sys=0.00s Real=0.00s
[2025-01-03T21:59:24.735+0000][4.629s][info ][safepoint   ] Safepoint "G1CollectForAllocation", Time since last: 462651588 ns, Reaching safepoint: 220474 ns, Cleanup: 100432 ns, At safepoint: 5540959 ns, Total: 5861865 ns
[2025-01-03T21:59:25.042+0000][4.936s][debug][safepoint   ] Safepoint synchronization initiated using futex wait barrier. (15 threads)
[2025-01-03T21:59:25.042+0000][4.936s][info ][safepoint   ] Safepoint "ICBufferFull", Time since last: 307076986 ns, Reaching safepoint: 225731 ns, Cleanup: 103262 ns, At safepoint: 19314 ns, Total: 348307 ns
[2025-01-03T21:59:25.105+0000][4.999s][debug][safepoint   ] Safepoint synchronization initiated using futex wait barrier. (15 threads)
[2025-01-03T21:59:25.105+0000][4.999s][info ][gc,start    ] GC(15) Pause Young (Normal) (G1 Evacuation Pause)
[2025-01-03T21:59:25.105+0000][5.000s][info ][gc,task     ] GC(15) Using 6 workers of 10 for evacuation
[2025-01-03T21:59:25.109+0000][5.004s][info ][gc,phases   ] GC(15)   Pre Evacuate Collection Set: 0.1ms
[2025-01-03T21:59:25.110+0000][5.004s][info ][gc,phases   ] GC(15)   Merge Heap Roots: 0.1ms
[2025-01-03T21:59:25.110+0000][5.004s][info ][gc,phases   ] GC(15)   Evacuate Collection Set: 2.9ms
[2025-01-03T21:59:25.110+0000][5.004s][info ][gc,phases   ] GC(15)   Post Evacuate Collection Set: 0.8ms
[2025-01-03T21:59:25.110+0000][5.004s][info ][gc,phases   ] GC(15)   Other: 0.3ms
[2025-01-03T21:59:25.110+0000][5.004s][info ][gc,heap     ] GC(15) Eden regions: 71->0(70)
[2025-01-03T21:59:25.110+0000][5.004s][info ][gc,heap     ] GC(15) Survivor regions: 4->5(10)
[2025-01-03T21:59:25.110+0000][5.005s][info ][gc,heap     ] GC(15) Old regions: 24->24
[2025-01-03T21:59:25.110+0000][5.005s][info ][gc,heap     ] GC(15) Archive regions: 2->2
[2025-01-03T21:59:25.111+0000][5.005s][info ][gc,heap     ] GC(15) Humongous regions: 0->0
[2025-01-03T21:59:25.111+0000][5.005s][info ][gc,metaspace] GC(15) Metaspace: 35306K(35712K)->35306K(35712K) NonClass: 30914K(31104K)->30914K(31104K) Class: 4392K(4608K)->4392K(4608K)
[2025-01-03T21:59:25.111+0000][5.005s][info ][gc          ] GC(15) Pause Young (Normal) (G1 Evacuation Pause) 199M->59M(250M) 5.573ms
[2025-01-03T21:59:25.111+0000][5.005s][info ][gc,cpu      ] GC(15) User=0.04s Sys=0.00s Real=0.01s
[2025-01-03T21:59:25.111+0000][5.005s][info ][safepoint   ] Safepoint "G1CollectForAllocation", Time since last: 63013181 ns, Reaching safepoint: 227308 ns, Cleanup: 42085 ns, At safepoint: 5892106 ns, Total: 6161499 ns
[2025-01-03T21:59:25.155+0000][5.049s][debug][safepoint   ] Safepoint synchronization initiated using futex wait barrier. (15 threads)
[2025-01-03T21:59:25.155+0000][5.049s][info ][gc,start    ] GC(16) Pause Young (Concurrent Start) (Metadata GC Threshold)
[2025-01-03T21:59:25.155+0000][5.050s][info ][gc,task     ] GC(16) Using 6 workers of 10 for evacuation
[2025-01-03T21:59:25.159+0000][5.054s][info ][gc,phases   ] GC(16)   Pre Evacuate Collection Set: 0.1ms
[2025-01-03T21:59:25.160+0000][5.054s][info ][gc,phases   ] GC(16)   Merge Heap Roots: 0.1ms
[2025-01-03T21:59:25.160+0000][5.054s][info ][gc,phases   ] GC(16)   Evacuate Collection Set: 2.5ms
[2025-01-03T21:59:25.160+0000][5.054s][info ][gc,phases   ] GC(16)   Post Evacuate Collection Set: 1.0ms
[2025-01-03T21:59:25.160+0000][5.054s][info ][gc,phases   ] GC(16)   Other: 0.4ms
[2025-01-03T21:59:25.160+0000][5.054s][info ][gc,heap     ] GC(16) Eden regions: 7->0(98)
[2025-01-03T21:59:25.160+0000][5.054s][info ][gc,heap     ] GC(16) Survivor regions: 5->4(10)
[2025-01-03T21:59:25.160+0000][5.055s][info ][gc,heap     ] GC(16) Old regions: 24->24
[2025-01-03T21:59:25.161+0000][5.055s][info ][gc,heap     ] GC(16) Archive regions: 2->2
[2025-01-03T21:59:25.161+0000][5.055s][info ][gc,heap     ] GC(16) Humongous regions: 0->0
[2025-01-03T21:59:25.161+0000][5.055s][info ][gc,metaspace] GC(16) Metaspace: 35809K(36160K)->35809K(36160K) NonClass: 31365K(31552K)->31365K(31552K) Class: 4444K(4608K)->4444K(4608K)
[2025-01-03T21:59:25.161+0000][5.055s][info ][gc          ] GC(16) Pause Young (Concurrent Start) (Metadata GC Threshold) 73M->57M(340M) 5.708ms
[2025-01-03T21:59:25.161+0000][5.055s][info ][gc,cpu      ] GC(16) User=0.05s Sys=0.00s Real=0.01s
[2025-01-03T21:59:25.161+0000][5.055s][info ][gc          ] GC(17) Concurrent Mark Cycle
[2025-01-03T21:59:25.161+0000][5.056s][info ][gc,marking  ] GC(17) Concurrent Clear Claimed Marks
[2025-01-03T21:59:25.162+0000][5.056s][info ][gc,marking  ] GC(17) Concurrent Clear Claimed Marks 0.150ms
[2025-01-03T21:59:25.162+0000][5.056s][info ][gc,marking  ] GC(17) Concurrent Scan Root Regions
[2025-01-03T21:59:25.161+0000][5.056s][info ][safepoint   ] Safepoint "CollectForMetadataAllocation", Time since last: 43838082 ns, Reaching safepoint: 205114 ns, Cleanup: 30091 ns, At safepoint: 6069456 ns, Total: 6304661 ns
[2025-01-03T21:59:25.164+0000][5.058s][info ][gc,marking  ] GC(17) Concurrent Scan Root Regions 2.103ms
[2025-01-03T21:59:25.164+0000][5.058s][info ][gc,marking  ] GC(17) Concurrent Mark
[2025-01-03T21:59:25.164+0000][5.058s][info ][gc,marking  ] GC(17) Concurrent Mark From Roots
[2025-01-03T21:59:25.164+0000][5.058s][info ][gc,task     ] GC(17) Using 3 workers of 3 for marking
[2025-01-03T21:59:25.185+0000][5.079s][info ][gc,marking  ] GC(17) Concurrent Mark From Roots 20.846ms
[2025-01-03T21:59:25.185+0000][5.079s][info ][gc,marking  ] GC(17) Concurrent Preclean
[2025-01-03T21:59:25.186+0000][5.080s][info ][gc,marking  ] GC(17) Concurrent Preclean 0.443ms
[2025-01-03T21:59:25.186+0000][5.080s][debug][safepoint   ] Safepoint synchronization initiated using futex wait barrier. (15 threads)
[2025-01-03T21:59:25.186+0000][5.080s][info ][gc,start    ] GC(17) Pause Remark
[2025-01-03T21:59:25.188+0000][5.083s][info ][gc          ] GC(17) Pause Remark 62M->62M(220M) 2.479ms
[2025-01-03T21:59:25.189+0000][5.083s][info ][gc,cpu      ] GC(17) User=0.01s Sys=0.00s Real=0.00s
[2025-01-03T21:59:25.189+0000][5.083s][info ][safepoint   ] Safepoint "G1PauseRemark", Time since last: 24537422 ns, Reaching safepoint: 153952 ns, Cleanup: 21332 ns, At safepoint: 2798170 ns, Total: 2973454 ns
[2025-01-03T21:59:25.189+0000][5.083s][info ][gc,marking  ] GC(17) Concurrent Mark 25.062ms
[2025-01-03T21:59:25.189+0000][5.083s][info ][gc,marking  ] GC(17) Concurrent Rebuild Remembered Sets
[2025-01-03T21:59:25.199+0000][5.093s][info ][gc,marking  ] GC(17) Concurrent Rebuild Remembered Sets 9.404ms
[2025-01-03T21:59:25.199+0000][5.093s][debug][safepoint   ] Safepoint synchronization initiated using futex wait barrier. (15 threads)
[2025-01-03T21:59:25.199+0000][5.093s][info ][gc,start    ] GC(17) Pause Cleanup
[2025-01-03T21:59:25.199+0000][5.094s][info ][gc          ] GC(17) Pause Cleanup 64M->64M(220M) 0.255ms
[2025-01-03T21:59:25.200+0000][5.094s][info ][gc,cpu      ] GC(17) User=0.00s Sys=0.00s Real=0.00s
[2025-01-03T21:59:25.200+0000][5.094s][info ][safepoint   ] Safepoint "G1PauseCleanup", Time since last: 10041483 ns, Reaching safepoint: 254712 ns, Cleanup: 9744 ns, At safepoint: 582527 ns, Total: 846983 ns
[2025-01-03T21:59:25.200+0000][5.094s][info ][gc,marking  ] GC(17) Concurrent Cleanup for Next Mark
[2025-01-03T21:59:25.201+0000][5.095s][info ][gc,marking  ] GC(17) Concurrent Cleanup for Next Mark 1.070ms
[2025-01-03T21:59:25.201+0000][5.095s][info ][gc          ] GC(17) Concurrent Mark Cycle 39.815ms
[2025-01-03T21:59:25.524+0000][5.418s][debug][safepoint   ] Safepoint synchronization initiated using futex wait barrier. (15 threads)
[2025-01-03T21:59:25.524+0000][5.418s][info ][gc,start    ] GC(18) Pause Young (Prepare Mixed) (G1 Evacuation Pause)
[2025-01-03T21:59:25.524+0000][5.418s][info ][gc,task     ] GC(18) Using 5 workers of 10 for evacuation
[2025-01-03T21:59:25.528+0000][5.423s][info ][gc,phases   ] GC(18)   Pre Evacuate Collection Set: 0.2ms
[2025-01-03T21:59:25.529+0000][5.423s][info ][gc,phases   ] GC(18)   Merge Heap Roots: 0.1ms
[2025-01-03T21:59:25.529+0000][5.423s][info ][gc,phases   ] GC(18)   Evacuate Collection Set: 3.3ms
[2025-01-03T21:59:25.529+0000][5.423s][info ][gc,phases   ] GC(18)   Post Evacuate Collection Set: 0.6ms
[2025-01-03T21:59:25.529+0000][5.423s][info ][gc,phases   ] GC(18)   Other: 0.3ms
[2025-01-03T21:59:25.529+0000][5.423s][info ][gc,heap     ] GC(18) Eden regions: 62->0(1)
[2025-01-03T21:59:25.529+0000][5.423s][info ][gc,heap     ] GC(18) Survivor regions: 4->5(9)
[2025-01-03T21:59:25.529+0000][5.423s][info ][gc,heap     ] GC(18) Old regions: 24->24
[2025-01-03T21:59:25.529+0000][5.424s][info ][gc,heap     ] GC(18) Archive regions: 2->2
[2025-01-03T21:59:25.529+0000][5.424s][info ][gc,heap     ] GC(18) Humongous regions: 0->0
[2025-01-03T21:59:25.530+0000][5.424s][info ][gc,metaspace] GC(18) Metaspace: 38793K(39168K)->38793K(39168K) NonClass: 33898K(34112K)->33898K(34112K) Class: 4894K(5056K)->4894K(5056K)
[2025-01-03T21:59:25.530+0000][5.424s][info ][gc          ] GC(18) Pause Young (Prepare Mixed) (G1 Evacuation Pause) 181M->57M(220M) 5.728ms
[2025-01-03T21:59:25.530+0000][5.424s][info ][gc,cpu      ] GC(18) User=0.05s Sys=0.00s Real=0.01s
[2025-01-03T21:59:25.530+0000][5.424s][info ][safepoint   ] Safepoint "G1CollectForAllocation", Time since last: 323906119 ns, Reaching safepoint: 231912 ns, Cleanup: 67966 ns, At safepoint: 6003725 ns, Total: 6303603 ns
[2025-01-03T21:59:25.536+0000][5.430s][debug][safepoint   ] Safepoint synchronization initiated using futex wait barrier. (15 threads)
[2025-01-03T21:59:25.536+0000][5.431s][info ][gc,start    ] GC(19) Pause Young (Mixed) (G1 Evacuation Pause)
[2025-01-03T21:59:25.537+0000][5.431s][info ][gc,task     ] GC(19) Using 5 workers of 10 for evacuation
[2025-01-03T21:59:25.541+0000][5.435s][info ][gc,phases   ] GC(19)   Pre Evacuate Collection Set: 0.1ms
[2025-01-03T21:59:25.541+0000][5.435s][info ][gc,phases   ] GC(19)   Merge Heap Roots: 0.1ms
[2025-01-03T21:59:25.541+0000][5.435s][info ][gc,phases   ] GC(19)   Evacuate Collection Set: 3.4ms
[2025-01-03T21:59:25.541+0000][5.435s][info ][gc,phases   ] GC(19)   Post Evacuate Collection Set: 0.5ms
[2025-01-03T21:59:25.541+0000][5.436s][info ][gc,phases   ] GC(19)   Other: 0.3ms
[2025-01-03T21:59:25.541+0000][5.436s][info ][gc,heap     ] GC(19) Eden regions: 1->0(62)
[2025-01-03T21:59:25.542+0000][5.436s][info ][gc,heap     ] GC(19) Survivor regions: 5->1(1)
[2025-01-03T21:59:25.542+0000][5.436s][info ][gc,heap     ] GC(19) Old regions: 24->28
[2025-01-03T21:59:25.542+0000][5.436s][info ][gc,heap     ] GC(19) Archive regions: 2->2
[2025-01-03T21:59:25.542+0000][5.436s][info ][gc,heap     ] GC(19) Humongous regions: 0->0
[2025-01-03T21:59:25.542+0000][5.436s][info ][gc,metaspace] GC(19) Metaspace: 38799K(39168K)->38799K(39168K) NonClass: 33904K(34112K)->33904K(34112K) Class: 4894K(5056K)->4894K(5056K)
[2025-01-03T21:59:25.542+0000][5.436s][info ][gc          ] GC(19) Pause Young (Mixed) (G1 Evacuation Pause) 59M->58M(220M) 5.769ms
[2025-01-03T21:59:25.542+0000][5.437s][info ][gc,cpu      ] GC(19) User=0.02s Sys=0.00s Real=0.00s
[2025-01-03T21:59:25.542+0000][5.437s][info ][safepoint   ] Safepoint "G1CollectForAllocation", Time since last: 6287371 ns, Reaching safepoint: 190977 ns, Cleanup: 5823 ns, At safepoint: 6052185 ns, Total: 6248985 ns
[2025-01-03T21:59:25.994+0000][5.888s][debug][safepoint   ] Safepoint synchronization initiated using futex wait barrier. (15 threads)
[2025-01-03T21:59:25.994+0000][5.888s][info ][gc,start    ] GC(20) Pause Young (Normal) (G1 Evacuation Pause)
[2025-01-03T21:59:25.994+0000][5.889s][info ][gc,task     ] GC(20) Using 5 workers of 10 for evacuation
[2025-01-03T21:59:25.997+0000][5.891s][info ][gc,phases   ] GC(20)   Pre Evacuate Collection Set: 0.1ms
[2025-01-03T21:59:25.997+0000][5.891s][info ][gc,phases   ] GC(20)   Merge Heap Roots: 0.1ms
[2025-01-03T21:59:25.997+0000][5.891s][info ][gc,phases   ] GC(20)   Evacuate Collection Set: 1.5ms
[2025-01-03T21:59:25.997+0000][5.891s][info ][gc,phases   ] GC(20)   Post Evacuate Collection Set: 0.6ms
[2025-01-03T21:59:25.997+0000][5.891s][info ][gc,phases   ] GC(20)   Other: 0.3ms
[2025-01-03T21:59:25.997+0000][5.892s][info ][gc,heap     ] GC(20) Eden regions: 62->0(62)
[2025-01-03T21:59:25.997+0000][5.892s][info ][gc,heap     ] GC(20) Survivor regions: 1->2(8)
[2025-01-03T21:59:25.998+0000][5.892s][info ][gc,heap     ] GC(20) Old regions: 28->28
[2025-01-03T21:59:25.998+0000][5.892s][info ][gc,heap     ] GC(20) Archive regions: 2->2
[2025-01-03T21:59:25.998+0000][5.892s][info ][gc,heap     ] GC(20) Humongous regions: 0->0
[2025-01-03T21:59:25.998+0000][5.892s][info ][gc,metaspace] GC(20) Metaspace: 41462K(41856K)->41462K(41856K) NonClass: 36224K(36416K)->36224K(36416K) Class: 5238K(5440K)->5238K(5440K)
[2025-01-03T21:59:25.998+0000][5.892s][info ][gc          ] GC(20) Pause Young (Normal) (G1 Evacuation Pause) 182M->59M(220M) 3.976ms
[2025-01-03T21:59:25.998+0000][5.893s][info ][gc,cpu      ] GC(20) User=0.04s Sys=0.00s Real=0.01s
[2025-01-03T21:59:25.998+0000][5.893s][info ][safepoint   ] Safepoint "G1CollectForAllocation", Time since last: 451398606 ns, Reaching safepoint: 247141 ns, Cleanup: 105377 ns, At safepoint: 4278895 ns, Total: 4631413 ns
[2025-01-03T21:59:26.327+0000][6.221s][debug][safepoint   ] Safepoint synchronization initiated using futex wait barrier. (15 threads)
[2025-01-03T21:59:26.327+0000][6.222s][info ][safepoint   ] Safepoint "ICBufferFull", Time since last: 328491333 ns, Reaching safepoint: 331553 ns, Cleanup: 94455 ns, At safepoint: 18850 ns, Total: 444858 ns
[2025-01-03T21:59:26.523+0000][6.417s][debug][safepoint   ] Safepoint synchronization initiated using futex wait barrier. (15 threads)
[2025-01-03T21:59:26.523+0000][6.418s][info ][gc,start    ] GC(21) Pause Young (Normal) (G1 Evacuation Pause)
[2025-01-03T21:59:26.524+0000][6.418s][info ][gc,task     ] GC(21) Using 5 workers of 10 for evacuation
[2025-01-03T21:59:26.527+0000][6.421s][info ][gc,phases   ] GC(21)   Pre Evacuate Collection Set: 0.1ms
[2025-01-03T21:59:26.527+0000][6.421s][info ][gc,phases   ] GC(21)   Merge Heap Roots: 0.1ms
[2025-01-03T21:59:26.527+0000][6.421s][info ][gc,phases   ] GC(21)   Evacuate Collection Set: 2.2ms
[2025-01-03T21:59:26.527+0000][6.421s][info ][gc,phases   ] GC(21)   Post Evacuate Collection Set: 0.7ms
[2025-01-03T21:59:26.527+0000][6.422s][info ][gc,phases   ] GC(21)   Other: 0.3ms
[2025-01-03T21:59:26.528+0000][6.422s][info ][gc,heap     ] GC(21) Eden regions: 62->0(62)
[2025-01-03T21:59:26.528+0000][6.422s][info ][gc,heap     ] GC(21) Survivor regions: 2->2(8)
[2025-01-03T21:59:26.528+0000][6.422s][info ][gc,heap     ] GC(21) Old regions: 28->28
[2025-01-03T21:59:26.528+0000][6.422s][info ][gc,heap     ] GC(21) Archive regions: 2->2
[2025-01-03T21:59:26.528+0000][6.422s][info ][gc,heap     ] GC(21) Humongous regions: 0->0
[2025-01-03T21:59:26.528+0000][6.422s][info ][gc,metaspace] GC(21) Metaspace: 44502K(44928K)->44502K(44928K) NonClass: 38827K(39040K)->38827K(39040K) Class: 5674K(5888K)->5674K(5888K)
[2025-01-03T21:59:26.528+0000][6.423s][info ][gc          ] GC(21) Pause Young (Normal) (G1 Evacuation Pause) 183M->60M(220M) 4.939ms
[2025-01-03T21:59:26.528+0000][6.423s][info ][gc,cpu      ] GC(21) User=0.03s Sys=0.00s Real=0.01s
[2025-01-03T21:59:26.529+0000][6.423s][info ][safepoint   ] Safepoint "G1CollectForAllocation", Time since last: 195689654 ns, Reaching safepoint: 227180 ns, Cleanup: 90061 ns, At safepoint: 5250521 ns, Total: 5567762 ns
[2025-01-03T21:59:28.132+0000][6.918s][debug][safepoint   ] Safepoint synchronization initiated using futex wait barrier. (15 threads)
[2025-01-03T21:59:28.132+0000][6.918s][info ][gc,start    ] GC(22) Pause Young (Normal) (G1 Evacuation Pause)
[2025-01-03T21:59:28.132+0000][6.918s][info ][gc,task     ] GC(22) Using 5 workers of 10 for evacuation
[2025-01-03T21:59:28.137+0000][6.924s][info ][gc,phases   ] GC(22)   Pre Evacuate Collection Set: 0.1ms
[2025-01-03T21:59:28.138+0000][6.924s][info ][gc,phases   ] GC(22)   Merge Heap Roots: 0.1ms
[2025-01-03T21:59:28.138+0000][6.924s][info ][gc,phases   ] GC(22)   Evacuate Collection Set: 4.0ms
[2025-01-03T21:59:28.138+0000][6.924s][info ][gc,phases   ] GC(22)   Post Evacuate Collection Set: 0.9ms
[2025-01-03T21:59:28.138+0000][6.924s][info ][gc,phases   ] GC(22)   Other: 0.4ms
[2025-01-03T21:59:28.138+0000][6.925s][info ][gc,heap     ] GC(22) Eden regions: 62->0(60)
[2025-01-03T21:59:28.138+0000][6.925s][info ][gc,heap     ] GC(22) Survivor regions: 2->4(8)
[2025-01-03T21:59:28.138+0000][6.925s][info ][gc,heap     ] GC(22) Old regions: 28->28
[2025-01-03T21:59:28.139+0000][6.925s][info ][gc,heap     ] GC(22) Archive regions: 2->2
[2025-01-03T21:59:28.139+0000][6.925s][info ][gc,heap     ] GC(22) Humongous regions: 0->0
[2025-01-03T21:59:28.139+0000][6.925s][info ][gc,metaspace] GC(22) Metaspace: 48566K(49024K)->48566K(49024K) NonClass: 42351K(42560K)->42351K(42560K) Class: 6214K(6464K)->6214K(6464K)
[2025-01-03T21:59:28.139+0000][6.925s][info ][gc          ] GC(22) Pause Young (Normal) (G1 Evacuation Pause) 184M->63M(220M) 7.115ms
[2025-01-03T21:59:28.139+0000][6.926s][info ][gc,cpu      ] GC(22) User=0.04s Sys=0.00s Real=0.01s
[2025-01-03T21:59:28.139+0000][6.926s][info ][safepoint   ] Safepoint "G1CollectForAllocation", Time since last: 495115657 ns, Reaching safepoint: 175887 ns, Cleanup: 109404 ns, At safepoint: 7437785 ns, Total: 7723076 ns
[2025-01-03T21:59:29.545+0000][8.331s][debug][safepoint   ] Safepoint synchronization initiated using futex wait barrier. (17 threads)
[2025-01-03T21:59:29.545+0000][8.331s][info ][safepoint   ] Safepoint "Cleanup", Time since last: 1405230123 ns, Reaching safepoint: 300158 ns, Cleanup: 133286 ns, At safepoint: 12293 ns, Total: 445737 ns
[2025-01-03T21:59:29.675+0000][8.462s][debug][safepoint   ] Safepoint synchronization initiated using futex wait barrier. (17 threads)
[2025-01-03T21:59:29.676+0000][8.462s][info ][safepoint   ] Safepoint "ICBufferFull", Time since last: 130407737 ns, Reaching safepoint: 195254 ns, Cleanup: 110978 ns, At safepoint: 13065 ns, Total: 319297 ns
[2025-01-03T21:59:29.786+0000][8.573s][debug][safepoint   ] Safepoint synchronization initiated using futex wait barrier. (17 threads)
[2025-01-03T21:59:29.787+0000][8.573s][info ][gc,start    ] GC(23) Pause Young (Normal) (G1 Evacuation Pause)
[2025-01-03T21:59:29.787+0000][8.573s][info ][gc,task     ] GC(23) Using 5 workers of 10 for evacuation
[2025-01-03T21:59:29.792+0000][8.578s][info ][gc,phases   ] GC(23)   Pre Evacuate Collection Set: 0.1ms
[2025-01-03T21:59:29.792+0000][8.579s][info ][gc,phases   ] GC(23)   Merge Heap Roots: 0.1ms
[2025-01-03T21:59:29.792+0000][8.579s][info ][gc,phases   ] GC(23)   Evacuate Collection Set: 4.1ms
[2025-01-03T21:59:29.792+0000][8.579s][info ][gc,phases   ] GC(23)   Post Evacuate Collection Set: 0.8ms
[2025-01-03T21:59:29.793+0000][8.579s][info ][gc,phases   ] GC(23)   Other: 0.3ms
[2025-01-03T21:59:29.793+0000][8.579s][info ][gc,heap     ] GC(23) Eden regions: 60->0(59)
[2025-01-03T21:59:29.793+0000][8.579s][info ][gc,heap     ] GC(23) Survivor regions: 4->5(8)
[2025-01-03T21:59:29.793+0000][8.579s][info ][gc,heap     ] GC(23) Old regions: 28->28
[2025-01-03T21:59:29.793+0000][8.579s][info ][gc,heap     ] GC(23) Archive regions: 2->2
[2025-01-03T21:59:29.793+0000][8.580s][info ][gc,heap     ] GC(23) Humongous regions: 0->0
[2025-01-03T21:59:29.793+0000][8.580s][info ][gc,metaspace] GC(23) Metaspace: 54842K(55296K)->54842K(55296K) NonClass: 47906K(48128K)->47906K(48128K) Class: 6936K(7168K)->6936K(7168K)
[2025-01-03T21:59:29.793+0000][8.580s][info ][gc          ] GC(23) Pause Young (Normal) (G1 Evacuation Pause) 183M->66M(220M) 6.800ms
[2025-01-03T21:59:29.794+0000][8.580s][info ][gc,cpu      ] GC(23) User=0.05s Sys=0.00s Real=0.01s
[2025-01-03T21:59:29.794+0000][8.580s][info ][safepoint   ] Safepoint "G1CollectForAllocation", Time since last: 110624960 ns, Reaching safepoint: 257600 ns, Cleanup: 26643 ns, At safepoint: 7083963 ns, Total: 7368206 ns
[2025-01-03T21:59:30.176+0000][8.963s][debug][safepoint   ] Safepoint synchronization initiated using futex wait barrier. (17 threads)
[2025-01-03T21:59:30.176+0000][8.963s][info ][gc,start    ] GC(24) Pause Young (Normal) (G1 Evacuation Pause)
[2025-01-03T21:59:30.177+0000][8.963s][info ][gc,task     ] GC(24) Using 5 workers of 10 for evacuation
[2025-01-03T21:59:30.181+0000][8.968s][info ][gc,phases   ] GC(24)   Pre Evacuate Collection Set: 0.1ms
[2025-01-03T21:59:30.182+0000][8.968s][info ][gc,phases   ] GC(24)   Merge Heap Roots: 0.1ms
[2025-01-03T21:59:30.182+0000][8.968s][info ][gc,phases   ] GC(24)   Evacuate Collection Set: 3.8ms
[2025-01-03T21:59:30.182+0000][8.968s][info ][gc,phases   ] GC(24)   Post Evacuate Collection Set: 0.8ms
[2025-01-03T21:59:30.182+0000][8.968s][info ][gc,phases   ] GC(24)   Other: 0.3ms
[2025-01-03T21:59:30.182+0000][8.969s][info ][gc,heap     ] GC(24) Eden regions: 59->0(58)
[2025-01-03T21:59:30.182+0000][8.969s][info ][gc,heap     ] GC(24) Survivor regions: 5->5(8)
[2025-01-03T21:59:30.182+0000][8.969s][info ][gc,heap     ] GC(24) Old regions: 28->29
[2025-01-03T21:59:30.182+0000][8.969s][info ][gc,heap     ] GC(24) Archive regions: 2->2
[2025-01-03T21:59:30.183+0000][8.969s][info ][gc,heap     ] GC(24) Humongous regions: 0->0
[2025-01-03T21:59:30.183+0000][8.969s][info ][gc,metaspace] GC(24) Metaspace: 57865K(58240K)->57865K(58240K) NonClass: 50505K(50688K)->50505K(50688K) Class: 7359K(7552K)->7359K(7552K)
[2025-01-03T21:59:30.183+0000][8.969s][info ][gc          ] GC(24) Pause Young (Normal) (G1 Evacuation Pause) 184M->67M(220M) 6.448ms
[2025-01-03T21:59:30.183+0000][8.969s][info ][gc,cpu      ] GC(24) User=0.02s Sys=0.00s Real=0.00s
[2025-01-03T21:59:30.183+0000][8.970s][info ][safepoint   ] Safepoint "G1CollectForAllocation", Time since last: 382482485 ns, Reaching safepoint: 187374 ns, Cleanup: 30623 ns, At safepoint: 6752512 ns, Total: 6970509 ns
[2025-01-03T21:59:31.314+0000][10.101s][debug][safepoint   ] Safepoint synchronization initiated using futex wait barrier. (17 threads)
[2025-01-03T21:59:31.315+0000][10.101s][info ][safepoint   ] Safepoint "Cleanup", Time since last: 1131266123 ns, Reaching safepoint: 207889 ns, Cleanup: 42487 ns, At safepoint: 2792 ns, Total: 253168 ns
[2025-01-03T21:59:31.446+0000][10.232s][debug][safepoint   ] Safepoint synchronization initiated using futex wait barrier. (15 threads)
[2025-01-03T21:59:31.446+0000][10.233s][info ][gc,start    ] GC(25) Pause Young (Concurrent Start) (Metadata GC Threshold)
[2025-01-03T21:59:31.446+0000][10.233s][info ][gc,task     ] GC(25) Using 5 workers of 10 for evacuation
[2025-01-03T21:59:31.452+0000][10.239s][info ][gc,phases   ] GC(25)   Pre Evacuate Collection Set: 0.1ms
[2025-01-03T21:59:31.452+0000][10.239s][info ][gc,phases   ] GC(25)   Merge Heap Roots: 0.1ms
[2025-01-03T21:59:31.453+0000][10.239s][info ][gc,phases   ] GC(25)   Evacuate Collection Set: 4.0ms
[2025-01-03T21:59:31.453+0000][10.239s][info ][gc,phases   ] GC(25)   Post Evacuate Collection Set: 1.4ms
[2025-01-03T21:59:31.453+0000][10.239s][info ][gc,phases   ] GC(25)   Other: 0.3ms
[2025-01-03T21:59:31.453+0000][10.239s][info ][gc,heap     ] GC(25) Eden regions: 37->0(128)
[2025-01-03T21:59:31.453+0000][10.240s][info ][gc,heap     ] GC(25) Survivor regions: 5->4(8)
[2025-01-03T21:59:31.453+0000][10.240s][info ][gc,heap     ] GC(25) Old regions: 29->30
[2025-01-03T21:59:31.453+0000][10.240s][info ][gc,heap     ] GC(25) Archive regions: 2->2
[2025-01-03T21:59:31.454+0000][10.240s][info ][gc,heap     ] GC(25) Humongous regions: 0->0
[2025-01-03T21:59:31.454+0000][10.240s][info ][gc,metaspace] GC(25) Metaspace: 60393K(60800K)->60393K(60800K) NonClass: 52664K(52864K)->52664K(52864K) Class: 7729K(7936K)->7729K(7936K)
[2025-01-03T21:59:31.454+0000][10.240s][info ][gc          ] GC(25) Pause Young (Concurrent Start) (Metadata GC Threshold) 140M->68M(440M) 7.597ms
[2025-01-03T21:59:31.454+0000][10.240s][info ][gc,cpu      ] GC(25) User=0.02s Sys=0.00s Real=0.01s
[2025-01-03T21:59:31.454+0000][10.241s][info ][gc          ] GC(26) Concurrent Mark Cycle
[2025-01-03T21:59:31.454+0000][10.241s][info ][gc,marking  ] GC(26) Concurrent Clear Claimed Marks
[2025-01-03T21:59:31.454+0000][10.241s][info ][safepoint   ] Safepoint "CollectForMetadataAllocation", Time since last: 131374381 ns, Reaching safepoint: 202691 ns, Cleanup: 9189 ns, At safepoint: 7922255 ns, Total: 8134135 ns
[2025-01-03T21:59:31.454+0000][10.241s][info ][gc,marking  ] GC(26) Concurrent Clear Claimed Marks 0.179ms
[2025-01-03T21:59:31.455+0000][10.241s][info ][gc,marking  ] GC(26) Concurrent Scan Root Regions
[2025-01-03T21:59:31.457+0000][10.244s][info ][gc,marking  ] GC(26) Concurrent Scan Root Regions 2.413ms
[2025-01-03T21:59:31.457+0000][10.244s][info ][gc,marking  ] GC(26) Concurrent Mark
[2025-01-03T21:59:31.457+0000][10.244s][info ][gc,marking  ] GC(26) Concurrent Mark From Roots
[2025-01-03T21:59:31.458+0000][10.244s][info ][gc,task     ] GC(26) Using 3 workers of 3 for marking
[2025-01-03T21:59:31.483+0000][10.269s][debug][safepoint   ] Safepoint synchronization initiated using futex wait barrier. (15 threads)
[2025-01-03T21:59:31.483+0000][10.269s][info ][safepoint   ] Safepoint "CollectForMetadataAllocation", Time since last: 28340843 ns, Reaching safepoint: 263652 ns, Cleanup: 8271 ns, At safepoint: 58922 ns, Total: 330845 ns
[2025-01-03T21:59:31.487+0000][10.274s][info ][gc,marking  ] GC(26) Concurrent Mark From Roots 30.023ms
[2025-01-03T21:59:31.488+0000][10.274s][info ][gc,marking  ] GC(26) Concurrent Preclean
[2025-01-03T21:59:31.488+0000][10.275s][info ][gc,marking  ] GC(26) Concurrent Preclean 0.481ms
[2025-01-03T21:59:31.488+0000][10.275s][debug][safepoint   ] Safepoint synchronization initiated using futex wait barrier. (15 threads)
[2025-01-03T21:59:31.490+0000][10.276s][info ][gc,start    ] GC(26) Pause Remark
[2025-01-03T21:59:31.494+0000][10.280s][info ][gc          ] GC(26) Pause Remark 76M->76M(268M) 3.742ms
[2025-01-03T21:59:31.495+0000][10.281s][info ][gc,cpu      ] GC(26) User=0.02s Sys=0.00s Real=0.01s
[2025-01-03T21:59:31.495+0000][10.281s][info ][safepoint   ] Safepoint "G1PauseRemark", Time since last: 5508518 ns, Reaching safepoint: 1637841 ns, Cleanup: 3827 ns, At safepoint: 4937729 ns, Total: 6579397 ns
[2025-01-03T21:59:31.495+0000][10.282s][info ][gc,marking  ] GC(26) Concurrent Mark 38.019ms
[2025-01-03T21:59:31.497+0000][10.283s][info ][gc,marking  ] GC(26) Concurrent Rebuild Remembered Sets
[2025-01-03T21:59:31.518+0000][10.305s][info ][gc,marking  ] GC(26) Concurrent Rebuild Remembered Sets 21.824ms
[2025-01-03T21:59:31.519+0000][10.305s][debug][safepoint   ] Safepoint synchronization initiated using futex wait barrier. (15 threads)
[2025-01-03T21:59:31.519+0000][10.306s][info ][gc,start    ] GC(26) Pause Cleanup
[2025-01-03T21:59:31.520+0000][10.306s][info ][gc          ] GC(26) Pause Cleanup 80M->80M(268M) 0.298ms
[2025-01-03T21:59:31.520+0000][10.306s][info ][gc,cpu      ] GC(26) User=0.00s Sys=0.00s Real=0.00s
[2025-01-03T21:59:31.520+0000][10.306s][info ][safepoint   ] Safepoint "G1PauseCleanup", Time since last: 23875491 ns, Reaching safepoint: 552068 ns, Cleanup: 18349 ns, At safepoint: 644268 ns, Total: 1214685 ns
[2025-01-03T21:59:31.520+0000][10.307s][info ][gc,marking  ] GC(26) Concurrent Cleanup for Next Mark
[2025-01-03T21:59:31.522+0000][10.309s][info ][gc,marking  ] GC(26) Concurrent Cleanup for Next Mark 1.860ms
[2025-01-03T21:59:31.522+0000][10.309s][info ][gc          ] GC(26) Concurrent Mark Cycle 68.228ms
[2025-01-03T21:59:32.144+0000][10.930s][debug][safepoint   ] Safepoint synchronization initiated using futex wait barrier. (17 threads)
[2025-01-03T21:59:32.146+0000][10.932s][info ][gc,start    ] GC(27) Pause Young (Prepare Mixed) (G1 Evacuation Pause)
[2025-01-03T21:59:32.146+0000][10.932s][info ][gc,task     ] GC(27) Using 6 workers of 10 for evacuation
[2025-01-03T21:59:32.150+0000][10.937s][info ][gc,phases   ] GC(27)   Pre Evacuate Collection Set: 0.1ms
[2025-01-03T21:59:32.150+0000][10.937s][info ][gc,phases   ] GC(27)   Merge Heap Roots: 0.1ms
[2025-01-03T21:59:32.151+0000][10.937s][info ][gc,phases   ] GC(27)   Evacuate Collection Set: 3.2ms
[2025-01-03T21:59:32.151+0000][10.937s][info ][gc,phases   ] GC(27)   Post Evacuate Collection Set: 0.8ms
[2025-01-03T21:59:32.151+0000][10.937s][info ][gc,phases   ] GC(27)   Other: 0.3ms
[2025-01-03T21:59:32.151+0000][10.937s][info ][gc,heap     ] GC(27) Eden regions: 76->0(1)
[2025-01-03T21:59:32.151+0000][10.937s][info ][gc,heap     ] GC(27) Survivor regions: 4->5(10)
[2025-01-03T21:59:32.151+0000][10.938s][info ][gc,heap     ] GC(27) Old regions: 30->30
[2025-01-03T21:59:32.151+0000][10.938s][info ][gc,heap     ] GC(27) Archive regions: 2->2
[2025-01-03T21:59:32.151+0000][10.938s][info ][gc,heap     ] GC(27) Humongous regions: 0->0
[2025-01-03T21:59:32.152+0000][10.938s][info ][gc,metaspace] GC(27) Metaspace: 62909K(63360K)->62909K(63360K) NonClass: 54793K(55040K)->54793K(55040K) Class: 8115K(8320K)->8115K(8320K)
[2025-01-03T21:59:32.152+0000][10.938s][info ][gc          ] GC(27) Pause Young (Prepare Mixed) (G1 Evacuation Pause) 220M->68M(268M) 6.059ms
[2025-01-03T21:59:32.152+0000][10.938s][info ][gc,cpu      ] GC(27) User=0.02s Sys=0.00s Real=0.00s
[2025-01-03T21:59:32.152+0000][10.938s][info ][safepoint   ] Safepoint "G1CollectForAllocation", Time since last: 623871191 ns, Reaching safepoint: 208865 ns, Cleanup: 1521891 ns, At safepoint: 6377068 ns, Total: 8107824 ns
[2025-01-03T21:59:32.156+0000][10.943s][debug][safepoint   ] Safepoint synchronization initiated using futex wait barrier. (17 threads)
[2025-01-03T21:59:32.156+0000][10.943s][info ][gc,start    ] GC(28) Pause Young (Mixed) (G1 Evacuation Pause)
[2025-01-03T21:59:32.156+0000][10.943s][info ][gc,task     ] GC(28) Using 6 workers of 10 for evacuation
[2025-01-03T21:59:32.162+0000][10.948s][info ][gc,phases   ] GC(28)   Pre Evacuate Collection Set: 0.1ms
[2025-01-03T21:59:32.162+0000][10.948s][info ][gc,phases   ] GC(28)   Merge Heap Roots: 0.1ms
[2025-01-03T21:59:32.162+0000][10.949s][info ][gc,phases   ] GC(28)   Evacuate Collection Set: 4.1ms
[2025-01-03T21:59:32.162+0000][10.949s][info ][gc,phases   ] GC(28)   Post Evacuate Collection Set: 0.8ms
[2025-01-03T21:59:32.162+0000][10.949s][info ][gc,phases   ] GC(28)   Other: 0.3ms
[2025-01-03T21:59:32.163+0000][10.949s][info ][gc,heap     ] GC(28) Eden regions: 1->0(79)
[2025-01-03T21:59:32.163+0000][10.949s][info ][gc,heap     ] GC(28) Survivor regions: 5->1(1)
[2025-01-03T21:59:32.163+0000][10.949s][info ][gc,heap     ] GC(28) Old regions: 30->32
[2025-01-03T21:59:32.163+0000][10.949s][info ][gc,heap     ] GC(28) Archive regions: 2->2
[2025-01-03T21:59:32.163+0000][10.950s][info ][gc,heap     ] GC(28) Humongous regions: 0->0
[2025-01-03T21:59:32.163+0000][10.950s][info ][gc,metaspace] GC(28) Metaspace: 62928K(63360K)->62928K(63360K) NonClass: 54805K(55040K)->54805K(55040K) Class: 8123K(8320K)->8123K(8320K)
[2025-01-03T21:59:32.164+0000][10.950s][info ][gc          ] GC(28) Pause Young (Mixed) (G1 Evacuation Pause) 70M->67M(268M) 7.183ms
[2025-01-03T21:59:32.164+0000][10.950s][info ][gc,cpu      ] GC(28) User=0.02s Sys=0.00s Real=0.01s
[2025-01-03T21:59:32.164+0000][10.950s][info ][safepoint   ] Safepoint "G1CollectForAllocation", Time since last: 4175505 ns, Reaching safepoint: 137096 ns, Cleanup: 2165 ns, At safepoint: 7526125 ns, Total: 7665386 ns
[2025-01-03T21:59:32.534+0000][11.320s][debug][safepoint   ] Safepoint synchronization initiated using futex wait barrier. (16 threads)
[2025-01-03T21:59:32.534+0000][11.320s][info ][safepoint   ] Safepoint "ICBufferFull", Time since last: 369754752 ns, Reaching safepoint: 232867 ns, Cleanup: 86605 ns, At safepoint: 13963 ns, Total: 333435 ns
[2025-01-03T21:59:32.777+0000][11.564s][debug][safepoint   ] Safepoint synchronization initiated using futex wait barrier. (17 threads)
[2025-01-03T21:59:32.778+0000][11.564s][info ][gc,start    ] GC(29) Pause Young (Concurrent Start) (G1 Evacuation Pause)
[2025-01-03T21:59:32.778+0000][11.564s][info ][gc,task     ] GC(29) Using 6 workers of 10 for evacuation
[2025-01-03T21:59:32.781+0000][11.567s][info ][gc,phases   ] GC(29)   Pre Evacuate Collection Set: 0.1ms
[2025-01-03T21:59:32.781+0000][11.567s][info ][gc,phases   ] GC(29)   Merge Heap Roots: 0.1ms
[2025-01-03T21:59:32.781+0000][11.568s][info ][gc,phases   ] GC(29)   Evacuate Collection Set: 2.2ms
[2025-01-03T21:59:32.781+0000][11.568s][info ][gc,phases   ] GC(29)   Post Evacuate Collection Set: 0.6ms
[2025-01-03T21:59:32.781+0000][11.568s][info ][gc,phases   ] GC(29)   Other: 0.3ms
[2025-01-03T21:59:32.781+0000][11.568s][info ][gc,heap     ] GC(29) Eden regions: 79->0(77)
[2025-01-03T21:59:32.782+0000][11.568s][info ][gc,heap     ] GC(29) Survivor regions: 1->3(10)
[2025-01-03T21:59:32.782+0000][11.568s][info ][gc,heap     ] GC(29) Old regions: 32->32
[2025-01-03T21:59:32.782+0000][11.568s][info ][gc,heap     ] GC(29) Archive regions: 2->2
[2025-01-03T21:59:32.782+0000][11.568s][info ][gc,heap     ] GC(29) Humongous regions: 0->0
[2025-01-03T21:59:32.782+0000][11.569s][info ][gc,metaspace] GC(29) Metaspace: 66852K(67328K)->66852K(67328K) NonClass: 58238K(58496K)->58238K(58496K) Class: 8613K(8832K)->8613K(8832K)
[2025-01-03T21:59:32.782+0000][11.569s][info ][gc          ] GC(29) Pause Young (Concurrent Start) (G1 Evacuation Pause) 225M->70M(268M) 4.692ms
[2025-01-03T21:59:32.782+0000][11.569s][info ][gc,cpu      ] GC(29) User=0.02s Sys=0.00s Real=0.00s
[2025-01-03T21:59:32.783+0000][11.569s][info ][gc          ] GC(30) Concurrent Mark Cycle
[2025-01-03T21:59:32.783+0000][11.569s][info ][gc,marking  ] GC(30) Concurrent Clear Claimed Marks
[2025-01-03T21:59:32.783+0000][11.569s][info ][safepoint   ] Safepoint "G1CollectForAllocation", Time since last: 243295706 ns, Reaching safepoint: 193019 ns, Cleanup: 76565 ns, At safepoint: 5053341 ns, Total: 5322925 ns
[2025-01-03T21:59:32.783+0000][11.569s][info ][gc,marking  ] GC(30) Concurrent Clear Claimed Marks 0.170ms
[2025-01-03T21:59:32.783+0000][11.570s][info ][gc,marking  ] GC(30) Concurrent Scan Root Regions
[2025-01-03T21:59:32.785+0000][11.571s][info ][gc,marking  ] GC(30) Concurrent Scan Root Regions 1.509ms
[2025-01-03T21:59:32.785+0000][11.571s][info ][gc,marking  ] GC(30) Concurrent Mark
[2025-01-03T21:59:32.785+0000][11.571s][info ][gc,marking  ] GC(30) Concurrent Mark From Roots
[2025-01-03T21:59:32.785+0000][11.572s][info ][gc,task     ] GC(30) Using 3 workers of 3 for marking
[2025-01-03T21:59:32.819+0000][11.606s][info ][gc,marking  ] GC(30) Concurrent Mark From Roots 34.268ms
[2025-01-03T21:59:32.819+0000][11.606s][info ][gc,marking  ] GC(30) Concurrent Preclean
[2025-01-03T21:59:32.820+0000][11.606s][info ][gc,marking  ] GC(30) Concurrent Preclean 0.329ms
[2025-01-03T21:59:32.820+0000][11.606s][debug][safepoint   ] Safepoint synchronization initiated using futex wait barrier. (17 threads)
[2025-01-03T21:59:32.820+0000][11.607s][info ][gc,start    ] GC(30) Pause Remark
[2025-01-03T21:59:32.823+0000][11.609s][info ][gc          ] GC(30) Pause Remark 78M->78M(268M) 2.614ms
[2025-01-03T21:59:32.823+0000][11.609s][info ][gc,cpu      ] GC(30) User=0.01s Sys=0.00s Real=0.00s
[2025-01-03T21:59:32.823+0000][11.609s][info ][safepoint   ] Safepoint "G1PauseRemark", Time since last: 37413137 ns, Reaching safepoint: 195357 ns, Cleanup: 4502 ns, At safepoint: 2895095 ns, Total: 3094954 ns
[2025-01-03T21:59:32.823+0000][11.610s][info ][gc,marking  ] GC(30) Concurrent Mark 38.429ms
[2025-01-03T21:59:32.823+0000][11.610s][info ][gc,marking  ] GC(30) Concurrent Rebuild Remembered Sets
[2025-01-03T21:59:32.838+0000][11.625s][info ][gc,marking  ] GC(30) Concurrent Rebuild Remembered Sets 14.773ms
[2025-01-03T21:59:32.838+0000][11.625s][debug][safepoint   ] Safepoint synchronization initiated using futex wait barrier. (17 threads)
[2025-01-03T21:59:32.839+0000][11.625s][info ][gc,start    ] GC(30) Pause Cleanup
[2025-01-03T21:59:32.839+0000][11.625s][info ][gc          ] GC(30) Pause Cleanup 83M->83M(268M) 0.305ms
[2025-01-03T21:59:32.839+0000][11.625s][info ][gc,cpu      ] GC(30) User=0.00s Sys=0.00s Real=0.00s
[2025-01-03T21:59:32.839+0000][11.626s][info ][safepoint   ] Safepoint "G1PauseCleanup", Time since last: 15329333 ns, Reaching safepoint: 161133 ns, Cleanup: 12976 ns, At safepoint: 623666 ns, Total: 797775 ns
[2025-01-03T21:59:32.839+0000][11.626s][info ][gc,marking  ] GC(30) Concurrent Cleanup for Next Mark
[2025-01-03T21:59:32.840+0000][11.626s][info ][gc,marking  ] GC(30) Concurrent Cleanup for Next Mark 0.590ms
[2025-01-03T21:59:32.840+0000][11.627s][info ][gc          ] GC(30) Concurrent Mark Cycle 57.566ms
[2025-01-03T21:59:33.183+0000][11.969s][debug][safepoint   ] Safepoint synchronization initiated using futex wait barrier. (18 threads)
[2025-01-03T21:59:33.183+0000][11.970s][info ][safepoint   ] Safepoint "ICBufferFull", Time since last: 343707721 ns, Reaching safepoint: 246196 ns, Cleanup: 138232 ns, At safepoint: 18726 ns, Total: 403154 ns
[2025-01-03T21:59:33.286+0000][12.072s][debug][safepoint   ] Safepoint synchronization initiated using futex wait barrier. (18 threads)
[2025-01-03T21:59:33.286+0000][12.073s][info ][safepoint   ] Safepoint "ICBufferFull", Time since last: 102699611 ns, Reaching safepoint: 207742 ns, Cleanup: 114414 ns, At safepoint: 19673 ns, Total: 341829 ns
[2025-01-03T21:59:33.389+0000][12.176s][debug][safepoint   ] Safepoint synchronization initiated using futex wait barrier. (18 threads)
[2025-01-03T21:59:33.389+0000][12.176s][info ][gc,start    ] GC(31) Pause Young (Prepare Mixed) (G1 Evacuation Pause)
[2025-01-03T21:59:33.390+0000][12.176s][info ][gc,task     ] GC(31) Using 6 workers of 10 for evacuation
[2025-01-03T21:59:33.393+0000][12.180s][info ][gc,phases   ] GC(31)   Pre Evacuate Collection Set: 0.1ms
[2025-01-03T21:59:33.394+0000][12.180s][info ][gc,phases   ] GC(31)   Merge Heap Roots: 0.1ms
[2025-01-03T21:59:33.394+0000][12.180s][info ][gc,phases   ] GC(31)   Evacuate Collection Set: 2.8ms
[2025-01-03T21:59:33.394+0000][12.180s][info ][gc,phases   ] GC(31)   Post Evacuate Collection Set: 0.7ms
[2025-01-03T21:59:33.394+0000][12.180s][info ][gc,phases   ] GC(31)   Other: 0.3ms
[2025-01-03T21:59:33.394+0000][12.180s][info ][gc,heap     ] GC(31) Eden regions: 77->0(2)
[2025-01-03T21:59:33.394+0000][12.180s][info ][gc,heap     ] GC(31) Survivor regions: 3->4(10)
[2025-01-03T21:59:33.394+0000][12.181s][info ][gc,heap     ] GC(31) Old regions: 32->32
[2025-01-03T21:59:33.394+0000][12.181s][info ][gc,heap     ] GC(31) Archive regions: 2->2
[2025-01-03T21:59:33.394+0000][12.181s][info ][gc,heap     ] GC(31) Humongous regions: 0->0
[2025-01-03T21:59:33.395+0000][12.181s][info ][gc,metaspace] GC(31) Metaspace: 71575K(72000K)->71575K(72000K) NonClass: 62369K(62592K)->62369K(62592K) Class: 9206K(9408K)->9206K(9408K)
[2025-01-03T21:59:33.395+0000][12.181s][info ][gc          ] GC(31) Pause Young (Prepare Mixed) (G1 Evacuation Pause) 224M->72M(268M) 5.172ms
[2025-01-03T21:59:33.395+0000][12.181s][info ][gc,cpu      ] GC(31) User=0.01s Sys=0.01s Real=0.01s
[2025-01-03T21:59:33.395+0000][12.181s][info ][safepoint   ] Safepoint "G1CollectForAllocation", Time since last: 102826699 ns, Reaching safepoint: 198815 ns, Cleanup: 74788 ns, At safepoint: 5417565 ns, Total: 5691168 ns
[2025-01-03T21:59:33.408+0000][12.194s][debug][safepoint   ] Safepoint synchronization initiated using futex wait barrier. (18 threads)
[2025-01-03T21:59:33.408+0000][12.194s][info ][gc,start    ] GC(32) Pause Young (Mixed) (G1 Evacuation Pause)
[2025-01-03T21:59:33.408+0000][12.194s][info ][gc,task     ] GC(32) Using 6 workers of 10 for evacuation
[2025-01-03T21:59:33.413+0000][12.199s][info ][gc,phases   ] GC(32)   Pre Evacuate Collection Set: 0.1ms
[2025-01-03T21:59:33.413+0000][12.199s][info ][gc,phases   ] GC(32)   Merge Heap Roots: 0.1ms
[2025-01-03T21:59:33.413+0000][12.199s][info ][gc,phases   ] GC(32)   Evacuate Collection Set: 3.8ms
[2025-01-03T21:59:33.413+0000][12.200s][info ][gc,phases   ] GC(32)   Post Evacuate Collection Set: 0.6ms
[2025-01-03T21:59:33.413+0000][12.200s][info ][gc,phases   ] GC(32)   Other: 0.3ms
[2025-01-03T21:59:33.413+0000][12.200s][info ][gc,heap     ] GC(32) Eden regions: 2->0(78)
[2025-01-03T21:59:33.413+0000][12.200s][info ][gc,heap     ] GC(32) Survivor regions: 4->1(1)
[2025-01-03T21:59:33.414+0000][12.200s][info ][gc,heap     ] GC(32) Old regions: 32->35
[2025-01-03T21:59:33.414+0000][12.200s][info ][gc,heap     ] GC(32) Archive regions: 2->2
[2025-01-03T21:59:33.414+0000][12.200s][info ][gc,heap     ] GC(32) Humongous regions: 0->0
[2025-01-03T21:59:33.414+0000][12.200s][info ][gc,metaspace] GC(32) Metaspace: 71677K(72128K)->71677K(72128K) NonClass: 62444K(62656K)->62444K(62656K) Class: 9232K(9472K)->9232K(9472K)
[2025-01-03T21:59:33.414+0000][12.200s][info ][gc          ] GC(32) Pause Young (Mixed) (G1 Evacuation Pause) 76M->72M(268M) 6.274ms
[2025-01-03T21:59:33.414+0000][12.201s][info ][gc,cpu      ] GC(32) User=0.02s Sys=0.01s Real=0.01s
[2025-01-03T21:59:33.414+0000][12.201s][info ][safepoint   ] Safepoint "G1CollectForAllocation", Time since last: 12647847 ns, Reaching safepoint: 197154 ns, Cleanup: 2870 ns, At safepoint: 6545036 ns, Total: 6745060 ns
[2025-01-03T21:59:33.774+0000][12.560s][debug][safepoint   ] Safepoint synchronization initiated using futex wait barrier. (17 threads)
[2025-01-03T21:59:33.774+0000][12.560s][info ][gc,start    ] GC(33) Pause Young (Normal) (G1 Evacuation Pause)
[2025-01-03T21:59:33.774+0000][12.560s][info ][gc,task     ] GC(33) Using 6 workers of 10 for evacuation
[2025-01-03T21:59:33.776+0000][12.563s][info ][gc,phases   ] GC(33)   Pre Evacuate Collection Set: 0.1ms
[2025-01-03T21:59:33.776+0000][12.563s][info ][gc,phases   ] GC(33)   Merge Heap Roots: 0.1ms
[2025-01-03T21:59:33.777+0000][12.563s][info ][gc,phases   ] GC(33)   Evacuate Collection Set: 1.4ms
[2025-01-03T21:59:33.777+0000][12.563s][info ][gc,phases   ] GC(33)   Post Evacuate Collection Set: 0.6ms
[2025-01-03T21:59:33.777+0000][12.563s][info ][gc,phases   ] GC(33)   Other: 0.3ms
[2025-01-03T21:59:33.777+0000][12.564s][info ][gc,heap     ] GC(33) Eden regions: 78->0(78)
[2025-01-03T21:59:33.777+0000][12.564s][info ][gc,heap     ] GC(33) Survivor regions: 1->1(10)
[2025-01-03T21:59:33.777+0000][12.564s][info ][gc,heap     ] GC(33) Old regions: 35->35
[2025-01-03T21:59:33.778+0000][12.564s][info ][gc,heap     ] GC(33) Archive regions: 2->2
[2025-01-03T21:59:33.778+0000][12.564s][info ][gc,heap     ] GC(33) Humongous regions: 0->0
[2025-01-03T21:59:33.778+0000][12.564s][info ][gc,metaspace] GC(33) Metaspace: 76392K(76800K)->76392K(76800K) NonClass: 66338K(66560K)->66338K(66560K) Class: 10054K(10240K)->10054K(10240K)
[2025-01-03T21:59:33.778+0000][12.564s][info ][gc          ] GC(33) Pause Young (Normal) (G1 Evacuation Pause) 228M->72M(268M) 4.112ms
[2025-01-03T21:59:33.778+0000][12.564s][info ][gc,cpu      ] GC(33) User=0.01s Sys=0.00s Real=0.00s
[2025-01-03T21:59:33.778+0000][12.565s][info ][safepoint   ] Safepoint "G1CollectForAllocation", Time since last: 359254366 ns, Reaching safepoint: 208538 ns, Cleanup: 61686 ns, At safepoint: 4399859 ns, Total: 4670083 ns
[2025-01-03T21:59:33.915+0000][12.701s][debug][safepoint   ] Safepoint synchronization initiated using futex wait barrier. (17 threads)
[2025-01-03T21:59:33.915+0000][12.701s][info ][safepoint   ] Safepoint "ICBufferFull", Time since last: 136403039 ns, Reaching safepoint: 197623 ns, Cleanup: 90006 ns, At safepoint: 2078 ns, Total: 289707 ns
[2025-01-03T21:59:33.952+0000][12.739s][debug][safepoint   ] Safepoint synchronization initiated using futex wait barrier. (18 threads)
[2025-01-03T21:59:33.953+0000][12.739s][info ][safepoint   ] Safepoint "ICBufferFull", Time since last: 37475043 ns, Reaching safepoint: 283083 ns, Cleanup: 99804 ns, At safepoint: 12233 ns, Total: 395120 ns
[2025-01-03T21:59:33.990+0000][12.776s][debug][safepoint   ] Safepoint synchronization initiated using futex wait barrier. (18 threads)
[2025-01-03T21:59:33.990+0000][12.776s][info ][safepoint   ] Safepoint "ICBufferFull", Time since last: 36763043 ns, Reaching safepoint: 262163 ns, Cleanup: 81011 ns, At safepoint: 11353 ns, Total: 354527 ns
[2025-01-03T21:59:34.026+0000][12.812s][debug][safepoint   ] Safepoint synchronization initiated using futex wait barrier. (18 threads)
[2025-01-03T21:59:34.026+0000][12.813s][info ][safepoint   ] Safepoint "ICBufferFull", Time since last: 36082100 ns, Reaching safepoint: 230983 ns, Cleanup: 100094 ns, At safepoint: 17702 ns, Total: 348779 ns
[2025-01-03T21:59:34.135+0000][12.922s][debug][safepoint   ] Safepoint synchronization initiated using futex wait barrier. (18 threads)
[2025-01-03T21:59:34.136+0000][12.922s][info ][safepoint   ] Safepoint "ICBufferFull", Time since last: 108952712 ns, Reaching safepoint: 239636 ns, Cleanup: 114810 ns, At safepoint: 10252 ns, Total: 364698 ns
[2025-01-03T21:59:34.242+0000][13.029s][debug][safepoint   ] Safepoint synchronization initiated using futex wait barrier. (18 threads)
[2025-01-03T21:59:34.243+0000][13.029s][info ][safepoint   ] Safepoint "ICBufferFull", Time since last: 106815658 ns, Reaching safepoint: 204652 ns, Cleanup: 89359 ns, At safepoint: 13015 ns, Total: 307026 ns
[2025-01-03T21:59:34.372+0000][13.158s][debug][safepoint   ] Safepoint synchronization initiated using futex wait barrier. (18 threads)
[2025-01-03T21:59:34.372+0000][13.159s][info ][gc,start    ] GC(34) Pause Young (Normal) (G1 Evacuation Pause)
[2025-01-03T21:59:34.372+0000][13.159s][info ][gc,task     ] GC(34) Using 6 workers of 10 for evacuation
[2025-01-03T21:59:34.375+0000][13.161s][info ][gc,phases   ] GC(34)   Pre Evacuate Collection Set: 0.1ms
[2025-01-03T21:59:34.375+0000][13.161s][info ][gc,phases   ] GC(34)   Merge Heap Roots: 0.1ms
[2025-01-03T21:59:34.375+0000][13.162s][info ][gc,phases   ] GC(34)   Evacuate Collection Set: 1.7ms
[2025-01-03T21:59:34.375+0000][13.162s][info ][gc,phases   ] GC(34)   Post Evacuate Collection Set: 0.6ms
[2025-01-03T21:59:34.375+0000][13.162s][info ][gc,phases   ] GC(34)   Other: 0.4ms
[2025-01-03T21:59:34.376+0000][13.162s][info ][gc,heap     ] GC(34) Eden regions: 78->0(77)
[2025-01-03T21:59:34.376+0000][13.162s][info ][gc,heap     ] GC(34) Survivor regions: 1->2(10)
[2025-01-03T21:59:34.376+0000][13.162s][info ][gc,heap     ] GC(34) Old regions: 35->35
[2025-01-03T21:59:34.376+0000][13.162s][info ][gc,heap     ] GC(34) Archive regions: 2->2
[2025-01-03T21:59:34.376+0000][13.162s][info ][gc,heap     ] GC(34) Humongous regions: 0->0
[2025-01-03T21:59:34.376+0000][13.163s][info ][gc,metaspace] GC(34) Metaspace: 79582K(80064K)->79582K(80064K) NonClass: 69123K(69376K)->69123K(69376K) Class: 10458K(10688K)->10458K(10688K)
[2025-01-03T21:59:34.376+0000][13.163s][info ][gc          ] GC(34) Pause Young (Normal) (G1 Evacuation Pause) 228M->73M(268M) 4.198ms
[2025-01-03T21:59:34.376+0000][13.163s][info ][gc,cpu      ] GC(34) User=0.01s Sys=0.00s Real=0.01s
[2025-01-03T21:59:34.377+0000][13.163s][info ][safepoint   ] Safepoint "G1CollectForAllocation", Time since last: 129069193 ns, Reaching safepoint: 220062 ns, Cleanup: 55096 ns, At safepoint: 4496288 ns, Total: 4771446 ns
[2025-01-03T21:59:34.882+0000][13.669s][debug][safepoint   ] Safepoint synchronization initiated using futex wait barrier. (18 threads)
[2025-01-03T21:59:34.882+0000][13.669s][info ][safepoint   ] Safepoint "ICBufferFull", Time since last: 505583958 ns, Reaching safepoint: 197000 ns, Cleanup: 103572 ns, At safepoint: 18369 ns, Total: 318941 ns
[2025-01-03T21:59:34.909+0000][13.695s][debug][safepoint   ] Safepoint synchronization initiated using futex wait barrier. (18 threads)
[2025-01-03T21:59:34.909+0000][13.696s][info ][gc,start    ] GC(35) Pause Young (Normal) (G1 Evacuation Pause)
[2025-01-03T21:59:34.909+0000][13.696s][info ][gc,task     ] GC(35) Using 6 workers of 10 for evacuation
[2025-01-03T21:59:34.913+0000][13.700s][info ][gc,phases   ] GC(35)   Pre Evacuate Collection Set: 0.1ms
[2025-01-03T21:59:34.913+0000][13.700s][info ][gc,phases   ] GC(35)   Merge Heap Roots: 0.1ms
[2025-01-03T21:59:34.914+0000][13.700s][info ][gc,phases   ] GC(35)   Evacuate Collection Set: 2.6ms
[2025-01-03T21:59:34.914+0000][13.700s][info ][gc,phases   ] GC(35)   Post Evacuate Collection Set: 0.8ms
[2025-01-03T21:59:34.914+0000][13.700s][info ][gc,phases   ] GC(35)   Other: 0.3ms
[2025-01-03T21:59:34.914+0000][13.700s][info ][gc,heap     ] GC(35) Eden regions: 77->0(76)
[2025-01-03T21:59:34.914+0000][13.700s][info ][gc,heap     ] GC(35) Survivor regions: 2->3(10)
[2025-01-03T21:59:34.914+0000][13.701s][info ][gc,heap     ] GC(35) Old regions: 35->35
[2025-01-03T21:59:34.914+0000][13.701s][info ][gc,heap     ] GC(35) Archive regions: 2->2
[2025-01-03T21:59:34.914+0000][13.701s][info ][gc,heap     ] GC(35) Humongous regions: 0->0
[2025-01-03T21:59:34.914+0000][13.701s][info ][gc,metaspace] GC(35) Metaspace: 82822K(83264K)->82822K(83264K) NonClass: 71953K(72192K)->71953K(72192K) Class: 10868K(11072K)->10868K(11072K)
[2025-01-03T21:59:34.915+0000][13.701s][info ][gc          ] GC(35) Pause Young (Normal) (G1 Evacuation Pause) 227M->76M(268M) 5.236ms
[2025-01-03T21:59:34.915+0000][13.701s][info ][gc,cpu      ] GC(35) User=0.03s Sys=0.01s Real=0.01s
[2025-01-03T21:59:34.915+0000][13.701s][info ][safepoint   ] Safepoint "G1CollectForAllocation", Time since last: 26573432 ns, Reaching safepoint: 230630 ns, Cleanup: 17412 ns, At safepoint: 5499522 ns, Total: 5747564 ns
[2025-01-03T21:59:35.458+0000][14.244s][debug][safepoint   ] Safepoint synchronization initiated using futex wait barrier. (18 threads)
[2025-01-03T21:59:35.458+0000][14.244s][info ][safepoint   ] Safepoint "ICBufferFull", Time since last: 542713674 ns, Reaching safepoint: 240242 ns, Cleanup: 154678 ns, At safepoint: 3517 ns, Total: 398437 ns
[2025-01-03T21:59:35.704+0000][14.490s][debug][safepoint   ] Safepoint synchronization initiated using futex wait barrier. (18 threads)
[2025-01-03T21:59:35.704+0000][14.490s][info ][gc,start    ] GC(36) Pause Young (Normal) (G1 Evacuation Pause)
[2025-01-03T21:59:35.704+0000][14.491s][info ][gc,task     ] GC(36) Using 6 workers of 10 for evacuation
[2025-01-03T21:59:35.710+0000][14.496s][info ][gc,phases   ] GC(36)   Pre Evacuate Collection Set: 0.1ms
[2025-01-03T21:59:35.710+0000][14.496s][info ][gc,phases   ] GC(36)   Merge Heap Roots: 0.1ms
[2025-01-03T21:59:35.710+0000][14.496s][info ][gc,phases   ] GC(36)   Evacuate Collection Set: 4.4ms
[2025-01-03T21:59:35.710+0000][14.497s][info ][gc,phases   ] GC(36)   Post Evacuate Collection Set: 0.8ms
[2025-01-03T21:59:35.710+0000][14.497s][info ][gc,phases   ] GC(36)   Other: 0.4ms
[2025-01-03T21:59:35.710+0000][14.497s][info ][gc,heap     ] GC(36) Eden regions: 76->0(73)
[2025-01-03T21:59:35.710+0000][14.497s][info ][gc,heap     ] GC(36) Survivor regions: 3->5(10)
[2025-01-03T21:59:35.711+0000][14.497s][info ][gc,heap     ] GC(36) Old regions: 35->35
[2025-01-03T21:59:35.711+0000][14.497s][info ][gc,heap     ] GC(36) Archive regions: 2->2
[2025-01-03T21:59:35.711+0000][14.497s][info ][gc,heap     ] GC(36) Humongous regions: 0->0
[2025-01-03T21:59:35.711+0000][14.497s][info ][gc,metaspace] GC(36) Metaspace: 85822K(86336K)->85822K(86336K) NonClass: 74765K(75008K)->74765K(75008K) Class: 11056K(11328K)->11056K(11328K)
[2025-01-03T21:59:35.711+0000][14.497s][info ][gc          ] GC(36) Pause Young (Normal) (G1 Evacuation Pause) 228M->81M(268M) 7.000ms
[2025-01-03T21:59:35.711+0000][14.497s][info ][gc,cpu      ] GC(36) User=0.03s Sys=0.00s Real=0.00s
[2025-01-03T21:59:35.711+0000][14.498s][info ][safepoint   ] Safepoint "G1CollectForAllocation", Time since last: 245622424 ns, Reaching safepoint: 263753 ns, Cleanup: 125130 ns, At safepoint: 7245468 ns, Total: 7634351 ns
[2025-01-03T21:59:36.243+0000][15.030s][debug][safepoint   ] Safepoint synchronization initiated using futex wait barrier. (22 threads)
[2025-01-03T21:59:36.244+0000][15.030s][info ][safepoint   ] Safepoint "ICBufferFull", Time since last: 532266248 ns, Reaching safepoint: 249129 ns, Cleanup: 122898 ns, At safepoint: 4618 ns, Total: 376645 ns
[2025-01-03T21:59:36.362+0000][15.148s][debug][safepoint   ] Safepoint synchronization initiated using futex wait barrier. (22 threads)
[2025-01-03T21:59:36.362+0000][15.149s][info ][gc,start    ] GC(37) Pause Young (Normal) (G1 Evacuation Pause)
[2025-01-03T21:59:36.362+0000][15.149s][info ][gc,task     ] GC(37) Using 10 workers of 10 for evacuation
[2025-01-03T21:59:36.369+0000][15.155s][info ][gc,phases   ] GC(37)   Pre Evacuate Collection Set: 0.1ms
[2025-01-03T21:59:36.369+0000][15.156s][info ][gc,phases   ] GC(37)   Merge Heap Roots: 0.1ms
[2025-01-03T21:59:36.369+0000][15.156s][info ][gc,phases   ] GC(37)   Evacuate Collection Set: 4.7ms
[2025-01-03T21:59:36.370+0000][15.156s][info ][gc,phases   ] GC(37)   Post Evacuate Collection Set: 1.5ms
[2025-01-03T21:59:36.370+0000][15.156s][info ][gc,phases   ] GC(37)   Other: 0.3ms
[2025-01-03T21:59:36.370+0000][15.156s][info ][gc,heap     ] GC(37) Eden regions: 73->0(69)
[2025-01-03T21:59:36.370+0000][15.156s][info ][gc,heap     ] GC(37) Survivor regions: 5->7(10)
[2025-01-03T21:59:36.370+0000][15.157s][info ][gc,heap     ] GC(37) Old regions: 35->35
[2025-01-03T21:59:36.370+0000][15.157s][info ][gc,heap     ] GC(37) Archive regions: 2->2
[2025-01-03T21:59:36.370+0000][15.157s][info ][gc,heap     ] GC(37) Humongous regions: 0->0
[2025-01-03T21:59:36.371+0000][15.157s][info ][gc,metaspace] GC(37) Metaspace: 88379K(89024K)->88379K(89024K) NonClass: 77050K(77376K)->77050K(77376K) Class: 11329K(11648K)->11329K(11648K)
[2025-01-03T21:59:36.371+0000][15.157s][info ][gc          ] GC(37) Pause Young (Normal) (G1 Evacuation Pause) 227M->84M(268M) 8.431ms
[2025-01-03T21:59:36.371+0000][15.157s][info ][gc,cpu      ] GC(37) User=0.07s Sys=0.00s Real=0.01s
[2025-01-03T21:59:36.371+0000][15.157s][info ][safepoint   ] Safepoint "G1CollectForAllocation", Time since last: 118138449 ns, Reaching safepoint: 248680 ns, Cleanup: 37220 ns, At safepoint: 8809018 ns, Total: 9094918 ns
[2025-01-03T21:59:36.876+0000][15.662s][debug][safepoint   ] Safepoint synchronization initiated using futex wait barrier. (22 threads)
[2025-01-03T21:59:36.877+0000][15.663s][info ][safepoint   ] Safepoint "ICBufferFull", Time since last: 504994022 ns, Reaching safepoint: 349238 ns, Cleanup: 119303 ns, At safepoint: 18030 ns, Total: 486571 ns
[2025-01-03T21:59:36.962+0000][15.748s][debug][safepoint   ] Safepoint synchronization initiated using futex wait barrier. (22 threads)
[2025-01-03T21:59:36.962+0000][15.748s][info ][gc,start    ] GC(38) Pause Young (Normal) (G1 Evacuation Pause)
[2025-01-03T21:59:36.962+0000][15.749s][info ][gc,task     ] GC(38) Using 10 workers of 10 for evacuation
[2025-01-03T21:59:36.968+0000][15.754s][info ][gc,phases   ] GC(38)   Pre Evacuate Collection Set: 0.1ms
[2025-01-03T21:59:36.968+0000][15.755s][info ][gc,phases   ] GC(38)   Merge Heap Roots: 0.1ms
[2025-01-03T21:59:36.968+0000][15.755s][info ][gc,phases   ] GC(38)   Evacuate Collection Set: 4.5ms
[2025-01-03T21:59:36.968+0000][15.755s][info ][gc,phases   ] GC(38)   Post Evacuate Collection Set: 0.9ms
[2025-01-03T21:59:36.969+0000][15.755s][info ][gc,phases   ] GC(38)   Other: 0.3ms
[2025-01-03T21:59:36.969+0000][15.755s][info ][gc,heap     ] GC(38) Eden regions: 69->0(68)
[2025-01-03T21:59:36.969+0000][15.755s][info ][gc,heap     ] GC(38) Survivor regions: 7->6(10)
[2025-01-03T21:59:36.969+0000][15.755s][info ][gc,heap     ] GC(38) Old regions: 35->38
[2025-01-03T21:59:36.969+0000][15.756s][info ][gc,heap     ] GC(38) Archive regions: 2->2
[2025-01-03T21:59:36.969+0000][15.756s][info ][gc,heap     ] GC(38) Humongous regions: 0->0
[2025-01-03T21:59:36.969+0000][15.756s][info ][gc,metaspace] GC(38) Metaspace: 93103K(93696K)->93103K(93696K) NonClass: 81018K(81344K)->81018K(81344K) Class: 12085K(12352K)->12085K(12352K)
[2025-01-03T21:59:36.970+0000][15.756s][info ][gc          ] GC(38) Pause Young (Normal) (G1 Evacuation Pause) 222M->87M(268M) 7.499ms
[2025-01-03T21:59:36.970+0000][15.756s][info ][gc,cpu      ] GC(38) User=0.05s Sys=0.00s Real=0.01s
[2025-01-03T21:59:36.970+0000][15.756s][info ][safepoint   ] Safepoint "G1CollectForAllocation", Time since last: 85102991 ns, Reaching safepoint: 293591 ns, Cleanup: 62400 ns, At safepoint: 7797068 ns, Total: 8153059 ns
[2025-01-03T21:59:37.524+0000][16.310s][debug][safepoint   ] Safepoint synchronization initiated using futex wait barrier. (22 threads)
[2025-01-03T21:59:37.524+0000][16.310s][info ][gc,start    ] GC(39) Pause Young (Normal) (G1 Evacuation Pause)
[2025-01-03T21:59:37.524+0000][16.311s][info ][gc,task     ] GC(39) Using 10 workers of 10 for evacuation
[2025-01-03T21:59:37.532+0000][16.318s][info ][gc,phases   ] GC(39)   Pre Evacuate Collection Set: 0.1ms
[2025-01-03T21:59:37.532+0000][16.318s][info ][gc,phases   ] GC(39)   Merge Heap Roots: 0.1ms
[2025-01-03T21:59:37.532+0000][16.318s][info ][gc,phases   ] GC(39)   Evacuate Collection Set: 5.8ms
[2025-01-03T21:59:37.532+0000][16.319s][info ][gc,phases   ] GC(39)   Post Evacuate Collection Set: 1.1ms
[2025-01-03T21:59:37.532+0000][16.319s][info ][gc,phases   ] GC(39)   Other: 0.4ms
[2025-01-03T21:59:37.533+0000][16.319s][info ][gc,heap     ] GC(39) Eden regions: 68->0(68)
[2025-01-03T21:59:37.536+0000][16.323s][info ][gc,heap     ] GC(39) Survivor regions: 6->5(10)
[2025-01-03T21:59:37.537+0000][16.324s][info ][gc,heap     ] GC(39) Old regions: 38->40
[2025-01-03T21:59:37.538+0000][16.324s][info ][gc,heap     ] GC(39) Archive regions: 2->2
[2025-01-03T21:59:37.538+0000][16.324s][info ][gc,heap     ] GC(39) Humongous regions: 0->0
[2025-01-03T21:59:37.538+0000][16.324s][info ][gc,metaspace] GC(39) Metaspace: 95617K(96256K)->95617K(96256K) NonClass: 83035K(83392K)->83035K(83392K) Class: 12581K(12864K)->12581K(12864K)
[2025-01-03T21:59:37.538+0000][16.325s][info ][gc          ] GC(39) Pause Young (Normal) (G1 Evacuation Pause) 223M->89M(268M) 14.166ms
[2025-01-03T21:59:37.538+0000][16.325s][info ][gc,cpu      ] GC(39) User=0.06s Sys=0.00s Real=0.01s
[2025-01-03T21:59:37.539+0000][16.325s][info ][safepoint   ] Safepoint "G1CollectForAllocation", Time since last: 553714220 ns, Reaching safepoint: 362953 ns, Cleanup: 84895 ns, At safepoint: 14577307 ns, Total: 15025155 ns
[2025-01-03T21:59:38.539+0000][17.325s][debug][safepoint   ] Safepoint synchronization initiated using futex wait barrier. (22 threads)
[2025-01-03T21:59:38.540+0000][17.326s][info ][safepoint   ] Safepoint "Cleanup", Time since last: 1000554081 ns, Reaching safepoint: 354509 ns, Cleanup: 59250 ns, At safepoint: 5121 ns, Total: 418880 ns
[2025-01-03T21:59:38.777+0000][17.563s][info ][gc,heap,exit] Heap
[2025-01-03T21:59:38.777+0000][17.563s][info ][gc,heap,exit]  garbage-first heap   total 274432K, used 121959K [0x0000000706c00000, 0x0000000800000000)
[2025-01-03T21:59:38.777+0000][17.563s][info ][gc,heap,exit]   region size 2048K, 20 young (40960K), 5 survivors (10240K)
[2025-01-03T21:59:38.777+0000][17.564s][info ][gc,heap,exit]  Metaspace       used 96164K, committed 96768K, reserved 1179648K
[2025-01-03T21:59:38.777+0000][17.564s][info ][gc,heap,exit]   class space    used 12660K, committed 12992K, reserved 1048576K
[2025-01-03T21:59:38.778+0000][17.564s][debug][safepoint   ] Safepoint synchronization initiated using futex wait barrier. (14 threads)
