[2025-01-01T12:57:56.308+0000][0.022s][info][gc] Using G1
[2025-01-01T12:57:56.310+0000][0.023s][info][gc,init] Version: 17.0.12+7-Debian-2deb12u1 (release)
[2025-01-01T12:57:56.310+0000][0.023s][info][gc,init] CPUs: 12 total, 12 available
[2025-01-01T12:57:56.310+0000][0.024s][info][gc,init] Memory: 15951M
[2025-01-01T12:57:56.310+0000][0.024s][info][gc,init] Large Page Support: Disabled
[2025-01-01T12:57:56.310+0000][0.024s][info][gc,init] NUMA Support: Disabled
[2025-01-01T12:57:56.310+0000][0.024s][info][gc,init] Compressed Oops: Enabled (Zero based)
[2025-01-01T12:57:56.310+0000][0.024s][info][gc,init] Heap Region Size: 2M
[2025-01-01T12:57:56.310+0000][0.024s][info][gc,init] Heap Min Capacity: 8M
[2025-01-01T12:57:56.311+0000][0.024s][info][gc,init] Heap Initial Capacity: 250M
[2025-01-01T12:57:56.311+0000][0.024s][info][gc,init] Heap Max Capacity: 3988M
[2025-01-01T12:57:56.311+0000][0.025s][info][gc,init] Pre-touch: Disabled
[2025-01-01T12:57:56.311+0000][0.025s][info][gc,init] Parallel Workers: 10
[2025-01-01T12:57:56.311+0000][0.025s][info][gc,init] Concurrent Workers: 3
[2025-01-01T12:57:56.311+0000][0.025s][info][gc,init] Concurrent Refinement Workers: 10
[2025-01-01T12:57:56.311+0000][0.025s][info][gc,init] Periodic GC: Disabled
[2025-01-01T12:57:56.315+0000][0.029s][info][gc,metaspace] CDS archive(s) mapped at: [0x00007f69c3000000-0x00007f69c3bc4000-0x00007f69c3bc4000), size 12337152, SharedBaseAddress: 0x00007f69c3000000, ArchiveRelocationMode: 1.
[2025-01-01T12:57:56.315+0000][0.029s][info][gc,metaspace] Compressed class space mapped at: 0x00007f69c4000000-0x00007f6a04000000, reserved size: 1073741824
[2025-01-01T12:57:56.315+0000][0.029s][info][gc,metaspace] Narrow klass base: 0x00007f69c3000000, Narrow klass shift: 0, Narrow klass range: 0x100000000
[2025-01-01T12:57:56.319+0000][0.033s][info][cds,heap    ] initialize_from_archived_subgraph java.lang.Module$ArchivedData 0x00007f69c3184780 (early)
[2025-01-01T12:57:56.320+0000][0.033s][info][cds,heap    ] initialize_from_archived_subgraph java.util.ImmutableCollections 0x00007f69c30722d8 (early)
[2025-01-01T12:57:56.321+0000][0.035s][info][cds,heap    ] initialize_from_archived_subgraph java.lang.Integer$IntegerCache 0x00007f69c3037660 (early)
[2025-01-01T12:57:56.324+0000][0.037s][info][cds,heap    ] initialize_from_archived_subgraph java.lang.module.Configuration 0x00007f69c3172700 (early)
[2025-01-01T12:57:56.324+0000][0.038s][info][cds,heap    ] initialize_from_archived_subgraph java.lang.ModuleLayer 0x00007f69c3146b38 (early)
[2025-01-01T12:57:56.324+0000][0.038s][info][cds,heap    ] initialize_from_archived_subgraph jdk.internal.loader.ArchivedClassLoaders 0x00007f69c31adb70 (early)
[2025-01-01T12:57:56.324+0000][0.038s][info][cds,heap    ] initialize_from_archived_subgraph jdk.internal.module.ArchivedBootLayer 0x00007f69c3179340 (early)
[2025-01-01T12:57:56.326+0000][0.039s][info][cds,heap    ] initialize_from_archived_subgraph sun.util.locale.BaseLocale 0x00007f69c326d048
[2025-01-01T12:57:56.331+0000][0.045s][info][cds,heap    ] initialize_from_archived_subgraph java.util.jar.Attributes$Name 0x00007f69c319f5e8
[2025-01-01T12:57:56.350+0000][0.064s][info][cds,heap    ] initialize_from_archived_subgraph java.lang.Long$LongCache 0x00007f69c3020f98
[2025-01-01T12:57:56.406+0000][0.120s][info][cds,heap    ] initialize_from_archived_subgraph java.lang.Character$CharacterCache 0x00007f69c303a9e8
[2025-01-01T12:57:56.654+0000][0.368s][debug][safepoint   ] Safepoint synchronization initiated using futex wait barrier. (14 threads)
[2025-01-01T12:57:56.655+0000][0.368s][info ][safepoint   ] Safepoint "ICBufferFull", Time since last: 335647354 ns, Reaching safepoint: 233324 ns, Cleanup: 81182 ns, At safepoint: 17173 ns, Total: 331679 ns
[2025-01-01T12:57:56.716+0000][0.430s][debug][safepoint   ] Safepoint synchronization initiated using futex wait barrier. (14 threads)
[2025-01-01T12:57:56.717+0000][0.430s][info ][gc,start    ] GC(0) Pause Young (Normal) (G1 Evacuation Pause)
[2025-01-01T12:57:56.717+0000][0.431s][info ][gc,task     ] GC(0) Using 6 workers of 10 for evacuation
[2025-01-01T12:57:56.723+0000][0.437s][info ][gc,phases   ] GC(0)   Pre Evacuate Collection Set: 0.1ms
[2025-01-01T12:57:56.723+0000][0.437s][info ][gc,phases   ] GC(0)   Merge Heap Roots: 0.1ms
[2025-01-01T12:57:56.723+0000][0.437s][info ][gc,phases   ] GC(0)   Evacuate Collection Set: 4.5ms
[2025-01-01T12:57:56.723+0000][0.437s][info ][gc,phases   ] GC(0)   Post Evacuate Collection Set: 0.8ms
[2025-01-01T12:57:56.723+0000][0.437s][info ][gc,phases   ] GC(0)   Other: 0.9ms
[2025-01-01T12:57:56.724+0000][0.437s][info ][gc,heap     ] GC(0) Eden regions: 31->0(53)
[2025-01-01T12:57:56.724+0000][0.438s][info ][gc,heap     ] GC(0) Survivor regions: 0->4(4)
[2025-01-01T12:57:56.724+0000][0.438s][info ][gc,heap     ] GC(0) Old regions: 0->1
[2025-01-01T12:57:56.724+0000][0.438s][info ][gc,heap     ] GC(0) Archive regions: 2->2
[2025-01-01T12:57:56.724+0000][0.438s][info ][gc,heap     ] GC(0) Humongous regions: 0->0
[2025-01-01T12:57:56.724+0000][0.438s][info ][gc,metaspace] GC(0) Metaspace: 2490K(2688K)->2490K(2688K) NonClass: 2252K(2368K)->2252K(2368K) Class: 237K(320K)->237K(320K)
[2025-01-01T12:57:56.724+0000][0.438s][info ][gc          ] GC(0) Pause Young (Normal) (G1 Evacuation Pause) 63M->10M(254M) 7.692ms
[2025-01-01T12:57:56.724+0000][0.438s][info ][gc,cpu      ] GC(0) User=0.03s Sys=0.00s Real=0.00s
[2025-01-01T12:57:56.725+0000][0.438s][info ][safepoint   ] Safepoint "G1CollectForAllocation", Time since last: 61697965 ns, Reaching safepoint: 214283 ns, Cleanup: 17879 ns, At safepoint: 8003810 ns, Total: 8235972 ns
[2025-01-01T12:57:57.268+0000][0.982s][debug][safepoint   ] Safepoint synchronization initiated using futex wait barrier. (15 threads)
[2025-01-01T12:57:57.268+0000][0.982s][info ][safepoint   ] Safepoint "ICBufferFull", Time since last: 543147294 ns, Reaching safepoint: 207307 ns, Cleanup: 136142 ns, At safepoint: 17893 ns, Total: 361342 ns
[2025-01-01T12:57:57.287+0000][1.001s][debug][safepoint   ] Safepoint synchronization initiated using futex wait barrier. (15 threads)
[2025-01-01T12:57:57.287+0000][1.001s][info ][gc,start    ] GC(1) Pause Young (Normal) (G1 Evacuation Pause)
[2025-01-01T12:57:57.287+0000][1.001s][info ][gc,task     ] GC(1) Using 6 workers of 10 for evacuation
[2025-01-01T12:57:57.292+0000][1.006s][info ][gc,phases   ] GC(1)   Pre Evacuate Collection Set: 0.1ms
[2025-01-01T12:57:57.292+0000][1.006s][info ][gc,phases   ] GC(1)   Merge Heap Roots: 0.1ms
[2025-01-01T12:57:57.293+0000][1.006s][info ][gc,phases   ] GC(1)   Evacuate Collection Set: 3.9ms
[2025-01-01T12:57:57.293+0000][1.006s][info ][gc,phases   ] GC(1)   Post Evacuate Collection Set: 1.0ms
[2025-01-01T12:57:57.293+0000][1.007s][info ][gc,phases   ] GC(1)   Other: 0.3ms
[2025-01-01T12:57:57.293+0000][1.007s][info ][gc,heap     ] GC(1) Eden regions: 53->0(69)
[2025-01-01T12:57:57.293+0000][1.007s][info ][gc,heap     ] GC(1) Survivor regions: 4->6(8)
[2025-01-01T12:57:57.293+0000][1.007s][info ][gc,heap     ] GC(1) Old regions: 1->1
[2025-01-01T12:57:57.293+0000][1.007s][info ][gc,heap     ] GC(1) Archive regions: 2->2
[2025-01-01T12:57:57.293+0000][1.007s][info ][gc,heap     ] GC(1) Humongous regions: 0->0
[2025-01-01T12:57:57.293+0000][1.007s][info ][gc,metaspace] GC(1) Metaspace: 6837K(7168K)->6837K(7168K) NonClass: 5989K(6144K)->5989K(6144K) Class: 847K(1024K)->847K(1024K)
[2025-01-01T12:57:57.293+0000][1.007s][info ][gc          ] GC(1) Pause Young (Normal) (G1 Evacuation Pause) 116M->14M(254M) 6.532ms
[2025-01-01T12:57:57.294+0000][1.007s][info ][gc,cpu      ] GC(1) User=0.02s Sys=0.00s Real=0.00s
[2025-01-01T12:57:57.294+0000][1.007s][info ][safepoint   ] Safepoint "G1CollectForAllocation", Time since last: 18630157 ns, Reaching safepoint: 187053 ns, Cleanup: 10578 ns, At safepoint: 6749798 ns, Total: 6947429 ns
[2025-01-01T12:57:57.619+0000][1.333s][debug][safepoint   ] Safepoint synchronization initiated using futex wait barrier. (15 threads)
[2025-01-01T12:57:57.620+0000][1.334s][info ][safepoint   ] Safepoint "ICBufferFull", Time since last: 325788224 ns, Reaching safepoint: 190821 ns, Cleanup: 77311 ns, At safepoint: 12888 ns, Total: 281020 ns
[2025-01-01T12:57:57.692+0000][1.406s][debug][safepoint   ] Safepoint synchronization initiated using futex wait barrier. (15 threads)
[2025-01-01T12:57:57.692+0000][1.406s][info ][safepoint   ] Safepoint "ICBufferFull", Time since last: 72359597 ns, Reaching safepoint: 188234 ns, Cleanup: 152880 ns, At safepoint: 25428 ns, Total: 366542 ns
[2025-01-01T12:57:57.828+0000][1.542s][debug][safepoint   ] Safepoint synchronization initiated using futex wait barrier. (16 threads)
[2025-01-01T12:57:57.828+0000][1.542s][info ][gc,start    ] GC(2) Pause Young (Normal) (G1 Evacuation Pause)
[2025-01-01T12:57:57.828+0000][1.542s][info ][gc,task     ] GC(2) Using 6 workers of 10 for evacuation
[2025-01-01T12:57:57.836+0000][1.549s][info ][gc,phases   ] GC(2)   Pre Evacuate Collection Set: 0.1ms
[2025-01-01T12:57:57.836+0000][1.550s][info ][gc,phases   ] GC(2)   Merge Heap Roots: 0.1ms
[2025-01-01T12:57:57.836+0000][1.550s][info ][gc,phases   ] GC(2)   Evacuate Collection Set: 5.8ms
[2025-01-01T12:57:57.836+0000][1.550s][info ][gc,phases   ] GC(2)   Post Evacuate Collection Set: 1.0ms
[2025-01-01T12:57:57.836+0000][1.550s][info ][gc,phases   ] GC(2)   Other: 0.3ms
[2025-01-01T12:57:57.836+0000][1.550s][info ][gc,heap     ] GC(2) Eden regions: 69->0(71)
[2025-01-01T12:57:57.837+0000][1.550s][info ][gc,heap     ] GC(2) Survivor regions: 6->4(10)
[2025-01-01T12:57:57.837+0000][1.551s][info ][gc,heap     ] GC(2) Old regions: 1->5
[2025-01-01T12:57:57.837+0000][1.551s][info ][gc,heap     ] GC(2) Archive regions: 2->2
[2025-01-01T12:57:57.837+0000][1.551s][info ][gc,heap     ] GC(2) Humongous regions: 0->0
[2025-01-01T12:57:57.837+0000][1.551s][info ][gc,metaspace] GC(2) Metaspace: 12406K(12736K)->12406K(12736K) NonClass: 10801K(11008K)->10801K(11008K) Class: 1604K(1728K)->1604K(1728K)
[2025-01-01T12:57:57.837+0000][1.551s][info ][gc          ] GC(2) Pause Young (Normal) (G1 Evacuation Pause) 152M->17M(254M) 8.995ms
[2025-01-01T12:57:57.837+0000][1.551s][info ][gc,cpu      ] GC(2) User=0.06s Sys=0.00s Real=0.01s
[2025-01-01T12:57:57.838+0000][1.551s][info ][safepoint   ] Safepoint "G1CollectForAllocation", Time since last: 135447669 ns, Reaching safepoint: 290704 ns, Cleanup: 63561 ns, At safepoint: 9285267 ns, Total: 9639532 ns
[2025-01-01T12:57:58.147+0000][1.861s][info ][cds,heap    ] initialize_from_archived_subgraph java.lang.Byte$ByteCache 0x00007f69c303abf8
[2025-01-01T12:57:58.148+0000][1.861s][info ][cds,heap    ] initialize_from_archived_subgraph java.lang.Short$ShortCache 0x00007f69c30412e8
[2025-01-01T12:57:58.188+0000][1.902s][debug][safepoint   ] Safepoint synchronization initiated using futex wait barrier. (16 threads)
[2025-01-01T12:57:58.188+0000][1.902s][info ][gc,start    ] GC(3) Pause Young (Normal) (G1 Evacuation Pause)
[2025-01-01T12:57:58.188+0000][1.902s][info ][gc,task     ] GC(3) Using 6 workers of 10 for evacuation
[2025-01-01T12:57:58.191+0000][1.905s][info ][gc,phases   ] GC(3)   Pre Evacuate Collection Set: 0.1ms
[2025-01-01T12:57:58.192+0000][1.905s][info ][gc,phases   ] GC(3)   Merge Heap Roots: 0.1ms
[2025-01-01T12:57:58.192+0000][1.905s][info ][gc,phases   ] GC(3)   Evacuate Collection Set: 2.2ms
[2025-01-01T12:57:58.192+0000][1.906s][info ][gc,phases   ] GC(3)   Post Evacuate Collection Set: 0.5ms
[2025-01-01T12:57:58.192+0000][1.906s][info ][gc,phases   ] GC(3)   Other: 0.2ms
[2025-01-01T12:57:58.192+0000][1.906s][info ][gc,heap     ] GC(3) Eden regions: 71->0(71)
[2025-01-01T12:57:58.192+0000][1.906s][info ][gc,heap     ] GC(3) Survivor regions: 4->4(10)
[2025-01-01T12:57:58.192+0000][1.906s][info ][gc,heap     ] GC(3) Old regions: 5->5
[2025-01-01T12:57:58.192+0000][1.906s][info ][gc,heap     ] GC(3) Archive regions: 2->2
[2025-01-01T12:57:58.192+0000][1.906s][info ][gc,heap     ] GC(3) Humongous regions: 0->0
[2025-01-01T12:57:58.192+0000][1.906s][info ][gc,metaspace] GC(3) Metaspace: 17065K(17408K)->17065K(17408K) NonClass: 14751K(14976K)->14751K(14976K) Class: 2314K(2432K)->2314K(2432K)
[2025-01-01T12:57:58.192+0000][1.906s][info ][gc          ] GC(3) Pause Young (Normal) (G1 Evacuation Pause) 159M->17M(254M) 4.170ms
[2025-01-01T12:57:58.192+0000][1.906s][info ][gc,cpu      ] GC(3) User=0.02s Sys=0.00s Real=0.00s
[2025-01-01T12:57:58.193+0000][1.906s][info ][safepoint   ] Safepoint "G1CollectForAllocation", Time since last: 350331794 ns, Reaching safepoint: 263114 ns, Cleanup: 75624 ns, At safepoint: 4367146 ns, Total: 4705884 ns
[2025-01-01T12:57:58.389+0000][2.103s][debug][safepoint   ] Safepoint synchronization initiated using futex wait barrier. (16 threads)
[2025-01-01T12:57:58.389+0000][2.103s][info ][gc,start    ] GC(4) Pause Young (Concurrent Start) (Metadata GC Threshold)
[2025-01-01T12:57:58.389+0000][2.103s][info ][gc,task     ] GC(4) Using 6 workers of 10 for evacuation
[2025-01-01T12:57:58.394+0000][2.108s][info ][gc,phases   ] GC(4)   Pre Evacuate Collection Set: 0.5ms
[2025-01-01T12:57:58.394+0000][2.108s][info ][gc,phases   ] GC(4)   Merge Heap Roots: 0.1ms
[2025-01-01T12:57:58.395+0000][2.108s][info ][gc,phases   ] GC(4)   Evacuate Collection Set: 3.3ms
[2025-01-01T12:57:58.395+0000][2.109s][info ][gc,phases   ] GC(4)   Post Evacuate Collection Set: 0.6ms
[2025-01-01T12:57:58.395+0000][2.109s][info ][gc,phases   ] GC(4)   Other: 0.4ms
[2025-01-01T12:57:58.395+0000][2.109s][info ][gc,heap     ] GC(4) Eden regions: 42->0(70)
[2025-01-01T12:57:58.396+0000][2.110s][info ][gc,heap     ] GC(4) Survivor regions: 4->5(10)
[2025-01-01T12:57:58.396+0000][2.110s][info ][gc,heap     ] GC(4) Old regions: 5->5
[2025-01-01T12:57:58.397+0000][2.111s][info ][gc,heap     ] GC(4) Archive regions: 2->2
[2025-01-01T12:57:58.397+0000][2.111s][info ][gc,heap     ] GC(4) Humongous regions: 0->0
[2025-01-01T12:57:58.397+0000][2.111s][info ][gc,metaspace] GC(4) Metaspace: 21278K(21504K)->21278K(21504K) NonClass: 18496K(18624K)->18496K(18624K) Class: 2781K(2880K)->2781K(2880K)
[2025-01-01T12:57:58.397+0000][2.111s][info ][gc          ] GC(4) Pause Young (Concurrent Start) (Metadata GC Threshold) 100M->20M(254M) 8.175ms
[2025-01-01T12:57:58.398+0000][2.111s][info ][gc,cpu      ] GC(4) User=0.05s Sys=0.00s Real=0.01s
[2025-01-01T12:57:58.398+0000][2.112s][info ][gc          ] GC(5) Concurrent Mark Cycle
[2025-01-01T12:57:58.398+0000][2.112s][info ][gc,marking  ] GC(5) Concurrent Clear Claimed Marks
[2025-01-01T12:57:58.398+0000][2.112s][info ][gc,marking  ] GC(5) Concurrent Clear Claimed Marks 0.156ms
[2025-01-01T12:57:58.398+0000][2.112s][info ][gc,marking  ] GC(5) Concurrent Scan Root Regions
[2025-01-01T12:57:58.398+0000][2.112s][info ][safepoint   ] Safepoint "CollectForMetadataAllocation", Time since last: 196338094 ns, Reaching safepoint: 213884 ns, Cleanup: 65284 ns, At safepoint: 8693672 ns, Total: 8972840 ns
[2025-01-01T12:57:58.402+0000][2.116s][info ][gc,marking  ] GC(5) Concurrent Scan Root Regions 3.515ms
[2025-01-01T12:57:58.403+0000][2.116s][info ][gc,marking  ] GC(5) Concurrent Mark
[2025-01-01T12:57:58.403+0000][2.117s][info ][gc,marking  ] GC(5) Concurrent Mark From Roots
[2025-01-01T12:57:58.403+0000][2.117s][info ][gc,task     ] GC(5) Using 3 workers of 3 for marking
[2025-01-01T12:57:58.408+0000][2.122s][info ][gc,marking  ] GC(5) Concurrent Mark From Roots 5.417ms
[2025-01-01T12:57:58.409+0000][2.123s][info ][gc,marking  ] GC(5) Concurrent Preclean
[2025-01-01T12:57:58.409+0000][2.123s][info ][gc,marking  ] GC(5) Concurrent Preclean 0.351ms
[2025-01-01T12:57:58.410+0000][2.124s][debug][safepoint   ] Safepoint synchronization initiated using futex wait barrier. (16 threads)
[2025-01-01T12:57:58.411+0000][2.124s][info ][gc,start    ] GC(5) Pause Remark
[2025-01-01T12:57:58.413+0000][2.127s][info ][gc          ] GC(5) Pause Remark 24M->24M(94M) 2.130ms
[2025-01-01T12:57:58.413+0000][2.127s][info ][gc,cpu      ] GC(5) User=0.01s Sys=0.00s Real=0.00s
[2025-01-01T12:57:58.413+0000][2.127s][info ][safepoint   ] Safepoint "G1PauseRemark", Time since last: 11881835 ns, Reaching safepoint: 890366 ns, Cleanup: 2540 ns, At safepoint: 2581026 ns, Total: 3473932 ns
[2025-01-01T12:57:58.414+0000][2.127s][info ][gc,marking  ] GC(5) Concurrent Mark 11.054ms
[2025-01-01T12:57:58.414+0000][2.128s][info ][gc,marking  ] GC(5) Concurrent Rebuild Remembered Sets
[2025-01-01T12:57:58.416+0000][2.130s][info ][gc,marking  ] GC(5) Concurrent Rebuild Remembered Sets 2.786ms
[2025-01-01T12:57:58.417+0000][2.131s][debug][safepoint   ] Safepoint synchronization initiated using futex wait barrier. (16 threads)
[2025-01-01T12:57:58.418+0000][2.131s][info ][gc,start    ] GC(5) Pause Cleanup
[2025-01-01T12:57:58.418+0000][2.132s][info ][gc          ] GC(5) Pause Cleanup 24M->24M(94M) 0.325ms
[2025-01-01T12:57:58.418+0000][2.132s][info ][gc,cpu      ] GC(5) User=0.00s Sys=0.00s Real=0.00s
[2025-01-01T12:57:58.418+0000][2.132s][info ][safepoint   ] Safepoint "G1PauseCleanup", Time since last: 3480990 ns, Reaching safepoint: 827044 ns, Cleanup: 7196 ns, At safepoint: 723404 ns, Total: 1557644 ns
[2025-01-01T12:57:58.418+0000][2.132s][info ][gc,marking  ] GC(5) Concurrent Cleanup for Next Mark
[2025-01-01T12:57:58.420+0000][2.133s][info ][gc,marking  ] GC(5) Concurrent Cleanup for Next Mark 1.220ms
[2025-01-01T12:57:58.420+0000][2.134s][info ][gc          ] GC(5) Concurrent Mark Cycle 22.085ms
[2025-01-01T12:57:58.593+0000][2.307s][debug][safepoint   ] Safepoint synchronization initiated using futex wait barrier. (16 threads)
[2025-01-01T12:57:58.593+0000][2.307s][info ][gc,start    ] GC(6) Pause Young (Prepare Mixed) (G1 Preventive Collection)
[2025-01-01T12:57:58.593+0000][2.307s][info ][gc,task     ] GC(6) Using 5 workers of 10 for evacuation
[2025-01-01T12:57:58.599+0000][2.313s][info ][gc,phases   ] GC(6)   Pre Evacuate Collection Set: 0.1ms
[2025-01-01T12:57:58.599+0000][2.313s][info ][gc,phases   ] GC(6)   Merge Heap Roots: 0.1ms
[2025-01-01T12:57:58.599+0000][2.313s][info ][gc,phases   ] GC(6)   Evacuate Collection Set: 4.7ms
[2025-01-01T12:57:58.600+0000][2.313s][info ][gc,phases   ] GC(6)   Post Evacuate Collection Set: 0.7ms
[2025-01-01T12:57:58.600+0000][2.313s][info ][gc,phases   ] GC(6)   Other: 0.3ms
[2025-01-01T12:57:58.600+0000][2.314s][info ][gc,heap     ] GC(6) Eden regions: 27->0(1)
[2025-01-01T12:57:58.600+0000][2.314s][info ][gc,heap     ] GC(6) Survivor regions: 5->6(10)
[2025-01-01T12:57:58.600+0000][2.314s][info ][gc,heap     ] GC(6) Old regions: 5->5
[2025-01-01T12:57:58.600+0000][2.314s][info ][gc,heap     ] GC(6) Archive regions: 2->2
[2025-01-01T12:57:58.600+0000][2.314s][info ][gc,heap     ] GC(6) Humongous regions: 0->0
[2025-01-01T12:57:58.600+0000][2.314s][info ][gc,metaspace] GC(6) Metaspace: 23750K(24064K)->23750K(24064K) NonClass: 20651K(20800K)->20651K(20800K) Class: 3098K(3264K)->3098K(3264K)
[2025-01-01T12:57:58.600+0000][2.314s][info ][gc          ] GC(6) Pause Young (Prepare Mixed) (G1 Preventive Collection) 74M->22M(94M) 7.112ms
[2025-01-01T12:57:58.600+0000][2.314s][info ][gc,cpu      ] GC(6) User=0.04s Sys=0.00s Real=0.01s
[2025-01-01T12:57:58.601+0000][2.314s][info ][safepoint   ] Safepoint "G1CollectForAllocation", Time since last: 174541133 ns, Reaching safepoint: 309444 ns, Cleanup: 44091 ns, At safepoint: 7363695 ns, Total: 7717230 ns
[2025-01-01T12:57:58.610+0000][2.324s][debug][safepoint   ] Safepoint synchronization initiated using futex wait barrier. (16 threads)
[2025-01-01T12:57:58.611+0000][2.324s][info ][gc,start    ] GC(7) Pause Young (Mixed) (G1 Evacuation Pause)
[2025-01-01T12:57:58.611+0000][2.324s][info ][gc,task     ] GC(7) Using 4 workers of 10 for evacuation
[2025-01-01T12:57:58.617+0000][2.331s][info ][gc,phases   ] GC(7)   Pre Evacuate Collection Set: 0.1ms
[2025-01-01T12:57:58.617+0000][2.331s][info ][gc,phases   ] GC(7)   Merge Heap Roots: 0.0ms
[2025-01-01T12:57:58.618+0000][2.331s][info ][gc,phases   ] GC(7)   Evacuate Collection Set: 5.4ms
[2025-01-01T12:57:58.618+0000][2.331s][info ][gc,phases   ] GC(7)   Post Evacuate Collection Set: 0.9ms
[2025-01-01T12:57:58.618+0000][2.332s][info ][gc,phases   ] GC(7)   Other: 0.3ms
[2025-01-01T12:57:58.618+0000][2.332s][info ][gc,heap     ] GC(7) Eden regions: 1->0(32)
[2025-01-01T12:57:58.618+0000][2.332s][info ][gc,heap     ] GC(7) Survivor regions: 6->1(1)
[2025-01-01T12:57:58.618+0000][2.332s][info ][gc,heap     ] GC(7) Old regions: 5->10
[2025-01-01T12:57:58.618+0000][2.332s][info ][gc,heap     ] GC(7) Archive regions: 2->2
[2025-01-01T12:57:58.619+0000][2.332s][info ][gc,heap     ] GC(7) Humongous regions: 0->0
[2025-01-01T12:57:58.619+0000][2.332s][info ][gc,metaspace] GC(7) Metaspace: 24021K(24384K)->24021K(24384K) NonClass: 20887K(21056K)->20887K(21056K) Class: 3133K(3328K)->3133K(3328K)
[2025-01-01T12:57:58.619+0000][2.333s][info ][gc          ] GC(7) Pause Young (Mixed) (G1 Evacuation Pause) 24M->23M(114M) 8.274ms
[2025-01-01T12:57:58.619+0000][2.333s][info ][gc,cpu      ] GC(7) User=0.06s Sys=0.00s Real=0.01s
[2025-01-01T12:57:58.619+0000][2.333s][info ][safepoint   ] Safepoint "G1CollectForAllocation", Time since last: 9678924 ns, Reaching safepoint: 285629 ns, Cleanup: 9679 ns, At safepoint: 8616600 ns, Total: 8911908 ns
[2025-01-01T12:57:58.794+0000][2.507s][debug][safepoint   ] Safepoint synchronization initiated using futex wait barrier. (15 threads)
[2025-01-01T12:57:58.794+0000][2.508s][info ][gc,start    ] GC(8) Pause Young (Normal) (G1 Evacuation Pause)
[2025-01-01T12:57:58.794+0000][2.508s][info ][gc,task     ] GC(8) Using 3 workers of 10 for evacuation
[2025-01-01T12:57:58.798+0000][2.512s][info ][gc,phases   ] GC(8)   Pre Evacuate Collection Set: 0.1ms
[2025-01-01T12:57:58.798+0000][2.512s][info ][gc,phases   ] GC(8)   Merge Heap Roots: 0.0ms
[2025-01-01T12:57:58.798+0000][2.512s][info ][gc,phases   ] GC(8)   Evacuate Collection Set: 3.1ms
[2025-01-01T12:57:58.798+0000][2.512s][info ][gc,phases   ] GC(8)   Post Evacuate Collection Set: 0.5ms
[2025-01-01T12:57:58.799+0000][2.512s][info ][gc,phases   ] GC(8)   Other: 0.3ms
[2025-01-01T12:57:58.799+0000][2.512s][info ][gc,heap     ] GC(8) Eden regions: 32->0(30)
[2025-01-01T12:57:58.799+0000][2.513s][info ][gc,heap     ] GC(8) Survivor regions: 1->3(5)
[2025-01-01T12:57:58.799+0000][2.513s][info ][gc,heap     ] GC(8) Old regions: 10->10
[2025-01-01T12:57:58.799+0000][2.513s][info ][gc,heap     ] GC(8) Archive regions: 2->2
[2025-01-01T12:57:58.799+0000][2.513s][info ][gc,heap     ] GC(8) Humongous regions: 0->0
[2025-01-01T12:57:58.799+0000][2.513s][info ][gc,metaspace] GC(8) Metaspace: 24477K(24896K)->24477K(24896K) NonClass: 21295K(21504K)->21295K(21504K) Class: 3181K(3392K)->3181K(3392K)
[2025-01-01T12:57:58.799+0000][2.513s][info ][gc          ] GC(8) Pause Young (Normal) (G1 Evacuation Pause) 87M->27M(114M) 5.525ms
[2025-01-01T12:57:58.800+0000][2.513s][info ][gc,cpu      ] GC(8) User=0.01s Sys=0.00s Real=0.01s
[2025-01-01T12:57:58.800+0000][2.514s][info ][safepoint   ] Safepoint "G1CollectForAllocation", Time since last: 174471292 ns, Reaching safepoint: 209753 ns, Cleanup: 61875 ns, At safepoint: 5902737 ns, Total: 6174365 ns
[2025-01-01T12:57:58.875+0000][2.589s][debug][safepoint   ] Safepoint synchronization initiated using futex wait barrier. (15 threads)
[2025-01-01T12:57:58.875+0000][2.589s][info ][gc,start    ] GC(9) Pause Young (Normal) (G1 Evacuation Pause)
[2025-01-01T12:57:58.875+0000][2.589s][info ][gc,task     ] GC(9) Using 2 workers of 10 for evacuation
[2025-01-01T12:57:58.887+0000][2.601s][info ][gc,phases   ] GC(9)   Pre Evacuate Collection Set: 0.1ms
[2025-01-01T12:57:58.888+0000][2.602s][info ][gc,phases   ] GC(9)   Merge Heap Roots: 0.1ms
[2025-01-01T12:57:58.888+0000][2.602s][info ][gc,phases   ] GC(9)   Evacuate Collection Set: 11.1ms
[2025-01-01T12:57:58.888+0000][2.602s][info ][gc,phases   ] GC(9)   Post Evacuate Collection Set: 0.7ms
[2025-01-01T12:57:58.888+0000][2.602s][info ][gc,phases   ] GC(9)   Other: 0.3ms
[2025-01-01T12:57:58.888+0000][2.602s][info ][gc,heap     ] GC(9) Eden regions: 30->0(25)
[2025-01-01T12:57:58.888+0000][2.602s][info ][gc,heap     ] GC(9) Survivor regions: 3->4(5)
[2025-01-01T12:57:58.889+0000][2.602s][info ][gc,heap     ] GC(9) Old regions: 10->13
[2025-01-01T12:57:58.889+0000][2.602s][info ][gc,heap     ] GC(9) Archive regions: 2->2
[2025-01-01T12:57:58.889+0000][2.603s][info ][gc,heap     ] GC(9) Humongous regions: 0->0
[2025-01-01T12:57:58.889+0000][2.603s][info ][gc,metaspace] GC(9) Metaspace: 24493K(24896K)->24493K(24896K) NonClass: 21306K(21504K)->21306K(21504K) Class: 3186K(3392K)->3186K(3392K)
[2025-01-01T12:57:58.889+0000][2.603s][info ][gc          ] GC(9) Pause Young (Normal) (G1 Evacuation Pause) 87M->35M(114M) 13.917ms
[2025-01-01T12:57:58.889+0000][2.603s][info ][gc,cpu      ] GC(9) User=0.07s Sys=0.00s Real=0.02s
[2025-01-01T12:57:58.889+0000][2.603s][info ][safepoint   ] Safepoint "G1CollectForAllocation", Time since last: 75107562 ns, Reaching safepoint: 235156 ns, Cleanup: 20717 ns, At safepoint: 14237454 ns, Total: 14493327 ns
[2025-01-01T12:57:58.978+0000][2.692s][debug][safepoint   ] Safepoint synchronization initiated using futex wait barrier. (15 threads)
[2025-01-01T12:57:58.978+0000][2.692s][info ][gc,start    ] GC(10) Pause Young (Normal) (G1 Evacuation Pause)
[2025-01-01T12:57:58.978+0000][2.692s][info ][gc,task     ] GC(10) Using 2 workers of 10 for evacuation
[2025-01-01T12:57:58.988+0000][2.702s][info ][gc,phases   ] GC(10)   Pre Evacuate Collection Set: 0.1ms
[2025-01-01T12:57:58.989+0000][2.702s][info ][gc,phases   ] GC(10)   Merge Heap Roots: 0.1ms
[2025-01-01T12:57:58.989+0000][2.703s][info ][gc,phases   ] GC(10)   Evacuate Collection Set: 9.1ms
[2025-01-01T12:57:58.989+0000][2.703s][info ][gc,phases   ] GC(10)   Post Evacuate Collection Set: 0.7ms
[2025-01-01T12:57:58.989+0000][2.703s][info ][gc,phases   ] GC(10)   Other: 0.3ms
[2025-01-01T12:57:58.989+0000][2.703s][info ][gc,heap     ] GC(10) Eden regions: 25->0(23)
[2025-01-01T12:57:58.989+0000][2.703s][info ][gc,heap     ] GC(10) Survivor regions: 4->3(4)
[2025-01-01T12:57:58.989+0000][2.703s][info ][gc,heap     ] GC(10) Old regions: 13->17
[2025-01-01T12:57:58.989+0000][2.703s][info ][gc,heap     ] GC(10) Archive regions: 2->2
[2025-01-01T12:57:58.989+0000][2.703s][info ][gc,heap     ] GC(10) Humongous regions: 0->0
[2025-01-01T12:57:58.989+0000][2.703s][info ][gc,metaspace] GC(10) Metaspace: 24624K(24960K)->24624K(24960K) NonClass: 21412K(21568K)->21412K(21568K) Class: 3211K(3392K)->3211K(3392K)
[2025-01-01T12:57:58.990+0000][2.703s][info ][gc          ] GC(10) Pause Young (Normal) (G1 Evacuation Pause) 85M->41M(114M) 11.342ms
[2025-01-01T12:57:58.990+0000][2.703s][info ][gc,cpu      ] GC(10) User=0.05s Sys=0.00s Real=0.01s
[2025-01-01T12:57:58.990+0000][2.704s][info ][safepoint   ] Safepoint "G1CollectForAllocation", Time since last: 88601532 ns, Reaching safepoint: 194661 ns, Cleanup: 22211 ns, At safepoint: 11565422 ns, Total: 11782294 ns
[2025-01-01T12:57:59.072+0000][2.786s][debug][safepoint   ] Safepoint synchronization initiated using futex wait barrier. (15 threads)
[2025-01-01T12:57:59.072+0000][2.786s][info ][gc,start    ] GC(11) Pause Young (Normal) (G1 Evacuation Pause)
[2025-01-01T12:57:59.072+0000][2.786s][info ][gc,task     ] GC(11) Using 2 workers of 10 for evacuation
[2025-01-01T12:57:59.080+0000][2.794s][info ][gc,phases   ] GC(11)   Pre Evacuate Collection Set: 0.1ms
[2025-01-01T12:57:59.080+0000][2.794s][info ][gc,phases   ] GC(11)   Merge Heap Roots: 0.1ms
[2025-01-01T12:57:59.080+0000][2.794s][info ][gc,phases   ] GC(11)   Evacuate Collection Set: 6.6ms
[2025-01-01T12:57:59.081+0000][2.794s][info ][gc,phases   ] GC(11)   Post Evacuate Collection Set: 0.8ms
[2025-01-01T12:57:59.081+0000][2.794s][info ][gc,phases   ] GC(11)   Other: 0.3ms
[2025-01-01T12:57:59.081+0000][2.795s][info ][gc,heap     ] GC(11) Eden regions: 23->0(69)
[2025-01-01T12:57:59.081+0000][2.795s][info ][gc,heap     ] GC(11) Survivor regions: 3->3(4)
[2025-01-01T12:57:59.081+0000][2.795s][info ][gc,heap     ] GC(11) Old regions: 17->20
[2025-01-01T12:57:59.081+0000][2.795s][info ][gc,heap     ] GC(11) Archive regions: 2->2
[2025-01-01T12:57:59.081+0000][2.795s][info ][gc,heap     ] GC(11) Humongous regions: 0->0
[2025-01-01T12:57:59.081+0000][2.795s][info ][gc,metaspace] GC(11) Metaspace: 24750K(25088K)->24750K(25088K) NonClass: 21520K(21696K)->21520K(21696K) Class: 3230K(3392K)->3230K(3392K)
[2025-01-01T12:57:59.081+0000][2.795s][info ][gc          ] GC(11) Pause Young (Normal) (G1 Evacuation Pause) 87M->46M(248M) 9.223ms
[2025-01-01T12:57:59.082+0000][2.795s][info ][gc,cpu      ] GC(11) User=0.04s Sys=0.00s Real=0.01s
[2025-01-01T12:57:59.082+0000][2.796s][info ][safepoint   ] Safepoint "G1CollectForAllocation", Time since last: 82224357 ns, Reaching safepoint: 216115 ns, Cleanup: 9057 ns, At safepoint: 9490377 ns, Total: 9715549 ns
[2025-01-01T12:57:59.181+0000][2.895s][debug][safepoint   ] Safepoint synchronization initiated using futex wait barrier. (15 threads)
[2025-01-01T12:57:59.181+0000][2.895s][info ][safepoint   ] Safepoint "ICBufferFull", Time since last: 99005161 ns, Reaching safepoint: 217652 ns, Cleanup: 115490 ns, At safepoint: 12842 ns, Total: 345984 ns
[2025-01-01T12:57:59.421+0000][3.135s][debug][safepoint   ] Safepoint synchronization initiated using futex wait barrier. (15 threads)
[2025-01-01T12:57:59.421+0000][3.135s][info ][gc,start    ] GC(12) Pause Young (Normal) (G1 Evacuation Pause)
[2025-01-01T12:57:59.422+0000][3.135s][info ][gc,task     ] GC(12) Using 5 workers of 10 for evacuation
[2025-01-01T12:57:59.429+0000][3.143s][info ][gc,phases   ] GC(12)   Pre Evacuate Collection Set: 0.1ms
[2025-01-01T12:57:59.429+0000][3.143s][info ][gc,phases   ] GC(12)   Merge Heap Roots: 0.1ms
[2025-01-01T12:57:59.430+0000][3.143s][info ][gc,phases   ] GC(12)   Evacuate Collection Set: 6.5ms
[2025-01-01T12:57:59.430+0000][3.144s][info ][gc,phases   ] GC(12)   Post Evacuate Collection Set: 0.7ms
[2025-01-01T12:57:59.430+0000][3.144s][info ][gc,phases   ] GC(12)   Other: 0.4ms
[2025-01-01T12:57:59.430+0000][3.144s][info ][gc,heap     ] GC(12) Eden regions: 69->0(68)
[2025-01-01T12:57:59.430+0000][3.144s][info ][gc,heap     ] GC(12) Survivor regions: 3->6(9)
[2025-01-01T12:57:59.430+0000][3.144s][info ][gc,heap     ] GC(12) Old regions: 20->20
[2025-01-01T12:57:59.430+0000][3.144s][info ][gc,heap     ] GC(12) Archive regions: 2->2
[2025-01-01T12:57:59.430+0000][3.144s][info ][gc,heap     ] GC(12) Humongous regions: 0->0
[2025-01-01T12:57:59.431+0000][3.144s][info ][gc,metaspace] GC(12) Metaspace: 25169K(25536K)->25169K(25536K) NonClass: 21910K(22080K)->21910K(22080K) Class: 3258K(3456K)->3258K(3456K)
[2025-01-01T12:57:59.431+0000][3.144s][info ][gc          ] GC(12) Pause Young (Normal) (G1 Evacuation Pause) 184M->52M(248M) 9.217ms
[2025-01-01T12:57:59.431+0000][3.145s][info ][gc,cpu      ] GC(12) User=0.05s Sys=0.01s Real=0.01s
[2025-01-01T12:57:59.431+0000][3.145s][info ][safepoint   ] Safepoint "G1CollectForAllocation", Time since last: 240058983 ns, Reaching safepoint: 225855 ns, Cleanup: 103252 ns, At safepoint: 9505623 ns, Total: 9834730 ns
[2025-01-01T12:57:59.687+0000][3.401s][debug][safepoint   ] Safepoint synchronization initiated using futex wait barrier. (16 threads)
[2025-01-01T12:57:59.687+0000][3.401s][info ][gc,start    ] GC(13) Pause Young (Normal) (G1 Evacuation Pause)
[2025-01-01T12:57:59.688+0000][3.401s][info ][gc,task     ] GC(13) Using 5 workers of 10 for evacuation
[2025-01-01T12:57:59.692+0000][3.406s][info ][gc,phases   ] GC(13)   Pre Evacuate Collection Set: 0.1ms
[2025-01-01T12:57:59.692+0000][3.406s][info ][gc,phases   ] GC(13)   Merge Heap Roots: 0.1ms
[2025-01-01T12:57:59.692+0000][3.406s][info ][gc,phases   ] GC(13)   Evacuate Collection Set: 3.7ms
[2025-01-01T12:57:59.692+0000][3.406s][info ][gc,phases   ] GC(13)   Post Evacuate Collection Set: 0.5ms
[2025-01-01T12:57:59.692+0000][3.406s][info ][gc,phases   ] GC(13)   Other: 0.2ms
[2025-01-01T12:57:59.692+0000][3.406s][info ][gc,heap     ] GC(13) Eden regions: 68->0(68)
[2025-01-01T12:57:59.693+0000][3.406s][info ][gc,heap     ] GC(13) Survivor regions: 6->6(10)
[2025-01-01T12:57:59.693+0000][3.406s][info ][gc,heap     ] GC(13) Old regions: 20->22
[2025-01-01T12:57:59.693+0000][3.406s][info ][gc,heap     ] GC(13) Archive regions: 2->2
[2025-01-01T12:57:59.693+0000][3.407s][info ][gc,heap     ] GC(13) Humongous regions: 0->0
[2025-01-01T12:57:59.693+0000][3.407s][info ][gc,metaspace] GC(13) Metaspace: 26590K(26944K)->26590K(26944K) NonClass: 23220K(23424K)->23220K(23424K) Class: 3370K(3520K)->3370K(3520K)
[2025-01-01T12:57:59.693+0000][3.407s][info ][gc          ] GC(13) Pause Young (Normal) (G1 Evacuation Pause) 188M->56M(248M) 5.464ms
[2025-01-01T12:57:59.693+0000][3.407s][info ][gc,cpu      ] GC(13) User=0.02s Sys=0.00s Real=0.00s
[2025-01-01T12:57:59.693+0000][3.407s][info ][safepoint   ] Safepoint "G1CollectForAllocation", Time since last: 256201694 ns, Reaching safepoint: 187209 ns, Cleanup: 55330 ns, At safepoint: 5661441 ns, Total: 5903980 ns
[2025-01-01T12:57:59.997+0000][3.710s][debug][safepoint   ] Safepoint synchronization initiated using futex wait barrier. (15 threads)
[2025-01-01T12:57:59.997+0000][3.711s][info ][gc,start    ] GC(14) Pause Young (Normal) (G1 Evacuation Pause)
[2025-01-01T12:57:59.997+0000][3.711s][info ][gc,task     ] GC(14) Using 5 workers of 10 for evacuation
[2025-01-01T12:58:00.001+0000][3.715s][info ][gc,phases   ] GC(14)   Pre Evacuate Collection Set: 0.1ms
[2025-01-01T12:58:00.002+0000][3.715s][info ][gc,phases   ] GC(14)   Merge Heap Roots: 0.1ms
[2025-01-01T12:58:00.002+0000][3.715s][info ][gc,phases   ] GC(14)   Evacuate Collection Set: 3.5ms
[2025-01-01T12:58:00.002+0000][3.716s][info ][gc,phases   ] GC(14)   Post Evacuate Collection Set: 0.6ms
[2025-01-01T12:58:00.002+0000][3.716s][info ][gc,phases   ] GC(14)   Other: 0.3ms
[2025-01-01T12:58:00.002+0000][3.716s][info ][gc,heap     ] GC(14) Eden regions: 68->0(67)
[2025-01-01T12:58:00.002+0000][3.716s][info ][gc,heap     ] GC(14) Survivor regions: 6->7(10)
[2025-01-01T12:58:00.002+0000][3.716s][info ][gc,heap     ] GC(14) Old regions: 22->22
[2025-01-01T12:58:00.002+0000][3.716s][info ][gc,heap     ] GC(14) Archive regions: 2->2
[2025-01-01T12:58:00.002+0000][3.716s][info ][gc,heap     ] GC(14) Humongous regions: 0->0
[2025-01-01T12:58:00.002+0000][3.716s][info ][gc,metaspace] GC(14) Metaspace: 30121K(30464K)->30121K(30464K) NonClass: 26347K(26496K)->26347K(26496K) Class: 3773K(3968K)->3773K(3968K)
[2025-01-01T12:58:00.002+0000][3.716s][info ][gc          ] GC(14) Pause Young (Normal) (G1 Evacuation Pause) 192M->58M(248M) 5.489ms
[2025-01-01T12:58:00.002+0000][3.716s][info ][gc,cpu      ] GC(14) User=0.02s Sys=0.00s Real=0.00s
[2025-01-01T12:58:00.003+0000][3.716s][info ][safepoint   ] Safepoint "G1CollectForAllocation", Time since last: 303451215 ns, Reaching safepoint: 232090 ns, Cleanup: 65018 ns, At safepoint: 5720113 ns, Total: 6017221 ns
[2025-01-01T12:58:00.279+0000][3.993s][debug][safepoint   ] Safepoint synchronization initiated using futex wait barrier. (15 threads)
[2025-01-01T12:58:00.279+0000][3.993s][info ][safepoint   ] Safepoint "ICBufferFull", Time since last: 276333135 ns, Reaching safepoint: 180435 ns, Cleanup: 90199 ns, At safepoint: 1796 ns, Total: 272430 ns
[2025-01-01T12:58:00.300+0000][4.013s][debug][safepoint   ] Safepoint synchronization initiated using futex wait barrier. (15 threads)
[2025-01-01T12:58:00.300+0000][4.014s][info ][gc,start    ] GC(15) Pause Young (Normal) (G1 Evacuation Pause)
[2025-01-01T12:58:00.300+0000][4.014s][info ][gc,task     ] GC(15) Using 5 workers of 10 for evacuation
[2025-01-01T12:58:00.305+0000][4.019s][info ][gc,phases   ] GC(15)   Pre Evacuate Collection Set: 0.1ms
[2025-01-01T12:58:00.305+0000][4.019s][info ][gc,phases   ] GC(15)   Merge Heap Roots: 0.1ms
[2025-01-01T12:58:00.305+0000][4.019s][info ][gc,phases   ] GC(15)   Evacuate Collection Set: 3.8ms
[2025-01-01T12:58:00.305+0000][4.019s][info ][gc,phases   ] GC(15)   Post Evacuate Collection Set: 0.9ms
[2025-01-01T12:58:00.305+0000][4.019s][info ][gc,phases   ] GC(15)   Other: 0.2ms
[2025-01-01T12:58:00.305+0000][4.019s][info ][gc,heap     ] GC(15) Eden regions: 67->0(93)
[2025-01-01T12:58:00.305+0000][4.019s][info ][gc,heap     ] GC(15) Survivor regions: 7->4(10)
[2025-01-01T12:58:00.306+0000][4.019s][info ][gc,heap     ] GC(15) Old regions: 22->25
[2025-01-01T12:58:00.306+0000][4.019s][info ][gc,heap     ] GC(15) Archive regions: 2->2
[2025-01-01T12:58:00.306+0000][4.019s][info ][gc,heap     ] GC(15) Humongous regions: 0->0
[2025-01-01T12:58:00.306+0000][4.020s][info ][gc,metaspace] GC(15) Metaspace: 34194K(34560K)->34194K(34560K) NonClass: 29961K(30144K)->29961K(30144K) Class: 4232K(4416K)->4232K(4416K)
[2025-01-01T12:58:00.306+0000][4.020s][info ][gc          ] GC(15) Pause Young (Normal) (G1 Evacuation Pause) 192M->57M(326M) 6.069ms
[2025-01-01T12:58:00.306+0000][4.020s][info ][gc,cpu      ] GC(15) User=0.03s Sys=0.00s Real=0.00s
[2025-01-01T12:58:00.306+0000][4.020s][info ][safepoint   ] Safepoint "G1CollectForAllocation", Time since last: 20402337 ns, Reaching safepoint: 180522 ns, Cleanup: 13832 ns, At safepoint: 6245466 ns, Total: 6439820 ns
[2025-01-01T12:58:00.498+0000][4.211s][debug][safepoint   ] Safepoint synchronization initiated using futex wait barrier. (15 threads)
[2025-01-01T12:58:00.498+0000][4.212s][info ][safepoint   ] Safepoint "ICBufferFull", Time since last: 191563835 ns, Reaching safepoint: 176023 ns, Cleanup: 94159 ns, At safepoint: 1906 ns, Total: 272088 ns
[2025-01-01T12:58:00.571+0000][4.285s][debug][safepoint   ] Safepoint synchronization initiated using futex wait barrier. (15 threads)
[2025-01-01T12:58:00.572+0000][4.285s][info ][gc,start    ] GC(16) Pause Young (Concurrent Start) (Metadata GC Threshold)
[2025-01-01T12:58:00.572+0000][4.286s][info ][gc,task     ] GC(16) Using 7 workers of 10 for evacuation
[2025-01-01T12:58:00.575+0000][4.289s][info ][gc,phases   ] GC(16)   Pre Evacuate Collection Set: 0.1ms
[2025-01-01T12:58:00.575+0000][4.289s][info ][gc,phases   ] GC(16)   Merge Heap Roots: 0.1ms
[2025-01-01T12:58:00.575+0000][4.289s][info ][gc,phases   ] GC(16)   Evacuate Collection Set: 2.1ms
[2025-01-01T12:58:00.575+0000][4.289s][info ][gc,phases   ] GC(16)   Post Evacuate Collection Set: 0.5ms
[2025-01-01T12:58:00.575+0000][4.289s][info ][gc,phases   ] GC(16)   Other: 0.3ms
[2025-01-01T12:58:00.575+0000][4.289s][info ][gc,heap     ] GC(16) Eden regions: 62->0(93)
[2025-01-01T12:58:00.575+0000][4.289s][info ][gc,heap     ] GC(16) Survivor regions: 4->4(13)
[2025-01-01T12:58:00.575+0000][4.289s][info ][gc,heap     ] GC(16) Old regions: 25->25
[2025-01-01T12:58:00.575+0000][4.289s][info ][gc,heap     ] GC(16) Archive regions: 2->2
[2025-01-01T12:58:00.575+0000][4.289s][info ][gc,heap     ] GC(16) Humongous regions: 0->0
[2025-01-01T12:58:00.575+0000][4.289s][info ][gc,metaspace] GC(16) Metaspace: 35822K(36160K)->35822K(36160K) NonClass: 31378K(31552K)->31378K(31552K) Class: 4444K(4608K)->4444K(4608K)
[2025-01-01T12:58:00.576+0000][4.289s][info ][gc          ] GC(16) Pause Young (Concurrent Start) (Metadata GC Threshold) 181M->58M(326M) 3.940ms
[2025-01-01T12:58:00.576+0000][4.289s][info ][gc,cpu      ] GC(16) User=0.04s Sys=0.01s Real=0.00s
[2025-01-01T12:58:00.576+0000][4.290s][info ][gc          ] GC(17) Concurrent Mark Cycle
[2025-01-01T12:58:00.576+0000][4.290s][info ][gc,marking  ] GC(17) Concurrent Clear Claimed Marks
[2025-01-01T12:58:00.576+0000][4.290s][info ][safepoint   ] Safepoint "CollectForMetadataAllocation", Time since last: 73559022 ns, Reaching safepoint: 169332 ns, Cleanup: 73773 ns, At safepoint: 4168528 ns, Total: 4411633 ns
[2025-01-01T12:58:00.576+0000][4.290s][info ][gc,marking  ] GC(17) Concurrent Clear Claimed Marks 0.130ms
[2025-01-01T12:58:00.576+0000][4.290s][info ][gc,marking  ] GC(17) Concurrent Scan Root Regions
[2025-01-01T12:58:00.578+0000][4.292s][info ][gc,marking  ] GC(17) Concurrent Scan Root Regions 1.537ms
[2025-01-01T12:58:00.578+0000][4.292s][info ][gc,marking  ] GC(17) Concurrent Mark
[2025-01-01T12:58:00.578+0000][4.292s][info ][gc,marking  ] GC(17) Concurrent Mark From Roots
[2025-01-01T12:58:00.578+0000][4.292s][info ][gc,task     ] GC(17) Using 3 workers of 3 for marking
[2025-01-01T12:58:00.598+0000][4.312s][info ][gc,marking  ] GC(17) Concurrent Mark From Roots 19.843ms
[2025-01-01T12:58:00.598+0000][4.312s][info ][gc,marking  ] GC(17) Concurrent Preclean
[2025-01-01T12:58:00.598+0000][4.312s][info ][gc,marking  ] GC(17) Concurrent Preclean 0.287ms
[2025-01-01T12:58:00.599+0000][4.312s][debug][safepoint   ] Safepoint synchronization initiated using futex wait barrier. (15 threads)
[2025-01-01T12:58:00.599+0000][4.313s][info ][gc,start    ] GC(17) Pause Remark
[2025-01-01T12:58:00.601+0000][4.315s][info ][gc          ] GC(17) Pause Remark 63M->63M(228M) 2.062ms
[2025-01-01T12:58:00.601+0000][4.315s][info ][gc,cpu      ] GC(17) User=0.02s Sys=0.00s Real=0.00s
[2025-01-01T12:58:00.601+0000][4.315s][info ][safepoint   ] Safepoint "G1PauseRemark", Time since last: 22719235 ns, Reaching safepoint: 182634 ns, Cleanup: 13604 ns, At safepoint: 2312462 ns, Total: 2508700 ns
[2025-01-01T12:58:00.601+0000][4.315s][info ][gc,marking  ] GC(17) Concurrent Mark 23.244ms
[2025-01-01T12:58:00.601+0000][4.315s][info ][gc,marking  ] GC(17) Concurrent Rebuild Remembered Sets
[2025-01-01T12:58:00.609+0000][4.323s][info ][gc,marking  ] GC(17) Concurrent Rebuild Remembered Sets 8.080ms
[2025-01-01T12:58:00.610+0000][4.323s][debug][safepoint   ] Safepoint synchronization initiated using futex wait barrier. (15 threads)
[2025-01-01T12:58:00.610+0000][4.324s][info ][gc,start    ] GC(17) Pause Cleanup
[2025-01-01T12:58:00.610+0000][4.324s][info ][gc          ] GC(17) Pause Cleanup 66M->66M(228M) 0.189ms
[2025-01-01T12:58:00.610+0000][4.324s][info ][gc,cpu      ] GC(17) User=0.00s Sys=0.00s Real=0.00s
[2025-01-01T12:58:00.610+0000][4.324s][info ][safepoint   ] Safepoint "G1PauseCleanup", Time since last: 8598983 ns, Reaching safepoint: 272920 ns, Cleanup: 2126 ns, At safepoint: 399911 ns, Total: 674957 ns
[2025-01-01T12:58:00.610+0000][4.324s][info ][gc,marking  ] GC(17) Concurrent Cleanup for Next Mark
[2025-01-01T12:58:00.611+0000][4.325s][info ][gc,marking  ] GC(17) Concurrent Cleanup for Next Mark 0.697ms
[2025-01-01T12:58:00.611+0000][4.325s][info ][gc          ] GC(17) Concurrent Mark Cycle 35.476ms
[2025-01-01T12:58:00.885+0000][4.599s][debug][safepoint   ] Safepoint synchronization initiated using futex wait barrier. (15 threads)
[2025-01-01T12:58:00.885+0000][4.599s][info ][gc,start    ] GC(18) Pause Young (Prepare Mixed) (G1 Evacuation Pause)
[2025-01-01T12:58:00.885+0000][4.599s][info ][gc,task     ] GC(18) Using 6 workers of 10 for evacuation
[2025-01-01T12:58:00.889+0000][4.602s][info ][gc,phases   ] GC(18)   Pre Evacuate Collection Set: 0.1ms
[2025-01-01T12:58:00.889+0000][4.602s][info ][gc,phases   ] GC(18)   Merge Heap Roots: 0.1ms
[2025-01-01T12:58:00.889+0000][4.603s][info ][gc,phases   ] GC(18)   Evacuate Collection Set: 2.4ms
[2025-01-01T12:58:00.889+0000][4.603s][info ][gc,phases   ] GC(18)   Post Evacuate Collection Set: 0.5ms
[2025-01-01T12:58:00.889+0000][4.603s][info ][gc,phases   ] GC(18)   Other: 0.3ms
[2025-01-01T12:58:00.889+0000][4.603s][info ][gc,heap     ] GC(18) Eden regions: 64->0(1)
[2025-01-01T12:58:00.889+0000][4.603s][info ][gc,heap     ] GC(18) Survivor regions: 4->4(9)
[2025-01-01T12:58:00.889+0000][4.603s][info ][gc,heap     ] GC(18) Old regions: 25->25
[2025-01-01T12:58:00.889+0000][4.603s][info ][gc,heap     ] GC(18) Archive regions: 2->2
[2025-01-01T12:58:00.889+0000][4.603s][info ][gc,heap     ] GC(18) Humongous regions: 0->0
[2025-01-01T12:58:00.889+0000][4.603s][info ][gc,metaspace] GC(18) Metaspace: 38818K(39168K)->38818K(39168K) NonClass: 33923K(34112K)->33923K(34112K) Class: 4894K(5056K)->4894K(5056K)
[2025-01-01T12:58:00.890+0000][4.603s][info ][gc          ] GC(18) Pause Young (Prepare Mixed) (G1 Evacuation Pause) 186M->58M(228M) 4.402ms
[2025-01-01T12:58:00.890+0000][4.603s][info ][gc,cpu      ] GC(18) User=0.03s Sys=0.00s Real=0.01s
[2025-01-01T12:58:00.890+0000][4.604s][info ][safepoint   ] Safepoint "G1CollectForAllocation", Time since last: 274621258 ns, Reaching safepoint: 192508 ns, Cleanup: 52203 ns, At safepoint: 4592492 ns, Total: 4837203 ns
[2025-01-01T12:58:00.897+0000][4.611s][debug][safepoint   ] Safepoint synchronization initiated using futex wait barrier. (15 threads)
[2025-01-01T12:58:00.897+0000][4.611s][info ][gc,start    ] GC(19) Pause Young (Mixed) (G1 Evacuation Pause)
[2025-01-01T12:58:00.898+0000][4.611s][info ][gc,task     ] GC(19) Using 5 workers of 10 for evacuation
[2025-01-01T12:58:00.901+0000][4.615s][info ][gc,phases   ] GC(19)   Pre Evacuate Collection Set: 0.1ms
[2025-01-01T12:58:00.901+0000][4.615s][info ][gc,phases   ] GC(19)   Merge Heap Roots: 0.1ms
[2025-01-01T12:58:00.901+0000][4.615s][info ][gc,phases   ] GC(19)   Evacuate Collection Set: 2.8ms
[2025-01-01T12:58:00.901+0000][4.615s][info ][gc,phases   ] GC(19)   Post Evacuate Collection Set: 0.4ms
[2025-01-01T12:58:00.902+0000][4.615s][info ][gc,phases   ] GC(19)   Other: 0.3ms
[2025-01-01T12:58:00.902+0000][4.615s][info ][gc,heap     ] GC(19) Eden regions: 1->0(64)
[2025-01-01T12:58:00.902+0000][4.615s][info ][gc,heap     ] GC(19) Survivor regions: 4->1(1)
[2025-01-01T12:58:00.902+0000][4.616s][info ][gc,heap     ] GC(19) Old regions: 25->28
[2025-01-01T12:58:00.902+0000][4.616s][info ][gc,heap     ] GC(19) Archive regions: 2->2
[2025-01-01T12:58:00.902+0000][4.616s][info ][gc,heap     ] GC(19) Humongous regions: 0->0
[2025-01-01T12:58:00.902+0000][4.616s][info ][gc,metaspace] GC(19) Metaspace: 38872K(39296K)->38872K(39296K) NonClass: 33972K(34176K)->33972K(34176K) Class: 4900K(5120K)->4900K(5120K)
[2025-01-01T12:58:00.902+0000][4.616s][info ][gc          ] GC(19) Pause Young (Mixed) (G1 Evacuation Pause) 60M->59M(228M) 4.759ms
[2025-01-01T12:58:00.902+0000][4.616s][info ][gc,cpu      ] GC(19) User=0.02s Sys=0.00s Real=0.00s
[2025-01-01T12:58:00.902+0000][4.616s][info ][safepoint   ] Safepoint "G1CollectForAllocation", Time since last: 7439954 ns, Reaching safepoint: 153778 ns, Cleanup: 20772 ns, At safepoint: 4960116 ns, Total: 5134666 ns
[2025-01-01T12:58:01.242+0000][4.956s][debug][safepoint   ] Safepoint synchronization initiated using futex wait barrier. (15 threads)
[2025-01-01T12:58:01.243+0000][4.957s][info ][gc,start    ] GC(20) Pause Young (Normal) (G1 Evacuation Pause)
[2025-01-01T12:58:01.243+0000][4.957s][info ][gc,task     ] GC(20) Using 5 workers of 10 for evacuation
[2025-01-01T12:58:01.245+0000][4.959s][info ][gc,phases   ] GC(20)   Pre Evacuate Collection Set: 0.1ms
[2025-01-01T12:58:01.245+0000][4.959s][info ][gc,phases   ] GC(20)   Merge Heap Roots: 0.1ms
[2025-01-01T12:58:01.246+0000][4.959s][info ][gc,phases   ] GC(20)   Evacuate Collection Set: 1.5ms
[2025-01-01T12:58:01.246+0000][4.959s][info ][gc,phases   ] GC(20)   Post Evacuate Collection Set: 0.5ms
[2025-01-01T12:58:01.246+0000][4.960s][info ][gc,phases   ] GC(20)   Other: 0.3ms
[2025-01-01T12:58:01.246+0000][4.960s][info ][gc,heap     ] GC(20) Eden regions: 64->0(64)
[2025-01-01T12:58:01.246+0000][4.960s][info ][gc,heap     ] GC(20) Survivor regions: 1->2(9)
[2025-01-01T12:58:01.246+0000][4.960s][info ][gc,heap     ] GC(20) Old regions: 28->28
[2025-01-01T12:58:01.246+0000][4.960s][info ][gc,heap     ] GC(20) Archive regions: 2->2
[2025-01-01T12:58:01.246+0000][4.960s][info ][gc,heap     ] GC(20) Humongous regions: 0->0
[2025-01-01T12:58:01.246+0000][4.960s][info ][gc,metaspace] GC(20) Metaspace: 41650K(41984K)->41650K(41984K) NonClass: 36389K(36544K)->36389K(36544K) Class: 5261K(5440K)->5261K(5440K)
[2025-01-01T12:58:01.247+0000][4.960s][info ][gc          ] GC(20) Pause Young (Normal) (G1 Evacuation Pause) 187M->59M(228M) 3.829ms
[2025-01-01T12:58:01.247+0000][4.961s][info ][gc,cpu      ] GC(20) User=0.05s Sys=0.00s Real=0.01s
[2025-01-01T12:58:01.247+0000][4.961s][info ][safepoint   ] Safepoint "G1CollectForAllocation", Time since last: 340136198 ns, Reaching safepoint: 210043 ns, Cleanup: 104912 ns, At safepoint: 4112827 ns, Total: 4427782 ns
[2025-01-01T12:58:01.501+0000][5.215s][debug][safepoint   ] Safepoint synchronization initiated using futex wait barrier. (15 threads)
[2025-01-01T12:58:01.501+0000][5.215s][info ][safepoint   ] Safepoint "ICBufferFull", Time since last: 254137934 ns, Reaching safepoint: 271316 ns, Cleanup: 107909 ns, At safepoint: 24182 ns, Total: 403407 ns
[2025-01-01T12:58:01.622+0000][5.336s][debug][safepoint   ] Safepoint synchronization initiated using futex wait barrier. (15 threads)
[2025-01-01T12:58:01.623+0000][5.337s][info ][gc,start    ] GC(21) Pause Young (Normal) (G1 Evacuation Pause)
[2025-01-01T12:58:01.623+0000][5.337s][info ][gc,task     ] GC(21) Using 5 workers of 10 for evacuation
[2025-01-01T12:58:01.625+0000][5.339s][info ][gc,phases   ] GC(21)   Pre Evacuate Collection Set: 0.1ms
[2025-01-01T12:58:01.625+0000][5.339s][info ][gc,phases   ] GC(21)   Merge Heap Roots: 0.1ms
[2025-01-01T12:58:01.626+0000][5.339s][info ][gc,phases   ] GC(21)   Evacuate Collection Set: 1.7ms
[2025-01-01T12:58:01.626+0000][5.339s][info ][gc,phases   ] GC(21)   Post Evacuate Collection Set: 0.5ms
[2025-01-01T12:58:01.626+0000][5.340s][info ][gc,phases   ] GC(21)   Other: 0.3ms
[2025-01-01T12:58:01.626+0000][5.340s][info ][gc,heap     ] GC(21) Eden regions: 64->0(65)
[2025-01-01T12:58:01.626+0000][5.340s][info ][gc,heap     ] GC(21) Survivor regions: 2->2(9)
[2025-01-01T12:58:01.626+0000][5.340s][info ][gc,heap     ] GC(21) Old regions: 28->28
[2025-01-01T12:58:01.626+0000][5.340s][info ][gc,heap     ] GC(21) Archive regions: 2->2
[2025-01-01T12:58:01.626+0000][5.340s][info ][gc,heap     ] GC(21) Humongous regions: 0->0
[2025-01-01T12:58:01.626+0000][5.340s][info ][gc,metaspace] GC(21) Metaspace: 44709K(45120K)->44709K(45120K) NonClass: 39015K(39232K)->39015K(39232K) Class: 5693K(5888K)->5693K(5888K)
[2025-01-01T12:58:01.626+0000][5.340s][info ][gc          ] GC(21) Pause Young (Normal) (G1 Evacuation Pause) 187M->61M(228M) 3.611ms
[2025-01-01T12:58:01.626+0000][5.340s][info ][gc,cpu      ] GC(21) User=0.01s Sys=0.00s Real=0.00s
[2025-01-01T12:58:01.626+0000][5.340s][info ][safepoint   ] Safepoint "G1CollectForAllocation", Time since last: 120942393 ns, Reaching safepoint: 263823 ns, Cleanup: 52790 ns, At safepoint: 3790837 ns, Total: 4107450 ns
[2025-01-01T12:58:02.063+0000][5.777s][debug][safepoint   ] Safepoint synchronization initiated using futex wait barrier. (15 threads)
[2025-01-01T12:58:02.063+0000][5.777s][info ][gc,start    ] GC(22) Pause Young (Normal) (G1 Evacuation Pause)
[2025-01-01T12:58:02.063+0000][5.777s][info ][gc,task     ] GC(22) Using 5 workers of 10 for evacuation
[2025-01-01T12:58:02.068+0000][5.782s][info ][gc,phases   ] GC(22)   Pre Evacuate Collection Set: 0.1ms
[2025-01-01T12:58:02.068+0000][5.782s][info ][gc,phases   ] GC(22)   Merge Heap Roots: 0.1ms
[2025-01-01T12:58:02.068+0000][5.782s][info ][gc,phases   ] GC(22)   Evacuate Collection Set: 3.3ms
[2025-01-01T12:58:02.068+0000][5.782s][info ][gc,phases   ] GC(22)   Post Evacuate Collection Set: 0.7ms
[2025-01-01T12:58:02.068+0000][5.782s][info ][gc,phases   ] GC(22)   Other: 0.3ms
[2025-01-01T12:58:02.069+0000][5.782s][info ][gc,heap     ] GC(22) Eden regions: 65->0(63)
[2025-01-01T12:58:02.069+0000][5.782s][info ][gc,heap     ] GC(22) Survivor regions: 2->4(9)
[2025-01-01T12:58:02.069+0000][5.783s][info ][gc,heap     ] GC(22) Old regions: 28->28
[2025-01-01T12:58:02.069+0000][5.783s][info ][gc,heap     ] GC(22) Archive regions: 2->2
[2025-01-01T12:58:02.069+0000][5.783s][info ][gc,heap     ] GC(22) Humongous regions: 0->0
[2025-01-01T12:58:02.069+0000][5.783s][info ][gc,metaspace] GC(22) Metaspace: 49212K(49664K)->49212K(49664K) NonClass: 42924K(43136K)->42924K(43136K) Class: 6287K(6528K)->6287K(6528K)
[2025-01-01T12:58:02.069+0000][5.783s][info ][gc          ] GC(22) Pause Young (Normal) (G1 Evacuation Pause) 191M->64M(228M) 5.930ms
[2025-01-01T12:58:02.069+0000][5.783s][info ][gc,cpu      ] GC(22) User=0.05s Sys=0.00s Real=0.01s
[2025-01-01T12:58:02.070+0000][5.783s][info ][safepoint   ] Safepoint "G1CollectForAllocation", Time since last: 436437285 ns, Reaching safepoint: 250577 ns, Cleanup: 118001 ns, At safepoint: 6231504 ns, Total: 6600082 ns
[2025-01-01T12:58:03.346+0000][7.060s][debug][safepoint   ] Safepoint synchronization initiated using futex wait barrier. (17 threads)
[2025-01-01T12:58:03.346+0000][7.060s][info ][safepoint   ] Safepoint "Cleanup", Time since last: 1276632776 ns, Reaching safepoint: 193699 ns, Cleanup: 87541 ns, At safepoint: 10615 ns, Total: 291855 ns
[2025-01-01T12:58:03.443+0000][7.157s][debug][safepoint   ] Safepoint synchronization initiated using futex wait barrier. (17 threads)
[2025-01-01T12:58:03.443+0000][7.157s][info ][safepoint   ] Safepoint "ICBufferFull", Time since last: 96541823 ns, Reaching safepoint: 209218 ns, Cleanup: 107744 ns, At safepoint: 18040 ns, Total: 335002 ns
[2025-01-01T12:58:03.701+0000][7.415s][debug][safepoint   ] Safepoint synchronization initiated using futex wait barrier. (17 threads)
[2025-01-01T12:58:03.701+0000][7.415s][info ][gc,start    ] GC(23) Pause Young (Normal) (G1 Evacuation Pause)
[2025-01-01T12:58:03.701+0000][7.415s][info ][gc,task     ] GC(23) Using 5 workers of 10 for evacuation
[2025-01-01T12:58:03.707+0000][7.421s][info ][gc,phases   ] GC(23)   Pre Evacuate Collection Set: 0.1ms
[2025-01-01T12:58:03.707+0000][7.421s][info ][gc,phases   ] GC(23)   Merge Heap Roots: 0.1ms
[2025-01-01T12:58:03.707+0000][7.421s][info ][gc,phases   ] GC(23)   Evacuate Collection Set: 4.4ms
[2025-01-01T12:58:03.707+0000][7.421s][info ][gc,phases   ] GC(23)   Post Evacuate Collection Set: 0.9ms
[2025-01-01T12:58:03.707+0000][7.421s][info ][gc,phases   ] GC(23)   Other: 0.3ms
[2025-01-01T12:58:03.707+0000][7.421s][info ][gc,heap     ] GC(23) Eden regions: 63->0(62)
[2025-01-01T12:58:03.708+0000][7.421s][info ][gc,heap     ] GC(23) Survivor regions: 4->5(9)
[2025-01-01T12:58:03.708+0000][7.422s][info ][gc,heap     ] GC(23) Old regions: 28->28
[2025-01-01T12:58:03.708+0000][7.422s][info ][gc,heap     ] GC(23) Archive regions: 2->2
[2025-01-01T12:58:03.708+0000][7.422s][info ][gc,heap     ] GC(23) Humongous regions: 0->0
[2025-01-01T12:58:03.708+0000][7.422s][info ][gc,metaspace] GC(23) Metaspace: 55069K(55488K)->55069K(55488K) NonClass: 48090K(48320K)->48090K(48320K) Class: 6979K(7168K)->6979K(7168K)
[2025-01-01T12:58:03.708+0000][7.422s][info ][gc          ] GC(23) Pause Young (Normal) (G1 Evacuation Pause) 190M->67M(228M) 7.203ms
[2025-01-01T12:58:03.708+0000][7.422s][info ][gc,cpu      ] GC(23) User=0.04s Sys=0.01s Real=0.01s
[2025-01-01T12:58:03.708+0000][7.422s][info ][safepoint   ] Safepoint "G1CollectForAllocation", Time since last: 257374878 ns, Reaching safepoint: 228412 ns, Cleanup: 82234 ns, At safepoint: 7448969 ns, Total: 7759615 ns
[2025-01-01T12:58:04.052+0000][7.766s][debug][safepoint   ] Safepoint synchronization initiated using futex wait barrier. (17 threads)
[2025-01-01T12:58:04.052+0000][7.766s][info ][gc,start    ] GC(24) Pause Young (Normal) (G1 Evacuation Pause)
[2025-01-01T12:58:04.052+0000][7.766s][info ][gc,task     ] GC(24) Using 5 workers of 10 for evacuation
[2025-01-01T12:58:04.059+0000][7.773s][info ][gc,phases   ] GC(24)   Pre Evacuate Collection Set: 0.1ms
[2025-01-01T12:58:04.059+0000][7.773s][info ][gc,phases   ] GC(24)   Merge Heap Roots: 0.1ms
[2025-01-01T12:58:04.059+0000][7.773s][info ][gc,phases   ] GC(24)   Evacuate Collection Set: 5.6ms
[2025-01-01T12:58:04.059+0000][7.773s][info ][gc,phases   ] GC(24)   Post Evacuate Collection Set: 0.9ms
[2025-01-01T12:58:04.059+0000][7.773s][info ][gc,phases   ] GC(24)   Other: 0.3ms
[2025-01-01T12:58:04.060+0000][7.773s][info ][gc,heap     ] GC(24) Eden regions: 62->0(61)
[2025-01-01T12:58:04.060+0000][7.774s][info ][gc,heap     ] GC(24) Survivor regions: 5->5(9)
[2025-01-01T12:58:04.060+0000][7.774s][info ][gc,heap     ] GC(24) Old regions: 28->29
[2025-01-01T12:58:04.060+0000][7.774s][info ][gc,heap     ] GC(24) Archive regions: 2->2
[2025-01-01T12:58:04.060+0000][7.774s][info ][gc,heap     ] GC(24) Humongous regions: 0->0
[2025-01-01T12:58:04.060+0000][7.774s][info ][gc,metaspace] GC(24) Metaspace: 58476K(58880K)->58476K(58880K) NonClass: 50998K(51200K)->50998K(51200K) Class: 7477K(7680K)->7477K(7680K)
[2025-01-01T12:58:04.060+0000][7.774s][info ][gc          ] GC(24) Pause Young (Normal) (G1 Evacuation Pause) 191M->68M(228M) 8.310ms
[2025-01-01T12:58:04.060+0000][7.774s][info ][gc,cpu      ] GC(24) User=0.07s Sys=0.00s Real=0.01s
[2025-01-01T12:58:04.061+0000][7.774s][info ][safepoint   ] Safepoint "G1CollectForAllocation", Time since last: 343279388 ns, Reaching safepoint: 214989 ns, Cleanup: 38215 ns, At safepoint: 8589454 ns, Total: 8842658 ns
[2025-01-01T12:58:04.204+0000][7.917s][debug][safepoint   ] Safepoint synchronization initiated using futex wait barrier. (18 threads)
[2025-01-01T12:58:04.204+0000][7.918s][info ][gc,start    ] GC(25) Pause Young (Concurrent Start) (Metadata GC Threshold)
[2025-01-01T12:58:04.204+0000][7.918s][info ][gc,task     ] GC(25) Using 5 workers of 10 for evacuation
[2025-01-01T12:58:04.209+0000][7.923s][info ][gc,phases   ] GC(25)   Pre Evacuate Collection Set: 0.1ms
[2025-01-01T12:58:04.210+0000][7.923s][info ][gc,phases   ] GC(25)   Merge Heap Roots: 0.1ms
[2025-01-01T12:58:04.210+0000][7.924s][info ][gc,phases   ] GC(25)   Evacuate Collection Set: 3.7ms
[2025-01-01T12:58:04.210+0000][7.924s][info ][gc,phases   ] GC(25)   Post Evacuate Collection Set: 1.4ms
[2025-01-01T12:58:04.210+0000][7.924s][info ][gc,phases   ] GC(25)   Other: 0.3ms
[2025-01-01T12:58:04.210+0000][7.924s][info ][gc,heap     ] GC(25) Eden regions: 13->0(125)
[2025-01-01T12:58:04.210+0000][7.924s][info ][gc,heap     ] GC(25) Survivor regions: 5->5(9)
[2025-01-01T12:58:04.210+0000][7.924s][info ][gc,heap     ] GC(25) Old regions: 29->29
[2025-01-01T12:58:04.210+0000][7.924s][info ][gc,heap     ] GC(25) Archive regions: 2->2
[2025-01-01T12:58:04.210+0000][7.924s][info ][gc,heap     ] GC(25) Humongous regions: 0->0
[2025-01-01T12:58:04.211+0000][7.924s][info ][gc,metaspace] GC(25) Metaspace: 60417K(60800K)->60417K(60800K) NonClass: 52727K(52928K)->52727K(52928K) Class: 7690K(7872K)->7690K(7872K)
[2025-01-01T12:58:04.211+0000][7.924s][info ][gc          ] GC(25) Pause Young (Concurrent Start) (Metadata GC Threshold) 93M->68M(434M) 6.801ms
[2025-01-01T12:58:04.211+0000][7.925s][info ][gc,cpu      ] GC(25) User=0.05s Sys=0.00s Real=0.01s
[2025-01-01T12:58:04.211+0000][7.925s][info ][gc          ] GC(26) Concurrent Mark Cycle
[2025-01-01T12:58:04.211+0000][7.925s][info ][gc,marking  ] GC(26) Concurrent Clear Claimed Marks
[2025-01-01T12:58:04.211+0000][7.925s][info ][safepoint   ] Safepoint "CollectForMetadataAllocation", Time since last: 143079274 ns, Reaching safepoint: 171561 ns, Cleanup: 24777 ns, At safepoint: 7034777 ns, Total: 7231115 ns
[2025-01-01T12:58:04.211+0000][7.925s][info ][gc,marking  ] GC(26) Concurrent Clear Claimed Marks 0.190ms
[2025-01-01T12:58:04.211+0000][7.925s][info ][gc,marking  ] GC(26) Concurrent Scan Root Regions
[2025-01-01T12:58:04.214+0000][7.928s][info ][gc,marking  ] GC(26) Concurrent Scan Root Regions 3.021ms
[2025-01-01T12:58:04.215+0000][7.929s][info ][gc,marking  ] GC(26) Concurrent Mark
[2025-01-01T12:58:04.215+0000][7.929s][info ][gc,marking  ] GC(26) Concurrent Mark From Roots
[2025-01-01T12:58:04.216+0000][7.929s][info ][gc,task     ] GC(26) Using 3 workers of 3 for marking
[2025-01-01T12:58:04.232+0000][7.946s][debug][safepoint   ] Safepoint synchronization initiated using futex wait barrier. (19 threads)
[2025-01-01T12:58:04.232+0000][7.946s][info ][safepoint   ] Safepoint "CollectForMetadataAllocation", Time since last: 21111043 ns, Reaching safepoint: 239078 ns, Cleanup: 2869 ns, At safepoint: 54853 ns, Total: 296800 ns
[2025-01-01T12:58:04.244+0000][7.958s][info ][gc,marking  ] GC(26) Concurrent Mark From Roots 28.892ms
[2025-01-01T12:58:04.244+0000][7.958s][info ][gc,marking  ] GC(26) Concurrent Preclean
[2025-01-01T12:58:04.245+0000][7.959s][info ][gc,marking  ] GC(26) Concurrent Preclean 0.396ms
[2025-01-01T12:58:04.245+0000][7.959s][debug][safepoint   ] Safepoint synchronization initiated using futex wait barrier. (19 threads)
[2025-01-01T12:58:04.245+0000][7.959s][info ][gc,start    ] GC(26) Pause Remark
[2025-01-01T12:58:04.248+0000][7.962s][info ][gc          ] GC(26) Pause Remark 72M->72M(254M) 2.959ms
[2025-01-01T12:58:04.248+0000][7.962s][info ][gc,cpu      ] GC(26) User=0.04s Sys=0.00s Real=0.01s
[2025-01-01T12:58:04.248+0000][7.962s][info ][safepoint   ] Safepoint "G1PauseRemark", Time since last: 12727885 ns, Reaching safepoint: 124738 ns, Cleanup: 7947 ns, At safepoint: 3274926 ns, Total: 3407611 ns
[2025-01-01T12:58:04.249+0000][7.962s][info ][gc,marking  ] GC(26) Concurrent Mark 33.898ms
[2025-01-01T12:58:04.249+0000][7.963s][info ][gc,marking  ] GC(26) Concurrent Rebuild Remembered Sets
[2025-01-01T12:58:04.260+0000][7.974s][info ][gc,marking  ] GC(26) Concurrent Rebuild Remembered Sets 11.524ms
[2025-01-01T12:58:04.260+0000][7.974s][debug][safepoint   ] Safepoint synchronization initiated using futex wait barrier. (19 threads)
[2025-01-01T12:58:04.261+0000][7.975s][info ][gc,start    ] GC(26) Pause Cleanup
[2025-01-01T12:58:04.261+0000][7.975s][info ][gc          ] GC(26) Pause Cleanup 74M->74M(254M) 0.189ms
[2025-01-01T12:58:04.261+0000][7.975s][info ][gc,cpu      ] GC(26) User=0.00s Sys=0.00s Real=0.00s
[2025-01-01T12:58:04.261+0000][7.975s][info ][safepoint   ] Safepoint "G1PauseCleanup", Time since last: 12072751 ns, Reaching safepoint: 212049 ns, Cleanup: 2814 ns, At safepoint: 495233 ns, Total: 710096 ns
[2025-01-01T12:58:04.261+0000][7.975s][info ][gc,marking  ] GC(26) Concurrent Cleanup for Next Mark
[2025-01-01T12:58:04.262+0000][7.976s][info ][gc,marking  ] GC(26) Concurrent Cleanup for Next Mark 0.581ms
[2025-01-01T12:58:04.262+0000][7.976s][info ][gc          ] GC(26) Concurrent Mark Cycle 51.229ms
[2025-01-01T12:58:04.770+0000][8.484s][debug][safepoint   ] Safepoint synchronization initiated using futex wait barrier. (20 threads)
[2025-01-01T12:58:04.772+0000][8.486s][info ][gc,start    ] GC(27) Pause Young (Prepare Mixed) (G1 Evacuation Pause)
[2025-01-01T12:58:04.772+0000][8.486s][info ][gc,task     ] GC(27) Using 6 workers of 10 for evacuation
[2025-01-01T12:58:04.777+0000][8.491s][info ][gc,phases   ] GC(27)   Pre Evacuate Collection Set: 0.1ms
[2025-01-01T12:58:04.777+0000][8.491s][info ][gc,phases   ] GC(27)   Merge Heap Roots: 0.1ms
[2025-01-01T12:58:04.777+0000][8.491s][info ][gc,phases   ] GC(27)   Evacuate Collection Set: 3.7ms
[2025-01-01T12:58:04.777+0000][8.491s][info ][gc,phases   ] GC(27)   Post Evacuate Collection Set: 0.9ms
[2025-01-01T12:58:04.778+0000][8.491s][info ][gc,phases   ] GC(27)   Other: 0.3ms
[2025-01-01T12:58:04.778+0000][8.492s][info ][gc,heap     ] GC(27) Eden regions: 71->0(1)
[2025-01-01T12:58:04.778+0000][8.492s][info ][gc,heap     ] GC(27) Survivor regions: 5->6(10)
[2025-01-01T12:58:04.778+0000][8.492s][info ][gc,heap     ] GC(27) Old regions: 29->29
[2025-01-01T12:58:04.778+0000][8.492s][info ][gc,heap     ] GC(27) Archive regions: 2->2
[2025-01-01T12:58:04.779+0000][8.493s][info ][gc,heap     ] GC(27) Humongous regions: 0->0
[2025-01-01T12:58:04.779+0000][8.493s][info ][gc,metaspace] GC(27) Metaspace: 63612K(64000K)->63612K(64000K) NonClass: 55499K(55680K)->55499K(55680K) Class: 8112K(8320K)->8112K(8320K)
[2025-01-01T12:58:04.779+0000][8.493s][info ][gc          ] GC(27) Pause Young (Prepare Mixed) (G1 Evacuation Pause) 210M->69M(254M) 7.361ms
[2025-01-01T12:58:04.779+0000][8.493s][info ][gc,cpu      ] GC(27) User=0.03s Sys=0.01s Real=0.01s
[2025-01-01T12:58:04.779+0000][8.493s][info ][safepoint   ] Safepoint "G1CollectForAllocation", Time since last: 509142601 ns, Reaching safepoint: 235842 ns, Cleanup: 1187956 ns, At safepoint: 7710317 ns, Total: 9134115 ns
[2025-01-01T12:58:04.786+0000][8.500s][debug][safepoint   ] Safepoint synchronization initiated using futex wait barrier. (20 threads)
[2025-01-01T12:58:04.786+0000][8.500s][info ][gc,start    ] GC(28) Pause Young (Mixed) (G1 Evacuation Pause)
[2025-01-01T12:58:04.786+0000][8.500s][info ][gc,task     ] GC(28) Using 6 workers of 10 for evacuation
[2025-01-01T12:58:04.792+0000][8.506s][info ][gc,phases   ] GC(28)   Pre Evacuate Collection Set: 0.1ms
[2025-01-01T12:58:04.793+0000][8.507s][info ][gc,phases   ] GC(28)   Merge Heap Roots: 0.1ms
[2025-01-01T12:58:04.793+0000][8.507s][info ][gc,phases   ] GC(28)   Evacuate Collection Set: 5.3ms
[2025-01-01T12:58:04.793+0000][8.507s][info ][gc,phases   ] GC(28)   Post Evacuate Collection Set: 0.7ms
[2025-01-01T12:58:04.793+0000][8.507s][info ][gc,phases   ] GC(28)   Other: 0.3ms
[2025-01-01T12:58:04.793+0000][8.507s][info ][gc,heap     ] GC(28) Eden regions: 1->0(73)
[2025-01-01T12:58:04.793+0000][8.507s][info ][gc,heap     ] GC(28) Survivor regions: 6->1(1)
[2025-01-01T12:58:04.794+0000][8.507s][info ][gc,heap     ] GC(28) Old regions: 29->34
[2025-01-01T12:58:04.794+0000][8.508s][info ][gc,heap     ] GC(28) Archive regions: 2->2
[2025-01-01T12:58:04.794+0000][8.508s][info ][gc,heap     ] GC(28) Humongous regions: 0->0
[2025-01-01T12:58:04.794+0000][8.508s][info ][gc,metaspace] GC(28) Metaspace: 63639K(64128K)->63639K(64128K) NonClass: 55522K(55744K)->55522K(55744K) Class: 8117K(8384K)->8117K(8384K)
[2025-01-01T12:58:04.794+0000][8.508s][info ][gc          ] GC(28) Pause Young (Mixed) (G1 Evacuation Pause) 71M->69M(254M) 8.179ms
[2025-01-01T12:58:04.794+0000][8.508s][info ][gc,cpu      ] GC(28) User=0.05s Sys=0.01s Real=0.01s
[2025-01-01T12:58:04.795+0000][8.508s][info ][safepoint   ] Safepoint "G1CollectForAllocation", Time since last: 6307870 ns, Reaching safepoint: 209941 ns, Cleanup: 2576 ns, At safepoint: 8515337 ns, Total: 8727854 ns
[2025-01-01T12:58:05.218+0000][8.932s][debug][safepoint   ] Safepoint synchronization initiated using futex wait barrier. (20 threads)
[2025-01-01T12:58:05.218+0000][8.932s][info ][safepoint   ] Safepoint "ICBufferFull", Time since last: 423328232 ns, Reaching safepoint: 211177 ns, Cleanup: 78491 ns, At safepoint: 29249 ns, Total: 318917 ns
[2025-01-01T12:58:05.265+0000][8.979s][debug][safepoint   ] Safepoint synchronization initiated using futex wait barrier. (20 threads)
[2025-01-01T12:58:05.265+0000][8.979s][info ][gc,start    ] GC(29) Pause Young (Concurrent Start) (G1 Evacuation Pause)
[2025-01-01T12:58:05.266+0000][8.979s][info ][gc,task     ] GC(29) Using 6 workers of 10 for evacuation
[2025-01-01T12:58:05.268+0000][8.982s][info ][gc,phases   ] GC(29)   Pre Evacuate Collection Set: 0.2ms
[2025-01-01T12:58:05.268+0000][8.982s][info ][gc,phases   ] GC(29)   Merge Heap Roots: 0.1ms
[2025-01-01T12:58:05.268+0000][8.982s][info ][gc,phases   ] GC(29)   Evacuate Collection Set: 1.2ms
[2025-01-01T12:58:05.268+0000][8.982s][info ][gc,phases   ] GC(29)   Post Evacuate Collection Set: 0.6ms
[2025-01-01T12:58:05.268+0000][8.982s][info ][gc,phases   ] GC(29)   Other: 0.4ms
[2025-01-01T12:58:05.269+0000][8.982s][info ][gc,heap     ] GC(29) Eden regions: 73->0(73)
[2025-01-01T12:58:05.269+0000][8.982s][info ][gc,heap     ] GC(29) Survivor regions: 1->1(10)
[2025-01-01T12:58:05.269+0000][8.983s][info ][gc,heap     ] GC(29) Old regions: 34->34
[2025-01-01T12:58:05.269+0000][8.983s][info ][gc,heap     ] GC(29) Archive regions: 2->2
[2025-01-01T12:58:05.269+0000][8.983s][info ][gc,heap     ] GC(29) Humongous regions: 0->0
[2025-01-01T12:58:05.269+0000][8.983s][info ][gc,metaspace] GC(29) Metaspace: 67651K(68160K)->67651K(68160K) NonClass: 58940K(59200K)->58940K(59200K) Class: 8710K(8960K)->8710K(8960K)
[2025-01-01T12:58:05.269+0000][8.983s][info ][gc          ] GC(29) Pause Young (Concurrent Start) (G1 Evacuation Pause) 215M->68M(254M) 3.659ms
[2025-01-01T12:58:05.269+0000][8.983s][info ][gc,cpu      ] GC(29) User=0.02s Sys=0.00s Real=0.01s
[2025-01-01T12:58:05.269+0000][8.983s][info ][gc          ] GC(30) Concurrent Mark Cycle
[2025-01-01T12:58:05.270+0000][8.983s][info ][gc,marking  ] GC(30) Concurrent Clear Claimed Marks
[2025-01-01T12:58:05.269+0000][8.983s][info ][safepoint   ] Safepoint "G1CollectForAllocation", Time since last: 47002472 ns, Reaching safepoint: 257937 ns, Cleanup: 52460 ns, At safepoint: 3926162 ns, Total: 4236559 ns
[2025-01-01T12:58:05.270+0000][8.983s][info ][gc,marking  ] GC(30) Concurrent Clear Claimed Marks 0.154ms
[2025-01-01T12:58:05.270+0000][8.984s][info ][gc,marking  ] GC(30) Concurrent Scan Root Regions
[2025-01-01T12:58:05.272+0000][8.985s][info ][gc,marking  ] GC(30) Concurrent Scan Root Regions 1.733ms
[2025-01-01T12:58:05.272+0000][8.986s][info ][gc,marking  ] GC(30) Concurrent Mark
[2025-01-01T12:58:05.272+0000][8.986s][info ][gc,marking  ] GC(30) Concurrent Mark From Roots
[2025-01-01T12:58:05.272+0000][8.986s][info ][gc,task     ] GC(30) Using 3 workers of 3 for marking
[2025-01-01T12:58:05.306+0000][9.020s][info ][gc,marking  ] GC(30) Concurrent Mark From Roots 34.570ms
[2025-01-01T12:58:05.307+0000][9.021s][info ][gc,marking  ] GC(30) Concurrent Preclean
[2025-01-01T12:58:05.307+0000][9.021s][info ][gc,marking  ] GC(30) Concurrent Preclean 0.379ms
[2025-01-01T12:58:05.307+0000][9.021s][debug][safepoint   ] Safepoint synchronization initiated using futex wait barrier. (20 threads)
[2025-01-01T12:58:05.307+0000][9.021s][info ][gc,start    ] GC(30) Pause Remark
[2025-01-01T12:58:05.310+0000][9.024s][info ][gc          ] GC(30) Pause Remark 75M->75M(254M) 2.781ms
[2025-01-01T12:58:05.311+0000][9.024s][info ][gc,cpu      ] GC(30) User=0.01s Sys=0.00s Real=0.00s
[2025-01-01T12:58:05.311+0000][9.025s][info ][safepoint   ] Safepoint "G1PauseRemark", Time since last: 37891721 ns, Reaching safepoint: 146205 ns, Cleanup: 26051 ns, At safepoint: 3295971 ns, Total: 3468227 ns
[2025-01-01T12:58:05.311+0000][9.025s][info ][gc,marking  ] GC(30) Concurrent Mark 39.224ms
[2025-01-01T12:58:05.311+0000][9.025s][info ][gc,marking  ] GC(30) Concurrent Rebuild Remembered Sets
[2025-01-01T12:58:05.325+0000][9.039s][info ][gc,marking  ] GC(30) Concurrent Rebuild Remembered Sets 13.981ms
[2025-01-01T12:58:05.325+0000][9.039s][debug][safepoint   ] Safepoint synchronization initiated using futex wait barrier. (20 threads)
[2025-01-01T12:58:05.326+0000][9.039s][info ][gc,start    ] GC(30) Pause Cleanup
[2025-01-01T12:58:05.326+0000][9.040s][info ][gc          ] GC(30) Pause Cleanup 77M->77M(254M) 0.240ms
[2025-01-01T12:58:05.326+0000][9.040s][info ][gc,cpu      ] GC(30) User=0.01s Sys=0.01s Real=0.00s
[2025-01-01T12:58:05.326+0000][9.040s][info ][safepoint   ] Safepoint "G1PauseCleanup", Time since last: 14619074 ns, Reaching safepoint: 267588 ns, Cleanup: 11209 ns, At safepoint: 556956 ns, Total: 835753 ns
[2025-01-01T12:58:05.326+0000][9.040s][info ][gc,marking  ] GC(30) Concurrent Cleanup for Next Mark
[2025-01-01T12:58:05.327+0000][9.041s][info ][gc,marking  ] GC(30) Concurrent Cleanup for Next Mark 0.450ms
[2025-01-01T12:58:05.327+0000][9.041s][info ][gc          ] GC(30) Concurrent Mark Cycle 57.632ms
[2025-01-01T12:58:05.686+0000][9.400s][debug][safepoint   ] Safepoint synchronization initiated using futex wait barrier. (20 threads)
[2025-01-01T12:58:05.686+0000][9.400s][info ][safepoint   ] Safepoint "ICBufferFull", Time since last: 359972698 ns, Reaching safepoint: 181098 ns, Cleanup: 116684 ns, At safepoint: 2047 ns, Total: 299829 ns
[2025-01-01T12:58:05.782+0000][9.496s][debug][safepoint   ] Safepoint synchronization initiated using futex wait barrier. (20 threads)
[2025-01-01T12:58:05.782+0000][9.496s][info ][gc,start    ] GC(31) Pause Young (Prepare Mixed) (G1 Evacuation Pause)
[2025-01-01T12:58:05.782+0000][9.496s][info ][gc,task     ] GC(31) Using 6 workers of 10 for evacuation
[2025-01-01T12:58:05.786+0000][9.500s][info ][gc,phases   ] GC(31)   Pre Evacuate Collection Set: 0.1ms
[2025-01-01T12:58:05.786+0000][9.500s][info ][gc,phases   ] GC(31)   Merge Heap Roots: 0.1ms
[2025-01-01T12:58:05.786+0000][9.500s][info ][gc,phases   ] GC(31)   Evacuate Collection Set: 2.4ms
[2025-01-01T12:58:05.786+0000][9.500s][info ][gc,phases   ] GC(31)   Post Evacuate Collection Set: 0.6ms
[2025-01-01T12:58:05.786+0000][9.500s][info ][gc,phases   ] GC(31)   Other: 0.3ms
[2025-01-01T12:58:05.786+0000][9.500s][info ][gc,heap     ] GC(31) Eden regions: 73->0(3)
[2025-01-01T12:58:05.786+0000][9.500s][info ][gc,heap     ] GC(31) Survivor regions: 1->3(10)
[2025-01-01T12:58:05.786+0000][9.500s][info ][gc,heap     ] GC(31) Old regions: 34->34
[2025-01-01T12:58:05.787+0000][9.500s][info ][gc,heap     ] GC(31) Archive regions: 2->2
[2025-01-01T12:58:05.787+0000][9.501s][info ][gc,heap     ] GC(31) Humongous regions: 0->0
[2025-01-01T12:58:05.787+0000][9.501s][info ][gc,metaspace] GC(31) Metaspace: 71061K(71488K)->71061K(71488K) NonClass: 61944K(62144K)->61944K(62144K) Class: 9117K(9344K)->9117K(9344K)
[2025-01-01T12:58:05.787+0000][9.501s][info ][gc          ] GC(31) Pause Young (Prepare Mixed) (G1 Evacuation Pause) 214M->72M(254M) 4.547ms
[2025-01-01T12:58:05.787+0000][9.501s][info ][gc,cpu      ] GC(31) User=0.01s Sys=0.00s Real=0.01s
[2025-01-01T12:58:05.787+0000][9.501s][info ][safepoint   ] Safepoint "G1CollectForAllocation", Time since last: 95592971 ns, Reaching safepoint: 196176 ns, Cleanup: 25003 ns, At safepoint: 4773168 ns, Total: 4994347 ns
[2025-01-01T12:58:05.801+0000][9.515s][debug][safepoint   ] Safepoint synchronization initiated using futex wait barrier. (20 threads)
[2025-01-01T12:58:05.801+0000][9.515s][info ][gc,start    ] GC(32) Pause Young (Mixed) (G1 Evacuation Pause)
[2025-01-01T12:58:05.801+0000][9.515s][info ][gc,task     ] GC(32) Using 6 workers of 10 for evacuation
[2025-01-01T12:58:05.804+0000][9.518s][info ][gc,phases   ] GC(32)   Pre Evacuate Collection Set: 0.1ms
[2025-01-01T12:58:05.805+0000][9.518s][info ][gc,phases   ] GC(32)   Merge Heap Roots: 0.1ms
[2025-01-01T12:58:05.805+0000][9.519s][info ][gc,phases   ] GC(32)   Evacuate Collection Set: 2.5ms
[2025-01-01T12:58:05.805+0000][9.519s][info ][gc,phases   ] GC(32)   Post Evacuate Collection Set: 0.5ms
[2025-01-01T12:58:05.805+0000][9.519s][info ][gc,phases   ] GC(32)   Other: 0.3ms
[2025-01-01T12:58:05.805+0000][9.519s][info ][gc,heap     ] GC(32) Eden regions: 3->0(71)
[2025-01-01T12:58:05.805+0000][9.519s][info ][gc,heap     ] GC(32) Survivor regions: 3->1(1)
[2025-01-01T12:58:05.805+0000][9.519s][info ][gc,heap     ] GC(32) Old regions: 34->36
[2025-01-01T12:58:05.805+0000][9.519s][info ][gc,heap     ] GC(32) Archive regions: 2->2
[2025-01-01T12:58:05.805+0000][9.519s][info ][gc,heap     ] GC(32) Humongous regions: 0->0
[2025-01-01T12:58:05.805+0000][9.519s][info ][gc,metaspace] GC(32) Metaspace: 71193K(71680K)->71193K(71680K) NonClass: 62056K(62272K)->62056K(62272K) Class: 9137K(9408K)->9137K(9408K)
[2025-01-01T12:58:05.806+0000][9.519s][info ][gc          ] GC(32) Pause Young (Mixed) (G1 Evacuation Pause) 78M->72M(254M) 4.532ms
[2025-01-01T12:58:05.806+0000][9.519s][info ][gc,cpu      ] GC(32) User=0.02s Sys=0.00s Real=0.00s
[2025-01-01T12:58:05.806+0000][9.520s][info ][safepoint   ] Safepoint "G1CollectForAllocation", Time since last: 13719730 ns, Reaching safepoint: 224791 ns, Cleanup: 12191 ns, At safepoint: 4741442 ns, Total: 4978424 ns
[2025-01-01T12:58:05.866+0000][9.580s][debug][safepoint   ] Safepoint synchronization initiated using futex wait barrier. (20 threads)
[2025-01-01T12:58:05.866+0000][9.580s][info ][safepoint   ] Safepoint "ICBufferFull", Time since last: 60321272 ns, Reaching safepoint: 270411 ns, Cleanup: 103107 ns, At safepoint: 25314 ns, Total: 398832 ns
[2025-01-01T12:58:05.867+0000][9.581s][debug][safepoint   ] Safepoint synchronization initiated using futex wait barrier. (20 threads)
[2025-01-01T12:58:05.867+0000][9.581s][info ][safepoint   ] Safepoint "ICBufferFull", Time since last: 236520 ns, Reaching safepoint: 112580 ns, Cleanup: 3406 ns, At safepoint: 11407 ns, Total: 127393 ns
[2025-01-01T12:58:06.222+0000][9.936s][debug][safepoint   ] Safepoint synchronization initiated using futex wait barrier. (20 threads)
[2025-01-01T12:58:06.223+0000][9.937s][info ][gc,start    ] GC(33) Pause Young (Normal) (G1 Evacuation Pause)
[2025-01-01T12:58:06.223+0000][9.937s][info ][gc,task     ] GC(33) Using 6 workers of 10 for evacuation
[2025-01-01T12:58:06.225+0000][9.939s][info ][gc,phases   ] GC(33)   Pre Evacuate Collection Set: 0.1ms
[2025-01-01T12:58:06.225+0000][9.939s][info ][gc,phases   ] GC(33)   Merge Heap Roots: 0.1ms
[2025-01-01T12:58:06.225+0000][9.939s][info ][gc,phases   ] GC(33)   Evacuate Collection Set: 1.2ms
[2025-01-01T12:58:06.225+0000][9.939s][info ][gc,phases   ] GC(33)   Post Evacuate Collection Set: 0.5ms
[2025-01-01T12:58:06.225+0000][9.939s][info ][gc,phases   ] GC(33)   Other: 0.3ms
[2025-01-01T12:58:06.225+0000][9.939s][info ][gc,heap     ] GC(33) Eden regions: 71->0(71)
[2025-01-01T12:58:06.225+0000][9.939s][info ][gc,heap     ] GC(33) Survivor regions: 1->1(9)
[2025-01-01T12:58:06.226+0000][9.939s][info ][gc,heap     ] GC(33) Old regions: 36->36
[2025-01-01T12:58:06.226+0000][9.939s][info ][gc,heap     ] GC(33) Archive regions: 2->2
[2025-01-01T12:58:06.226+0000][9.940s][info ][gc,heap     ] GC(33) Humongous regions: 0->0
[2025-01-01T12:58:06.226+0000][9.940s][info ][gc,metaspace] GC(33) Metaspace: 76479K(76992K)->76479K(76992K) NonClass: 66561K(66816K)->66561K(66816K) Class: 9917K(10176K)->9917K(10176K)
[2025-01-01T12:58:06.226+0000][9.940s][info ][gc          ] GC(33) Pause Young (Normal) (G1 Evacuation Pause) 214M->73M(254M) 3.224ms
[2025-01-01T12:58:06.226+0000][9.940s][info ][gc,cpu      ] GC(33) User=0.01s Sys=0.00s Real=0.00s
[2025-01-01T12:58:06.226+0000][9.940s][info ][safepoint   ] Safepoint "G1CollectForAllocation", Time since last: 355573982 ns, Reaching safepoint: 192089 ns, Cleanup: 95276 ns, At safepoint: 3467870 ns, Total: 3755235 ns
[2025-01-01T12:58:06.479+0000][10.192s][debug][safepoint   ] Safepoint synchronization initiated using futex wait barrier. (20 threads)
[2025-01-01T12:58:06.479+0000][10.193s][info ][safepoint   ] Safepoint "ICBufferFull", Time since last: 252352573 ns, Reaching safepoint: 192137 ns, Cleanup: 105560 ns, At safepoint: 11020 ns, Total: 308717 ns
[2025-01-01T12:58:06.529+0000][10.243s][debug][safepoint   ] Safepoint synchronization initiated using futex wait barrier. (20 threads)
[2025-01-01T12:58:06.530+0000][10.243s][info ][safepoint   ] Safepoint "ICBufferFull", Time since last: 50462126 ns, Reaching safepoint: 209695 ns, Cleanup: 101579 ns, At safepoint: 26059 ns, Total: 337333 ns
[2025-01-01T12:58:06.577+0000][10.291s][debug][safepoint   ] Safepoint synchronization initiated using futex wait barrier. (20 threads)
[2025-01-01T12:58:06.577+0000][10.291s][info ][safepoint   ] Safepoint "ICBufferFull", Time since last: 47397083 ns, Reaching safepoint: 275864 ns, Cleanup: 109061 ns, At safepoint: 26522 ns, Total: 411447 ns
[2025-01-01T12:58:06.606+0000][10.320s][debug][safepoint   ] Safepoint synchronization initiated using futex wait barrier. (20 threads)
[2025-01-01T12:58:06.606+0000][10.320s][info ][safepoint   ] Safepoint "ICBufferFull", Time since last: 28622701 ns, Reaching safepoint: 203091 ns, Cleanup: 127176 ns, At safepoint: 15587 ns, Total: 345854 ns
[2025-01-01T12:58:06.610+0000][10.324s][debug][safepoint   ] Safepoint synchronization initiated using futex wait barrier. (20 threads)
[2025-01-01T12:58:06.610+0000][10.324s][info ][gc,start    ] GC(34) Pause Young (Normal) (G1 Evacuation Pause)
[2025-01-01T12:58:06.610+0000][10.324s][info ][gc,task     ] GC(34) Using 6 workers of 10 for evacuation
[2025-01-01T12:58:06.612+0000][10.326s][info ][gc,phases   ] GC(34)   Pre Evacuate Collection Set: 0.1ms
[2025-01-01T12:58:06.613+0000][10.326s][info ][gc,phases   ] GC(34)   Merge Heap Roots: 0.1ms
[2025-01-01T12:58:06.613+0000][10.326s][info ][gc,phases   ] GC(34)   Evacuate Collection Set: 1.2ms
[2025-01-01T12:58:06.613+0000][10.327s][info ][gc,phases   ] GC(34)   Post Evacuate Collection Set: 0.6ms
[2025-01-01T12:58:06.613+0000][10.327s][info ][gc,phases   ] GC(34)   Other: 0.3ms
[2025-01-01T12:58:06.613+0000][10.327s][info ][gc,heap     ] GC(34) Eden regions: 71->0(70)
[2025-01-01T12:58:06.613+0000][10.327s][info ][gc,heap     ] GC(34) Survivor regions: 1->2(9)
[2025-01-01T12:58:06.613+0000][10.327s][info ][gc,heap     ] GC(34) Old regions: 36->36
[2025-01-01T12:58:06.613+0000][10.327s][info ][gc,heap     ] GC(34) Archive regions: 2->2
[2025-01-01T12:58:06.613+0000][10.327s][info ][gc,heap     ] GC(34) Humongous regions: 0->0
[2025-01-01T12:58:06.614+0000][10.327s][info ][gc,metaspace] GC(34) Metaspace: 79276K(79744K)->79276K(79744K) NonClass: 68890K(69120K)->68890K(69120K) Class: 10386K(10624K)->10386K(10624K)
[2025-01-01T12:58:06.614+0000][10.327s][info ][gc          ] GC(34) Pause Young (Normal) (G1 Evacuation Pause) 215M->74M(254M) 3.517ms
[2025-01-01T12:58:06.614+0000][10.328s][info ][gc,cpu      ] GC(34) User=0.01s Sys=0.00s Real=0.00s
[2025-01-01T12:58:06.614+0000][10.328s][info ][safepoint   ] Safepoint "G1CollectForAllocation", Time since last: 3556418 ns, Reaching safepoint: 150132 ns, Cleanup: 9426 ns, At safepoint: 3744254 ns, Total: 3903812 ns
[2025-01-01T12:58:06.710+0000][10.424s][debug][safepoint   ] Safepoint synchronization initiated using futex wait barrier. (20 threads)
[2025-01-01T12:58:06.710+0000][10.424s][info ][safepoint   ] Safepoint "ICBufferFull", Time since last: 95931966 ns, Reaching safepoint: 290809 ns, Cleanup: 90331 ns, At safepoint: 18267 ns, Total: 399407 ns
[2025-01-01T12:58:06.769+0000][10.483s][debug][safepoint   ] Safepoint synchronization initiated using futex wait barrier. (20 threads)
[2025-01-01T12:58:06.769+0000][10.483s][info ][safepoint   ] Safepoint "ICBufferFull", Time since last: 58486467 ns, Reaching safepoint: 244572 ns, Cleanup: 78567 ns, At safepoint: 2075 ns, Total: 325214 ns
[2025-01-01T12:58:07.034+0000][10.748s][debug][safepoint   ] Safepoint synchronization initiated using futex wait barrier. (20 threads)
[2025-01-01T12:58:07.035+0000][10.749s][info ][safepoint   ] Safepoint "ICBufferFull", Time since last: 265451655 ns, Reaching safepoint: 260324 ns, Cleanup: 88794 ns, At safepoint: 9954 ns, Total: 359072 ns
[2025-01-01T12:58:07.062+0000][10.776s][debug][safepoint   ] Safepoint synchronization initiated using futex wait barrier. (20 threads)
[2025-01-01T12:58:07.062+0000][10.776s][info ][gc,start    ] GC(35) Pause Young (Normal) (G1 Evacuation Pause)
[2025-01-01T12:58:07.062+0000][10.776s][info ][gc,task     ] GC(35) Using 6 workers of 10 for evacuation
[2025-01-01T12:58:07.066+0000][10.779s][info ][gc,phases   ] GC(35)   Pre Evacuate Collection Set: 0.1ms
[2025-01-01T12:58:07.066+0000][10.779s][info ][gc,phases   ] GC(35)   Merge Heap Roots: 0.1ms
[2025-01-01T12:58:07.066+0000][10.780s][info ][gc,phases   ] GC(35)   Evacuate Collection Set: 2.4ms
[2025-01-01T12:58:07.066+0000][10.780s][info ][gc,phases   ] GC(35)   Post Evacuate Collection Set: 0.7ms
[2025-01-01T12:58:07.066+0000][10.780s][info ][gc,phases   ] GC(35)   Other: 0.2ms
[2025-01-01T12:58:07.066+0000][10.780s][info ][gc,heap     ] GC(35) Eden regions: 70->0(69)
[2025-01-01T12:58:07.066+0000][10.780s][info ][gc,heap     ] GC(35) Survivor regions: 2->3(9)
[2025-01-01T12:58:07.066+0000][10.780s][info ][gc,heap     ] GC(35) Old regions: 36->36
[2025-01-01T12:58:07.066+0000][10.780s][info ][gc,heap     ] GC(35) Archive regions: 2->2
[2025-01-01T12:58:07.067+0000][10.780s][info ][gc,heap     ] GC(35) Humongous regions: 0->0
[2025-01-01T12:58:07.067+0000][10.780s][info ][gc,metaspace] GC(35) Metaspace: 82956K(83456K)->82956K(83456K) NonClass: 72073K(72320K)->72073K(72320K) Class: 10883K(11136K)->10883K(11136K)
[2025-01-01T12:58:07.067+0000][10.781s][info ][gc          ] GC(35) Pause Young (Normal) (G1 Evacuation Pause) 214M->77M(254M) 4.716ms
[2025-01-01T12:58:07.067+0000][10.781s][info ][gc,cpu      ] GC(35) User=0.02s Sys=0.00s Real=0.01s
[2025-01-01T12:58:07.067+0000][10.781s][info ][safepoint   ] Safepoint "G1CollectForAllocation", Time since last: 27037658 ns, Reaching safepoint: 168549 ns, Cleanup: 28135 ns, At safepoint: 4986491 ns, Total: 5183175 ns
[2025-01-01T12:58:07.271+0000][10.985s][debug][safepoint   ] Safepoint synchronization initiated using futex wait barrier. (20 threads)
[2025-01-01T12:58:07.272+0000][10.985s][info ][safepoint   ] Safepoint "ICBufferFull", Time since last: 204173201 ns, Reaching safepoint: 236686 ns, Cleanup: 90728 ns, At safepoint: 1736 ns, Total: 329150 ns
[2025-01-01T12:58:07.439+0000][11.153s][debug][safepoint   ] Safepoint synchronization initiated using futex wait barrier. (20 threads)
[2025-01-01T12:58:07.439+0000][11.153s][info ][gc,start    ] GC(36) Pause Young (Normal) (G1 Evacuation Pause)
[2025-01-01T12:58:07.439+0000][11.153s][info ][gc,task     ] GC(36) Using 6 workers of 10 for evacuation
[2025-01-01T12:58:07.443+0000][11.157s][info ][gc,phases   ] GC(36)   Pre Evacuate Collection Set: 0.1ms
[2025-01-01T12:58:07.443+0000][11.157s][info ][gc,phases   ] GC(36)   Merge Heap Roots: 0.1ms
[2025-01-01T12:58:07.443+0000][11.157s][info ][gc,phases   ] GC(36)   Evacuate Collection Set: 2.8ms
[2025-01-01T12:58:07.443+0000][11.157s][info ][gc,phases   ] GC(36)   Post Evacuate Collection Set: 0.6ms
[2025-01-01T12:58:07.443+0000][11.157s][info ][gc,phases   ] GC(36)   Other: 0.3ms
[2025-01-01T12:58:07.443+0000][11.157s][info ][gc,heap     ] GC(36) Eden regions: 69->0(68)
[2025-01-01T12:58:07.444+0000][11.157s][info ][gc,heap     ] GC(36) Survivor regions: 3->4(9)
[2025-01-01T12:58:07.444+0000][11.157s][info ][gc,heap     ] GC(36) Old regions: 36->36
[2025-01-01T12:58:07.444+0000][11.158s][info ][gc,heap     ] GC(36) Archive regions: 2->2
[2025-01-01T12:58:07.444+0000][11.158s][info ][gc,heap     ] GC(36) Humongous regions: 0->0
[2025-01-01T12:58:07.444+0000][11.158s][info ][gc,metaspace] GC(36) Metaspace: 84733K(85312K)->84733K(85312K) NonClass: 73690K(73984K)->73690K(73984K) Class: 11043K(11328K)->11043K(11328K)
[2025-01-01T12:58:07.444+0000][11.158s][info ][gc          ] GC(36) Pause Young (Normal) (G1 Evacuation Pause) 215M->79M(254M) 4.906ms
[2025-01-01T12:58:07.444+0000][11.158s][info ][gc,cpu      ] GC(36) User=0.03s Sys=0.00s Real=0.00s
[2025-01-01T12:58:07.444+0000][11.158s][info ][safepoint   ] Safepoint "G1CollectForAllocation", Time since last: 167217790 ns, Reaching safepoint: 225254 ns, Cleanup: 90615 ns, At safepoint: 5101032 ns, Total: 5416901 ns
[2025-01-01T12:58:07.799+0000][11.513s][debug][safepoint   ] Safepoint synchronization initiated using futex wait barrier. (20 threads)
[2025-01-01T12:58:07.799+0000][11.513s][info ][safepoint   ] Safepoint "ICBufferFull", Time since last: 354665546 ns, Reaching safepoint: 215252 ns, Cleanup: 137772 ns, At safepoint: 1972 ns, Total: 354996 ns
[2025-01-01T12:58:08.007+0000][11.721s][debug][safepoint   ] Safepoint synchronization initiated using futex wait barrier. (21 threads)
[2025-01-01T12:58:08.008+0000][11.721s][info ][gc,start    ] GC(37) Pause Young (Normal) (G1 Evacuation Pause)
[2025-01-01T12:58:08.008+0000][11.721s][info ][gc,task     ] GC(37) Using 6 workers of 10 for evacuation
[2025-01-01T12:58:08.013+0000][11.726s][info ][gc,phases   ] GC(37)   Pre Evacuate Collection Set: 0.1ms
[2025-01-01T12:58:08.013+0000][11.727s][info ][gc,phases   ] GC(37)   Merge Heap Roots: 0.1ms
[2025-01-01T12:58:08.013+0000][11.727s][info ][gc,phases   ] GC(37)   Evacuate Collection Set: 3.8ms
[2025-01-01T12:58:08.013+0000][11.727s][info ][gc,phases   ] GC(37)   Post Evacuate Collection Set: 0.8ms
[2025-01-01T12:58:08.013+0000][11.727s][info ][gc,phases   ] GC(37)   Other: 0.3ms
[2025-01-01T12:58:08.013+0000][11.727s][info ][gc,heap     ] GC(37) Eden regions: 68->0(64)
[2025-01-01T12:58:08.013+0000][11.727s][info ][gc,heap     ] GC(37) Survivor regions: 4->6(9)
[2025-01-01T12:58:08.013+0000][11.727s][info ][gc,heap     ] GC(37) Old regions: 36->36
[2025-01-01T12:58:08.013+0000][11.727s][info ][gc,heap     ] GC(37) Archive regions: 2->2
[2025-01-01T12:58:08.013+0000][11.727s][info ][gc,heap     ] GC(37) Humongous regions: 0->0
[2025-01-01T12:58:08.014+0000][11.727s][info ][gc,metaspace] GC(37) Metaspace: 87402K(88000K)->87402K(88000K) NonClass: 76171K(76480K)->76171K(76480K) Class: 11230K(11520K)->11230K(11520K)
[2025-01-01T12:58:08.014+0000][11.728s][info ][gc          ] GC(37) Pause Young (Normal) (G1 Evacuation Pause) 215M->83M(254M) 6.166ms
[2025-01-01T12:58:08.014+0000][11.728s][info ][gc,cpu      ] GC(37) User=0.03s Sys=0.00s Real=0.00s
[2025-01-01T12:58:08.014+0000][11.728s][info ][safepoint   ] Safepoint "G1CollectForAllocation", Time since last: 208036997 ns, Reaching safepoint: 201383 ns, Cleanup: 53601 ns, At safepoint: 6379501 ns, Total: 6634485 ns
[2025-01-01T12:58:08.547+0000][12.261s][debug][safepoint   ] Safepoint synchronization initiated using futex wait barrier. (25 threads)
[2025-01-01T12:58:08.547+0000][12.261s][info ][gc,start    ] GC(38) Pause Young (Normal) (G1 Evacuation Pause)
[2025-01-01T12:58:08.547+0000][12.261s][info ][gc,task     ] GC(38) Using 10 workers of 10 for evacuation
[2025-01-01T12:58:08.552+0000][12.266s][info ][gc,phases   ] GC(38)   Pre Evacuate Collection Set: 0.1ms
[2025-01-01T12:58:08.552+0000][12.266s][info ][gc,phases   ] GC(38)   Merge Heap Roots: 0.1ms
[2025-01-01T12:58:08.552+0000][12.266s][info ][gc,phases   ] GC(38)   Evacuate Collection Set: 3.8ms
[2025-01-01T12:58:08.552+0000][12.266s][info ][gc,phases   ] GC(38)   Post Evacuate Collection Set: 0.8ms
[2025-01-01T12:58:08.553+0000][12.266s][info ][gc,phases   ] GC(38)   Other: 0.2ms
[2025-01-01T12:58:08.553+0000][12.266s][info ][gc,heap     ] GC(38) Eden regions: 64->0(61)
[2025-01-01T12:58:08.553+0000][12.267s][info ][gc,heap     ] GC(38) Survivor regions: 6->7(9)
[2025-01-01T12:58:08.553+0000][12.267s][info ][gc,heap     ] GC(38) Old regions: 36->37
[2025-01-01T12:58:08.553+0000][12.267s][info ][gc,heap     ] GC(38) Archive regions: 2->2
[2025-01-01T12:58:08.553+0000][12.267s][info ][gc,heap     ] GC(38) Humongous regions: 0->0
[2025-01-01T12:58:08.553+0000][12.267s][info ][gc,metaspace] GC(38) Metaspace: 89582K(90112K)->89582K(90112K) NonClass: 78139K(78400K)->78139K(78400K) Class: 11443K(11712K)->11443K(11712K)
[2025-01-01T12:58:08.553+0000][12.267s][info ][gc          ] GC(38) Pause Young (Normal) (G1 Evacuation Pause) 211M->86M(254M) 6.132ms
[2025-01-01T12:58:08.553+0000][12.267s][info ][gc,cpu      ] GC(38) User=0.05s Sys=0.00s Real=0.00s
[2025-01-01T12:58:08.553+0000][12.267s][info ][safepoint   ] Safepoint "G1CollectForAllocation", Time since last: 532799962 ns, Reaching safepoint: 184391 ns, Cleanup: 105456 ns, At safepoint: 6368963 ns, Total: 6658810 ns
[2025-01-01T12:58:08.936+0000][12.650s][debug][safepoint   ] Safepoint synchronization initiated using futex wait barrier. (25 threads)
[2025-01-01T12:58:08.936+0000][12.650s][info ][safepoint   ] Safepoint "ICBufferFull", Time since last: 382566654 ns, Reaching safepoint: 278308 ns, Cleanup: 143225 ns, At safepoint: 16427 ns, Total: 437960 ns
[2025-01-01T12:58:08.986+0000][12.700s][debug][safepoint   ] Safepoint synchronization initiated using futex wait barrier. (25 threads)
[2025-01-01T12:58:08.987+0000][12.701s][info ][gc,start    ] GC(39) Pause Young (Normal) (G1 Evacuation Pause)
[2025-01-01T12:58:08.987+0000][12.701s][info ][gc,task     ] GC(39) Using 10 workers of 10 for evacuation
[2025-01-01T12:58:08.993+0000][12.706s][info ][gc,phases   ] GC(39)   Pre Evacuate Collection Set: 0.2ms
[2025-01-01T12:58:08.993+0000][12.707s][info ][gc,phases   ] GC(39)   Merge Heap Roots: 0.2ms
[2025-01-01T12:58:08.993+0000][12.707s][info ][gc,phases   ] GC(39)   Evacuate Collection Set: 4.2ms
[2025-01-01T12:58:08.993+0000][12.707s][info ][gc,phases   ] GC(39)   Post Evacuate Collection Set: 1.1ms
[2025-01-01T12:58:08.993+0000][12.707s][info ][gc,phases   ] GC(39)   Other: 0.4ms
[2025-01-01T12:58:08.993+0000][12.707s][info ][gc,heap     ] GC(39) Eden regions: 61->0(60)
[2025-01-01T12:58:08.994+0000][12.707s][info ][gc,heap     ] GC(39) Survivor regions: 7->7(9)
[2025-01-01T12:58:08.994+0000][12.708s][info ][gc,heap     ] GC(39) Old regions: 37->38
[2025-01-01T12:58:08.994+0000][12.708s][info ][gc,heap     ] GC(39) Archive regions: 2->2
[2025-01-01T12:58:08.994+0000][12.708s][info ][gc,heap     ] GC(39) Humongous regions: 0->0
[2025-01-01T12:58:08.994+0000][12.708s][info ][gc,metaspace] GC(39) Metaspace: 94049K(94656K)->94049K(94656K) NonClass: 81863K(82176K)->81863K(82176K) Class: 12185K(12480K)->12185K(12480K)
[2025-01-01T12:58:08.994+0000][12.708s][info ][gc          ] GC(39) Pause Young (Normal) (G1 Evacuation Pause) 208M->90M(254M) 7.531ms
[2025-01-01T12:58:08.994+0000][12.708s][info ][gc,cpu      ] GC(39) User=0.05s Sys=0.00s Real=0.00s
[2025-01-01T12:58:08.995+0000][12.708s][info ][safepoint   ] Safepoint "G1CollectForAllocation", Time since last: 49719250 ns, Reaching safepoint: 548077 ns, Cleanup: 71179 ns, At safepoint: 7854649 ns, Total: 8473905 ns
[2025-01-01T12:58:09.417+0000][13.131s][debug][safepoint   ] Safepoint synchronization initiated using futex wait barrier. (25 threads)
[2025-01-01T12:58:09.430+0000][13.143s][info ][gc,start    ] GC(40) Pause Young (Normal) (G1 Evacuation Pause)
[2025-01-01T12:58:09.431+0000][13.145s][info ][gc,task     ] GC(40) Using 10 workers of 10 for evacuation
[2025-01-01T12:58:09.443+0000][13.157s][info ][gc,phases   ] GC(40)   Pre Evacuate Collection Set: 0.1ms
[2025-01-01T12:58:09.444+0000][13.157s][info ][gc,phases   ] GC(40)   Merge Heap Roots: 0.1ms
[2025-01-01T12:58:09.444+0000][13.158s][info ][gc,phases   ] GC(40)   Evacuate Collection Set: 8.2ms
[2025-01-01T12:58:09.444+0000][13.158s][info ][gc,phases   ] GC(40)   Post Evacuate Collection Set: 3.5ms
[2025-01-01T12:58:09.444+0000][13.158s][info ][gc,phases   ] GC(40)   Other: 1.8ms
[2025-01-01T12:58:09.445+0000][13.158s][info ][gc,heap     ] GC(40) Eden regions: 60->0(57)
[2025-01-01T12:58:09.445+0000][13.159s][info ][gc,heap     ] GC(40) Survivor regions: 7->7(9)
[2025-01-01T12:58:09.447+0000][13.161s][info ][gc,heap     ] GC(40) Old regions: 38->41
[2025-01-01T12:58:09.448+0000][13.162s][info ][gc,heap     ] GC(40) Archive regions: 2->2
[2025-01-01T12:58:09.448+0000][13.162s][info ][gc,heap     ] GC(40) Humongous regions: 0->0
[2025-01-01T12:58:09.448+0000][13.162s][info ][gc,metaspace] GC(40) Metaspace: 95677K(96256K)->95677K(96256K) NonClass: 83144K(83456K)->83144K(83456K) Class: 12533K(12800K)->12533K(12800K)
[2025-01-01T12:58:09.448+0000][13.162s][info ][gc          ] GC(40) Pause Young (Normal) (G1 Evacuation Pause) 210M->95M(254M) 18.677ms
[2025-01-01T12:58:09.448+0000][13.162s][info ][gc,cpu      ] GC(40) User=0.10s Sys=0.02s Real=0.02s
[2025-01-01T12:58:09.449+0000][13.163s][info ][safepoint   ] Safepoint "G1CollectForAllocation", Time since last: 422452024 ns, Reaching safepoint: 12573506 ns, Cleanup: 79575 ns, At safepoint: 19082286 ns, Total: 31735367 ns
[2025-01-01T12:58:10.894+0000][14.607s][debug][safepoint   ] Safepoint synchronization initiated using futex wait barrier. (25 threads)
[2025-01-01T12:58:10.894+0000][14.608s][info ][safepoint   ] Safepoint "Cleanup", Time since last: 1444801472 ns, Reaching safepoint: 186835 ns, Cleanup: 95663 ns, At safepoint: 2802 ns, Total: 285300 ns
[2025-01-01T12:58:20.012+0000][21.608s][debug][safepoint   ] Safepoint synchronization initiated using futex wait barrier. (24 threads)
[2025-01-01T12:58:20.012+0000][21.608s][info ][safepoint   ] Safepoint "Cleanup", Time since last: 7000640556 ns, Reaching safepoint: 192309 ns, Cleanup: 7999 ns, At safepoint: 2647 ns, Total: 202955 ns
[2025-01-01T12:58:20.050+0000][21.647s][debug][safepoint   ] Safepoint synchronization initiated using futex wait barrier. (18 threads)
[2025-01-01T12:58:20.051+0000][21.647s][info ][gc,start    ] GC(41) Pause Young (Normal) (G1 Evacuation Pause)
[2025-01-01T12:58:20.051+0000][21.647s][info ][gc,task     ] GC(41) Using 8 workers of 10 for evacuation
[2025-01-01T12:58:20.055+0000][21.651s][info ][gc,phases   ] GC(41)   Pre Evacuate Collection Set: 0.1ms
[2025-01-01T12:58:20.055+0000][21.652s][info ][gc,phases   ] GC(41)   Merge Heap Roots: 0.1ms
[2025-01-01T12:58:20.055+0000][21.652s][info ][gc,phases   ] GC(41)   Evacuate Collection Set: 3.1ms
[2025-01-01T12:58:20.055+0000][21.652s][info ][gc,phases   ] GC(41)   Post Evacuate Collection Set: 0.7ms
[2025-01-01T12:58:20.055+0000][21.652s][info ][gc,phases   ] GC(41)   Other: 0.3ms
[2025-01-01T12:58:20.056+0000][21.652s][info ][gc,heap     ] GC(41) Eden regions: 57->0(60)
[2025-01-01T12:58:20.056+0000][21.652s][info ][gc,heap     ] GC(41) Survivor regions: 7->3(8)
[2025-01-01T12:58:20.056+0000][21.652s][info ][gc,heap     ] GC(41) Old regions: 41->43
[2025-01-01T12:58:20.056+0000][21.652s][info ][gc,heap     ] GC(41) Archive regions: 2->2
[2025-01-01T12:58:20.056+0000][21.652s][info ][gc,heap     ] GC(41) Humongous regions: 0->0
[2025-01-01T12:58:20.056+0000][21.652s][info ][gc,metaspace] GC(41) Metaspace: 100706K(101312K)->100706K(101312K) NonClass: 87498K(87808K)->87498K(87808K) Class: 13207K(13504K)->13207K(13504K)
[2025-01-01T12:58:20.056+0000][21.653s][info ][gc          ] GC(41) Pause Young (Normal) (G1 Evacuation Pause) 209M->92M(254M) 5.520ms
[2025-01-01T12:58:20.056+0000][21.653s][info ][gc,cpu      ] GC(41) User=0.03s Sys=0.00s Real=0.01s
[2025-01-01T12:58:20.056+0000][21.653s][info ][safepoint   ] Safepoint "G1CollectForAllocation", Time since last: 38383611 ns, Reaching safepoint: 154271 ns, Cleanup: 15438 ns, At safepoint: 5761712 ns, Total: 5931421 ns
[2025-01-01T12:58:20.110+0000][21.707s][info ][gc,heap,exit] Heap
[2025-01-01T12:58:20.111+0000][21.707s][info ][gc,heap,exit]  garbage-first heap   total 260096K, used 106766K [0x0000000706c00000, 0x0000000800000000)
[2025-01-01T12:58:20.111+0000][21.707s][info ][gc,heap,exit]   region size 2048K, 9 young (18432K), 3 survivors (6144K)
[2025-01-01T12:58:20.111+0000][21.707s][info ][gc,heap,exit]  Metaspace       used 100936K, committed 101504K, reserved 1179648K
[2025-01-01T12:58:20.111+0000][21.708s][info ][gc,heap,exit]   class space    used 13242K, committed 13504K, reserved 1048576K
[2025-01-01T12:58:20.112+0000][21.708s][debug][safepoint   ] Safepoint synchronization initiated using futex wait barrier. (16 threads)
